[2026-07-25 08:01:59] [E5.6-3] inicio
[2026-07-25 08:02:09] [calibracion K_ref] N_calib=[64, 128, 256] K_ref=4.4709 detalle=[{'N': 64, 'D': 0.008085957974448214, 't_hit_mediana': 550, 'K': 4.4472768859465175, 'tiempos_bruto': [550, 550, 550, 550, 550, 550, 550, 550]}, {'N': 128, 'D': 0.002048689294152156, 't_hit_mediana': 2200, 'K': 4.507116447134743, 'tiempos_bruto': [2200, 2200, 2200, 2200, 2200, 2200, 2200, 2200]}, {'N': 256, 'D': 0.0005138975005332568, 't_hit_mediana': 8700, 'K': 4.470908254639334, 'tiempos_bruto': [8700, 8700, 8700, 8700, 8700, 8700, 8700, 8700]}]
[2026-07-25 08:02:09] [N=64] D=8.085958e-03 pasos_fijo=636 (derivado de K_ref)
[2026-07-25 08:02:09]   celda(eps=1.0,r=0.0,sem=8) X_real=0.031787 X_null=0.000778 z=31.36 X/N=0.00049667 Xh_real=0.031945 Xh_null=0.031945 z_h=0.00 Xh/N=0.00049913
[2026-07-25 08:02:10]   celda(eps=1.0,r=1.0,sem=8) X_real=0.787021 X_null=0.043861 z=12.97 X/N=0.01229720 Xh_real=0.823054 Xh_null=0.823054 z_h=-0.00 Xh/N=0.01286022
[2026-07-25 08:02:10]   celda(eps=1.0,r=100.0,sem=8) X_real=0.960914 X_null=0.011464 z=54.43 X/N=0.01501429 Xh_real=0.980148 Xh_null=0.980148 z_h=0.00 Xh/N=0.01531481
[2026-07-25 08:02:11]   celda(eps=1.0,r=1000.0,sem=8) X_real=0.964188 X_null=0.031794 z=19.14 X/N=0.01506543 Xh_real=0.980106 Xh_null=0.980106 z_h=0.00 Xh/N=0.01531415
[2026-07-25 08:02:11]   celda(eps=0.0,r=0.0,sem=8) X_real=0.000000 X_null=0.000000 z=0.00 X/N=0.00000000 Xh_real=0.000000 Xh_null=0.000000 z_h=0.00 Xh/N=0.00000000
[2026-07-25 08:02:11] [N=64] completado en 2.7s
[2026-07-25 08:02:11] [N=128] D=2.048689e-03 pasos_fijo=2510 (derivado de K_ref)
[2026-07-25 08:02:14]   celda(eps=1.0,r=0.0,sem=8) X_real=0.033161 X_null=0.001780 z=17.71 X/N=0.00025907 Xh_real=0.033204 Xh_null=0.033204 z_h=0.00 Xh/N=0.00025941
[2026-07-25 08:02:18]   celda(eps=1.0,r=1.0,sem=8) X_real=0.832025 X_null=0.041087 z=17.40 X/N=0.00650019 Xh_real=0.848475 Xh_null=0.848475 z_h=0.00 Xh/N=0.00662871
[2026-07-25 08:02:21]   celda(eps=1.0,r=100.0,sem=8) X_real=0.982309 X_null=0.016684 z=38.30 X/N=0.00767429 Xh_real=0.990481 Xh_null=0.990481 z_h=0.00 Xh/N=0.00773813
[2026-07-25 08:02:24]   celda(eps=1.0,r=1000.0,sem=8) X_real=0.992437 X_null=0.018990 z=83.52 X/N=0.00775342 Xh_real=0.996888 Xh_null=0.996888 z_h=0.00 Xh/N=0.00778819
[2026-07-25 08:02:27]   celda(eps=0.0,r=0.0,sem=8) X_real=0.000000 X_null=0.000000 z=0.00 X/N=0.00000000 Xh_real=0.000000 Xh_null=0.000000 z_h=0.00 Xh/N=0.00000000
[2026-07-25 08:02:27] [N=128] completado en 15.2s
[2026-07-25 08:02:27] [N=256] D=5.138975e-04 pasos_fijo=10005 (derivado de K_ref)
[2026-07-25 08:02:35]   celda(eps=1.0,r=0.0,sem=8) X_real=0.033542 X_null=0.000569 z=39.76 X/N=0.00013102 Xh_real=0.033553 Xh_null=0.033553 z_h=-0.00 Xh/N=0.00013107
[2026-07-25 08:02:46]   celda(eps=1.0,r=1.0,sem=8) X_real=0.872085 X_null=0.027561 z=20.42 X/N=0.00340658 Xh_real=0.879419 Xh_null=0.879419 z_h=-0.00 Xh/N=0.00343523
[2026-07-25 08:02:57]   celda(eps=1.0,r=100.0,sem=8) X_real=0.991345 X_null=0.020581 z=45.95 X/N=0.00387244 Xh_real=0.994522 Xh_null=0.994522 z_h=0.00 Xh/N=0.00388485
[2026-07-25 08:03:09]   celda(eps=1.0,r=1000.0,sem=8) X_real=0.996658 X_null=0.023654 z=45.62 X/N=0.00389320 Xh_real=0.998652 Xh_null=0.998652 z_h=0.00 Xh/N=0.00390099
[2026-07-25 08:03:18]   celda(eps=0.0,r=0.0,sem=8) X_real=0.000000 X_null=0.000000 z=0.00 X/N=0.00000000 Xh_real=0.000000 Xh_null=0.000000 z_h=0.00 Xh/N=0.00000000
[2026-07-25 08:03:18] [N=256] completado en 52.0s
[2026-07-25 08:03:19] [N=512] D=1.285826e-04 pasos_fijo=39987 (derivado de K_ref)
[2026-07-25 08:04:06]   celda(eps=1.0,r=0.0,sem=8) X_real=0.033512 X_null=0.000656 z=58.12 X/N=0.00006545 Xh_real=0.033515 Xh_null=0.033515 z_h=0.00 Xh/N=0.00006546
[2026-07-25 08:04:59]   celda(eps=1.0,r=1.0,sem=8) X_real=0.918393 X_null=0.012095 z=47.28 X/N=0.00179374 Xh_real=0.922109 Xh_null=0.922109 z_h=0.00 Xh/N=0.00180099
[2026-07-25 08:05:52]   celda(eps=1.0,r=100.0,sem=8) X_real=0.994655 X_null=0.015924 z=53.93 X/N=0.00194269 Xh_real=0.996142 Xh_null=0.996142 z_h=0.00 Xh/N=0.00194559
[2026-07-25 08:06:37]   celda(eps=1.0,r=1000.0,sem=8) X_real=0.997454 X_null=0.026172 z=38.65 X/N=0.00194815 Xh_real=0.998418 Xh_null=0.998418 z_h=0.00 Xh/N=0.00195003
[2026-07-25 08:07:05]   celda(eps=0.0,r=0.0,sem=8) X_real=0.000000 X_null=0.000000 z=0.00 X/N=0.00000000 Xh_real=0.000000 Xh_null=0.000000 z_h=0.00 Xh/N=0.00000000
[2026-07-25 08:07:05] [N=512] completado en 226.9s
[2026-07-25 08:07:05] [N=1024] D=3.215242e-05 pasos_fijo=159912 (derivado de K_ref)
[2026-07-25 08:10:04]   celda(eps=1.0,r=0.0,sem=8) X_real=0.033771 X_null=0.000122 z=186.30 X/N=0.00003298 Xh_real=0.033772 Xh_null=0.033772 z_h=0.00 Xh/N=0.00003298
[2026-07-25 08:13:24]   celda(eps=1.0,r=1.0,sem=8) X_real=0.953211 X_null=0.009509 z=157.96 X/N=0.00093087 Xh_real=0.954781 Xh_null=0.954781 z_h=0.00 Xh/N=0.00093240
[2026-07-25 08:16:18]   celda(eps=1.0,r=100.0,sem=8) X_real=0.997930 X_null=0.021244 z=61.41 X/N=0.00097454 Xh_real=0.998729 Xh_null=0.998729 z_h=0.00 Xh/N=0.00097532
[2026-07-25 08:19:07]   celda(eps=1.0,r=1000.0,sem=8) X_real=0.999218 X_null=0.031143 z=51.85 X/N=0.00097580 Xh_real=0.999846 Xh_null=0.999846 z_h=0.00 Xh/N=0.00097641
[2026-07-25 08:20:51]   celda(eps=0.0,r=0.0,sem=8) X_real=0.000000 X_null=0.000000 z=0.00 X/N=0.00000000 Xh_real=0.000000 Xh_null=0.000000 z_h=0.00 Xh/N=0.00000000
[2026-07-25 08:20:51] [N=1024] completado en 825.2s
[2026-07-25 08:20:51] [N=2048] D=8.038528e-06 pasos_fijo=639613 (derivado de K_ref)
[2026-07-25 08:36:24]   celda(eps=1.0,r=100.0,sem=8) X_real=0.998203 X_null=0.014666 z=101.28 X/N=0.00048740 Xh_real=0.998750 Xh_null=0.998750 z_h=0.00 Xh/N=0.00048767
[2026-07-25 08:40:20]   celda(eps=1.0,r=0.0,sem=2) X_real=0.033652 X_null=0.000348 z=130.85 X/N=0.00001643 Xh_real=0.033653 Xh_null=0.033653 z_h=0.00 Xh/N=0.00001643
[2026-07-25 08:41:32]   celda(eps=0.0,r=0.0,sem=1) X_real=0.000000 X_null=0.000000 z=0.00 X/N=0.00000000 Xh_real=0.000000 Xh_null=0.000000 z_h=0.00 Xh/N=0.00000000
[2026-07-25 08:41:32] [N=2048] completado en 1241.7s
[2026-07-25 08:41:33] [N=4096] D=2.009658e-06 pasos_fijo=2558418 (derivado de K_ref)
[2026-07-25 09:59:31]   celda(eps=1.0,r=100.0,sem=8) X_real=0.998846 X_null=0.009998 z=122.97 X/N=0.00024386 Xh_real=0.999304 Xh_null=0.999304 z_h=0.00 Xh/N=0.00024397
[2026-07-25 10:18:15]   celda(eps=1.0,r=0.0,sem=2) X_real=0.033656 X_null=0.000051 z=1083.62 X/N=0.00000822 Xh_real=0.033656 Xh_null=0.033656 z_h=0.00 Xh/N=0.00000822
[2026-07-25 10:22:52]   celda(eps=0.0,r=0.0,sem=1) X_real=0.000000 X_null=0.000000 z=0.00 X/N=0.00000000 Xh_real=0.000000 Xh_null=0.000000 z_h=0.00 Xh/N=0.00000000
[2026-07-25 10:22:52] [N=4096] completado en 6080.0s
[2026-07-25 10:22:53] [fin] elapsed=8453.6s (2.35h)
[2026-07-25 10:22:53] [archivo] /Users/alexis/Desktop/RMD/Cosmolab/Cosmogenesis/BATERIA_ENFOQUE5/E5_6_3_invariancia_N/E5_6_3_resultado_crudo.json
[2026-07-25 10:22:53] [alpha loglog X/N vs N, celda señal, ruido arreglado] -0.9920 (SE~0.0018)
[2026-07-25 10:22:53] [alpha loglog Xh/N vs N, celda señal, ruido arreglado, def. canonica] -0.9959 (SE~0.0008)
