[2026-07-24 20:56:31] [E5.6-3] inicio
[2026-07-24 20:57:25] [calibracion K_ref] N_calib=[64, 128, 256] K_ref=4.4709 detalle=[{'N': 64, 'D': 0.008085957974448214, 't_hit_mediana': 550, 'K': 4.4472768859465175, 'tiempos_bruto': [550, 550, 550, 550, 550, 550, 550, 550]}, {'N': 128, 'D': 0.002048689294152156, 't_hit_mediana': 2200, 'K': 4.507116447134743, 'tiempos_bruto': [2200, 2200, 2200, 2200, 2200, 2200, 2200, 2200]}, {'N': 256, 'D': 0.0005138975005332568, 't_hit_mediana': 8700, 'K': 4.470908254639334, 'tiempos_bruto': [8700, 8700, 8700, 8700, 8700, 8700, 8700, 8700]}]
[2026-07-24 20:57:25] [N=64] D=8.085958e-03 pasos_fijo=636 (derivado de K_ref)
[2026-07-24 20:57:28]   celda(eps=1.0,r=0.0,sem=8) X_real=0.037652 X_null=0.001756 z=4.77 X/N=0.00058831
[2026-07-24 20:57:31]   celda(eps=1.0,r=1.0,sem=8) X_real=0.809873 X_null=0.060668 z=5.17 X/N=0.01265426
[2026-07-24 20:57:34]   celda(eps=1.0,r=100.0,sem=8) X_real=0.916737 X_null=0.065799 z=6.79 X/N=0.01432401
[2026-07-24 20:57:38]   celda(eps=1.0,r=1000.0,sem=8) X_real=0.843406 X_null=0.045619 z=6.66 X/N=0.01317822
[2026-07-24 20:57:40]   celda(eps=0.0,r=0.0,sem=8) X_real=0.000000 X_null=0.000000 z=0.00 X/N=0.00000000
[2026-07-24 20:57:40] [N=64] completado en 15.5s
[2026-07-24 20:57:40] [N=128] D=2.048689e-03 pasos_fijo=2510 (derivado de K_ref)
[2026-07-24 20:57:53]   celda(eps=1.0,r=0.0,sem=8) X_real=0.040228 X_null=0.003034 z=2.90 X/N=0.00031428
[2026-07-24 20:58:06]   celda(eps=1.0,r=1.0,sem=8) X_real=0.803351 X_null=0.086898 z=5.42 X/N=0.00627618
[2026-07-24 20:58:18]   celda(eps=1.0,r=100.0,sem=8) X_real=1.009608 X_null=0.054508 z=7.50 X/N=0.00788756
[2026-07-24 20:58:30]   celda(eps=1.0,r=1000.0,sem=8) X_real=1.034953 X_null=0.077212 z=5.10 X/N=0.00808557
[2026-07-24 20:58:40]   celda(eps=0.0,r=0.0,sem=8) X_real=0.000000 X_null=0.000000 z=0.00 X/N=0.00000000
[2026-07-24 20:58:40] [N=128] completado en 59.5s
[2026-07-24 20:58:40] [N=256] D=5.138975e-04 pasos_fijo=10005 (derivado de K_ref)
[2026-07-24 20:59:33]   celda(eps=1.0,r=0.0,sem=8) X_real=0.044134 X_null=0.001056 z=2.68 X/N=0.00017240
[2026-07-24 21:00:36]   celda(eps=1.0,r=1.0,sem=8) X_real=1.040893 X_null=0.192975 z=3.43 X/N=0.00406599
[2026-07-24 21:01:40]   celda(eps=1.0,r=100.0,sem=8) X_real=1.043864 X_null=0.109788 z=3.05 X/N=0.00407759
[2026-07-24 21:02:46]   celda(eps=1.0,r=1000.0,sem=8) X_real=0.928422 X_null=0.111136 z=2.90 X/N=0.00362665
[2026-07-24 21:03:33]   celda(eps=0.0,r=0.0,sem=8) X_real=0.000000 X_null=0.000000 z=0.00 X/N=0.00000000
[2026-07-24 21:03:33] [N=256] completado en 292.9s
[2026-07-24 21:03:33] [N=512] D=1.285826e-04 pasos_fijo=39987 (derivado de K_ref)
[2026-07-24 21:06:51]   celda(eps=1.0,r=0.0,sem=8) X_real=0.041004 X_null=0.002328 z=3.58 X/N=0.00008009
[2026-07-24 21:10:25]   celda(eps=1.0,r=1.0,sem=8) X_real=1.441555 X_null=0.264684 z=2.08 X/N=0.00281554
[2026-07-24 21:13:50]   celda(eps=1.0,r=100.0,sem=8) X_real=0.771251 X_null=0.321669 z=0.95 X/N=0.00150635
[2026-07-24 21:17:04]   celda(eps=1.0,r=1000.0,sem=8) X_real=1.326468 X_null=0.156116 z=1.56 X/N=0.00259076
[2026-07-24 21:19:22]   celda(eps=0.0,r=0.0,sem=8) X_real=0.000000 X_null=0.000000 z=0.00 X/N=0.00000000
[2026-07-24 21:19:22] [N=512] completado en 948.9s
[2026-07-24 21:19:22] [N=1024] D=3.215242e-05 pasos_fijo=159912 (derivado de K_ref)
[2026-07-24 21:34:02]   celda(eps=1.0,r=0.0,sem=8) X_real=0.145368 X_null=0.001371 z=2.32 X/N=0.00014196
[2026-07-24 21:58:05]   celda(eps=1.0,r=1.0,sem=8) X_real=4.105586 X_null=0.388039 z=2.76 X/N=0.00400936
[2026-07-24 22:12:39]   celda(eps=1.0,r=100.0,sem=8) X_real=1.110894 X_null=0.028846 z=1.99 X/N=0.00108486
[2026-07-24 22:24:38]   celda(eps=1.0,r=1000.0,sem=8) X_real=1.157470 X_null=0.760477 z=0.38 X/N=0.00113034
[2026-07-24 22:33:11]   celda(eps=0.0,r=0.0,sem=8) X_real=0.000000 X_null=0.000000 z=0.00 X/N=0.00000000
[2026-07-24 22:33:11] [N=1024] completado en 4429.3s
[2026-07-24 22:33:11] [N=2048] D=8.038528e-06 pasos_fijo=639613 (derivado de K_ref)
[2026-07-24 23:06:17]   celda(eps=1.0,r=100.0,sem=8) X_real=4.402674 X_null=4.710671 z=-0.06 X/N=0.00214974
[2026-07-24 23:10:52]   celda(eps=1.0,r=0.0,sem=2) X_real=0.131172 X_null=0.003062 z=2.93 X/N=0.00006405
[2026-07-24 23:12:26]   celda(eps=0.0,r=0.0,sem=1) X_real=0.000000 X_null=0.000000 z=0.00 X/N=0.00000000
[2026-07-24 23:12:26] [N=2048] completado en 2354.7s
[2026-07-24 23:12:26] [N=4096] D=2.009658e-06 pasos_fijo=2558418 (derivado de K_ref)
[2026-07-25 00:34:05]   celda(eps=1.0,r=100.0,sem=8) X_real=5.552471 X_null=7.888618 z=-0.28 X/N=0.00135558
[2026-07-25 00:53:25]   celda(eps=1.0,r=0.0,sem=2) X_real=0.229766 X_null=0.000032 z=4.04 X/N=0.00005610
[2026-07-25 01:00:05]   celda(eps=0.0,r=0.0,sem=1) X_real=0.000000 X_null=0.000000 z=0.00 X/N=0.00000000
[2026-07-25 01:00:05] [N=4096] completado en 6459.7s
[2026-07-25 01:00:05] [fin] elapsed=14614.9s (4.06h)
[2026-07-25 01:00:05] [archivo] /Users/alexis/Desktop/RMD/Cosmolab/Cosmogenesis/BATERIA_ENFOQUE5/E5_6_3_invariancia_N/E5_6_3_resultado_crudo.json
[2026-07-25 01:00:05] [alpha loglog X/N vs N, celda señal] -0.5666 (SE~0.1221)
