[2026-07-25 08:02:30] ###### INICIO E5.1-2 vida media de la exergia ######
[2026-07-25 08:02:30] === TIER 1: curva primaria tau(D) — eps=1e-3, 16 semillas ===
[2026-07-25 08:02:30]   N=    16 D=1.0210e-01 tau_med=6.0±0.0 tau_canon_med=6.0±0.0 censurados=0/16 wall=0.0s
[2026-07-25 08:02:30]   N=    23 D=5.5875e-02 tau_med=11.0±0.0 tau_canon_med=11.0±0.0 censurados=0/16 wall=0.1s
[2026-07-25 08:02:30]   N=    32 D=3.0703e-02 tau_med=21.0±0.0 tau_canon_med=21.0±0.0 censurados=0/16 wall=0.1s
[2026-07-25 08:02:30]   N=    46 D=1.5396e-02 tau_med=42.0±0.0 tau_canon_med=42.0±0.0 censurados=0/16 wall=0.2s
[2026-07-25 08:02:31]   N=    65 D=7.8433e-03 tau_med=84.0±0.0 tau_canon_med=84.0±0.0 censurados=0/16 wall=0.2s
[2026-07-25 08:02:31]   N=    92 D=3.9491e-03 tau_med=168.0±0.0 tau_canon_med=168.0±0.0 censurados=0/16 wall=0.3s
[2026-07-25 08:02:31]   N=   130 D=1.9864e-03 tau_med=336.0±0.0 tau_canon_med=336.0±0.0 censurados=0/16 wall=0.5s
[2026-07-25 08:02:32]   N=   184 D=9.9372e-04 tau_med=693.0±0.0 tau_canon_med=693.0±0.0 censurados=0/16 wall=1.1s
[2026-07-25 08:02:35]   N=   261 D=4.9442e-04 tau_med=1400.0±0.0 tau_canon_med=1400.0±0.0 censurados=0/16 wall=2.2s
[2026-07-25 08:02:39]   N=   370 D=2.4615e-04 tau_med=2750.0±0.0 tau_canon_med=2750.0±0.0 censurados=0/16 wall=4.5s
[2026-07-25 08:02:51]   N=   524 D=1.2276e-04 tau_med=5450.0±0.0 tau_canon_med=5450.0±0.0 censurados=0/16 wall=11.3s
[2026-07-25 08:03:15]   N=   743 D=6.1067e-05 tau_med=10950.0±0.0 tau_canon_med=10950.0±0.0 censurados=0/16 wall=24.2s
[2026-07-25 08:04:06]   N=  1053 D=3.0406e-05 tau_med=22000.0±0.0 tau_canon_med=22000.0±0.0 censurados=0/16 wall=50.8s
[2026-07-25 08:05:53]   N=  1493 D=1.5126e-05 tau_med=44200.0±0.0 tau_canon_med=44200.0±0.0 censurados=0/16 wall=107.4s
[2026-07-25 08:08:57]   N=  2116 D=7.5302e-06 tau_med=88800.0±0.0 tau_canon_med=88800.0±0.0 censurados=0/16 wall=183.6s
[2026-07-25 08:15:44]   N=  3000 D=3.7463e-06 tau_med=178450.0±0.0 tau_canon_med=178450.0±0.0 censurados=0/16 wall=406.6s
[2026-07-25 08:15:45] === TIER 2: invariancia a eps — replica exacta de combos historicos (SIGTERM 2026-07-24) ===
[2026-07-25 08:15:45]   N=    16 eps=1e-09    D=1.0210e-01 tau_med=6.0±0.0 tau_canon_med=6.0±0.0 wall=0.0s
[2026-07-25 08:15:45]   N=    16 eps=1e-06    D=1.0210e-01 tau_med=6.0±0.0 tau_canon_med=6.0±0.0 wall=0.0s
[2026-07-25 08:15:45]   N=    16 eps=0.001    D=1.0210e-01 tau_med=6.0±0.0 tau_canon_med=6.0±0.0 wall=0.0s
[2026-07-25 08:15:45]   N=    16 eps=0.01     D=1.0210e-01 tau_med=6.0±0.0 tau_canon_med=6.0±0.0 wall=0.0s
[2026-07-25 08:15:45]   N=    16 eps=0.1      D=1.0210e-01 tau_med=6.0±0.0 tau_canon_med=6.0±0.0 wall=0.0s
[2026-07-25 08:15:45]   N=    16 eps=0.5      D=1.0210e-01 tau_med=6.0±0.0 tau_canon_med=6.0±0.0 wall=0.0s
[2026-07-25 08:15:45]   N=    16 eps=1        D=1.0210e-01 tau_med=6.0±0.0 tau_canon_med=6.0±0.0 wall=0.0s
[2026-07-25 08:15:45]   N=   130 eps=1e-09    D=1.9864e-03 tau_med=336.0±0.0 tau_canon_med=336.0±0.0 wall=0.2s
[2026-07-25 08:15:46]   N=   130 eps=1e-06    D=1.9864e-03 tau_med=336.0±0.0 tau_canon_med=336.0±0.0 wall=0.2s
[2026-07-25 08:15:46]   N=   130 eps=0.001    D=1.9864e-03 tau_med=336.0±0.0 tau_canon_med=336.0±0.0 wall=0.2s
[2026-07-25 08:15:46]   N=   130 eps=0.01     D=1.9864e-03 tau_med=336.0±0.0 tau_canon_med=336.0±0.0 wall=0.3s
[2026-07-25 08:15:46]   N=   130 eps=0.1      D=1.9864e-03 tau_med=336.0±0.0 tau_canon_med=336.0±0.0 wall=0.2s
[2026-07-25 08:15:47]   N=   130 eps=0.5      D=1.9864e-03 tau_med=336.0±0.0 tau_canon_med=336.0±0.0 wall=0.2s
[2026-07-25 08:15:47]   N=   130 eps=1        D=1.9864e-03 tau_med=336.0±0.0 tau_canon_med=336.0±0.0 wall=0.2s
[2026-07-25 08:15:51]   N=   524 eps=1e-09    D=1.2276e-04 tau_med=5450.0±0.0 tau_canon_med=5450.0±0.0 wall=3.8s
[2026-07-25 08:15:55]   N=   524 eps=1e-06    D=1.2276e-04 tau_med=5450.0±0.0 tau_canon_med=5450.0±0.0 wall=3.9s
[2026-07-25 08:15:58]   N=   524 eps=0.001    D=1.2276e-04 tau_med=5450.0±0.0 tau_canon_med=5450.0±0.0 wall=3.8s
[2026-07-25 08:16:02]   N=   524 eps=0.01     D=1.2276e-04 tau_med=5450.0±0.0 tau_canon_med=5450.0±0.0 wall=3.9s
[2026-07-25 08:16:06]   N=   524 eps=0.1      D=1.2276e-04 tau_med=5450.0±0.0 tau_canon_med=5450.0±0.0 wall=3.9s
[2026-07-25 08:16:10]   N=   524 eps=0.5      D=1.2276e-04 tau_med=5450.0±0.0 tau_canon_med=5450.0±0.0 wall=4.1s
[2026-07-25 08:16:14]   N=   524 eps=1        D=1.2276e-04 tau_med=5450.0±0.0 tau_canon_med=5450.0±0.0 wall=3.8s
[2026-07-25 08:16:53]   N=  1493 eps=1e-09    D=1.5125e-05 tau_med=44212.5±21.7 tau_canon_med=44212.5±21.7 wall=39.1s
[2026-07-25 08:16:53] === TIER 3 (recortado, replica del historico): N=4000, 4 semillas, eps=1e-3 ===
[2026-07-25 08:17:38]     N=4000 semilla=0 tau=317250 tau_canonico=317250 censurado=False (parcial, 45s acum)
[2026-07-25 08:18:20]     N=4000 semilla=1 tau=317250 tau_canonico=317250 censurado=False (parcial, 87s acum)
[2026-07-25 08:19:04]     N=4000 semilla=2 tau=317250 tau_canonico=317250 censurado=False (parcial, 130s acum)
[2026-07-25 08:19:45]     N=4000 semilla=3 tau=317250 tau_canonico=317250 censurado=False (parcial, 172s acum)
[2026-07-25 08:19:45]   N=  4000 D=2.1073e-06 tau_med=317250.0±0.0 tau_canon_med=317250.0±0.0 censurados=0/4 wall=171.6s
[2026-07-25 08:19:45] === TIER 4: perturbacion dinamica (T7) — replica de anclas historicas N={16,130,524}, 2 niveles ruido, 8 semillas, ruido calibrado (Arreglo 2) ===
[2026-07-25 08:19:45]   N=    16 D=1.0210e-01 frac_ruido=0.01 sigma=1.644e-06 tau_med=5.6±0.5 tau_canon_med=5.6±0.5 wall=0.0s
[2026-07-25 08:19:45]   N=    16 D=1.0210e-01 frac_ruido=0.1 sigma=1.644e-05 tau_med=5.4±0.5 tau_canon_med=5.4±0.5 wall=0.0s
[2026-07-25 08:19:45]   N=   130 D=1.9864e-03 frac_ruido=0.01 sigma=2.716e-07 tau_med=352.0±0.0 tau_canon_med=352.0±0.0 wall=0.2s
[2026-07-25 08:19:45]   N=   130 D=1.9864e-03 frac_ruido=0.1 sigma=2.716e-06 tau_med=349.2±7.3 tau_canon_med=349.2±7.3 wall=0.2s
[2026-07-25 08:19:50]   N=   524 D=1.2276e-04 frac_ruido=0.01 sigma=6.777e-08 tau_med=5450.0±0.0 tau_canon_med=5450.0±0.0 wall=4.2s
[2026-07-25 08:19:54]   N=   524 D=1.2276e-04 frac_ruido=0.1 sigma=6.777e-07 tau_med=5475.0±25.0 tau_canon_med=5475.0±25.0 wall=4.3s
[2026-07-25 08:19:55] ###### FIN. elapsed=1044.1s archivo=/Users/alexis/Desktop/RMD/Cosmolab/Cosmogenesis/BATERIA_ENFOQUE5/E5_1_2_vida_media_exergia/E5_1_2_resultado_FINAL.json ######
