[2026-07-24 20:45:48] ###### INICIO E5.1-2 vida media de la exergia ######
[2026-07-24 20:45:48] === TIER 1: curva primaria tau(D) — eps=1e-3, 16 semillas ===
[2026-07-24 20:45:48]   N=    16 D=1.0210e-01 tau_med=6.0±0.0 censurados=0/16 wall=0.2s
[2026-07-24 20:45:48]   N=    23 D=5.5875e-02 tau_med=11.0±0.0 censurados=0/16 wall=0.2s
[2026-07-24 20:45:49]   N=    32 D=3.0703e-02 tau_med=21.0±0.0 censurados=0/16 wall=0.5s
[2026-07-24 20:45:49]   N=    46 D=1.5396e-02 tau_med=42.0±0.0 censurados=0/16 wall=0.7s
[2026-07-24 20:45:51]   N=    65 D=7.8433e-03 tau_med=84.0±0.0 censurados=0/16 wall=1.2s
[2026-07-24 20:45:52]   N=    92 D=3.9491e-03 tau_med=168.0±0.0 censurados=0/16 wall=1.6s
[2026-07-24 20:45:55]   N=   130 D=1.9864e-03 tau_med=336.0±0.0 censurados=0/16 wall=2.9s
[2026-07-24 20:46:02]   N=   184 D=9.9372e-04 tau_med=693.0±0.0 censurados=0/16 wall=6.7s
[2026-07-24 20:46:13]   N=   261 D=4.9442e-04 tau_med=1400.0±0.0 censurados=0/16 wall=11.2s
[2026-07-24 20:46:34]   N=   370 D=2.4615e-04 tau_med=2750.0±0.0 censurados=0/16 wall=21.3s
[2026-07-24 20:47:20]   N=   524 D=1.2276e-04 tau_med=5450.0±0.0 censurados=0/16 wall=46.2s
[2026-07-24 20:48:52]   N=   743 D=6.1067e-05 tau_med=10950.0±0.0 censurados=0/16 wall=92.0s
[2026-07-24 20:52:49]   N=  1053 D=3.0406e-05 tau_med=22000.0±0.0 censurados=0/16 wall=236.9s
[2026-07-24 21:02:33]   N=  1493 D=1.5126e-05 tau_med=44200.0±0.0 censurados=0/16 wall=583.3s
[2026-07-24 21:19:04]   N=  2116 D=7.5302e-06 tau_med=88800.0±0.0 censurados=0/16 wall=990.9s
[2026-07-24 22:03:28]   N=  3000 D=3.7463e-06 tau_med=178450.0±0.0 censurados=0/16 wall=2664.7s
[2026-07-24 22:03:29] === TIER 2: invariancia a eps — 5 anclas de N, 8 semillas ===
[2026-07-24 22:03:29]   N=    16 eps=1e-09    D=1.0210e-01 tau_med=6.0±0.0 wall=0.1s
[2026-07-24 22:03:29]   N=    16 eps=1e-06    D=1.0210e-01 tau_med=6.0±0.0 wall=0.1s
[2026-07-24 22:03:29]   N=    16 eps=0.001    D=1.0210e-01 tau_med=6.0±0.0 wall=0.1s
[2026-07-24 22:03:29]   N=    16 eps=0.01     D=1.0210e-01 tau_med=6.0±0.0 wall=0.1s
[2026-07-24 22:03:29]   N=    16 eps=0.1      D=1.0210e-01 tau_med=6.0±0.0 wall=0.1s
[2026-07-24 22:03:29]   N=    16 eps=0.5      D=1.0210e-01 tau_med=6.0±0.0 wall=0.1s
[2026-07-24 22:03:29]   N=    16 eps=1        D=1.0210e-01 tau_med=6.0±0.0 wall=0.1s
[2026-07-24 22:03:31]   N=   130 eps=1e-09    D=1.9864e-03 tau_med=336.0±0.0 wall=1.5s
[2026-07-24 22:03:32]   N=   130 eps=1e-06    D=1.9864e-03 tau_med=336.0±0.0 wall=1.5s
[2026-07-24 22:03:34]   N=   130 eps=0.001    D=1.9864e-03 tau_med=336.0±0.0 wall=1.5s
[2026-07-24 22:03:35]   N=   130 eps=0.01     D=1.9864e-03 tau_med=336.0±0.0 wall=1.4s
[2026-07-24 22:03:37]   N=   130 eps=0.1      D=1.9864e-03 tau_med=336.0±0.0 wall=1.6s
[2026-07-24 22:03:38]   N=   130 eps=0.5      D=1.9864e-03 tau_med=336.0±0.0 wall=1.4s
[2026-07-24 22:03:40]   N=   130 eps=1        D=1.9864e-03 tau_med=336.0±0.0 wall=1.4s
[2026-07-24 22:04:05]   N=   524 eps=1e-09    D=1.2276e-04 tau_med=5450.0±0.0 wall=25.0s
[2026-07-24 22:04:28]   N=   524 eps=1e-06    D=1.2276e-04 tau_med=5450.0±0.0 wall=23.3s
[2026-07-24 22:04:51]   N=   524 eps=0.001    D=1.2276e-04 tau_med=5450.0±0.0 wall=23.3s
[2026-07-24 22:05:15]   N=   524 eps=0.01     D=1.2276e-04 tau_med=5450.0±0.0 wall=23.6s
[2026-07-24 22:05:39]   N=   524 eps=0.1      D=1.2276e-04 tau_med=5450.0±0.0 wall=23.5s
[2026-07-24 22:06:02]   N=   524 eps=0.5      D=1.2276e-04 tau_med=5450.0±0.0 wall=22.9s
[2026-07-24 22:06:25]   N=   524 eps=1        D=1.2276e-04 tau_med=5450.0±0.0 wall=23.8s
[2026-07-24 22:10:00]   N=  1493 eps=1e-09    D=1.5125e-05 tau_med=44212.5±21.7 wall=214.3s
