[calibracion] midiendo pasos de lavado en eps=0.01 ...
[calibracion] N=200 eps=0.01 mediana_lavado=5300 pasos=6095 lavo_todas=True tiempos=[5300, 5300, 5300, 5300, 5300, 5300, 5300, 5300, 5300, 5300, 5300, 5300, 5300, 5300, 5300, 5300]
[progreso] 4/234 celdas (1.7%) elapsed=73.9s
[progreso] 8/234 celdas (3.4%) elapsed=93.2s
[progreso] 11/234 celdas (4.7%) elapsed=108.5s
[progreso] 14/234 celdas (6.0%) elapsed=124.6s
[progreso] 17/234 celdas (7.3%) elapsed=140.3s
[progreso] 20/234 celdas (8.5%) elapsed=155.6s
[progreso] 24/234 celdas (10.3%) elapsed=175.6s
[progreso] 27/234 celdas (11.5%) elapsed=193.6s
[progreso] 29/234 celdas (12.4%) elapsed=213.5s
[progreso] 31/234 celdas (13.2%) elapsed=233.7s
[progreso] 33/234 celdas (14.1%) elapsed=252.4s
[progreso] 35/234 celdas (15.0%) elapsed=270.3s
[progreso] 37/234 celdas (15.8%) elapsed=288.5s
[progreso] 39/234 celdas (16.7%) elapsed=307.4s
[progreso] 41/234 celdas (17.5%) elapsed=326.5s
[progreso] 43/234 celdas (18.4%) elapsed=345.0s
[progreso] 45/234 celdas (19.2%) elapsed=363.6s
[progreso] 47/234 celdas (20.1%) elapsed=381.6s
[progreso] 49/234 celdas (20.9%) elapsed=398.8s
[progreso] 51/234 celdas (21.8%) elapsed=415.7s
[progreso] 53/234 celdas (22.6%) elapsed=431.0s
[progreso] 55/234 celdas (23.5%) elapsed=447.6s
[progreso] 57/234 celdas (24.4%) elapsed=466.5s
[progreso] 59/234 celdas (25.2%) elapsed=487.6s
[progreso] 61/234 celdas (26.1%) elapsed=506.7s
[progreso] 63/234 celdas (26.9%) elapsed=528.9s
[progreso] 65/234 celdas (27.8%) elapsed=551.3s
[progreso] 67/234 celdas (28.6%) elapsed=573.6s
[progreso] 69/234 celdas (29.5%) elapsed=594.4s
[progreso] 71/234 celdas (30.3%) elapsed=614.1s
[progreso] 73/234 celdas (31.2%) elapsed=634.0s
[progreso] 75/234 celdas (32.1%) elapsed=654.2s
[progreso] 77/234 celdas (32.9%) elapsed=677.8s
[progreso] 79/234 celdas (33.8%) elapsed=697.5s
[progreso] 81/234 celdas (34.6%) elapsed=716.8s
[progreso] 83/234 celdas (35.5%) elapsed=733.6s
[progreso] 85/234 celdas (36.3%) elapsed=749.8s
[progreso] 87/234 celdas (37.2%) elapsed=767.3s
[progreso] 89/234 celdas (38.0%) elapsed=784.7s
[progreso] 91/234 celdas (38.9%) elapsed=802.0s
[progreso] 93/234 celdas (39.7%) elapsed=818.0s
[progreso] 95/234 celdas (40.6%) elapsed=834.5s
[progreso] 97/234 celdas (41.5%) elapsed=850.3s
[progreso] 99/234 celdas (42.3%) elapsed=866.3s
[progreso] 101/234 celdas (43.2%) elapsed=881.7s
[progreso] 104/234 celdas (44.4%) elapsed=903.2s
[progreso] 107/234 celdas (45.7%) elapsed=923.7s
[progreso] 110/234 celdas (47.0%) elapsed=945.3s
[progreso] 112/234 celdas (47.9%) elapsed=961.5s
[progreso] 114/234 celdas (48.7%) elapsed=977.6s
[progreso] 116/234 celdas (49.6%) elapsed=993.4s
[progreso] 119/234 celdas (50.9%) elapsed=1015.4s
[progreso] 121/234 celdas (51.7%) elapsed=1031.2s
[progreso] 123/234 celdas (52.6%) elapsed=1047.5s
[progreso] 125/234 celdas (53.4%) elapsed=1065.2s
[progreso] 128/234 celdas (54.7%) elapsed=1087.5s
[progreso] 131/234 celdas (56.0%) elapsed=1108.0s
[progreso] 134/234 celdas (57.3%) elapsed=1129.5s
[progreso] 137/234 celdas (58.5%) elapsed=1151.0s
[progreso] 140/234 celdas (59.8%) elapsed=1172.6s
[progreso] 142/234 celdas (60.7%) elapsed=1188.3s
[progreso] 144/234 celdas (61.5%) elapsed=1206.4s
[progreso] 146/234 celdas (62.4%) elapsed=1222.8s
[progreso] 149/234 celdas (63.7%) elapsed=1244.6s
[progreso] 152/234 celdas (65.0%) elapsed=1265.9s
[progreso] 155/234 celdas (66.2%) elapsed=1287.6s
[progreso] 158/234 celdas (67.5%) elapsed=1308.1s
[progreso] 161/234 celdas (68.8%) elapsed=1329.9s
[progreso] 164/234 celdas (70.1%) elapsed=1351.5s
[progreso] 167/234 celdas (71.4%) elapsed=1375.8s
[progreso] 169/234 celdas (72.2%) elapsed=1391.7s
[progreso] 172/234 celdas (73.5%) elapsed=1413.7s
[progreso] 175/234 celdas (74.8%) elapsed=1434.8s
[progreso] 178/234 celdas (76.1%) elapsed=1455.1s
[progreso] 181/234 celdas (77.4%) elapsed=1474.9s
[progreso] 184/234 celdas (78.6%) elapsed=1494.2s
[progreso] 187/234 celdas (79.9%) elapsed=1514.8s
[progreso] 190/234 celdas (81.2%) elapsed=1535.0s
[progreso] 193/234 celdas (82.5%) elapsed=1555.8s
[progreso] 196/234 celdas (83.8%) elapsed=1576.9s
[progreso] 199/234 celdas (85.0%) elapsed=1595.8s
[progreso] 202/234 celdas (86.3%) elapsed=1615.9s
[progreso] 205/234 celdas (87.6%) elapsed=1635.0s
[progreso] 208/234 celdas (88.9%) elapsed=1654.0s
[progreso] 211/234 celdas (90.2%) elapsed=1673.2s
[progreso] 214/234 celdas (91.5%) elapsed=1693.4s
[progreso] 217/234 celdas (92.7%) elapsed=1713.5s
[progreso] 220/234 celdas (94.0%) elapsed=1734.7s
[progreso] 223/234 celdas (95.3%) elapsed=1754.6s
[progreso] 226/234 celdas (96.6%) elapsed=1773.7s
[progreso] 229/234 celdas (97.9%) elapsed=1795.6s
[progreso] 232/234 celdas (99.1%) elapsed=1819.0s
[progreso] 234/234 celdas (100.0%) elapsed=1835.1s

[archivo] /Users/alexis/Desktop/RMD/Cosmolab/Cosmogenesis/BATERIA_ENFOQUE5/E5_6_2_energia_libre/E5_6_2_resultado_crudo.json
[veredicto] COHERENCIA PARCIAL (forma coincide, escala no cumple tolerancia)
[corr_global=0.9996 err_rel_mediana=1.0000 corr_T=-0.2205 celdas=208/234]
[elapsed] 1835.1s
