<?xml version="1.0" encoding="UTF-8"?><Norma xmlns:xsi="http://www.w3.org/2001/XMLSchema-instance" xmlns="http://www.leychile.cl/esquemas" xsi:schemaLocation="http://www.leychile.cl/esquemas http://www.leychile.cl/esquemas/EsquemaIntercambioNorma-v1-0.xsd" normaId="1213544" esTratado="no tratado" fechaVersion="2025-05-22" SchemaVersion="1.0" derogado="no derogado">
  <Identificador fechaPromulgacion="2025-04-25" fechaPublicacion="2025-05-22">
    <TiposNumeros>
      <TipoNumero>
        <Tipo>Resoluci&#243;n</Tipo>
        <Numero>49</Numero>
      </TipoNumero>
      <TipoNumero>
        <Tipo>Resoluci&#243;n</Tipo>
        <Numero>1120/02/49</Numero>
      </TipoNumero>
    </TiposNumeros>
    <Organismos>
      <Organismo>MINISTERIO DE DEFENSA NACIONAL</Organismo>
      <Organismo>SUBSECRETAR&#205;A PARA LAS FUERZAS ARMADAS</Organismo>
      <Organismo>ARMADA DE CHILE</Organismo>
      <Organismo>DIRECCI&#211;N GENERAL DEL TERRITORIO MAR&#205;TIMO Y DE MARINA MERCANTE</Organismo>
    </Organismos>
  </Identificador>
  <Metadatos>
    <TituloNorma>NOMBRA ALCALDE DE MAR AD HONOREM A LA PERSONA QUE SE INDICA</TituloNorma>
    
    
    
    <IdentificacionFuente>Diario Oficial</IdentificacionFuente>
    <NumeroFuente>44154</NumeroFuente>
  </Metadatos>
  <Encabezado fechaVersion="2025-05-22" derogado="no derogado">
    <Texto>NOMBRA ALCALDE DE MAR AD HONOREM A LA PERSONA QUE SE INDICA</Texto>
  </Encabezado>
  <EstructurasFuncionales>
    <EstructuraFuncional transitorio="no transitorio" tipoParte="Art&#237;culo" fechaVersion="2025-05-22" derogado="no derogado" idParte="10549212">
      <Texto>     
     Resoluci&#243;n D.G.T.M. y M.M. Ordinario N&#186; 1120/02/49 Vrs., de fecha 25 de abril de 2025, nombra Alcalde de Mar Ad-Honorem a la persona que se indica.
     
     El texto &#237;ntegro de esta resoluci&#243;n se encuentra publicado en la p&#225;gina web de la Direcci&#243;n General del Territorio Mar&#237;timo y de Marina Mercante (www.directemar.cl).
     </Texto>
      <Metadatos>
        <NombreParte presente="no">&#160;</NombreParte>
        <TituloParte presente="no">&#160;</TituloParte>
        
      </Metadatos>
    </EstructuraFuncional>
  </EstructurasFuncionales>
  <Promulgacion fechaVersion="2025-05-22" derogado="no derogado">
    <Texto>     Valpara&#237;so, 5 de mayo de 2025.- Por orden del Sr. Director General, Andr&#233;s Howard Moller, Capit&#225;n de Nav&#237;o, Subdirector D.G.T.M. y M.M.- Pablo Wilson Alcalde, Capit&#225;n de Nav&#237;o JT, Jefe Depto. Jur&#237;dico.
 </Texto>
  </Promulgacion>
  
</Norma>
