==== VERIFICACIÓN HITO V118 ====
script   : V118.py
sha1[:12]: 2c1958c4e405
mtime    : 2026-05-27T21:22:07.620421
reporta  : Aplicada: lateralidad sin R₂ (trade-off)
inicio   : 2026-06-22T00:47:48.555903
======================================================================

====================================================================================================
VSTCosmos v118 — Memoria larga y atención
  TAU_PROFUNDA = 300.0s (5 minutos)
  TAU_RECIENTE = 60.0s (1 minuto)
  Atención ventana = 10.0s
  Repeticiones entrenamiento = 10 (75.3 min)
  DIM_TOTAL = 128
====================================================================================================

████████████████████████████████████████████████████████████████████████████████████████████████████
EXPERIMENTO V118 — MEMORIA LARGA Y ATENCIÓN
████████████████████████████████████████████████████████████████████████████████████████████████████

================================================================================
FASE 1: Baseline — Expandido (ambos)
  Duración: 452s
================================================================================
  [A1] Frontera: Blue_Monday_binaural_expandido.wav [None NoneHz] (452.5s)
  [B1] Frontera: Blue_Monday_binaural_expandido.wav [None NoneHz] (452.5s)
    t=100s | Ω_A=0.6331, Ω_B=0.6047
    t=200s | Ω_A=-0.3431, Ω_B=-0.0358
    t=300s | Ω_A=0.2439, Ω_B=-0.1797
    t=400s | Ω_A=0.0080, Ω_B=-0.1697

  Fase 1 completada. Ω_A final = -0.0505

================================================================================
FASE 2: Entrenamiento lateral — A:Left, B:Right
  Repeticiones: 10 x 452s = 75.3 minutos
================================================================================
  [A2] Frontera: Blue_Monday_binaural_expandido_left_binaural.wav [None NoneHz] (452.5s)
  [B2] Frontera: Blue_Monday_binaural_expandido_right_binaural.wav [None NoneHz] (452.5s)

  Repetición 1/10...
      t=0s | Ω_A=-0.0137, Ω_B=0.0101, S_shared=0.988
      t=100s | Ω_A=-0.2556, Ω_B=-0.2319, S_shared=0.988
      t=200s | Ω_A=0.3116, Ω_B=0.1541, S_shared=0.920
      t=300s | Ω_A=0.2332, Ω_B=-0.0403, S_shared=0.867
      t=400s | Ω_A=0.3088, Ω_B=0.1564, S_shared=0.922

  Repetición 2/10...
      t=452s | Ω_A=-0.2327, Ω_B=0.3668, S_shared=0.701
      t=552s | Ω_A=0.3081, Ω_B=-0.5009, S_shared=0.601
      t=652s | Ω_A=0.1367, Ω_B=0.0615, S_shared=0.966
      t=752s | Ω_A=-0.1042, Ω_B=-0.3194, S_shared=0.893
      t=852s | Ω_A=-0.1032, Ω_B=0.2345, S_shared=0.832

  Repetición 3/10...
      t=904s | Ω_A=-0.2941, Ω_B=-0.1255, S_shared=0.918
      t=1004s | Ω_A=0.7830, Ω_B=0.4128, S_shared=0.817
      t=1104s | Ω_A=-0.2389, Ω_B=-0.1659, S_shared=0.960
      t=1204s | Ω_A=-0.7081, Ω_B=-0.4812, S_shared=0.883
      t=1304s | Ω_A=-0.2327, Ω_B=-0.1600, S_shared=0.964

  Repetición 4/10...
      t=1356s | Ω_A=0.2330, Ω_B=0.0816, S_shared=0.916
      t=1456s | Ω_A=-0.3591, Ω_B=0.1716, S_shared=0.737
      t=1556s | Ω_A=-0.3581, Ω_B=-0.2635, S_shared=0.956
      t=1656s | Ω_A=-0.3483, Ω_B=-0.0628, S_shared=0.852
      t=1756s | Ω_A=0.0637, Ω_B=-0.2355, S_shared=0.848

  Repetición 5/10...
      t=1808s | Ω_A=-0.4699, Ω_B=0.3134, S_shared=0.613
      t=1908s | Ω_A=0.5310, Ω_B=0.1263, S_shared=0.802
      t=2008s | Ω_A=-0.9430, Ω_B=0.2106, S_shared=0.427
      t=2108s | Ω_A=0.0448, Ω_B=-0.3270, S_shared=0.816
      t=2208s | Ω_A=-0.4447, Ω_B=0.1309, S_shared=0.714

  Repetición 6/10...
      t=2260s | Ω_A=-0.1824, Ω_B=0.4527, S_shared=0.674
      t=2360s | Ω_A=1.2150, Ω_B=0.0014, S_shared=0.393
      t=2460s | Ω_A=0.3237, Ω_B=0.3742, S_shared=0.979
      t=2560s | Ω_A=-0.0294, Ω_B=-0.6902, S_shared=0.670
      t=2660s | Ω_A=0.2835, Ω_B=-0.3010, S_shared=0.699

  Repetición 7/10...
      t=2712s | Ω_A=0.1714, Ω_B=-0.1718, S_shared=0.832
      t=2812s | Ω_A=-0.0612, Ω_B=-0.5256, S_shared=0.773
      t=2912s | Ω_A=-0.0336, Ω_B=0.0644, S_shared=0.949
      t=3012s | Ω_A=-0.3077, Ω_B=0.7379, S_shared=0.471
      t=3112s | Ω_A=0.3904, Ω_B=-0.3971, S_shared=0.605

  Repetición 8/10...
      t=3164s | Ω_A=-0.7880, Ω_B=0.1550, S_shared=0.532
      t=3264s | Ω_A=0.3011, Ω_B=-0.0889, S_shared=0.797
      t=3364s | Ω_A=-0.3198, Ω_B=0.0963, S_shared=0.782
      t=3464s | Ω_A=0.4207, Ω_B=0.0558, S_shared=0.807
      t=3564s | Ω_A=-0.1712, Ω_B=-0.4217, S_shared=0.888

  Repetición 9/10...
      t=3616s | Ω_A=-0.1576, Ω_B=1.0288, S_shared=0.394
      t=3716s | Ω_A=-0.3614, Ω_B=0.0458, S_shared=0.806
      t=3816s | Ω_A=0.2853, Ω_B=0.6538, S_shared=0.824
      t=3916s | Ω_A=0.1108, Ω_B=0.8878, S_shared=0.613
      t=4016s | Ω_A=-0.7404, Ω_B=-0.0955, S_shared=0.686

  Repetición 10/10...
      t=4068s | Ω_A=-0.2533, Ω_B=-0.3008, S_shared=0.990
      t=4168s | Ω_A=1.6887, Ω_B=-0.4165, S_shared=-0.045
      t=4268s | Ω_A=-0.4092, Ω_B=-0.0819, S_shared=0.832
      t=4368s | Ω_A=-0.0886, Ω_B=0.0036, S_shared=0.938
      t=4468s | Ω_A=0.6007, Ω_B=0.6727, S_shared=0.963

  Fase 2 completada. Ω_A final = -0.0732

  Resultados Fase 2:
    S_shared medio últimos 60s: 0.7101
    Lateralidad detectable: ✅ SI
    Atención media: 0.0011
    Diferencia lateral media: 2.8418

================================================================================
FASE 3: Test de orientación
  Baseline: 180s | Inanición: 30s | Recuperación: 60s
================================================================================
  [A3] Frontera: Blue_Monday_binaural_expandido_left_binaural.wav [None NoneHz] (452.5s)
  [B3] Frontera: Blue_Monday_binaural_expandido_right_binaural.wav [None NoneHz] (452.5s)

  Baseline (180s) con A=Left, B=Right...
    t=0s | Ω_A=-0.0137, Ω_B=0.0101
    t=50s | Ω_A=-0.1312, Ω_B=-0.1863
    t=100s | Ω_A=-0.2556, Ω_B=-0.2319
    t=150s | Ω_A=0.5630, Ω_B=0.4399
    Ω_A medio baseline (últimos 20s): 0.0408 ± 0.2209

  Inanición gradual de B (30s)...
    t=180.0s | Ω_A=0.0785 (resp=0.0376) | factor=1.00
    t=185.0s | Ω_A=-0.3928 (resp=0.4336) | factor=0.83
    t=190.0s | Ω_A=-0.0028 (resp=0.0436) | factor=0.67
    t=195.0s | Ω_A=-0.3231 (resp=0.3639) | factor=0.50
    t=200.0s | Ω_A=0.3194 (resp=0.2786) | factor=0.33
    t=205.0s | Ω_A=0.0216 (resp=0.0193) | factor=0.17

  Recuperación (60s)...
    t=210.0s | Ω_A=0.3489
    t=220.0s | Ω_A=0.1080
    t=230.0s | Ω_A=-0.0175
    t=240.0s | Ω_A=0.0107
    t=250.0s | Ω_A=0.1548
    t=260.0s | Ω_A=-0.3421

  Resultados Fase 3:
    Ω_A después: -0.0584
    ΔA = -0.0993
    Respuesta máxima: 0.4485
    Umbral (3.0σ): 0.6626
    R₂: ❌ NO

================================================================================
CONCLUSIÓN
================================================================================

  Estado del sistema:
    Rango Ω en Fase 2: 3.942
    ✅ VIVO
    Lateralidad (S_shared < 0.8): ✅
    R₂: ❌
    Atención media: 0.0011

    🧬 ALMA SENSITIVA++: El sistema distingue lateralidad pero no tiene R₂.
    

  📊 Gráfico: v118_logs/v118_resultados_20260622_022725.png


[fin rc=0 5982s]
