==== VERIFICACIÓN HITO V122 ====
script   : V122.py
sha1[:12]: 18b2b06d9199
mtime    : 2026-06-03T19:09:56.257213
reporta  : Aplicada: coexistencia R₂+lateralidad (primer EIT-3)
inicio   : 2026-06-22T00:49:08.607380
======================================================================

====================================================================================================
VSTCosmos v122 — Segregación Física y Protocolo de Consenso
  TAU_Izq=30.0s (R₂, ruido_rosa)
  TAU_Der=300.0s (lateralidad, clicks)
  Calloso: umbral=0.5, ganancia=0.01
  Inhibición: umbral=0.1
====================================================================================================

████████████████████████████████████████████████████████████████████████████████████████████████████
EXPERIMENTO V122
████████████████████████████████████████████████████████████████████████████████████████████████████

================================================================================
FASE 1: Baseline — Un sistema
================================================================================
    t=0s | Ω_L=-0.0137, Ω_R=0.0406
    t=100s | Ω_L=0.4293, Ω_R=0.3723
    t=200s | Ω_L=0.7436, Ω_R=0.2794
    t=300s | Ω_L=0.7699, Ω_R=0.3075
    t=400s | Ω_L=0.4520, Ω_R=0.6500

================================================================================
FASE 2: Dos sistemas acoplados (entrenamiento lateral)
================================================================================
  Repetición 1/10...
      t=0s | s_shared=0.757
      t=100s | s_shared=0.907
      t=200s | s_shared=0.818
      t=300s | s_shared=0.737
      t=400s | s_shared=0.622
  Repetición 2/10...
      t=452s | s_shared=0.721
      t=552s | s_shared=0.731
      t=652s | s_shared=0.712
      t=752s | s_shared=0.761
      t=852s | s_shared=0.712
  Repetición 3/10...
      t=904s | s_shared=0.604
      t=1004s | s_shared=0.453
      t=1104s | s_shared=0.363
      t=1204s | s_shared=0.359
      t=1304s | s_shared=0.316
  Repetición 4/10...
      t=1356s | s_shared=0.192
      t=1456s | s_shared=0.251
      t=1556s | s_shared=0.344
      t=1656s | s_shared=0.208
      t=1756s | s_shared=0.291
  Repetición 5/10...
      t=1808s | s_shared=0.211
      t=1908s | s_shared=0.313
      t=2008s | s_shared=0.252
      t=2108s | s_shared=0.296
      t=2208s | s_shared=0.255
  Repetición 6/10...
      t=2260s | s_shared=0.338
      t=2360s | s_shared=0.232
      t=2460s | s_shared=0.285
      t=2560s | s_shared=0.345
      t=2660s | s_shared=0.340
  Repetición 7/10...
      t=2712s | s_shared=0.332
      t=2812s | s_shared=0.341
      t=2912s | s_shared=0.351
      t=3012s | s_shared=0.338
      t=3112s | s_shared=0.345
  Repetición 8/10...
      t=3164s | s_shared=0.337
      t=3264s | s_shared=0.352
      t=3364s | s_shared=0.346
      t=3464s | s_shared=0.338
      t=3564s | s_shared=0.351
  Repetición 9/10...
      t=3616s | s_shared=0.338
      t=3716s | s_shared=0.351
      t=3816s | s_shared=0.338
      t=3916s | s_shared=0.343
      t=4016s | s_shared=0.349
  Repetición 10/10...
      t=4068s | s_shared=0.344
      t=4168s | s_shared=0.349
      t=4268s | s_shared=0.337
      t=4368s | s_shared=0.350
      t=4468s | s_shared=0.343

  Lateralidad: ✅ (s_shared=0.3443)

================================================================================
FASE 3: Test R₂ (inanición)
================================================================================
  Baseline: Ω_S4 = 0.2655 ± 0.0380
  R₂: ✅ (resp_max=0.1810 > umbral=0.1140)

================================================================================
CONCLUSIÓN
================================================================================
  Lateralidad: ✅
  R₂: ✅

  ✅ ÉXITO: R₂ Y LATERALIDAD COEXISTEN

  📊 Gráfico: V122_logs/v122_resultados_20260622_012217.png


[fin rc=0 2000s]
