==== VERIFICACIÓN HITO V132 ====
script   : V132.py
sha1[:12]: 3d09707712bb
mtime    : 2026-05-31T17:57:58.456877
reporta  : Clausura: organismo mínimo funcional
inicio   : 2026-06-22T00:59:38.898684
======================================================================

====================================================================================================
EXPERIMENTO V132 — Organismo sano en accion
====================================================================================================
  Cierre de ANIMA-1:
    - Organismo sano (sin Parkinson)
    - Tracking de estimulos multiples
    - Izquierda (-60°), Derecha (+60°), Centro (0°)
  Criterio de exito:
    - Error final < 10.0° por estimulo
    - Costo energetico < 200.0° por movimiento
====================================================================================================

  Entrenando lateralidad (10 repeticiones)...
  Entrenamiento completado.

  Iniciando tracking de estimulos...
    Estimulo: centro (+0°) durante 100s
      ✅ Error final: 0.0°, T_settle: 0.0s, E: 0°
    Estimulo: izquierda (-60°) durante 100s
      ✅ Error final: 2.0°, T_settle: 36.0s, E: 58°
    Estimulo: centro (+0°) durante 100s
      ✅ Error final: 2.0°, T_settle: 35.8s, E: 56°
    Estimulo: derecha (+60°) durante 100s
      ✅ Error final: 2.0°, T_settle: 36.5s, E: 60°
    Estimulo: centro (+0°) durante 100s
      ✅ Error final: 2.0°, T_settle: 35.8s, E: 56°
    Estimulo: izquierda (-60°) durante 80s
      ✅ Error final: 2.0°, T_settle: 36.5s, E: 60°
    Estimulo: derecha (+60°) durante 80s
      ✅ Error final: 2.0°, T_settle: 45.1s, E: 116°
    Estimulo: centro (+0°) durante 60s
      ✅ Error final: 2.0°, T_settle: 35.8s, E: 56°

================================================================================
RESULTADOS DE TRACKING
================================================================================

  Segmentos:
    ✅ centro     | setpoint:  +0° | error: 0.0° | T_settle: 0.0s | E: 0°
    ✅ izquierda  | setpoint: -60° | error: 2.0° | T_settle: 36.0s | E: 58°
    ✅ centro     | setpoint:  +0° | error: 2.0° | T_settle: 35.8s | E: 56°
    ✅ derecha    | setpoint: +60° | error: 2.0° | T_settle: 36.5s | E: 60°
    ✅ centro     | setpoint:  +0° | error: 2.0° | T_settle: 35.8s | E: 56°
    ✅ izquierda  | setpoint: -60° | error: 2.0° | T_settle: 36.5s | E: 60°
    ✅ derecha    | setpoint: +60° | error: 2.0° | T_settle: 45.1s | E: 116°
    ✅ centro     | setpoint:  +0° | error: 2.0° | T_settle: 35.8s | E: 56°

  Metricas globales:
    Segmentos exitosos: 8/8 (100%)
    Costo energetico total: 462°
    Tiempo medio de asentamiento: 32.7s

  Graficos guardados: v132_logs/v132_tracking_20260622_011307.png

================================================================================
CONCLUSION FINAL — ANIMA-1
================================================================================

  ✅ ORGANISMO COMPLETO: Sigue todos los estimulos
     - 8/8 segmentos exitosos
     - Error medio: 1.7°
     - Costo energetico total: 462°

  Capacidades del organismo V132:
    ✅ Lateralidad inter-sistemas
    ✅ Orientacion a fuente sonora (C50)
    ✅ Tracking de estimulos multiples
    ✅ Plasticidad homeostatica (Kp adaptativo)
    ✅ Respuesta a cambios de setpoint

  Propiedades:
    - Zona muerta: 2.0°
    - Precision: ±10.0°
    - Tiempo asentamiento medio: 32.7s
    - Rango Kp: [0.0005, 0.005]

  ============================================================
  ANIMA-1: Primer organismo artificial completo
  ============================================================
  Logros de la serie V122-V132:
    1. Lateralidad funcional (s_shared < 0.8)
    2. Respuesta a inanicion (R₂)
    3. Orientacion a fuente sonora (C50)
    4. Tracking de estimulos multiples
    5. Plasticidad homeostatica
  ============================================================

  Tiempo de ejecucion: 13.5 minutos


[fin rc=0 810s]
