==== VERIFICACIÓN HITO V180c ====
script   : V180c.py
sha1[:12]: 879b291c6ae1
mtime    : 2026-06-06T00:35:18.738131
reporta  : V180: memoria episódica
inicio   : 2026-06-22T01:37:40.026664
======================================================================

====================================================================================================
EXPERIMENTO V180c — ANIMA-3: MEMORIA EPISÓDICA (CORREGIDO)
====================================================================================================
  OBJETIVO: Asociar evento traumático a +45° y recuperarlo para rechazarlo.
  CRITERIOS DE ÉXITO:
    ✅ P(+45.0° | episodio_trauma) < 30%
    ✅ latencia_recuperacion > 1.5× latencia_baseline
    ✅ Especificidad: Val(+60°) < -1.5
    ✅ Memoria preservada: Val(-60°) > 10.0
====================================================================================================

Entrenando lateralidad (10 repeticiones)...
  Entrenamiento completado.

============================================================
FASE 0: BASELINE — Medir latencia sin conflicto
============================================================
  Latencia baseline media: 0.625s

============================================================
FASE 1: Consolidación del hábito (20 ciclos a -60.0°)
============================================================
    Ciclo 5/20, valencia(-60.0°) = 10.10
    Ciclo 10/20, valencia(-60.0°) = 18.90
    Ciclo 15/20, valencia(-60.0°) = 27.70
    Ciclo 20/20, valencia(-60.0°) = 36.50

============================================================
FASE 2: Trauma específico (15.0s a 60.0°, costo 2.0x)
============================================================
  Valencia 60.0° post-trauma: -2.00

============================================================
FASE 3: Evento episódico — Exposición a 45.0° con marca 'trauma' (30 ciclos)
============================================================
    Ciclo 10/30, valencia(45.0°) = -2.00
    Ciclo 20/30, valencia(45.0°) = -2.00
    Ciclo 30/30, valencia(45.0°) = -2.00
  Eventos registrados en memoria episódica: 50

============================================================
FASE 4: Test recuperación — Opciones simultáneas [-60.0°, 45.0°] (50 trials)
============================================================
    Trial 10/50...
    Trial 20/50...
    Trial 30/50...
    Trial 40/50...
    Trial 50/50...

================================================================================
RESULTADOS V180c — Memoria episódica
================================================================================
  📊 CONDUCTA:
     P(elegir 45.0°) = 0.0% (umbral < 30%)
     P(elegir -60.0°) = 100.0%
     Eventos recuperados: 0/50 (0.0%)

  📊 LATENCIA:
     Baseline: 0.625s
     Prueba: 7.865s
     Ratio: 12.58x (umbral > 1.5x)

  📊 VALENCIA:
     Val(-60.0°) final: 41.39 (umbral > 10.0)
     Val(60.0°) final: -2.00 (umbral < -1.5)
     Val(45.0°) final: -2.00
     Impacto promedio del recuerdo: 0.00

  📊 CRITERIOS DE ÉXITO:
     P(45.0°) < 30%: True -> ✅
     Ratio latencia > 1.5x: True -> ✅
     Especificidad (Val(60.0°) < -1.5): True -> ✅
     Memoria preservada (Val(-60.0°) > 10.0): True -> ✅

================================================================================
  ✅ MEMORIA EPISÓDICA DEMOSTRADA
     El organismo recupera eventos pasados, paga el costo cognitivo (latencia)
     y utiliza el recuerdo explícito para modular su decisión, rechazando
     activamente el setpoint asociado al trauma episódico.
================================================================================

  📊 Gráficos guardados: V180c_logs/v180c_memoria_episodica_20260622_013740.png
  📁 Datos crudos guardados: V180c_logs/v180c_raw_20260622_013740.json

  ⏱️ Tiempo de ejecución: 18.4 minutos
  V180c completado. Éxito: True


[fin rc=0 1110s]
