==== VERIFICACIÓN HITO V182A5 ====
script   : V182A5_acumulacion.py
sha1[:12]: 8ff159156cdb
mtime    : 2026-06-19T05:54:42.447021
reporta  : ANIMA4: comunicación bidireccional
inicio   : 2026-06-22T01:40:20.139285
======================================================================

============================================================================================
V182A.5 — ACUMULACION CON RECONSOLIDACION: ¿CULTURA O REGRESION A LA MEDIA?
============================================================================================
  Ronda 1 = V182A.4 (transferencia). Rondas 2..N = reconsolidar nativa + intercambiar.
  Config FIDELIDAD: exposicion 80000/8000/40000, reconsolida 15000, 5 rondas. Tarda varios minutos.
============================================================================================

============================================================================================
MEMORIA RELACIONAL ON
============================================================================================
  ronda | A(-60) A(+60) | B(-60) B(+60) |   min  spread | estado
  ------+--------------+--------------+--------------+----------------------
      0 |   8.07   0.05 |   0.05   8.09 |  0.05  8.04  | · inicial
      1 |   7.18   5.06 |   5.05   7.20 |  5.05  2.15  | · V182A.4
      2 |   8.10   7.39 |   7.38   8.11 |  7.38  0.73  | · 
      3 |   9.56   9.04 |   9.03   9.57 |  9.03  0.54  | · 
      4 |  10.99  10.52 |  10.50  11.00 | 10.50  0.50  | ✅ expertos en ambas 
      5 |  12.42  11.95 |  11.94  12.43 | 11.94  0.49  | ✅ expertos en ambas 

  PARTE 1 — transferencia mutua (ronda 1), retencion en % real:
     A aprende +60: 0.05 -> 5.06  (Δ +5.01)   |  A retiene -60: 89% [✅]
     B aprende -60: 0.05 -> 5.05  (Δ +5.00)   |  B retiene +60: 89% [✅]

============================================================================================
MEMORIA RELACIONAL OFF (peso fijo)
============================================================================================
  ronda | A(-60) A(+60) | B(-60) B(+60) |   min  spread | estado
  ------+--------------+--------------+--------------+----------------------
      0 |   8.07   0.05 |   0.05   8.09 |  0.05  8.04  | · inicial
      1 |   5.67   2.46 |   2.45   5.68 |  2.45  3.23  | · V182A.4
      2 |   5.42   3.73 |   3.72   5.43 |  3.72  1.71  | · 
      3 |   6.06   4.73 |   4.72   6.07 |  4.72  1.35  | · 
      4 |   6.81   5.62 |   5.62   6.82 |  5.62  1.20  | · 
      5 |   7.61   6.47 |   6.47   7.61 |  6.47  1.15  | ❌ 

  PARTE 1 — transferencia mutua (ronda 1), retencion en % real:
     A aprende +60: 0.05 -> 2.46  (Δ +2.41)   |  A retiene -60: 70% [❌]
     B aprende -60: 0.05 -> 2.45  (Δ +2.40)   |  B retiene +60: 70% [❌]

############################################################################################
#  VEREDICTO
############################################################################################
  ON : min=11.94  spread=0.49  retencion R1 89%/89% -> ✅ CULTURA ACUMULATIVA (expertos en ambas)
  OFF: min=6.47  spread=1.15  retencion R1 70%/70% -> ❌ REGRESION A LA MEDIA

  ✅ La memoria relacional es la que permite acumular en vez de promediar:
     ON deja a ambos altos en AMBAS bandas; OFF los deja cerca de la media.
     Tu objecion al binario queda saldada: retencion en % real, sin artefacto.

  tiempo 525.6s


[fin rc=0 530s]
