CG005 v3 — REGLA_E: el orden de congelamiento EMERGE (1ª tríada neutra). ¿Percola al PLANO?
========================================================================================================
N=450 · W=8 · nucleación 160 sweeps (all-pairs) · λ_res/CAP_RES heredados de v2 · 4 sem

Anclas (éxito = ACERCARSE a lattice2D):
   lattice2D: δ=2.18 turn=1.15 diam=57 dim=1.60 %gig=100
    arbol_b3: δ=0.00 turn=1.97 diam=12 dim=2.28 %gig=100

--------------------------------------------------------------------------------------------------------
     brazo sd  %gig  g_med  tri/nod  diam   δ_med    dim   turn  G4 ratio        ver
  ------------------------------------------------------------------------------------------------
   REGLA_E  1    3   4.19     3.97     7     nan    nan   1.68      1.53 poco rango
   REGLA_T  1    7   4.14     3.77     9     nan    nan   2.08      1.13 poco rango
    NULL_T  1   86   3.28     1.72    13    0.83   1.95   1.60       nan  AZAR(exp)
   REGLA_E  2    4   4.16     3.91     7     nan    nan   1.67      1.71 poco rango
   REGLA_T  2    4   4.09     3.73     6     nan    nan   1.65      1.13 poco rango
    NULL_T  2   86   3.21     1.69    13    0.81   1.97   1.62       nan  AZAR(exp)
   REGLA_E  3    7   4.13     3.81     9     nan    nan   1.69      1.90 poco rango
   REGLA_T  3    9   4.17     3.80    16     nan    nan   1.50      0.99 poco rango
    NULL_T  3   89   3.37     1.77    13    0.75   1.95   1.70       nan  AZAR(exp)
   REGLA_E  4    4   4.11     3.83     7     nan    nan   1.81      1.57 poco rango
   REGLA_T  4    3   4.12     3.75    12     nan    nan   1.72      0.88 poco rango
    NULL_T  4   87   3.31     1.73    14    0.78   2.00   1.72       nan  AZAR(exp)

========================================================================================================
RESUMEN (criterio: ¿REGLA_E percola Y se acerca al plano, y REGLA_T/NULL_T no?):
  ancla plana: δ=2.18 turn=1.15 diam=57 dim=1.60 %gig=100
     REGLA_E: %gig=  5  δ=nan  turn=1.71  diam=8  dim=nan  tri/nodo=3.88  G4-ratio=1.68
     REGLA_T: %gig=  6  δ=nan  turn=1.74  diam=11  dim=nan  tri/nodo=3.76  G4-ratio=1.03
      NULL_T: %gig= 87  δ=0.79  turn=1.66  diam=13  dim=1.97  tri/nodo=1.73

VEREDICTO (4 guardianes):
  G4 anti-relabel: ratio_E=1.68 (≫1?) ratio_T=1.03 (≈1?) → OK (orden endógeno ACOPLADO a estructura)
  G3 anti-disolución: tri/nodo_E=3.88 → OK
  Conexión REGLA_E: %gig=5 → gas/fragmentado
  G2 hacia el plano: δ_E=nan turn_E=1.71 diam_E=8 → blob/no-plano o gas
  G1 vs REGLA_T (azar): REGLA_E NO se separa

  DESENLACE:
    REGLA_E NO percola al plano. Convergente con CG004: la planitud es AGUAS ARRIBA (pared R7
    desde el lado EDS). Negativo convergente = confirmación, no fracaso. NO tunear.

Tiempo: 0.9 min
