CS057 — PAISAJE COMPLETO: barrido Sobol de las 6 fuerzas (0→1) + alcance + sync/async
============================================================================================================
puntos=4096 semillas=8 pasos=16 workers=14 ensemble=['d1', 'd2', 'd3', 'd4', 'curv']
tasas base g=0.1 s=0.1 em=0.1 wk=0.02 exp=0.12 · alcances FIJOS (grav 2-6/EM 2/fuerte-débil vecindad)
salida CHECKPOINT: /Users/alexis/Desktop/RMD/Cosmolab/Cosmogenesis/cs057_paisaje.csv
total puntos (Sobol + físico + denso) = 4353  → corridas ≈ 69648
  25/4353 puntos · 5.3 min · 4.7 pt/min · ETA 15.20 h
  50/4353 puntos · 12.9 min · 3.9 pt/min · ETA 18.54 h
  75/4353 puntos · 16.9 min · 4.4 pt/min · ETA 16.03 h
  100/4353 puntos · 26.3 min · 3.8 pt/min · ETA 18.63 h
  125/4353 puntos · 32.6 min · 3.8 pt/min · ETA 18.38 h
  150/4353 puntos · 39.4 min · 3.8 pt/min · ETA 18.41 h
  175/4353 puntos · 44.3 min · 3.9 pt/min · ETA 17.64 h
  200/4353 puntos · 53.4 min · 3.7 pt/min · ETA 18.47 h
  225/4353 puntos · 59.8 min · 3.8 pt/min · ETA 18.29 h
  250/4353 puntos · 64.5 min · 3.9 pt/min · ETA 17.64 h
  275/4353 puntos · 70.4 min · 3.9 pt/min · ETA 17.41 h
  300/4353 puntos · 78.4 min · 3.8 pt/min · ETA 17.65 h
  325/4353 puntos · 84.6 min · 3.8 pt/min · ETA 17.48 h
  350/4353 puntos · 91.2 min · 3.8 pt/min · ETA 17.39 h
  375/4353 puntos · 98.9 min · 3.8 pt/min · ETA 17.49 h
  400/4353 puntos · 104.0 min · 3.8 pt/min · ETA 17.13 h
  425/4353 puntos · 109.4 min · 3.9 pt/min · ETA 16.86 h
  450/4353 puntos · 113.7 min · 4.0 pt/min · ETA 16.44 h
  475/4353 puntos · 117.7 min · 4.0 pt/min · ETA 16.01 h
  500/4353 puntos · 121.4 min · 4.1 pt/min · ETA 15.60 h
  525/4353 puntos · 126.0 min · 4.2 pt/min · ETA 15.32 h
  550/4353 puntos · 129.3 min · 4.3 pt/min · ETA 14.90 h
  575/4353 puntos · 133.8 min · 4.3 pt/min · ETA 14.65 h
  600/4353 puntos · 138.8 min · 4.3 pt/min · ETA 14.47 h
  625/4353 puntos · 142.0 min · 4.4 pt/min · ETA 14.12 h
  650/4353 puntos · 146.1 min · 4.4 pt/min · ETA 13.88 h
  675/4353 puntos · 151.4 min · 4.5 pt/min · ETA 13.75 h
  700/4353 puntos · 155.8 min · 4.5 pt/min · ETA 13.55 h
  725/4353 puntos · 160.3 min · 4.5 pt/min · ETA 13.37 h
  750/4353 puntos · 165.3 min · 4.5 pt/min · ETA 13.23 h
  775/4353 puntos · 170.0 min · 4.6 pt/min · ETA 13.08 h
  800/4353 puntos · 174.1 min · 4.6 pt/min · ETA 12.89 h
  825/4353 puntos · 177.6 min · 4.6 pt/min · ETA 12.66 h
  850/4353 puntos · 180.1 min · 4.7 pt/min · ETA 12.37 h
  875/4353 puntos · 182.8 min · 4.8 pt/min · ETA 12.11 h
  900/4353 puntos · 186.0 min · 4.8 pt/min · ETA 11.90 h
  925/4353 puntos · 188.5 min · 4.9 pt/min · ETA 11.64 h
  950/4353 puntos · 191.6 min · 5.0 pt/min · ETA 11.44 h
  975/4353 puntos · 194.2 min · 5.0 pt/min · ETA 11.21 h
  1000/4353 puntos · 197.7 min · 5.1 pt/min · ETA 11.05 h
  1025/4353 puntos · 200.3 min · 5.1 pt/min · ETA 10.84 h
  1050/4353 puntos · 203.2 min · 5.2 pt/min · ETA 10.65 h
  1075/4353 puntos · 205.7 min · 5.2 pt/min · ETA 10.45 h
  1100/4353 puntos · 208.6 min · 5.3 pt/min · ETA 10.28 h
  1125/4353 puntos · 211.3 min · 5.3 pt/min · ETA 10.10 h
  1150/4353 puntos · 214.1 min · 5.4 pt/min · ETA 9.94 h
  1175/4353 puntos · 216.7 min · 5.4 pt/min · ETA 9.77 h
  1200/4353 puntos · 220.5 min · 5.4 pt/min · ETA 9.65 h
  1225/4353 puntos · 222.9 min · 5.5 pt/min · ETA 9.49 h
  1250/4353 puntos · 226.0 min · 5.5 pt/min · ETA 9.35 h
  1275/4353 puntos · 229.3 min · 5.6 pt/min · ETA 9.22 h
  1300/4353 puntos · 232.2 min · 5.6 pt/min · ETA 9.09 h
  1325/4353 puntos · 234.9 min · 5.6 pt/min · ETA 8.95 h
  1350/4353 puntos · 238.2 min · 5.7 pt/min · ETA 8.83 h
  1375/4353 puntos · 241.0 min · 5.7 pt/min · ETA 8.70 h
  1400/4353 puntos · 243.6 min · 5.7 pt/min · ETA 8.56 h
  1425/4353 puntos · 246.7 min · 5.8 pt/min · ETA 8.45 h
  1450/4353 puntos · 249.6 min · 5.8 pt/min · ETA 8.33 h
  1475/4353 puntos · 252.4 min · 5.8 pt/min · ETA 8.21 h
  1500/4353 puntos · 255.3 min · 5.9 pt/min · ETA 8.09 h
  1525/4353 puntos · 258.3 min · 5.9 pt/min · ETA 7.98 h
  1550/4353 puntos · 261.1 min · 5.9 pt/min · ETA 7.87 h
  1575/4353 puntos · 264.0 min · 6.0 pt/min · ETA 7.76 h
  1600/4353 puntos · 266.8 min · 6.0 pt/min · ETA 7.65 h
  1625/4353 puntos · 269.6 min · 6.0 pt/min · ETA 7.54 h
  1650/4353 puntos · 272.8 min · 6.0 pt/min · ETA 7.45 h
  1675/4353 puntos · 275.7 min · 6.1 pt/min · ETA 7.35 h
  1700/4353 puntos · 278.5 min · 6.1 pt/min · ETA 7.24 h
  1725/4353 puntos · 281.2 min · 6.1 pt/min · ETA 7.14 h
  1750/4353 puntos · 284.6 min · 6.1 pt/min · ETA 7.06 h
  1775/4353 puntos · 286.9 min · 6.2 pt/min · ETA 6.95 h
  1800/4353 puntos · 290.3 min · 6.2 pt/min · ETA 6.86 h
  1825/4353 puntos · 293.0 min · 6.2 pt/min · ETA 6.77 h
  1850/4353 puntos · 296.2 min · 6.2 pt/min · ETA 6.68 h
  1875/4353 puntos · 298.8 min · 6.3 pt/min · ETA 6.58 h
  1900/4353 puntos · 302.1 min · 6.3 pt/min · ETA 6.50 h
  1925/4353 puntos · 304.7 min · 6.3 pt/min · ETA 6.41 h
  1950/4353 puntos · 307.5 min · 6.3 pt/min · ETA 6.32 h
  1975/4353 puntos · 309.8 min · 6.4 pt/min · ETA 6.22 h
  2000/4353 puntos · 313.3 min · 6.4 pt/min · ETA 6.14 h
  2025/4353 puntos · 315.5 min · 6.4 pt/min · ETA 6.05 h
  2050/4353 puntos · 318.6 min · 6.4 pt/min · ETA 5.97 h
  2075/4353 puntos · 321.7 min · 6.5 pt/min · ETA 5.89 h
  2100/4353 puntos · 324.2 min · 6.5 pt/min · ETA 5.80 h
  2125/4353 puntos · 327.4 min · 6.5 pt/min · ETA 5.72 h
  2150/4353 puntos · 330.0 min · 6.5 pt/min · ETA 5.64 h
  2175/4353 puntos · 332.7 min · 6.5 pt/min · ETA 5.55 h
  2200/4353 puntos · 335.5 min · 6.6 pt/min · ETA 5.47 h
  2225/4353 puntos · 338.7 min · 6.6 pt/min · ETA 5.40 h
  2250/4353 puntos · 340.9 min · 6.6 pt/min · ETA 5.31 h
  2275/4353 puntos · 343.9 min · 6.6 pt/min · ETA 5.24 h
  2300/4353 puntos · 347.1 min · 6.6 pt/min · ETA 5.16 h
  2325/4353 puntos · 349.8 min · 6.6 pt/min · ETA 5.09 h
  2350/4353 puntos · 352.1 min · 6.7 pt/min · ETA 5.00 h
  2375/4353 puntos · 355.5 min · 6.7 pt/min · ETA 4.93 h
  2400/4353 puntos · 358.3 min · 6.7 pt/min · ETA 4.86 h
  2425/4353 puntos · 360.9 min · 6.7 pt/min · ETA 4.78 h
  2450/4353 puntos · 364.3 min · 6.7 pt/min · ETA 4.72 h
  2475/4353 puntos · 367.3 min · 6.7 pt/min · ETA 4.65 h
  2500/4353 puntos · 369.9 min · 6.8 pt/min · ETA 4.57 h
  2525/4353 puntos · 372.4 min · 6.8 pt/min · ETA 4.49 h
  2550/4353 puntos · 375.7 min · 6.8 pt/min · ETA 4.43 h
  2575/4353 puntos · 378.2 min · 6.8 pt/min · ETA 4.35 h
  2600/4353 puntos · 381.5 min · 6.8 pt/min · ETA 4.29 h
  2625/4353 puntos · 384.1 min · 6.8 pt/min · ETA 4.21 h
  2650/4353 puntos · 386.7 min · 6.9 pt/min · ETA 4.14 h
  2675/4353 puntos · 390.0 min · 6.9 pt/min · ETA 4.08 h
  2700/4353 puntos · 392.4 min · 6.9 pt/min · ETA 4.00 h
  2725/4353 puntos · 395.4 min · 6.9 pt/min · ETA 3.94 h
  2750/4353 puntos · 398.3 min · 6.9 pt/min · ETA 3.87 h
  2775/4353 puntos · 401.0 min · 6.9 pt/min · ETA 3.80 h
  2800/4353 puntos · 403.6 min · 6.9 pt/min · ETA 3.73 h
  2825/4353 puntos · 406.9 min · 6.9 pt/min · ETA 3.67 h
  2850/4353 puntos · 409.7 min · 7.0 pt/min · ETA 3.60 h
  2875/4353 puntos · 412.8 min · 7.0 pt/min · ETA 3.54 h
  2900/4353 puntos · 415.3 min · 7.0 pt/min · ETA 3.47 h
  2925/4353 puntos · 418.5 min · 7.0 pt/min · ETA 3.40 h
  2950/4353 puntos · 421.2 min · 7.0 pt/min · ETA 3.34 h
  2975/4353 puntos · 424.1 min · 7.0 pt/min · ETA 3.27 h
  3000/4353 puntos · 426.5 min · 7.0 pt/min · ETA 3.21 h
  3025/4353 puntos · 429.9 min · 7.0 pt/min · ETA 3.15 h
  3050/4353 puntos · 432.3 min · 7.1 pt/min · ETA 3.08 h
  3075/4353 puntos · 435.3 min · 7.1 pt/min · ETA 3.02 h
  3100/4353 puntos · 437.6 min · 7.1 pt/min · ETA 2.95 h
  3125/4353 puntos · 441.3 min · 7.1 pt/min · ETA 2.89 h
  3150/4353 puntos · 443.4 min · 7.1 pt/min · ETA 2.82 h
  3175/4353 puntos · 447.2 min · 7.1 pt/min · ETA 2.77 h
  3200/4353 puntos · 449.7 min · 7.1 pt/min · ETA 2.70 h
  3225/4353 puntos · 452.8 min · 7.1 pt/min · ETA 2.64 h
  3250/4353 puntos · 455.0 min · 7.1 pt/min · ETA 2.57 h
  3275/4353 puntos · 458.7 min · 7.1 pt/min · ETA 2.52 h
  3300/4353 puntos · 461.9 min · 7.1 pt/min · ETA 2.46 h
  3325/4353 puntos · 465.3 min · 7.1 pt/min · ETA 2.40 h
  3350/4353 puntos · 467.9 min · 7.2 pt/min · ETA 2.33 h
  3375/4353 puntos · 471.5 min · 7.2 pt/min · ETA 2.28 h
  3400/4353 puntos · 473.6 min · 7.2 pt/min · ETA 2.21 h
  3425/4353 puntos · 476.7 min · 7.2 pt/min · ETA 2.15 h
  3450/4353 puntos · 479.4 min · 7.2 pt/min · ETA 2.09 h
  3475/4353 puntos · 482.6 min · 7.2 pt/min · ETA 2.03 h
  3500/4353 puntos · 485.0 min · 7.2 pt/min · ETA 1.97 h
  3525/4353 puntos · 487.9 min · 7.2 pt/min · ETA 1.91 h
  3550/4353 puntos · 491.3 min · 7.2 pt/min · ETA 1.85 h
  3575/4353 puntos · 494.3 min · 7.2 pt/min · ETA 1.79 h
  3600/4353 puntos · 498.5 min · 7.2 pt/min · ETA 1.74 h
  3625/4353 puntos · 502.0 min · 7.2 pt/min · ETA 1.68 h
  3650/4353 puntos · 510.7 min · 7.1 pt/min · ETA 1.64 h
  3675/4353 puntos · 516.0 min · 7.1 pt/min · ETA 1.59 h
  3700/4353 puntos · 520.5 min · 7.1 pt/min · ETA 1.53 h
  3725/4353 puntos · 524.9 min · 7.1 pt/min · ETA 1.47 h
  3750/4353 puntos · 529.6 min · 7.1 pt/min · ETA 1.42 h
  3775/4353 puntos · 535.6 min · 7.0 pt/min · ETA 1.37 h
  3800/4353 puntos · 540.6 min · 7.0 pt/min · ETA 1.31 h
  3825/4353 puntos · 547.8 min · 7.0 pt/min · ETA 1.26 h
  3850/4353 puntos · 553.3 min · 7.0 pt/min · ETA 1.20 h
  3875/4353 puntos · 558.4 min · 6.9 pt/min · ETA 1.15 h
  3900/4353 puntos · 562.9 min · 6.9 pt/min · ETA 1.09 h
  3925/4353 puntos · 570.0 min · 6.9 pt/min · ETA 1.04 h
  3950/4353 puntos · 577.4 min · 6.8 pt/min · ETA 0.98 h
  3975/4353 puntos · 585.9 min · 6.8 pt/min · ETA 0.93 h
  4000/4353 puntos · 596.3 min · 6.7 pt/min · ETA 0.88 h
  4025/4353 puntos · 606.3 min · 6.6 pt/min · ETA 0.82 h
  4050/4353 puntos · 612.1 min · 6.6 pt/min · ETA 0.76 h
  4075/4353 puntos · 621.0 min · 6.6 pt/min · ETA 0.71 h
  4100/4353 puntos · 622.9 min · 6.6 pt/min · ETA 0.64 h
  4125/4353 puntos · 624.0 min · 6.6 pt/min · ETA 0.57 h
  4150/4353 puntos · 624.7 min · 6.6 pt/min · ETA 0.51 h
  4175/4353 puntos · 625.2 min · 6.7 pt/min · ETA 0.44 h
  4200/4353 puntos · 625.5 min · 6.7 pt/min · ETA 0.38 h
  4225/4353 puntos · 625.8 min · 6.8 pt/min · ETA 0.32 h
  4250/4353 puntos · 626.1 min · 6.8 pt/min · ETA 0.25 h
  4275/4353 puntos · 626.3 min · 6.8 pt/min · ETA 0.19 h
  4300/4353 puntos · 626.5 min · 6.9 pt/min · ETA 0.13 h
  4325/4353 puntos · 626.6 min · 6.9 pt/min · ETA 0.07 h
  4350/4353 puntos · 626.8 min · 6.9 pt/min · ETA 0.01 h
  4353/4353 puntos · 626.8 min · 6.9 pt/min · ETA 0.00 h

COMPLETO: 4353 puntos en 626.8 min → /Users/alexis/Desktop/RMD/Cosmolab/Cosmogenesis/cs057_paisaje.csv
