CS058 — ZOOM DENSO al candidato de ENERGÍA OSCURA (¿real o artefacto?)
====================================================================================================
PREDICCIONES CIEGAS (pre-registradas):
  1. RESOLUCIÓN: si la aceleración es REAL, su fracción se ESTABILIZA/AFILA de ×1→×2→×4 pasos;
     si es artefacto de submuestreo, DECAE hacia 0. (falsación directa)
  2. NULL: la aceleración real COLAPSA al barajar la trayectoria (accnull << acc).
  3. FRONTERA CURVA: la aceleración se concentra donde la geometría viable es CURVA, no en 3D-plano.

centroide alta-acc del dato: {'w_grav': 0.25, 'w_strong': 0.34, 'w_em': 0.32, 'w_weak': 0.51, 'w_exp': 0.79, 'w_cool': 0.52, 'alc': 0.51}
puntos=10 · res=[1, 2, 4] · seeds=3 · niv=6 · workers=14
corridas ≈ 90 · salida cs058_smoke.csv
  1/10 · 0.6s
  2/10 · 1.1s
  3/10 · 1.6s
  4/10 · 2.2s
  5/10 · 2.7s
  6/10 · 3.2s
  7/10 · 6.2s
  8/10 · 9.0s
  9/10 · 11.7s
  10/10 · 15.9s

COMPLETO: 10 puntos en 0.3 min → cs058_smoke.csv
