========================================================================================================
CS067 — RE-SMOKE bajo las 3 GUARDAS: barrido de gamma sobre 'completo' vs controles sin_correlacion/sin_causal
N=1200 · steps=20 · seeds/gamma=4 · gammas=[0.5, 1.0, 1.5, 2.0, 2.5]
========================================================================================================

--- gamma=0.50 ---
  completo (n=4): n_ejes=[np.int64(4), np.int64(7), np.int64(0), np.int64(7)] PR=[3.1, 5.88, 7.65, 6.3] pico_medio=[1.0, 1.0, 1.0, 1.0] frac_picados=[1.0, 1.0, 1.0, 1.0]
    medias: n_ejes=4.50 PR=5.73 gap_interno=1.32 pico_medio=1.000 w_medio=0.250
  control sin_correlacion: n_ejes=4 pico_medio=1.0 (NO colapsa -> confunde)
  control sin_causal:      n_ejes=5 pico_medio=1.0 (NO colapsa -> confunde)

--- gamma=1.00 ---
  completo (n=4): n_ejes=[np.int64(0), np.int64(0), np.int64(6), np.int64(0)] PR=[7.58, 7.65, 4.82, 7.58] pico_medio=[1.0, 1.0, 1.0, 1.0] frac_picados=[1.0, 1.0, 1.0, 1.0]
    medias: n_ejes=1.50 PR=6.91 gap_interno=0.46 pico_medio=1.000 w_medio=0.071
  control sin_correlacion: n_ejes=4 pico_medio=1.0 (NO colapsa -> confunde)
  control sin_causal:      n_ejes=6 pico_medio=1.0 (NO colapsa -> confunde)

--- gamma=1.50 ---
  completo (n=4): n_ejes=[np.int64(3), np.int64(6), np.int64(6), np.int64(4)] PR=[2.42, 4.73, 3.68, 3.36] pico_medio=[1.0, 1.0, 1.0, 1.0] frac_picados=[1.0, 1.0, 1.0, 1.0]
    medias: n_ejes=4.75 PR=3.55 gap_interno=2.71 pico_medio=1.000 w_medio=0.009
  control sin_correlacion: n_ejes=1 pico_medio=1.0 (colapsa)
  control sin_causal:      n_ejes=0 pico_medio=1.0 (colapsa)

--- gamma=2.00 ---
  completo (n=4): n_ejes=[np.int64(4), np.int64(4), np.int64(7), np.int64(7)] PR=[3.52, 2.36, 6.63, 5.53] pico_medio=[1.0, 1.0, 1.0, 1.0] frac_picados=[1.0, 1.0, 1.0, 1.0]
    medias: n_ejes=5.50 PR=4.51 gap_interno=1.90 pico_medio=1.000 w_medio=0.004
  control sin_correlacion: n_ejes=0 pico_medio=1.0 (colapsa)
  control sin_causal:      n_ejes=5 pico_medio=1.0 (NO colapsa -> confunde)

--- gamma=2.50 ---
  completo (n=4): n_ejes=[np.int64(5), np.int64(6), np.int64(7), np.int64(4)] PR=[4.79, 5.67, 5.94, 3.47] pico_medio=[1.0, 1.0, 1.0, 1.0] frac_picados=[1.0, 1.0, 1.0, 1.0]
    medias: n_ejes=5.50 PR=4.97 gap_interno=1.64 pico_medio=1.000 w_medio=0.002
  control sin_correlacion: n_ejes=5 pico_medio=1.0 (NO colapsa -> confunde)
  control sin_causal:      n_ejes=2 pico_medio=1.0 (NO colapsa -> confunde)

========================================================================================================
RESUMEN por régimen de gamma (Guarda 3: (i) n_ejes>1 (ii) pico_medio>=0.85 (iii) controles colapsan):
 gamma  n_ejes~  nej_max   pico~  %semillas  ctrl_ok  ENCIENDE  ctrlC_nej  ctrlC_pico  ctrlY_nej  ctrlY_pico
  0.50     4.50        7   1.000       0.75    False     False          4       1.000          5       1.000
  1.00     1.50        6   1.000       0.25    False     False          4       1.000          6       1.000
  1.50     4.75        6   1.000       1.00     True      True          1       1.000          0       1.000
  2.00     5.50        7   1.000       1.00    False     False          0       1.000          5       1.000
  2.50     5.50        7   1.000       1.00    False     False          5       1.000          2       1.000

VEREDICTO PRE-INSCRITO (ADDENDUM_CS067_pico_guarda_rango_CS.md, sin tunear tras ver los números):
  >=1 régimen de gamma cumple (i)+(ii)+(iii) -> el mecanismo ENCIENDE con especificidad real.
  Siguiente paso: reportar a CS ese régimen de gamma para adjudicar Fase A.

tiempo total: 1.62 min
