====================================================================================================
CS067 — RE-SMOKE: barrido de gamma (decaimiento de w) sobre 'completo', rumbo (a) de la adjudicación
N=1200 · steps=20 · seeds/gamma=4 · gammas=[0.5, 1.0, 1.5, 2.0, 2.5]
====================================================================================================

--- gamma=0.50 ---
  completo (n=4): n_ejes=[np.int64(4), np.int64(7), np.int64(0), np.int64(7)] PR=[3.71, 5.82, 7.63, 6.36] gap=[183333333333.33, 75000000000.0, 1.23, 87500000000.0] pico=[0.358, 0.267, 0.181, 0.226]
    medias: n_ejes=4.50 PR=5.88 gap=86458333333.64 pico=0.258 w_medio=0.239 diam_corr=6.14
  control sin_correlacion: n_ejes=4 PR=2.945 gap=96666666666.667 pico=0.404

--- gamma=1.00 ---
  completo (n=4): n_ejes=[np.int64(0), np.int64(0), np.int64(6), np.int64(0)] PR=[7.25, 7.41, 4.76, 7.71] gap=[1.43, 1.27, 105000000000.0, 1.21] pico=[0.214, 0.175, 0.353, 0.152]
    medias: n_ejes=1.50 PR=6.78 gap=26250000000.98 pico=0.224 w_medio=0.068 diam_corr=16.14
  control sin_correlacion: n_ejes=4 PR=2.643 gap=94166666666.667 pico=0.537

--- gamma=1.50 ---
  completo (n=4): n_ejes=[np.int64(4), np.int64(6), np.int64(6), np.int64(4)] PR=[3.39, 4.1, 4.58, 3.0] gap=[81666666666.67, 45000000000.0, 44166666666.67, 97500000000.0] pico=[0.375, 0.379, 0.285, 0.408]
    medias: n_ejes=5.00 PR=3.76 gap=67083333333.33 pico=0.362 w_medio=0.013 diam_corr=19.83
  control sin_correlacion: n_ejes=2 PR=3.289 gap=3.446 pico=0.374

--- gamma=2.00 ---
  completo (n=4): n_ejes=[np.int64(4), np.int64(0), np.int64(7), np.int64(7)] PR=[3.24, 2.48, 6.72, 4.14] gap=[131666666666.67, 2.24, 78333333333.33, 48333333333.33] pico=[0.407, 0.566, 0.18, 0.415]
    medias: n_ejes=4.50 PR=4.15 gap=64583333333.89 pico=0.392 w_medio=0.004 diam_corr=23.78
  control sin_correlacion: n_ejes=0 PR=7.637 gap=1.184 pico=0.167

--- gamma=2.50 ---
  completo (n=4): n_ejes=[np.int64(5), np.int64(6), np.int64(7), np.int64(4)] PR=[3.44, 5.73, 6.1, 3.7] gap=[65833333333.33, 110833333333.33, 82500000000.0, 135000000000.0] pico=[0.46, 0.207, 0.242, 0.33]
    medias: n_ejes=5.50 PR=4.74 gap=98541666666.67 pico=0.310 w_medio=0.002 diam_corr=32.11
  control sin_correlacion: n_ejes=5 PR=4.089 gap=113333333333.333 pico=0.326

====================================================================================================
RESUMEN por régimen de gamma (lectura pre-inscrita, sin tunear):
 gamma  n_ejes~  n_ejes_max    PR~   gap~   pico~  ENCIENDE  ctrl_nej ctrl_pico
  0.50     4.50           7   5.8886458333333.64   0.258      True         4     0.404
  1.00     1.50           6   6.7826250000000.98   0.224      True         4     0.537
  1.50     5.00           6   3.7767083333333.33   0.362      True         2     0.374
  2.00     4.50           7   4.1564583333333.89   0.392      True         0     0.167
  2.50     5.50           7   4.7498541666666.67   0.310      True         5     0.326

VEREDICTO PRE-INSCRITO:
  >=1 régimen de gamma dio dominios con gap>=3.0 y pico<0.9 (no smear) -> el mecanismo ENCIENDE.
  Siguiente paso: reportar a CS para adjudicar Fase A con ese régimen de gamma.

tiempo total: 1.59 min
