================================================================================================
CS064 — SISTEMA COMPLETO. ¿emerge geometría+dirección de la relación plena? (el espacio como exaptación)
================================================================================================
N=3000 · patches=120 · steps=20 · arms=['completo', 'null_tipos', 'null_marco', 'null_mediado', 'subconjunto'] · reglas=['nematico'] · workers=6
salida /Users/alexis/Desktop/RMD/Cosmolab/Cosmogenesis/cs064_sistema_completo.csv
PRE-INSCRITO (§8): (A) 3 ejes+d_s≈3+δ≈0 y completo>NULL>subconjunto ⇒ 3D-plano EMERGE ; (B) dirección sí, 3D no ; (B') colapso a 1 eje ; (C) completo≈subconjunto≈NULL (negativo se sostiene) ; (D) depende de N. null_marco = test de EXAPTACIÓN (O-N8.3).
  5/120 parches · 6.8min · 0.7/min · ETA 2.61h
  10/120 parches · 13.2min · 0.8/min · ETA 2.43h
  15/120 parches · 21.3min · 0.7/min · ETA 2.48h
Process SpawnPoolWorker-4:
Traceback (most recent call last):
  File "/usr/local/Cellar/python@3.13/3.13.14/Frameworks/Python.framework/Versions/3.13/lib/python3.13/multiprocessing/pool.py", line 131, in worker
    put((job, i, result))
    ~~~^^^^^^^^^^^^^^^^^^
  File "/usr/local/Cellar/python@3.13/3.13.14/Frameworks/Python.framework/Versions/3.13/lib/python3.13/multiprocessing/queues.py", line 397, in put
    self._writer.send_bytes(obj)
    ~~~~~~~~~~~~~~~~~~~~~~~^^^^^
  File "/usr/local/Cellar/python@3.13/3.13.14/Frameworks/Python.framework/Versions/3.13/lib/python3.13/multiprocessing/connection.py", line 205, in send_bytes
    self._send_bytes(m[offset:offset + size])
    ~~~~~~~~~~~~~~~~^^^^^^^^^^^^^^^^^^^^^^^^^
  File "/usr/local/Cellar/python@3.13/3.13.14/Frameworks/Python.framework/Versions/3.13/lib/python3.13/multiprocessing/connection.py", line 432, in _send_bytes
    self._send(header + buf)
    ~~~~~~~~~~^^^^^^^^^^^^^^
  File "/usr/local/Cellar/python@3.13/3.13.14/Frameworks/Python.framework/Versions/3.13/lib/python3.13/multiprocessing/connection.py", line 389, in _send
    n = write(self._handle, buf)
BrokenPipeError: [Errno 32] Broken pipe

During handling of the above exception, another exception occurred:

Traceback (most recent call last):
  File "/usr/local/Cellar/python@3.13/3.13.14/Frameworks/Python.framework/Versions/3.13/lib/python3.13/multiprocessing/process.py", line 313, in _bootstrap
    self.run()
    ~~~~~~~~^^
  File "/usr/local/Cellar/python@3.13/3.13.14/Frameworks/Python.framework/Versions/3.13/lib/python3.13/multiprocessing/process.py", line 108, in run
    self._target(*self._args, **self._kwargs)
    ~~~~~~~~~~~~^^^^^^^^^^^^^^^^^^^^^^^^^^^^^
  File "/usr/local/Cellar/python@3.13/3.13.14/Frameworks/Python.framework/Versions/3.13/lib/python3.13/multiprocessing/pool.py", line 136, in worker
    put((job, i, (False, wrapped)))
    ~~~^^^^^^^^^^^^^^^^^^^^^^^^^^^^
  File "/usr/local/Cellar/python@3.13/3.13.14/Frameworks/Python.framework/Versions/3.13/lib/python3.13/multiprocessing/queues.py", line 397, in put
    self._writer.send_bytes(obj)
    ~~~~~~~~~~~~~~~~~~~~~~~^^^^^
  File "/usr/local/Cellar/python@3.13/3.13.14/Frameworks/Python.framework/Versions/3.13/lib/python3.13/multiprocessing/connection.py", line 205, in send_bytes
    self._send_bytes(m[offset:offset + size])
    ~~~~~~~~~~~~~~~~^^^^^^^^^^^^^^^^^^^^^^^^^
  File "/usr/local/Cellar/python@3.13/3.13.14/Frameworks/Python.framework/Versions/3.13/lib/python3.13/multiprocessing/connection.py", line 432, in _send_bytes
    self._send(header + buf)
    ~~~~~~~~~~^^^^^^^^^^^^^^
  File "/usr/local/Cellar/python@3.13/3.13.14/Frameworks/Python.framework/Versions/3.13/lib/python3.13/multiprocessing/connection.py", line 389, in _send
    n = write(self._handle, buf)
BrokenPipeError: [Errno 32] Broken pipe
Process SpawnPoolWorker-1:
Traceback (most recent call last):
  File "/usr/local/Cellar/python@3.13/3.13.14/Frameworks/Python.framework/Versions/3.13/lib/python3.13/multiprocessing/pool.py", line 131, in worker
    put((job, i, result))
    ~~~^^^^^^^^^^^^^^^^^^
  File "/usr/local/Cellar/python@3.13/3.13.14/Frameworks/Python.framework/Versions/3.13/lib/python3.13/multiprocessing/queues.py", line 397, in put
    self._writer.send_bytes(obj)
    ~~~~~~~~~~~~~~~~~~~~~~~^^^^^
  File "/usr/local/Cellar/python@3.13/3.13.14/Frameworks/Python.framework/Versions/3.13/lib/python3.13/multiprocessing/connection.py", line 205, in send_bytes
    self._send_bytes(m[offset:offset + size])
    ~~~~~~~~~~~~~~~~^^^^^^^^^^^^^^^^^^^^^^^^^
  File "/usr/local/Cellar/python@3.13/3.13.14/Frameworks/Python.framework/Versions/3.13/lib/python3.13/multiprocessing/connection.py", line 432, in _send_bytes
    self._send(header + buf)
    ~~~~~~~~~~^^^^^^^^^^^^^^
  File "/usr/local/Cellar/python@3.13/3.13.14/Frameworks/Python.framework/Versions/3.13/lib/python3.13/multiprocessing/connection.py", line 389, in _send
    n = write(self._handle, buf)
BrokenPipeError: [Errno 32] Broken pipe

During handling of the above exception, another exception occurred:

Traceback (most recent call last):
  File "/usr/local/Cellar/python@3.13/3.13.14/Frameworks/Python.framework/Versions/3.13/lib/python3.13/multiprocessing/process.py", line 313, in _bootstrap
    self.run()
    ~~~~~~~~^^
  File "/usr/local/Cellar/python@3.13/3.13.14/Frameworks/Python.framework/Versions/3.13/lib/python3.13/multiprocessing/process.py", line 108, in run
    self._target(*self._args, **self._kwargs)
    ~~~~~~~~~~~~^^^^^^^^^^^^^^^^^^^^^^^^^^^^^
  File "/usr/local/Cellar/python@3.13/3.13.14/Frameworks/Python.framework/Versions/3.13/lib/python3.13/multiprocessing/pool.py", line 136, in worker
    put((job, i, (False, wrapped)))
    ~~~^^^^^^^^^^^^^^^^^^^^^^^^^^^^
  File "/usr/local/Cellar/python@3.13/3.13.14/Frameworks/Python.framework/Versions/3.13/lib/python3.13/multiprocessing/queues.py", line 397, in put
    self._writer.send_bytes(obj)
    ~~~~~~~~~~~~~~~~~~~~~~~^^^^^
  File "/usr/local/Cellar/python@3.13/3.13.14/Frameworks/Python.framework/Versions/3.13/lib/python3.13/multiprocessing/connection.py", line 205, in send_bytes
    self._send_bytes(m[offset:offset + size])
    ~~~~~~~~~~~~~~~~^^^^^^^^^^^^^^^^^^^^^^^^^
  File "/usr/local/Cellar/python@3.13/3.13.14/Frameworks/Python.framework/Versions/3.13/lib/python3.13/multiprocessing/connection.py", line 432, in _send_bytes
    self._send(header + buf)
    ~~~~~~~~~~^^^^^^^^^^^^^^
  File "/usr/local/Cellar/python@3.13/3.13.14/Frameworks/Python.framework/Versions/3.13/lib/python3.13/multiprocessing/connection.py", line 389, in _send
    n = write(self._handle, buf)
BrokenPipeError: [Errno 32] Broken pipe
Process SpawnPoolWorker-2:
Traceback (most recent call last):
  File "/usr/local/Cellar/python@3.13/3.13.14/Frameworks/Python.framework/Versions/3.13/lib/python3.13/multiprocessing/pool.py", line 131, in worker
    put((job, i, result))
    ~~~^^^^^^^^^^^^^^^^^^
  File "/usr/local/Cellar/python@3.13/3.13.14/Frameworks/Python.framework/Versions/3.13/lib/python3.13/multiprocessing/queues.py", line 397, in put
    self._writer.send_bytes(obj)
    ~~~~~~~~~~~~~~~~~~~~~~~^^^^^
  File "/usr/local/Cellar/python@3.13/3.13.14/Frameworks/Python.framework/Versions/3.13/lib/python3.13/multiprocessing/connection.py", line 205, in send_bytes
    self._send_bytes(m[offset:offset + size])
    ~~~~~~~~~~~~~~~~^^^^^^^^^^^^^^^^^^^^^^^^^
  File "/usr/local/Cellar/python@3.13/3.13.14/Frameworks/Python.framework/Versions/3.13/lib/python3.13/multiprocessing/connection.py", line 432, in _send_bytes
    self._send(header + buf)
    ~~~~~~~~~~^^^^^^^^^^^^^^
  File "/usr/local/Cellar/python@3.13/3.13.14/Frameworks/Python.framework/Versions/3.13/lib/python3.13/multiprocessing/connection.py", line 389, in _send
    n = write(self._handle, buf)
BrokenPipeError: [Errno 32] Broken pipe

During handling of the above exception, another exception occurred:

Traceback (most recent call last):
  File "/usr/local/Cellar/python@3.13/3.13.14/Frameworks/Python.framework/Versions/3.13/lib/python3.13/multiprocessing/process.py", line 313, in _bootstrap
    self.run()
    ~~~~~~~~^^
  File "/usr/local/Cellar/python@3.13/3.13.14/Frameworks/Python.framework/Versions/3.13/lib/python3.13/multiprocessing/process.py", line 108, in run
    self._target(*self._args, **self._kwargs)
    ~~~~~~~~~~~~^^^^^^^^^^^^^^^^^^^^^^^^^^^^^
  File "/usr/local/Cellar/python@3.13/3.13.14/Frameworks/Python.framework/Versions/3.13/lib/python3.13/multiprocessing/pool.py", line 136, in worker
    put((job, i, (False, wrapped)))
    ~~~^^^^^^^^^^^^^^^^^^^^^^^^^^^^
  File "/usr/local/Cellar/python@3.13/3.13.14/Frameworks/Python.framework/Versions/3.13/lib/python3.13/multiprocessing/queues.py", line 397, in put
    self._writer.send_bytes(obj)
    ~~~~~~~~~~~~~~~~~~~~~~~^^^^^
  File "/usr/local/Cellar/python@3.13/3.13.14/Frameworks/Python.framework/Versions/3.13/lib/python3.13/multiprocessing/connection.py", line 205, in send_bytes
    self._send_bytes(m[offset:offset + size])
    ~~~~~~~~~~~~~~~~^^^^^^^^^^^^^^^^^^^^^^^^^
  File "/usr/local/Cellar/python@3.13/3.13.14/Frameworks/Python.framework/Versions/3.13/lib/python3.13/multiprocessing/connection.py", line 432, in _send_bytes
    self._send(header + buf)
    ~~~~~~~~~~^^^^^^^^^^^^^^
  File "/usr/local/Cellar/python@3.13/3.13.14/Frameworks/Python.framework/Versions/3.13/lib/python3.13/multiprocessing/connection.py", line 389, in _send
    n = write(self._handle, buf)
BrokenPipeError: [Errno 32] Broken pipe
Process SpawnPoolWorker-5:
Traceback (most recent call last):
  File "/usr/local/Cellar/python@3.13/3.13.14/Frameworks/Python.framework/Versions/3.13/lib/python3.13/multiprocessing/pool.py", line 131, in worker
    put((job, i, result))
    ~~~^^^^^^^^^^^^^^^^^^
  File "/usr/local/Cellar/python@3.13/3.13.14/Frameworks/Python.framework/Versions/3.13/lib/python3.13/multiprocessing/queues.py", line 397, in put
    self._writer.send_bytes(obj)
    ~~~~~~~~~~~~~~~~~~~~~~~^^^^^
  File "/usr/local/Cellar/python@3.13/3.13.14/Frameworks/Python.framework/Versions/3.13/lib/python3.13/multiprocessing/connection.py", line 205, in send_bytes
    self._send_bytes(m[offset:offset + size])
    ~~~~~~~~~~~~~~~~^^^^^^^^^^^^^^^^^^^^^^^^^
  File "/usr/local/Cellar/python@3.13/3.13.14/Frameworks/Python.framework/Versions/3.13/lib/python3.13/multiprocessing/connection.py", line 432, in _send_bytes
    self._send(header + buf)
    ~~~~~~~~~~^^^^^^^^^^^^^^
  File "/usr/local/Cellar/python@3.13/3.13.14/Frameworks/Python.framework/Versions/3.13/lib/python3.13/multiprocessing/connection.py", line 389, in _send
    n = write(self._handle, buf)
BrokenPipeError: [Errno 32] Broken pipe

During handling of the above exception, another exception occurred:

Traceback (most recent call last):
  File "/usr/local/Cellar/python@3.13/3.13.14/Frameworks/Python.framework/Versions/3.13/lib/python3.13/multiprocessing/process.py", line 313, in _bootstrap
    self.run()
    ~~~~~~~~^^
  File "/usr/local/Cellar/python@3.13/3.13.14/Frameworks/Python.framework/Versions/3.13/lib/python3.13/multiprocessing/process.py", line 108, in run
    self._target(*self._args, **self._kwargs)
    ~~~~~~~~~~~~^^^^^^^^^^^^^^^^^^^^^^^^^^^^^
  File "/usr/local/Cellar/python@3.13/3.13.14/Frameworks/Python.framework/Versions/3.13/lib/python3.13/multiprocessing/pool.py", line 136, in worker
    put((job, i, (False, wrapped)))
    ~~~^^^^^^^^^^^^^^^^^^^^^^^^^^^^
  File "/usr/local/Cellar/python@3.13/3.13.14/Frameworks/Python.framework/Versions/3.13/lib/python3.13/multiprocessing/queues.py", line 397, in put
    self._writer.send_bytes(obj)
    ~~~~~~~~~~~~~~~~~~~~~~~^^^^^
  File "/usr/local/Cellar/python@3.13/3.13.14/Frameworks/Python.framework/Versions/3.13/lib/python3.13/multiprocessing/connection.py", line 205, in send_bytes
    self._send_bytes(m[offset:offset + size])
    ~~~~~~~~~~~~~~~~^^^^^^^^^^^^^^^^^^^^^^^^^
  File "/usr/local/Cellar/python@3.13/3.13.14/Frameworks/Python.framework/Versions/3.13/lib/python3.13/multiprocessing/connection.py", line 432, in _send_bytes
    self._send(header + buf)
    ~~~~~~~~~~^^^^^^^^^^^^^^
  File "/usr/local/Cellar/python@3.13/3.13.14/Frameworks/Python.framework/Versions/3.13/lib/python3.13/multiprocessing/connection.py", line 389, in _send
    n = write(self._handle, buf)
BrokenPipeError: [Errno 32] Broken pipe
Process SpawnPoolWorker-3:
Traceback (most recent call last):
  File "/usr/local/Cellar/python@3.13/3.13.14/Frameworks/Python.framework/Versions/3.13/lib/python3.13/multiprocessing/pool.py", line 131, in worker
    put((job, i, result))
    ~~~^^^^^^^^^^^^^^^^^^
  File "/usr/local/Cellar/python@3.13/3.13.14/Frameworks/Python.framework/Versions/3.13/lib/python3.13/multiprocessing/queues.py", line 397, in put
    self._writer.send_bytes(obj)
    ~~~~~~~~~~~~~~~~~~~~~~~^^^^^
  File "/usr/local/Cellar/python@3.13/3.13.14/Frameworks/Python.framework/Versions/3.13/lib/python3.13/multiprocessing/connection.py", line 205, in send_bytes
    self._send_bytes(m[offset:offset + size])
    ~~~~~~~~~~~~~~~~^^^^^^^^^^^^^^^^^^^^^^^^^
  File "/usr/local/Cellar/python@3.13/3.13.14/Frameworks/Python.framework/Versions/3.13/lib/python3.13/multiprocessing/connection.py", line 432, in _send_bytes
    self._send(header + buf)
    ~~~~~~~~~~^^^^^^^^^^^^^^
  File "/usr/local/Cellar/python@3.13/3.13.14/Frameworks/Python.framework/Versions/3.13/lib/python3.13/multiprocessing/connection.py", line 389, in _send
    n = write(self._handle, buf)
BrokenPipeError: [Errno 32] Broken pipe

During handling of the above exception, another exception occurred:

Traceback (most recent call last):
  File "/usr/local/Cellar/python@3.13/3.13.14/Frameworks/Python.framework/Versions/3.13/lib/python3.13/multiprocessing/process.py", line 313, in _bootstrap
    self.run()
    ~~~~~~~~^^
  File "/usr/local/Cellar/python@3.13/3.13.14/Frameworks/Python.framework/Versions/3.13/lib/python3.13/multiprocessing/process.py", line 108, in run
    self._target(*self._args, **self._kwargs)
    ~~~~~~~~~~~~^^^^^^^^^^^^^^^^^^^^^^^^^^^^^
  File "/usr/local/Cellar/python@3.13/3.13.14/Frameworks/Python.framework/Versions/3.13/lib/python3.13/multiprocessing/pool.py", line 136, in worker
    put((job, i, (False, wrapped)))
    ~~~^^^^^^^^^^^^^^^^^^^^^^^^^^^^
  File "/usr/local/Cellar/python@3.13/3.13.14/Frameworks/Python.framework/Versions/3.13/lib/python3.13/multiprocessing/queues.py", line 397, in put
    self._writer.send_bytes(obj)
    ~~~~~~~~~~~~~~~~~~~~~~~^^^^^
  File "/usr/local/Cellar/python@3.13/3.13.14/Frameworks/Python.framework/Versions/3.13/lib/python3.13/multiprocessing/connection.py", line 205, in send_bytes
    self._send_bytes(m[offset:offset + size])
    ~~~~~~~~~~~~~~~~^^^^^^^^^^^^^^^^^^^^^^^^^
  File "/usr/local/Cellar/python@3.13/3.13.14/Frameworks/Python.framework/Versions/3.13/lib/python3.13/multiprocessing/connection.py", line 432, in _send_bytes
    self._send(header + buf)
    ~~~~~~~~~~^^^^^^^^^^^^^^
  File "/usr/local/Cellar/python@3.13/3.13.14/Frameworks/Python.framework/Versions/3.13/lib/python3.13/multiprocessing/connection.py", line 389, in _send
    n = write(self._handle, buf)
BrokenPipeError: [Errno 32] Broken pipe
Process SpawnPoolWorker-6:
Traceback (most recent call last):
  File "/usr/local/Cellar/python@3.13/3.13.14/Frameworks/Python.framework/Versions/3.13/lib/python3.13/multiprocessing/pool.py", line 131, in worker
    put((job, i, result))
    ~~~^^^^^^^^^^^^^^^^^^
  File "/usr/local/Cellar/python@3.13/3.13.14/Frameworks/Python.framework/Versions/3.13/lib/python3.13/multiprocessing/queues.py", line 397, in put
    self._writer.send_bytes(obj)
    ~~~~~~~~~~~~~~~~~~~~~~~^^^^^
  File "/usr/local/Cellar/python@3.13/3.13.14/Frameworks/Python.framework/Versions/3.13/lib/python3.13/multiprocessing/connection.py", line 205, in send_bytes
    self._send_bytes(m[offset:offset + size])
    ~~~~~~~~~~~~~~~~^^^^^^^^^^^^^^^^^^^^^^^^^
  File "/usr/local/Cellar/python@3.13/3.13.14/Frameworks/Python.framework/Versions/3.13/lib/python3.13/multiprocessing/connection.py", line 432, in _send_bytes
    self._send(header + buf)
    ~~~~~~~~~~^^^^^^^^^^^^^^
  File "/usr/local/Cellar/python@3.13/3.13.14/Frameworks/Python.framework/Versions/3.13/lib/python3.13/multiprocessing/connection.py", line 389, in _send
    n = write(self._handle, buf)
BrokenPipeError: [Errno 32] Broken pipe

During handling of the above exception, another exception occurred:

Traceback (most recent call last):
  File "/usr/local/Cellar/python@3.13/3.13.14/Frameworks/Python.framework/Versions/3.13/lib/python3.13/multiprocessing/process.py", line 313, in _bootstrap
    self.run()
    ~~~~~~~~^^
  File "/usr/local/Cellar/python@3.13/3.13.14/Frameworks/Python.framework/Versions/3.13/lib/python3.13/multiprocessing/process.py", line 108, in run
    self._target(*self._args, **self._kwargs)
    ~~~~~~~~~~~~^^^^^^^^^^^^^^^^^^^^^^^^^^^^^
  File "/usr/local/Cellar/python@3.13/3.13.14/Frameworks/Python.framework/Versions/3.13/lib/python3.13/multiprocessing/pool.py", line 136, in worker
    put((job, i, (False, wrapped)))
    ~~~^^^^^^^^^^^^^^^^^^^^^^^^^^^^
  File "/usr/local/Cellar/python@3.13/3.13.14/Frameworks/Python.framework/Versions/3.13/lib/python3.13/multiprocessing/queues.py", line 397, in put
    self._writer.send_bytes(obj)
    ~~~~~~~~~~~~~~~~~~~~~~~^^^^^
  File "/usr/local/Cellar/python@3.13/3.13.14/Frameworks/Python.framework/Versions/3.13/lib/python3.13/multiprocessing/connection.py", line 205, in send_bytes
    self._send_bytes(m[offset:offset + size])
    ~~~~~~~~~~~~~~~~^^^^^^^^^^^^^^^^^^^^^^^^^
  File "/usr/local/Cellar/python@3.13/3.13.14/Frameworks/Python.framework/Versions/3.13/lib/python3.13/multiprocessing/connection.py", line 432, in _send_bytes
    self._send(header + buf)
    ~~~~~~~~~~^^^^^^^^^^^^^^
  File "/usr/local/Cellar/python@3.13/3.13.14/Frameworks/Python.framework/Versions/3.13/lib/python3.13/multiprocessing/connection.py", line 389, in _send
    n = write(self._handle, buf)
BrokenPipeError: [Errno 32] Broken pipe
/usr/local/Cellar/python@3.13/3.13.14/Frameworks/Python.framework/Versions/3.13/lib/python3.13/multiprocessing/resource_tracker.py:479: UserWarning: resource_tracker: There appear to be 6 leaked semaphore objects to clean up at shutdown: {'/mp-a5gehl41', '/mp-pllszmfg', '/mp-8qu0v9ie', '/mp-slolhmo5', '/mp-muauqfyh', '/mp-tgm_ohlv'}
  warnings.warn(
