[2026-07-25 22:02:10] [A] barrido: 20 eps x 7 E_reserva x 12 semillas = 1680 finitas + 240 de control (sin energía)
[2026-07-25 22:02:43] [A] control (sin energía) eps=0.001 listo (12/240) t=33s
[2026-07-25 22:03:19] [A] control (sin energía) eps=0.001624 listo (24/240) t=70s
[2026-07-25 22:03:59] [A] control (sin energía) eps=0.002637 listo (36/240) t=109s
[2026-07-25 22:04:47] [A] control (sin energía) eps=0.004281 listo (48/240) t=157s
[2026-07-25 22:05:38] [A] control (sin energía) eps=0.006952 listo (60/240) t=208s
[2026-07-25 22:06:30] [A] control (sin energía) eps=0.01129 listo (72/240) t=260s
[2026-07-25 22:07:15] [A] control (sin energía) eps=0.01833 listo (84/240) t=305s
[2026-07-25 22:08:08] [A] control (sin energía) eps=0.02976 listo (96/240) t=359s
[2026-07-25 22:08:51] [A] control (sin energía) eps=0.04833 listo (108/240) t=401s
[2026-07-25 22:09:41] [A] control (sin energía) eps=0.07848 listo (120/240) t=451s
[2026-07-25 22:10:19] [A] control (sin energía) eps=0.1274 listo (132/240) t=489s
[2026-07-25 22:10:47] [A] control (sin energía) eps=0.2069 listo (144/240) t=517s
[2026-07-25 22:11:17] [A] control (sin energía) eps=0.336 listo (156/240) t=547s
[2026-07-25 22:11:49] [A] control (sin energía) eps=0.5456 listo (168/240) t=579s
[2026-07-25 22:12:24] [A] control (sin energía) eps=0.8859 listo (180/240) t=614s
[2026-07-25 22:13:01] [A] control (sin energía) eps=1.438 listo (192/240) t=651s
[2026-07-25 22:13:29] [A] control (sin energía) eps=2.336 listo (204/240) t=679s
[2026-07-25 22:14:00] [A] control (sin energía) eps=3.793 listo (216/240) t=710s
[2026-07-25 22:14:33] [A] control (sin energía) eps=6.158 listo (228/240) t=743s
[2026-07-25 22:15:08] [A] control (sin energía) eps=10 listo (240/240) t=778s
[2026-07-25 22:19:26] [A] eps=0.001 listo (84/1680) t=1036s
[2026-07-25 22:23:41] [A] eps=0.001624 listo (168/1680) t=1291s
[2026-07-25 22:27:47] [A] eps=0.002637 listo (252/1680) t=1537s
[2026-07-25 22:32:21] [A] eps=0.004281 listo (336/1680) t=1812s
[2026-07-25 22:36:45] [A] eps=0.006952 listo (420/1680) t=2075s
[2026-07-25 22:40:52] [A] eps=0.01129 listo (504/1680) t=2322s
[2026-07-25 22:45:59] [A] eps=0.01833 listo (588/1680) t=2629s
[2026-07-25 22:50:48] [A] eps=0.02976 listo (672/1680) t=2918s
[2026-07-25 22:55:10] [A] eps=0.04833 listo (756/1680) t=3180s
[2026-07-25 22:59:39] [A] eps=0.07848 listo (840/1680) t=3449s
[2026-07-25 23:04:01] [A] eps=0.1274 listo (924/1680) t=3711s
[2026-07-25 23:08:45] [A] eps=0.2069 listo (1008/1680) t=3995s
[2026-07-25 23:14:18] [A] eps=0.336 listo (1092/1680) t=4329s
[2026-07-25 23:18:37] [A] eps=0.5456 listo (1176/1680) t=4587s
[2026-07-25 23:22:53] [A] eps=0.8859 listo (1260/1680) t=4843s
[2026-07-25 23:27:18] [A] eps=1.438 listo (1344/1680) t=5109s
[2026-07-25 23:31:46] [A] eps=2.336 listo (1428/1680) t=5376s
[2026-07-25 23:36:02] [A] eps=3.793 listo (1512/1680) t=5632s
[2026-07-25 23:40:44] [A] eps=6.158 listo (1596/1680) t=5914s
[2026-07-25 23:45:23] [A] eps=10 listo (1680/1680) t=6193s
[2026-07-25 23:45:23] [A] TOTAL elapsed=6193s
[2026-07-25 23:45:23] [A] lectura = no_explicado_por_estos_3_observables
[2026-07-25 23:45:23] [A] corr(log eps, frac_ligada) con energia=-0.7291144799226024 sin energia=-0.7407003216263672
[2026-07-25 23:45:23] [A] corr(log eps, gasto temprano)=-0.7468921580432047 corr(log eps, fragmentacion)=0.06179694073625567
[2026-07-25 23:45:23] [archivo] /Users/alexis/Desktop/RMD/Cosmolab/Cosmogenesis/resultados_cs074A_asimetria_techo/cs074A_result_FULL.json
