============================================================================================================
CS070 TANDA BLINDADA
brazos=['semilla_coherente', 'semilla_barajada', 'sin_semilla', 'semilla_sustrato_local']  N=[900, 1500, 2500]  semillas/brazo=8
============================================================================================================
  [semilla_coherente      N=  900 s=0] n_ejes=0 pico_medio=0.711 certificado=False direccion_real=False peso_semilla=0.181 (t=0.1min)
  [semilla_coherente      N=  900 s=1] n_ejes=6 pico_medio=0.667 certificado=False direccion_real=False peso_semilla=0.186 (t=0.2min)
  [semilla_coherente      N=  900 s=2] n_ejes=0 pico_medio=0.709 certificado=False direccion_real=False peso_semilla=0.126 (t=0.2min)
  [semilla_coherente      N=  900 s=3] n_ejes=0 pico_medio=0.880 certificado=True direccion_real=False peso_semilla=0.084 (t=0.3min)
  [semilla_coherente      N=  900 s=4] n_ejes=0 pico_medio=0.717 certificado=False direccion_real=False peso_semilla=0.085 (t=0.4min)
  [semilla_coherente      N=  900 s=5] n_ejes=5 pico_medio=0.699 certificado=False direccion_real=False peso_semilla=0.196 (t=0.4min)
  [semilla_coherente      N=  900 s=6] n_ejes=0 pico_medio=0.854 certificado=True direccion_real=False peso_semilla=0.178 (t=0.5min)
  [semilla_coherente      N=  900 s=7] n_ejes=0 pico_medio=0.805 certificado=False direccion_real=False peso_semilla=0.180 (t=0.6min)
  [semilla_coherente      N= 1500 s=0] n_ejes=0 pico_medio=0.722 certificado=False direccion_real=False peso_semilla=0.082 (t=0.7min)
  [semilla_coherente      N= 1500 s=1] n_ejes=0 pico_medio=0.768 certificado=False direccion_real=False peso_semilla=0.138 (t=0.8min)
  [semilla_coherente      N= 1500 s=2] n_ejes=0 pico_medio=0.780 certificado=False direccion_real=False peso_semilla=0.132 (t=0.9min)
  [semilla_coherente      N= 1500 s=3] n_ejes=1 pico_medio=0.732 certificado=False direccion_real=False peso_semilla=0.176 (t=1.1min)
  [semilla_coherente      N= 1500 s=4] n_ejes=0 pico_medio=0.788 certificado=False direccion_real=False peso_semilla=0.114 (t=1.3min)
  [semilla_coherente      N= 1500 s=5] n_ejes=1 pico_medio=0.922 certificado=True direccion_real=False peso_semilla=0.074 (t=1.4min)
  [semilla_coherente      N= 1500 s=6] n_ejes=1 pico_medio=0.977 certificado=True direccion_real=False peso_semilla=0.182 (t=1.5min)
  [semilla_coherente      N= 1500 s=7] n_ejes=0 pico_medio=0.734 certificado=False direccion_real=False peso_semilla=0.093 (t=1.7min)
  [semilla_coherente      N= 2500 s=0] n_ejes=0 pico_medio=0.654 certificado=False direccion_real=False peso_semilla=0.061 (t=1.9min)
  [semilla_coherente      N= 2500 s=1] n_ejes=0 pico_medio=0.811 certificado=False direccion_real=False peso_semilla=0.181 (t=2.0min)
  [semilla_coherente      N= 2500 s=2] n_ejes=0 pico_medio=0.703 certificado=False direccion_real=False peso_semilla=0.079 (t=2.3min)
  [semilla_coherente      N= 2500 s=3] n_ejes=0 pico_medio=0.771 certificado=False direccion_real=False peso_semilla=0.108 (t=2.4min)
  [semilla_coherente      N= 2500 s=4] n_ejes=0 pico_medio=0.768 certificado=False direccion_real=False peso_semilla=0.129 (t=2.5min)
  [semilla_coherente      N= 2500 s=5] n_ejes=0 pico_medio=0.734 certificado=False direccion_real=False peso_semilla=0.138 (t=2.7min)
  [semilla_coherente      N= 2500 s=6] n_ejes=0 pico_medio=0.794 certificado=False direccion_real=False peso_semilla=0.085 (t=3.0min)
  [semilla_coherente      N= 2500 s=7] n_ejes=0 pico_medio=0.686 certificado=False direccion_real=False peso_semilla=0.175 (t=3.3min)
  [semilla_barajada       N=  900 s=0] n_ejes=0 pico_medio=0.758 certificado=False direccion_real=False peso_semilla=0.141 (t=3.3min)
  [semilla_barajada       N=  900 s=1] n_ejes=0 pico_medio=0.760 certificado=False direccion_real=False peso_semilla=0.111 (t=3.4min)
  [semilla_barajada       N=  900 s=2] n_ejes=0 pico_medio=0.758 certificado=False direccion_real=False peso_semilla=0.072 (t=3.4min)
  [semilla_barajada       N=  900 s=3] n_ejes=0 pico_medio=0.450 certificado=False direccion_real=False peso_semilla=0.119 (t=3.5min)
  [semilla_barajada       N=  900 s=4] n_ejes=0 pico_medio=0.763 certificado=False direccion_real=False peso_semilla=0.118 (t=3.6min)
  [semilla_barajada       N=  900 s=5] n_ejes=0 pico_medio=0.730 certificado=False direccion_real=False peso_semilla=0.085 (t=3.6min)
  [semilla_barajada       N=  900 s=6] n_ejes=0 pico_medio=0.669 certificado=False direccion_real=False peso_semilla=0.142 (t=3.7min)
  [semilla_barajada       N=  900 s=7] n_ejes=0 pico_medio=0.723 certificado=False direccion_real=False peso_semilla=0.065 (t=3.8min)
  [semilla_barajada       N= 1500 s=0] n_ejes=0 pico_medio=0.727 certificado=False direccion_real=False peso_semilla=0.175 (t=3.9min)
  [semilla_barajada       N= 1500 s=1] n_ejes=0 pico_medio=0.722 certificado=False direccion_real=False peso_semilla=0.054 (t=3.9min)
  [semilla_barajada       N= 1500 s=2] n_ejes=0 pico_medio=0.819 certificado=False direccion_real=False peso_semilla=0.071 (t=4.0min)
  [semilla_barajada       N= 1500 s=3] n_ejes=0 pico_medio=0.669 certificado=False direccion_real=False peso_semilla=0.169 (t=4.1min)
  [semilla_barajada       N= 1500 s=4] n_ejes=0 pico_medio=0.746 certificado=False direccion_real=False peso_semilla=0.197 (t=4.2min)
  [semilla_barajada       N= 1500 s=5] n_ejes=0 pico_medio=0.859 certificado=True direccion_real=False peso_semilla=0.050 (t=4.3min)
  [semilla_barajada       N= 1500 s=6] n_ejes=1 pico_medio=0.682 certificado=False direccion_real=False peso_semilla=0.200 (t=4.4min)
  [semilla_barajada       N= 1500 s=7] n_ejes=0 pico_medio=0.736 certificado=False direccion_real=False peso_semilla=0.147 (t=4.5min)
  [semilla_barajada       N= 2500 s=0] n_ejes=0 pico_medio=0.574 certificado=False direccion_real=False peso_semilla=0.151 (t=4.7min)
  [semilla_barajada       N= 2500 s=1] n_ejes=0 pico_medio=0.821 certificado=False direccion_real=False peso_semilla=0.076 (t=4.9min)
  [semilla_barajada       N= 2500 s=2] n_ejes=0 pico_medio=0.736 certificado=False direccion_real=False peso_semilla=0.108 (t=5.1min)
  [semilla_barajada       N= 2500 s=3] n_ejes=0 pico_medio=0.758 certificado=False direccion_real=False peso_semilla=0.142 (t=5.4min)
  [semilla_barajada       N= 2500 s=4] n_ejes=0 pico_medio=0.736 certificado=False direccion_real=False peso_semilla=0.089 (t=5.5min)
  [semilla_barajada       N= 2500 s=5] n_ejes=0 pico_medio=0.722 certificado=False direccion_real=False peso_semilla=0.060 (t=5.7min)
  [semilla_barajada       N= 2500 s=6] n_ejes=0 pico_medio=0.691 certificado=False direccion_real=False peso_semilla=0.085 (t=5.8min)
  [semilla_barajada       N= 2500 s=7] n_ejes=0 pico_medio=0.781 certificado=False direccion_real=False peso_semilla=0.175 (t=6.0min)
  [sin_semilla            N=  900 s=0] n_ejes=0 pico_medio=0.828 certificado=False direccion_real=False peso_semilla=0.000 (t=6.1min)
  [sin_semilla            N=  900 s=1] n_ejes=0 pico_medio=0.872 certificado=True direccion_real=False peso_semilla=0.000 (t=6.2min)
  [sin_semilla            N=  900 s=2] n_ejes=0 pico_medio=0.832 certificado=False direccion_real=False peso_semilla=0.000 (t=6.3min)
  [sin_semilla            N=  900 s=3] n_ejes=7 pico_medio=0.765 certificado=False direccion_real=False peso_semilla=0.000 (t=6.4min)
  [sin_semilla            N=  900 s=4] n_ejes=0 pico_medio=0.799 certificado=False direccion_real=False peso_semilla=0.000 (t=6.4min)
  [sin_semilla            N=  900 s=5] n_ejes=0 pico_medio=0.799 certificado=False direccion_real=False peso_semilla=0.000 (t=6.5min)
  [sin_semilla            N=  900 s=6] n_ejes=0 pico_medio=0.863 certificado=True direccion_real=False peso_semilla=0.000 (t=6.6min)
  [sin_semilla            N=  900 s=7] n_ejes=0 pico_medio=0.876 certificado=True direccion_real=False peso_semilla=0.000 (t=6.6min)
  [sin_semilla            N= 1500 s=0] n_ejes=0 pico_medio=0.868 certificado=True direccion_real=False peso_semilla=0.000 (t=6.8min)
  [sin_semilla            N= 1500 s=1] n_ejes=0 pico_medio=0.884 certificado=True direccion_real=False peso_semilla=0.000 (t=6.9min)
  [sin_semilla            N= 1500 s=2] n_ejes=0 pico_medio=0.873 certificado=True direccion_real=False peso_semilla=0.000 (t=7.0min)
  [sin_semilla            N= 1500 s=3] n_ejes=0 pico_medio=0.881 certificado=True direccion_real=False peso_semilla=0.000 (t=7.1min)
  [sin_semilla            N= 1500 s=4] n_ejes=6 pico_medio=0.833 certificado=False direccion_real=False peso_semilla=0.000 (t=7.3min)
  [sin_semilla            N= 1500 s=5] n_ejes=0 pico_medio=0.826 certificado=False direccion_real=False peso_semilla=0.000 (t=7.4min)
  [sin_semilla            N= 1500 s=6] n_ejes=0 pico_medio=0.794 certificado=False direccion_real=False peso_semilla=0.000 (t=7.5min)
  [sin_semilla            N= 1500 s=7] n_ejes=0 pico_medio=0.727 certificado=False direccion_real=False peso_semilla=0.000 (t=7.6min)
  [sin_semilla            N= 2500 s=0] n_ejes=0 pico_medio=0.675 certificado=False direccion_real=False peso_semilla=0.000 (t=7.8min)
  [sin_semilla            N= 2500 s=1] n_ejes=0 pico_medio=0.709 certificado=False direccion_real=False peso_semilla=0.000 (t=8.4min)
  [sin_semilla            N= 2500 s=2] n_ejes=0 pico_medio=0.783 certificado=False direccion_real=False peso_semilla=0.000 (t=8.8min)
  [sin_semilla            N= 2500 s=3] n_ejes=0 pico_medio=0.739 certificado=False direccion_real=False peso_semilla=0.000 (t=9.3min)
  [sin_semilla            N= 2500 s=4] n_ejes=0 pico_medio=0.713 certificado=False direccion_real=False peso_semilla=0.000 (t=9.7min)
  [sin_semilla            N= 2500 s=5] n_ejes=0 pico_medio=0.909 certificado=True direccion_real=False peso_semilla=0.000 (t=10.0min)
  [sin_semilla            N= 2500 s=6] n_ejes=0 pico_medio=0.759 certificado=False direccion_real=False peso_semilla=0.000 (t=10.4min)
  [sin_semilla            N= 2500 s=7] n_ejes=0 pico_medio=0.889 certificado=True direccion_real=False peso_semilla=0.000 (t=10.7min)
  [semilla_sustrato_local N=  900 s=0] n_ejes=0 pico_medio=0.780 certificado=False direccion_real=False peso_semilla=0.188 (t=10.9min)
  [semilla_sustrato_local N=  900 s=1] n_ejes=0 pico_medio=0.944 certificado=True direccion_real=False peso_semilla=0.175 (t=11.0min)
  [semilla_sustrato_local N=  900 s=2] n_ejes=0 pico_medio=0.810 certificado=False direccion_real=False peso_semilla=0.054 (t=11.2min)
  [semilla_sustrato_local N=  900 s=3] n_ejes=0 pico_medio=0.838 certificado=False direccion_real=False peso_semilla=0.191 (t=11.4min)
  [semilla_sustrato_local N=  900 s=4] n_ejes=0 pico_medio=0.819 certificado=False direccion_real=False peso_semilla=0.109 (t=11.6min)
  [semilla_sustrato_local N=  900 s=5] n_ejes=1 pico_medio=0.955 certificado=True direccion_real=False peso_semilla=0.147 (t=11.8min)
  [semilla_sustrato_local N=  900 s=6] n_ejes=0 pico_medio=0.765 certificado=False direccion_real=False peso_semilla=0.168 (t=12.0min)
  [semilla_sustrato_local N=  900 s=7] n_ejes=0 pico_medio=0.818 certificado=False direccion_real=False peso_semilla=0.072 (t=12.2min)
  [semilla_sustrato_local N= 1500 s=0] n_ejes=0 pico_medio=0.667 certificado=False direccion_real=False peso_semilla=0.066 (t=12.5min)
  [semilla_sustrato_local N= 1500 s=1] n_ejes=0 pico_medio=0.893 certificado=True direccion_real=False peso_semilla=0.167 (t=12.9min)
  [semilla_sustrato_local N= 1500 s=2] n_ejes=0 pico_medio=0.762 certificado=False direccion_real=False peso_semilla=0.198 (t=13.1min)
  [semilla_sustrato_local N= 1500 s=3] n_ejes=0 pico_medio=0.835 certificado=False direccion_real=False peso_semilla=0.194 (t=13.4min)
  [semilla_sustrato_local N= 1500 s=4] n_ejes=0 pico_medio=0.818 certificado=False direccion_real=False peso_semilla=0.113 (t=13.5min)
  [semilla_sustrato_local N= 1500 s=5] n_ejes=0 pico_medio=0.803 certificado=False direccion_real=False peso_semilla=0.156 (t=13.7min)
  [semilla_sustrato_local N= 1500 s=6] n_ejes=0 pico_medio=0.723 certificado=False direccion_real=False peso_semilla=0.065 (t=14.0min)
  [semilla_sustrato_local N= 1500 s=7] n_ejes=0 pico_medio=0.910 certificado=True direccion_real=False peso_semilla=0.055 (t=14.3min)
  [semilla_sustrato_local N= 2500 s=0] n_ejes=0 pico_medio=0.811 certificado=False direccion_real=False peso_semilla=0.090 (t=14.7min)
  [semilla_sustrato_local N= 2500 s=1] n_ejes=0 pico_medio=0.756 certificado=False direccion_real=False peso_semilla=0.083 (t=15.1min)
  [semilla_sustrato_local N= 2500 s=2] n_ejes=0 pico_medio=0.773 certificado=False direccion_real=False peso_semilla=0.171 (t=15.4min)
  [semilla_sustrato_local N= 2500 s=3] n_ejes=0 pico_medio=0.846 certificado=False direccion_real=False peso_semilla=0.146 (t=15.8min)
  [semilla_sustrato_local N= 2500 s=4] n_ejes=0 pico_medio=0.726 certificado=False direccion_real=False peso_semilla=0.079 (t=16.1min)
  [semilla_sustrato_local N= 2500 s=5] n_ejes=0 pico_medio=0.765 certificado=False direccion_real=False peso_semilla=0.158 (t=16.4min)
  [semilla_sustrato_local N= 2500 s=6] n_ejes=0 pico_medio=0.737 certificado=False direccion_real=False peso_semilla=0.096 (t=16.6min)
  [semilla_sustrato_local N= 2500 s=7] n_ejes=0 pico_medio=0.785 certificado=False direccion_real=False peso_semilla=0.174 (t=17.1min)

tiempo total: 17.12 min -- resultados en cs070_tanda_resultados.json

============================================================================================================
AGREGADO por brazo (blindaje de semillas, IC95%)
============================================================================================================
  semilla_coherente     : frac_direccion_real=0.000 IC95%=[0.000,0.000]  frac_certificado=0.167  n_ejes_medio=0.58
  semilla_barajada      : frac_direccion_real=0.000 IC95%=[0.000,0.000]  frac_certificado=0.042  n_ejes_medio=0.04
  sin_semilla           : frac_direccion_real=0.000 IC95%=[0.000,0.000]  frac_certificado=0.375  n_ejes_medio=0.54
  semilla_sustrato_local: frac_direccion_real=0.000 IC95%=[0.000,0.000]  frac_certificado=0.167  n_ejes_medio=0.04

============================================================================================================
VEREDICTO -- cuerda decisiva: SEMILLA_COHERENTE vs SEMILLA_BARAJADA en direccion_real
============================================================================================================
  coherente frac_direccion_real=0.000 IC95%=(0.0, 0.0)
  barajada  frac_direccion_real=0.000 IC95%=(0.0, 0.0)
  sin_semilla frac_direccion_real=0.000
  semilla_sustrato_local frac_direccion_real=0.000 IC95%=(0.0, 0.0)

(B) COHERENTE ≈ BARAJADA ≈ SIN_SEMILLA -> el mundo-pequeño lava la semilla también. El
sustrato es el muro, no la falta de semilla. Profundiza el veredicto del arco.
