====================================================================================================
CS080 — Experimento 1: FLUJO DE GEOMETRÍA BAJO RENORMALIZACIÓN (coarse-graining del tejido CS066)
N=8000  k_local=6 (fijo, punto más favorable según cs066conf_exponentes.md)  escalas b=[2, 4, 8, 16, 32]  semillas=[80100, 80200, 80300]
brazos: local (real) | local_barajado (NULL: mismo tope de grado, sin criterio de localidad) | er_null (piso: Erdős-Rényi puro)
====================================================================================================

--- semilla 80100 ---
  [local] b=1  N_b=8000  diam=9.00  d_s=4.049  giant=0.906  hol=0.9962  (21.2s)
  [local] b=2   N_b=4661  diam=8.00  d_s=4.102  giant=0.851  hol=1.0699  (0.4s)
  [local] b=4   N_b=2930  diam=7.00  d_s=4.163  giant=0.768  hol=1.0155  (0.3s)
  [local] b=8   N_b=1949  diam=6.00  d_s=3.928  giant=0.652  hol=1.0344  (0.2s)
  [local] b=16  N_b=1446  diam=6.00  d_s=1.039  giant=0.530  hol=1.0449  (0.4s)
  [local] b=32  N_b=1198  diam=5.00  d_s=0.748  giant=0.433  hol=1.0627  (0.2s)
  [local_barajado] b=1  N_b=8000  diam=7.00  d_s=3.415  giant=0.913  hol=1.1629  (21.9s)
  [local_barajado] b=2   N_b=4576  diam=5.00  d_s=4.124  giant=0.856  hol=1.2177  (0.7s)
  [local_barajado] b=4   N_b=2814  diam=4.00  d_s=4.106  giant=0.768  hol=1.1323  (0.6s)
  [local_barajado] b=8   N_b=1892  diam=3.00  d_s=4.283  giant=0.655  hol=1.114  (0.5s)
  [local_barajado] b=16  N_b=1424  diam=4.00  d_s=0.705  giant=0.541  hol=1.1229  (0.4s)
  [local_barajado] b=32  N_b=1183  diam=3.00  d_s=0.515  giant=0.448  hol=0.8986  (0.3s)
  [er_null] b=1  N_b=8000  diam=10.00  d_s=3.751  giant=0.998  hol=1.2945  (1.1s)
  [er_null] b=2   N_b=4478  diam=7.00  d_s=3.928  giant=0.996  hol=1.1996  (0.7s)
  [er_null] b=4   N_b=2643  diam=6.00  d_s=4.033  giant=0.993  hol=1.1217  (0.5s)
  [er_null] b=8   N_b=1654  diam=5.00  d_s=4.477  giant=0.989  hol=1.1299  (0.5s)
  [er_null] b=16  N_b=1221  diam=4.00  d_s=4.018  giant=0.985  hol=1.0666  (0.4s)
  [er_null] b=32  N_b=974   diam=4.00  d_s=4.106  giant=0.982  hol=0.9113  (0.3s)
  (acumulado 0.8 min)

--- semilla 80200 ---
  [local] b=1  N_b=8000  diam=8.00  d_s=3.811  giant=0.912  hol=1.0324  (20.8s)
  [local] b=2   N_b=4670  diam=7.00  d_s=3.873  giant=0.856  hol=1.0811  (0.5s)
  [local] b=4   N_b=2953  diam=7.00  d_s=4.044  giant=0.774  hol=1.0877  (0.3s)
  [local] b=8   N_b=1972  diam=5.00  d_s=3.66  giant=0.662  hol=0.9805  (0.2s)
  [local] b=16  N_b=1443  diam=5.00  d_s=0.993  giant=0.538  hol=1.0019  (0.2s)
  [local] b=32  N_b=1211  diam=4.00  d_s=0.824  giant=0.449  hol=0.9937  (0.1s)
  [local_barajado] b=1  N_b=8000  diam=7.00  d_s=3.474  giant=0.913  hol=1.169  (20.1s)
  [local_barajado] b=2   N_b=4590  diam=5.00  d_s=4.172  giant=0.858  hol=1.1341  (0.6s)
  [local_barajado] b=4   N_b=2799  diam=4.00  d_s=4.148  giant=0.770  hol=1.0843  (0.4s)
  [local_barajado] b=8   N_b=1901  diam=3.00  d_s=4.364  giant=0.661  hol=1.0952  (0.3s)
  [local_barajado] b=16  N_b=1390  diam=4.00  d_s=0.626  giant=0.537  hol=1.0467  (0.3s)
  [local_barajado] b=32  N_b=1148  diam=3.00  d_s=0.594  giant=0.439  hol=0.8844  (0.2s)
  [er_null] b=1  N_b=8000  diam=9.00  d_s=3.679  giant=0.997  hol=1.2813  (0.9s)
  [er_null] b=2   N_b=4461  diam=7.00  d_s=3.969  giant=0.995  hol=1.1943  (0.5s)
  [er_null] b=4   N_b=2604  diam=6.00  d_s=4.366  giant=0.992  hol=1.107  (0.4s)
  [er_null] b=8   N_b=1686  diam=5.00  d_s=4.346  giant=0.987  hol=1.1543  (0.3s)
  [er_null] b=16  N_b=1218  diam=4.00  d_s=3.854  giant=0.982  hol=1.0231  (0.3s)
  [er_null] b=32  N_b=894   diam=4.00  d_s=3.82  giant=0.975  hol=0.9592  (0.2s)
  (acumulado 1.6 min)

--- semilla 80300 ---
  [local] b=1  N_b=8000  diam=10.00  d_s=4.432  giant=0.904  hol=0.9215  (24.3s)
  [local] b=2   N_b=4664  diam=7.00  d_s=4.389  giant=0.846  hol=1.0951  (0.4s)
  [local] b=4   N_b=2958  diam=6.00  d_s=4.424  giant=0.761  hol=0.9587  (0.3s)
  [local] b=8   N_b=1991  diam=5.00  d_s=4.126  giant=0.645  hol=0.8943  (0.2s)
  [local] b=16  N_b=1498  diam=4.00  d_s=0.934  giant=0.528  hol=1.0067  (0.2s)
  [local] b=32  N_b=1238  diam=4.00  d_s=0.92  giant=0.429  hol=1.0835  (0.1s)
  [local_barajado] b=1  N_b=8000  diam=7.00  d_s=3.389  giant=0.911  hol=1.1966  (19.7s)
  [local_barajado] b=2   N_b=4616  diam=6.00  d_s=4.146  giant=0.852  hol=1.1919  (0.5s)
  [local_barajado] b=4   N_b=2845  diam=4.00  d_s=4.128  giant=0.764  hol=1.1248  (0.4s)
  [local_barajado] b=8   N_b=1908  diam=4.00  d_s=4.353  giant=0.649  hol=1.1558  (0.3s)
  [local_barajado] b=16  N_b=1420  diam=3.00  d_s=0.669  giant=0.529  hol=1.0225  (0.3s)
  [local_barajado] b=32  N_b=1159  diam=3.00  d_s=0.56  giant=0.423  hol=1.1159  (0.2s)
  [er_null] b=1  N_b=8000  diam=9.00  d_s=3.734  giant=0.997  hol=1.2264  (0.9s)
  [er_null] b=2   N_b=4469  diam=7.00  d_s=3.978  giant=0.996  hol=1.2198  (0.5s)
  [er_null] b=4   N_b=2650  diam=6.00  d_s=4.013  giant=0.993  hol=1.2061  (0.4s)
  [er_null] b=8   N_b=1664  diam=5.00  d_s=4.457  giant=0.988  hol=1.089  (0.3s)
  [er_null] b=16  N_b=1174  diam=4.00  d_s=3.88  giant=0.983  hol=1.1096  (0.3s)
  [er_null] b=32  N_b=976   diam=4.00  d_s=3.387  giant=0.980  hol=0.9052  (0.3s)
  (acumulado 2.4 min)

COMPLETO en 2.4 min -> /Users/alexis/Desktop/RMD/Cosmolab/Cosmogenesis/cs080_renormalizacion.csv
