patron=*_f803_solap2: 12 carpetas -> ['A2-B0-C2-batch3-r0_s471829_f803_solap2', 'A2-B0-C2-batch3-r111_s482596_f803_solap2', 'A2-B0-C2-batch3-r60_s477649_f803_solap2', 'A2-B0-C2-batch4-r10_s572799_f803_solap2', 'A2-B0-C2-batch4-r36_s575321_f803_solap2', 'A2-B0-C2-batch4-r62_s577843_f803_solap2', 'A2-B0-C2-r14_s273187_f803_solap2', 'A2-B0-C2-r17_s273478_f803_solap2', 'A2-B0-C2-r19_s273672_f803_solap2', 'A2-B0-C2-r20_s373769_f803_solap2', 'A2-B0-C2-r28_s374545_f803_solap2', 'A2-B0-C2-r39_s375612_f803_solap2']
[A2-B0-C2-batch3-r0_s471829_f803_solap2] setup + run...
[A2-B0-C2-batch3-r0_s471829_f803_solap2] exit_setup=0 t_setup=3.04s  exit_run=0 t_run=40.32s
[A2-B0-C2-batch3-r111_s482596_f803_solap2] setup + run...
[A2-B0-C2-batch3-r111_s482596_f803_solap2] exit_setup=0 t_setup=2.96s  exit_run=0 t_run=58.2s
[A2-B0-C2-batch3-r60_s477649_f803_solap2] setup + run...
[A2-B0-C2-batch3-r60_s477649_f803_solap2] exit_setup=0 t_setup=6.27s  exit_run=0 t_run=60.06s
[A2-B0-C2-batch4-r10_s572799_f803_solap2] setup + run...
[A2-B0-C2-batch4-r10_s572799_f803_solap2] exit_setup=0 t_setup=5.35s  exit_run=0 t_run=51.01s
[A2-B0-C2-batch4-r36_s575321_f803_solap2] setup + run...
[A2-B0-C2-batch4-r36_s575321_f803_solap2] exit_setup=0 t_setup=3.28s  exit_run=0 t_run=31.9s
[A2-B0-C2-batch4-r62_s577843_f803_solap2] setup + run...
[A2-B0-C2-batch4-r62_s577843_f803_solap2] exit_setup=0 t_setup=2.53s  exit_run=0 t_run=29.91s
[A2-B0-C2-r14_s273187_f803_solap2] setup + run...
[A2-B0-C2-r14_s273187_f803_solap2] exit_setup=0 t_setup=2.46s  exit_run=0 t_run=33.65s
[A2-B0-C2-r17_s273478_f803_solap2] setup + run...
[A2-B0-C2-r17_s273478_f803_solap2] exit_setup=0 t_setup=5.68s  exit_run=0 t_run=58.54s
[A2-B0-C2-r19_s273672_f803_solap2] setup + run...
[A2-B0-C2-r19_s273672_f803_solap2] exit_setup=0 t_setup=6.37s  exit_run=0 t_run=45.82s
[A2-B0-C2-r20_s373769_f803_solap2] setup + run...
[A2-B0-C2-r20_s373769_f803_solap2] exit_setup=0 t_setup=3.77s  exit_run=0 t_run=33.15s
[A2-B0-C2-r28_s374545_f803_solap2] setup + run...
[A2-B0-C2-r28_s374545_f803_solap2] exit_setup=0 t_setup=3.3s  exit_run=0 t_run=32.0s
[A2-B0-C2-r39_s375612_f803_solap2] setup + run...
[A2-B0-C2-r39_s375612_f803_solap2] exit_setup=0 t_setup=3.26s  exit_run=0 t_run=29.38s

[TOTAL] tiempo script=552.3s
