============================================================================================================
O2-E — BARRIDO FASE V-A REPRODUCIBLE (18 combos × 10 reglas, seed guardada, DOS mediciones)
       N=2000  n_sweeps=14  escalas_b=(1, 2, 4, 8, 16)  nulls=3
       SEED_RAIZ=620000  PASO_COMBO=5000  (sin hash(), reproducible)
============================================================================================================

--- A0-B0-C0  seed_base=620000  (admitidas=10 descartadas=0) ---
  A0-B0-C0-r0 seed=620001: clase_vieja=I                        clase_corr=I                        pend=+0.295/+0.295  z=0.00/0.00 (13.0s) [t=14s]
  A0-B0-C0-r1 seed=620098: clase_vieja=I                        clase_corr=I                        pend=+0.340/+0.340  z=0.57/0.57 (6.5s) [t=21s]
  A0-B0-C0-r2 seed=620195: clase_vieja=I                        clase_corr=I                        pend=+0.246/+0.246  z=0.14/0.14 (6.8s) [t=27s]
  A0-B0-C0-r3 seed=620292: clase_vieja=I                        clase_corr=I                        pend=+0.302/+0.302  z=0.85/0.85 (6.5s) [t=34s]
  A0-B0-C0-r4 seed=620389: clase_vieja=I                        clase_corr=I                        pend=+0.226/+0.226  z=0.28/0.28 (9.8s) [t=44s]
  A0-B0-C0-r5 seed=620486: clase_vieja=I                        clase_corr=I                        pend=+0.227/+0.227  z=0.42/0.42 (9.6s) [t=53s]
  A0-B0-C0-r6 seed=620583: clase_vieja=I                        clase_corr=I                        pend=+0.240/+0.240  z=0.57/0.57 (7.2s) [t=60s]
  A0-B0-C0-r7 seed=620680: clase_vieja=I                        clase_corr=I                        pend=+0.230/+0.230  z=0.14/0.14 (8.8s) [t=69s]
  A0-B0-C0-r8 seed=620777: clase_vieja=II                       clase_corr=II                       pend=+0.369/+0.369  z=0.42/0.42 (6.8s) [t=76s]
  A0-B0-C0-r9 seed=620874: clase_vieja=I                        clase_corr=I                        pend=+0.296/+0.296  z=0.14/0.14 (8.9s) [t=85s]

--- A0-B0-C1  seed_base=625000  (admitidas=10 descartadas=0) ---
  A0-B0-C1-r0 seed=625001: clase_vieja=I                        clase_corr=I                        pend=+0.153/+0.153  z=1.13/1.13 (5.3s) [t=91s]
  A0-B0-C1-r1 seed=625098: clase_vieja=I                        clase_corr=I                        pend=+0.283/+0.283  z=0.42/0.42 (7.4s) [t=99s]
  A0-B0-C1-r2 seed=625195: clase_vieja=I                        clase_corr=I                        pend=+0.287/+0.287  z=0.00/0.00 (9.9s) [t=108s]
  A0-B0-C1-r3 seed=625292: clase_vieja=I                        clase_corr=I                        pend=+0.237/+0.237  z=0.42/0.42 (7.6s) [t=116s]
  A0-B0-C1-r4 seed=625389: clase_vieja=I                        clase_corr=I                        pend=+0.228/+0.228  z=0.28/0.28 (10.7s) [t=127s]
  A0-B0-C1-r5 seed=625486: clase_vieja=II                       clase_corr=II                       pend=+0.378/+0.378  z=0.14/0.14 (8.3s) [t=135s]
  A0-B0-C1-r6 seed=625583: clase_vieja=I                        clase_corr=I                        pend=+0.293/+0.293  z=0.14/0.14 (9.1s) [t=144s]
  A0-B0-C1-r7 seed=625680: clase_vieja=I                        clase_corr=I                        pend=+0.229/+0.229  z=0.14/0.14 (9.5s) [t=154s]
  A0-B0-C1-r8 seed=625777: clase_vieja=I                        clase_corr=I                        pend=+0.297/+0.297  z=0.14/0.14 (9.6s) [t=163s]
  A0-B0-C1-r9 seed=625874: clase_vieja=II                       clase_corr=II                       pend=+0.375/+0.375  z=0.28/0.28 (7.5s) [t=171s]

--- A0-B0-C2  seed_base=630000  (admitidas=10 descartadas=0) ---
  A0-B0-C2-r0 seed=630001: clase_vieja=I                        clase_corr=I                        pend=+0.248/+0.248  z=0.28/0.28 (5.7s) [t=178s]
  A0-B0-C2-r1 seed=630098: clase_vieja=I                        clase_corr=I                        pend=+0.296/+0.296  z=0.28/0.28 (10.3s) [t=188s]
  A0-B0-C2-r2 seed=630195: clase_vieja=I                        clase_corr=I                        pend=+0.291/+0.291  z=0.00/0.00 (11.0s) [t=199s]
  A0-B0-C2-r3 seed=630292: clase_vieja=I                        clase_corr=I                        pend=+0.294/+0.294  z=0.00/0.00 (10.3s) [t=209s]
  A0-B0-C2-r4 seed=630389: clase_vieja=I                        clase_corr=I                        pend=+0.253/+0.253  z=0.28/0.28 (5.3s) [t=215s]
  A0-B0-C2-r5 seed=630486: clase_vieja=I                        clase_corr=I                        pend=+0.237/+0.237  z=0.42/0.42 (6.2s) [t=221s]
  A0-B0-C2-r6 seed=630583: clase_vieja=II                       clase_corr=II                       pend=+0.367/+0.367  z=0.00/0.00 (6.5s) [t=227s]
  A0-B0-C2-r7 seed=630680: clase_vieja=I                        clase_corr=I                        pend=+0.234/+0.234  z=0.42/0.42 (6.2s) [t=234s]
  A0-B0-C2-r8 seed=630777: clase_vieja=I                        clase_corr=I                        pend=+0.293/+0.293  z=0.00/0.00 (10.3s) [t=244s]
  A0-B0-C2-r9 seed=630874: clase_vieja=I                        clase_corr=I                        pend=+0.295/+0.295  z=0.00/0.00 (9.5s) [t=253s]

--- A0-B1-C0  seed_base=635000  (admitidas=10 descartadas=0) ---
  A0-B1-C0-r0 (seed=635001): *** MOTOR NO EJECUTABLE *** KeyError: 'adj'
  A0-B1-C0-r1 (seed=635098): *** MOTOR NO EJECUTABLE *** KeyError: 'adj'
  -- A0-B1-C0: 2 fallos seguidos -> bug sistemático del motor para esta combinación de ejes; se corta el combo (igual que el barrido original) --

--- A0-B1-C1  seed_base=640000  (admitidas=10 descartadas=0) ---
  A0-B1-C1-r0 (seed=640001): *** MOTOR NO EJECUTABLE *** KeyError: 'adj'
  A0-B1-C1-r1 (seed=640098): *** MOTOR NO EJECUTABLE *** KeyError: 'adj'
  -- A0-B1-C1: 2 fallos seguidos -> bug sistemático del motor para esta combinación de ejes; se corta el combo (igual que el barrido original) --

--- A0-B1-C2  seed_base=645000  (admitidas=10 descartadas=0) ---
  A0-B1-C2-r0 (seed=645001): *** MOTOR NO EJECUTABLE *** KeyError: 'adj'
  A0-B1-C2-r1 (seed=645098): *** MOTOR NO EJECUTABLE *** KeyError: 'adj'
  -- A0-B1-C2: 2 fallos seguidos -> bug sistemático del motor para esta combinación de ejes; se corta el combo (igual que el barrido original) --

--- A1-B0-C0  seed_base=650000  (admitidas=10 descartadas=0) ---
  A1-B0-C0-r0 seed=650001: clase_vieja=I                        clase_corr=I                        pend=+0.267/+0.267  z=0.71/0.71 (9.0s) [t=267s]
  A1-B0-C0-r1 seed=650098: clase_vieja=I                        clase_corr=I                        pend=+0.267/+0.267  z=0.42/0.42 (7.4s) [t=274s]
  A1-B0-C0-r2 seed=650195: clase_vieja=I                        clase_corr=I                        pend=+0.328/+0.328  z=0.28/0.28 (5.9s) [t=280s]
  A1-B0-C0-r3 seed=650292: clase_vieja=II                       clase_corr=II                       pend=+0.417/+0.417  z=0.42/0.42 (8.3s) [t=288s]
  A1-B0-C0-r4 seed=650389: clase_vieja=II                       clase_corr=II                       pend=+0.395/+0.395  z=0.57/0.57 (7.8s) [t=296s]
  A1-B0-C0-r5 seed=650486: clase_vieja=I                        clase_corr=I                        pend=+0.331/+0.331  z=0.42/0.42 (8.9s) [t=305s]
  A1-B0-C0-r6 seed=650583: clase_vieja=I                        clase_corr=I                        pend=+0.267/+0.267  z=0.85/0.85 (7.5s) [t=312s]
  A1-B0-C0-r7 seed=650680: clase_vieja=I                        clase_corr=I                        pend=+0.318/+0.318  z=0.57/0.57 (6.5s) [t=319s]
  A1-B0-C0-r8 seed=650777: clase_vieja=II                       clase_corr=II                       pend=+0.391/+0.391  z=0.14/0.14 (6.3s) [t=325s]
  A1-B0-C0-r9 seed=650874: clase_vieja=I                        clase_corr=I                        pend=+0.460/+0.460  z=0.28/0.28 (6.4s) [t=331s]

--- A1-B0-C1  seed_base=655000  (admitidas=10 descartadas=0) ---
  A1-B0-C1-r0 seed=655001: clase_vieja=I                        clase_corr=I                        pend=+0.214/+0.214  z=0.57/0.57 (7.3s) [t=340s]
  A1-B0-C1-r1 seed=655098: clase_vieja=I                        clase_corr=I                        pend=+0.274/+0.274  z=0.99/0.99 (6.6s) [t=347s]
  A1-B0-C1-r2 seed=655195: clase_vieja=II                       clase_corr=II                       pend=+0.448/+0.448  z=0.71/0.71 (6.5s) [t=353s]
  A1-B0-C1-r3 seed=655292: clase_vieja=II                       clase_corr=II                       pend=+0.359/+0.359  z=0.71/0.71 (6.6s) [t=360s]
  A1-B0-C1-r4 seed=655389: clase_vieja=II                       clase_corr=II                       pend=+0.375/+0.375  z=0.42/0.42 (7.1s) [t=367s]
  A1-B0-C1-r5 seed=655486: clase_vieja=II                       clase_corr=II                       pend=+0.391/+0.391  z=0.57/0.57 (7.2s) [t=374s]
  A1-B0-C1-r6 seed=655583: clase_vieja=I                        clase_corr=I                        pend=+0.269/+0.269  z=0.42/0.42 (7.6s) [t=382s]
  A1-B0-C1-r7 seed=655680: clase_vieja=I                        clase_corr=I                        pend=+0.282/+0.282  z=0.71/0.71 (7.8s) [t=390s]
  A1-B0-C1-r8 seed=655777: clase_vieja=I                        clase_corr=I                        pend=+0.510/+0.510  z=0.28/0.28 (6.4s) [t=396s]
  A1-B0-C1-r9 seed=655874: clase_vieja=I                        clase_corr=I                        pend=+0.268/+0.268  z=0.99/0.99 (8.5s) [t=404s]

--- A1-B0-C2  seed_base=660000  (admitidas=10 descartadas=0) ---
  A1-B0-C2-r0 seed=660001: clase_vieja=II                       clase_corr=II                       pend=+0.403/+0.403  z=0.42/0.42 (6.8s) [t=412s]
  A1-B0-C2-r1 seed=660098: clase_vieja=I                        clase_corr=I                        pend=+0.596/+0.596  z=0.71/0.71 (6.2s) [t=419s]
  A1-B0-C2-r2 seed=660195: clase_vieja=III                      clase_corr=III                      pend=+0.737/+0.737  z=0.81/0.81 (5.5s) [t=424s]
  A1-B0-C2-r3 seed=660292: clase_vieja=I                        clase_corr=I                        pend=+0.558/+0.558  z=0.92/0.92 (6.9s) [t=431s]
  A1-B0-C2-r4 seed=660389: clase_vieja=II                       clase_corr=II                       pend=+0.373/+0.373  z=1.04/1.04 (6.7s) [t=438s]
  A1-B0-C2-r5 seed=660486: clase_vieja=I                        clase_corr=I                        pend=+0.614/+0.614  z=0.50/0.50 (6.0s) [t=444s]
  A1-B0-C2-r6 seed=660583: clase_vieja=II                       clase_corr=II                       pend=+0.383/+0.383  z=0.71/0.71 (7.1s) [t=451s]
  A1-B0-C2-r7 seed=660680: clase_vieja=I                        clase_corr=I                        pend=+0.571/+0.571  z=0.71/0.71 (6.1s) [t=457s]
  A1-B0-C2-r8 seed=660777: clase_vieja=III                      clase_corr=III                      pend=+0.711/+0.711  z=1.38/1.38 (6.0s) [t=463s]
  A1-B0-C2-r9 seed=660874: clase_vieja=I                        clase_corr=I                        pend=+0.562/+0.562  z=0.28/0.28 (6.3s) [t=469s]

--- A1-B1-C0  seed_base=665000  (admitidas=10 descartadas=0) ---
  A1-B1-C0-r0 seed=665001: clase_vieja=I                        clase_corr=I                        pend=+0.571/+0.571  z=0.71/0.71 (14.2s) [t=486s]
  A1-B1-C0-r1 seed=665098: clase_vieja=I                        clase_corr=I                        pend=+0.312/+0.312  z=0.42/0.42 (19.4s) [t=505s]
  A1-B1-C0-r2 seed=665195: clase_vieja=II                       clase_corr=II                       pend=+0.376/+0.376  z=0.71/0.71 (21.3s) [t=526s]
  A1-B1-C0-r3 seed=665292: clase_vieja=I                        clase_corr=I                        pend=+0.490/+0.490  z=0.39/0.39 (14.0s) [t=540s]
  A1-B1-C0-r4 seed=665389: clase_vieja=II                       clase_corr=II                       pend=+0.400/+0.400  z=0.14/0.14 (16.1s) [t=556s]
  A1-B1-C0-r5 seed=665486: clase_vieja=II                       clase_corr=II                       pend=+0.389/+0.389  z=0.42/0.42 (15.4s) [t=572s]
  A1-B1-C0-r6 seed=665583: clase_vieja=I                        clase_corr=I                        pend=+0.484/+0.484  z=0.85/0.85 (19.1s) [t=591s]
  A1-B1-C0-r7 seed=665680: clase_vieja=II                       clase_corr=II                       pend=+0.388/+0.388  z=0.42/0.42 (17.4s) [t=608s]
  A1-B1-C0-r8 seed=665777: clase_vieja=I                        clase_corr=I                        pend=+0.474/+0.474  z=0.28/0.28 (19.9s) [t=628s]
  A1-B1-C0-r9 seed=665874: clase_vieja=I                        clase_corr=I                        pend=+0.584/+0.584  z=0.99/0.99 (14.9s) [t=643s]

--- A1-B1-C1  seed_base=670000  (admitidas=10 descartadas=0) ---
  A1-B1-C1-r0 seed=670001: clase_vieja=II                       clase_corr=II                       pend=+0.435/+0.435  z=0.49/0.49 (17.1s) [t=663s]
  A1-B1-C1-r1 seed=670098: clase_vieja=I                        clase_corr=I                        pend=+0.267/+0.267  z=0.14/0.14 (21.2s) [t=684s]
  A1-B1-C1-r2 seed=670195: clase_vieja=I                        clase_corr=I                        pend=+0.564/+0.564  z=0.67/0.67 (15.2s) [t=700s]
  A1-B1-C1-r3 seed=670292: clase_vieja=II                       clase_corr=II                       pend=+0.378/+0.378  z=0.42/0.42 (19.7s) [t=719s]
  A1-B1-C1-r4 seed=670389: clase_vieja=I                        clase_corr=I                        pend=+0.541/+0.541  z=0.24/0.24 (15.3s) [t=735s]
  A1-B1-C1-r5 seed=670486: clase_vieja=I                        clase_corr=I                        pend=+0.295/+0.295  z=0.85/0.85 (20.3s) [t=755s]
  A1-B1-C1-r6 seed=670583: clase_vieja=II                       clase_corr=II                       pend=+0.440/+0.440  z=0.28/0.28 (24.5s) [t=779s]
  A1-B1-C1-r7 seed=670680: clase_vieja=I                        clase_corr=I                        pend=+0.270/+0.270  z=0.28/0.28 (22.3s) [t=802s]
  A1-B1-C1-r8 seed=670777: clase_vieja=II                       clase_corr=II                       pend=+0.449/+0.449  z=0.42/0.42 (21.5s) [t=823s]
  A1-B1-C1-r9 seed=670874: clase_vieja=I                        clase_corr=I                        pend=+0.303/+0.303  z=0.85/0.85 (25.3s) [t=849s]

--- A1-B1-C2  seed_base=675000  (admitidas=10 descartadas=0) ---
  A1-B1-C2-r0 seed=675001: clase_vieja=I                        clase_corr=I                        pend=+0.279/+0.279  z=1.13/1.13 (26.6s) [t=877s]
  A1-B1-C2-r1 seed=675098: clase_vieja=I                        clase_corr=I                        pend=+0.337/+0.337  z=0.57/0.57 (23.4s) [t=901s]
  A1-B1-C2-r2 seed=675195: clase_vieja=I                        clase_corr=I                        pend=+0.327/+0.327  z=0.71/0.71 (18.0s) [t=919s]
  A1-B1-C2-r3 seed=675292: clase_vieja=I                        clase_corr=I                        pend=+0.482/+0.482  z=1.09/1.09 (14.6s) [t=933s]
  A1-B1-C2-r4 seed=675389: clase_vieja=II                       clase_corr=II                       pend=+0.436/+0.436  z=0.42/0.42 (17.7s) [t=951s]
  A1-B1-C2-r5 seed=675486: clase_vieja=II                       clase_corr=II                       pend=+0.384/+0.384  z=0.42/0.42 (23.3s) [t=974s]
  A1-B1-C2-r6 seed=675583: clase_vieja=I                        clase_corr=I                        pend=+0.498/+0.498  z=0.00/0.00 (17.4s) [t=992s]
  A1-B1-C2-r7 seed=675680: clase_vieja=I                        clase_corr=I                        pend=+0.331/+0.331  z=0.42/0.42 (19.8s) [t=1012s]
  A1-B1-C2-r8 seed=675777: clase_vieja=I                        clase_corr=I                        pend=+0.333/+0.333  z=0.71/0.71 (32.3s) [t=1044s]
  A1-B1-C2-r9 seed=675874: clase_vieja=I                        clase_corr=I                        pend=+0.308/+0.308  z=0.28/0.28 (22.6s) [t=1066s]

--- A2-B0-C0  seed_base=680000  (admitidas=10 descartadas=0) ---
  A2-B0-C0-r0 seed=680001: clase_vieja=II                       clase_corr=II                       pend=+0.363/+0.363  z=0.57/0.57 (8.4s) [t=1077s]
  A2-B0-C0-r1 seed=680098: clase_vieja=I                        clase_corr=I                        pend=+0.511/+0.511  z=0.28/0.28 (7.4s) [t=1084s]
  A2-B0-C0-r2 seed=680195: clase_vieja=I                        clase_corr=I                        pend=+0.230/+0.230  z=0.81/0.81 (8.9s) [t=1093s]
  A2-B0-C0-r3 seed=680292: clase_vieja=I                        clase_corr=I                        pend=+0.325/+0.325  z=0.24/0.24 (7.9s) [t=1101s]
  A2-B0-C0-r4 seed=680389: clase_vieja=II                       clase_corr=II                       pend=+0.443/+0.443  z=0.42/0.42 (7.2s) [t=1108s]
  A2-B0-C0-r5 seed=680486: clase_vieja=I                        clase_corr=I                        pend=+0.587/+0.587  z=0.57/0.57 (7.6s) [t=1116s]
  A2-B0-C0-r6 seed=680583: clase_vieja=I                        clase_corr=I                        pend=+0.474/+0.474  z=0.07/0.07 (8.4s) [t=1124s]
  A2-B0-C0-r7 seed=680680: clase_vieja=I                        clase_corr=I                        pend=+0.489/+0.489  z=0.28/0.28 (8.2s) [t=1132s]
  A2-B0-C0-r8 seed=680777: clase_vieja=I                        clase_corr=I                        pend=+0.268/+0.268  z=0.57/0.57 (11.0s) [t=1143s]
  A2-B0-C0-r9 seed=680874: clase_vieja=I                        clase_corr=I                        pend=+0.159/+0.159  z=0.81/0.81 (10.9s) [t=1154s]

--- A2-B0-C1  seed_base=685000  (admitidas=10 descartadas=0) ---
  A2-B0-C1-r0 seed=685001: clase_vieja=I                        clase_corr=I                        pend=+0.576/+0.576  z=1.06/1.06 (9.1s) [t=1165s]
  A2-B0-C1-r1 seed=685098: clase_vieja=I                        clase_corr=I                        pend=+0.509/+0.509  z=0.57/0.57 (10.0s) [t=1175s]
  A2-B0-C1-r2 seed=685195: clase_vieja=I                        clase_corr=I                        pend=+0.538/+0.538  z=0.57/0.57 (8.8s) [t=1184s]
  A2-B0-C1-r3 seed=685292: clase_vieja=I                        clase_corr=I                        pend=+0.579/+0.579  z=0.71/0.71 (8.7s) [t=1192s]
  A2-B0-C1-r4 seed=685389: clase_vieja=I                        clase_corr=I                        pend=+0.334/+0.334  z=0.00/0.00 (9.5s) [t=1202s]
  A2-B0-C1-r5 seed=685486: clase_vieja=I                        clase_corr=I                        pend=+0.344/+0.344  z=0.57/0.57 (9.9s) [t=1212s]
  A2-B0-C1-r6 seed=685583: clase_vieja=I                        clase_corr=I                        pend=+0.566/+0.566  z=0.99/0.99 (8.7s) [t=1221s]
  A2-B0-C1-r7 seed=685680: clase_vieja=II                       clase_corr=II                       pend=+0.354/+0.354  z=0.71/0.71 (9.7s) [t=1230s]
  A2-B0-C1-r8 seed=685777: clase_vieja=II                       clase_corr=II                       pend=+0.372/+0.372  z=0.28/0.28 (11.7s) [t=1242s]
  A2-B0-C1-r9 seed=685874: clase_vieja=I                        clase_corr=I                        pend=+0.323/+0.323  z=0.99/0.99 (12.6s) [t=1254s]

--- A2-B0-C2  seed_base=690000  (admitidas=10 descartadas=0) ---
  A2-B0-C2-r0 seed=690001: clase_vieja=III                      clase_corr=III                      pend=+0.808/+0.808  z=0.77/0.77 (10.0s) [t=1267s]
  A2-B0-C2-r1 seed=690098: clase_vieja=III                      clase_corr=III                      pend=+0.705/+0.705  z=0.53/0.53 (8.7s) [t=1275s]
  A2-B0-C2-r2 seed=690195: clase_vieja=III                      clase_corr=III                      pend=+1.133/+1.133  z=0.65/0.81 (6.5s) [t=1282s]   (difiere el diámetro pero NO la clase)
  A2-B0-C2-r3 seed=690292: clase_vieja=IV                       clase_corr=IV                       pend=+0.702/+0.702  z=0.81/0.81 (7.8s) [t=1290s]
  A2-B0-C2-r4 seed=690389: clase_vieja=I                        clase_corr=I                        pend=+0.687/+0.687  z=0.64/0.64 (6.8s) [t=1296s]
  A2-B0-C2-r5 seed=690486: clase_vieja=I                        clase_corr=I                        pend=+0.511/+0.511  z=0.99/0.99 (8.2s) [t=1305s]
  A2-B0-C2-r6 seed=690583: clase_vieja=I                        clase_corr=I                        pend=+0.514/+0.514  z=0.24/0.24 (8.8s) [t=1313s]
  A2-B0-C2-r7 seed=690680: clase_vieja=I                        clase_corr=I                        pend=+0.569/+0.569  z=0.49/0.49 (8.2s) [t=1321s]
  A2-B0-C2-r8 seed=690777: clase_vieja=II                       clase_corr=II                       pend=+0.374/+0.374  z=0.85/0.85 (8.9s) [t=1330s]
  A2-B0-C2-r9 seed=690874: clase_vieja=III                      clase_corr=III                      pend=+0.770/+0.770  z=0.78/0.78 (7.9s) [t=1338s]   (difiere el diámetro pero NO la clase)

--- A2-B1-C0  seed_base=695000  (admitidas=10 descartadas=0) ---
  A2-B1-C0-r0 seed=695001: clase_vieja=II                       clase_corr=II                       pend=+0.373/+0.373  z=0.57/0.57 (36.3s) [t=1377s]
  A2-B1-C0-r1 seed=695098: clase_vieja=I                        clase_corr=I                        pend=+0.494/+0.494  z=0.71/0.71 (22.9s) [t=1400s]
  A2-B1-C0-r2 seed=695195: clase_vieja=I                        clase_corr=I                        pend=+0.209/+0.209  z=0.85/0.85 (26.5s) [t=1427s]
  A2-B1-C0-r3 seed=695292: clase_vieja=II                       clase_corr=II                       pend=+0.380/+0.380  z=0.42/0.42 (15.8s) [t=1442s]
  A2-B1-C0-r4 seed=695389: clase_vieja=I                        clase_corr=I                        pend=+0.313/+0.313  z=0.42/0.42 (22.1s) [t=1465s]
  A2-B1-C0-r5 seed=695486: clase_vieja=II                       clase_corr=II                       pend=+0.389/+0.389  z=0.28/0.28 (16.0s) [t=1481s]
  A2-B1-C0-r6 seed=695583: clase_vieja=I                        clase_corr=I                        pend=+0.342/+0.342  z=0.00/0.00 (21.4s) [t=1502s]
  A2-B1-C0-r7 seed=695680: clase_vieja=I                        clase_corr=I                        pend=+0.506/+0.506  z=0.42/0.42 (12.9s) [t=1515s]
  A2-B1-C0-r8 seed=695777: clase_vieja=II                       clase_corr=II                       pend=+0.439/+0.439  z=0.53/0.53 (15.2s) [t=1530s]
  A2-B1-C0-r9 seed=695874: clase_vieja=II                       clase_corr=II                       pend=+0.403/+0.403  z=0.35/0.35 (16.0s) [t=1546s]

--- A2-B1-C1  seed_base=700000  (admitidas=10 descartadas=0) ---
  A2-B1-C1-r0 seed=700001: clase_vieja=II                       clase_corr=II                       pend=+0.418/+0.418  z=0.39/0.39 (18.2s) [t=1567s]
  A2-B1-C1-r1 seed=700098: clase_vieja=I                        clase_corr=I                        pend=+0.506/+0.506  z=1.13/1.13 (12.1s) [t=1579s]
  A2-B1-C1-r2 seed=700195: clase_vieja=II                       clase_corr=II                       pend=+0.408/+0.408  z=0.99/0.99 (21.6s) [t=1600s]
  A2-B1-C1-r3 seed=700292: clase_vieja=I                        clase_corr=I                        pend=+0.350/+0.350  z=0.28/0.28 (17.5s) [t=1618s]
  A2-B1-C1-r4 seed=700389: clase_vieja=II                       clase_corr=II                       pend=+0.363/+0.363  z=0.42/0.42 (19.5s) [t=1637s]
  A2-B1-C1-r5 seed=700486: clase_vieja=I                        clase_corr=I                        pend=+0.512/+0.512  z=1.27/1.27 (19.5s) [t=1657s]
  A2-B1-C1-r6 seed=700583: clase_vieja=I                        clase_corr=I                        pend=+0.342/+0.342  z=0.81/0.81 (21.6s) [t=1678s]
  A2-B1-C1-r7 seed=700680: clase_vieja=I                        clase_corr=I                        pend=+0.342/+0.342  z=0.71/0.71 (17.6s) [t=1696s]
  A2-B1-C1-r8 seed=700777: clase_vieja=II                       clase_corr=II                       pend=+0.404/+0.404  z=0.77/0.77 (12.3s) [t=1708s]
  A2-B1-C1-r9 seed=700874: clase_vieja=II                       clase_corr=II                       pend=+0.433/+0.433  z=0.83/0.83 (11.2s) [t=1719s]

--- A2-B1-C2  seed_base=705000  (admitidas=10 descartadas=0) ---
  A2-B1-C2-r0 seed=705001: clase_vieja=I                        clase_corr=I                        pend=+0.344/+0.344  z=0.28/0.28 (15.9s) [t=1737s]
  A2-B1-C2-r1 seed=705098: clase_vieja=II                       clase_corr=II                       pend=+0.440/+0.440  z=0.18/0.18 (14.3s) [t=1751s]
  A2-B1-C2-r2 seed=705195: clase_vieja=I                        clase_corr=I                        pend=+0.559/+0.559  z=0.42/0.42 (11.1s) [t=1762s]
  A2-B1-C2-r3 seed=705292: clase_vieja=I                        clase_corr=I                        pend=+0.315/+0.315  z=0.57/0.57 (15.0s) [t=1777s]
  A2-B1-C2-r4 seed=705389: clase_vieja=II                       clase_corr=II                       pend=+0.381/+0.381  z=0.71/0.71 (16.8s) [t=1794s]
  A2-B1-C2-r5 seed=705486: clase_vieja=II                       clase_corr=II                       pend=+0.443/+0.443  z=0.35/0.35 (10.1s) [t=1804s]
  A2-B1-C2-r6 seed=705583: clase_vieja=II                       clase_corr=II                       pend=+0.383/+0.383  z=0.42/0.42 (12.4s) [t=1817s]
  A2-B1-C2-r7 seed=705680: clase_vieja=I                        clase_corr=I                        pend=+0.508/+0.508  z=0.42/0.42 (13.6s) [t=1830s]
  A2-B1-C2-r8 seed=705777: clase_vieja=I                        clase_corr=I                        pend=+0.214/+0.214  z=1.13/1.13 (13.6s) [t=1844s]
  A2-B1-C2-r9 seed=705874: clase_vieja=I                        clase_corr=I                        pend=+0.573/+0.573  z=0.85/0.85 (6.6s) [t=1850s]

CSV crudo (una fila por regla×escala, CON seed): /Users/alexis/Desktop/RMD/Cosmolab/Cosmogenesis/cs090_fase6_o2e_barrido_va_raw.csv  (750 filas)
CSV resumen (una fila por regla, CON seed): /Users/alexis/Desktop/RMD/Cosmolab/Cosmogenesis/cs090_fase6_o2e_barrido_va_resumen.csv  (150 filas)

Filtro P1-P5: admitidas=180  descartadas=0
Combos NO ejecutables con el motor congelado: 3
   A0-B1-C0: KeyError: 'adj'
   A0-B1-C1: KeyError: 'adj'
   A0-B1-C2: KeyError: 'adj'
Tiempo total del barrido: 30.8 min

============================================================================================================
BLOQUE 2 — ¿el Eje C hace algo dentro de A0? (misma semilla, C0 vs C1 vs C2)
============================================================================================================
  seed=810000: C0 clase=II                       pend=+0.363   ¿C1 idéntico a C0? True   ¿C2 idéntico a C0? True
  seed=810137: C0 clase=I                        pend=+0.285   ¿C1 idéntico a C0? True   ¿C2 idéntico a C0? True
  seed=810274: C0 clase=I                        pend=+0.302   ¿C1 idéntico a C0? True   ¿C2 idéntico a C0? True
  seed=810411: C0 clase=I                        pend=+0.233   ¿C1 idéntico a C0? True   ¿C2 idéntico a C0? True
  seed=810548: C0 clase=I                        pend=+0.288   ¿C1 idéntico a C0? True   ¿C2 idéntico a C0? True

  -> CONFIRMADO: dentro de A0-B0, C0/C1/C2 producen resultados bit a bit idénticos en las 5/5 semillas probadas. El Eje C no tiene NINGÚN efecto en A0.
  CSV: /Users/alexis/Desktop/RMD/Cosmolab/Cosmogenesis/cs090_fase6_o2e_verificacion_a0_ejeC.csv

============================================================================================================
ANÁLISIS — 150 reglas corridas
============================================================================================================

### 1) IMPACTO DIRECTO DEL BUG DE DIÁMETRO (medición, ya no inferencia) ###
  reglas con descarrilamiento (comp. medida < 10% de la gigante, alguna escala): 0/150
  reglas donde diám REAL difiere viejo-vs-corregido (alguna escala):              0/150
  reglas donde diám de algún NULL difiere:                                        2/150
  reglas donde la PENDIENTE cambia:                                               0/150
  reglas que CAMBIAN DE CLASE:                                                    0/150

  reglas con pendiente vieja NEGATIVA (la firma clásica del bug): 0/150
  diám(b=1) mínimo del lote (vara vieja): 4   [las 15 descarriladas del barrido de 430 tenían <=3; las sanas >=8]
  fracción de componente gigante a b=1, mínima del lote: 0.8270

### 2) MAPA GLOBAL 18×4 ###
  combo         n |   I  II III  IV  int (corregida) |   I  II III  IV  int (vieja) | publicado I/II/III/IV
  A0-B0-C0     10 |   9   1   0   0    0            |   9   1   0   0    0        | 5/5/0/0
  A0-B0-C1     10 |   8   2   0   0    0            |   8   2   0   0    0        | 9/1/0/0
  A0-B0-C2     10 |   9   1   0   0    0            |   9   1   0   0    0        | 8/2/0/0
  A0-B1-C0      0 |   —   —   —   —    —            |   —   —   —   —    —        | no ejecutable
  A0-B1-C1      0 |   —   —   —   —    —            |   —   —   —   —    —        | no ejecutable
  A0-B1-C2      0 |   —   —   —   —    —            |   —   —   —   —    —        | no ejecutable
  A1-B0-C0     10 |   7   3   0   0    0            |   7   3   0   0    0        | 6/4/0/0
  A1-B0-C1     10 |   6   4   0   0    0            |   6   4   0   0    0        | 6/4/0/0
  A1-B0-C2     10 |   5   3   2   0    0            |   5   3   2   0    0        | 5/2/3/0
  A1-B1-C0     10 |   6   4   0   0    0            |   6   4   0   0    0        | 8/2/0/0
  A1-B1-C1     10 |   6   4   0   0    0            |   6   4   0   0    0        | 7/3/0/0
  A1-B1-C2     10 |   8   2   0   0    0            |   8   2   0   0    0        | 7/3/0/0
  A2-B0-C0     10 |   8   2   0   0    0            |   8   2   0   0    0        | 6/4/0/0
  A2-B0-C1     10 |   8   2   0   0    0            |   8   2   0   0    0        | 8/2/0/0
  A2-B0-C2     10 |   4   1   4   1    0            |   4   1   4   1    0        | 5/0/5/0
  A2-B1-C0     10 |   5   5   0   0    0            |   5   5   0   0    0        | 7/3/0/0
  A2-B1-C1     10 |   5   5   0   0    0            |   5   5   0   0    0        | 5/5/0/0
  A2-B1-C2     10 |   6   4   0   0    0            |   6   4   0   0    0        | 7/3/0/0

  GLOBAL corregida: {'I': '100 (67%)', 'II': '43 (29%)', 'III': '6 (4%)', 'IV': '1 (1%)', 'intermedio (sin clase clara)': '0 (0%)'}
  GLOBAL vieja:     {'I': '100 (67%)', 'II': '43 (29%)', 'III': '6 (4%)', 'IV': '1 (1%)', 'intermedio (sin clase clara)': '0 (0%)'}
  GLOBAL publicado: I=99 (66%), II=43 (29%), III=8 (5%), IV=0, intermedio=0  [n=150]

### 3) LAS TRES CONCLUSIONES PUBLICADAS, RECALCULADAS ###

  (a) "A0 nunca Clase II o superior" — ¿sigue falsificada?
      medición corregida : de 30 reglas A0 -> Clase II+ = 4 (13%)   {'I': 26, 'II': 4, 'III': 0, 'IV': 0, 'intermedio (sin clase clara)': 0}
      medición vieja     : de 30 reglas A0 -> Clase II+ = 4 (13%)   {'I': 26, 'II': 4, 'III': 0, 'IV': 0, 'intermedio (sin clase clara)': 0}
      publicado           : de 30 reglas A0 -> Clase II+ = 8 (27%)
      gigante(b=1) de las A0: min=0.9995 max=1.0000  (si es 1.0000 el bug no tiene dónde morder)
      A0 que cambian de clase por la corrección: 0/30

  (b) "muy fuerte CONTRADICHO" — ¿B0+C2 sigue superando a B1+C1/C2?
      medición corregida : B0+C2 -> Clase III/IV = 7/30   |   B1+C1/C2 -> Clase III/IV = 0/40
      medición vieja     : B0+C2 -> Clase III/IV = 7/30   |   B1+C1/C2 -> Clase III/IV = 0/40
      publicado           : B0+C2 -> 8/30 (A1-B0-C2 3/10, A2-B0-C2 5/10)   |   B1+C1/C2 -> 0/40

  (c) "0 reglas en Clase IV en todo V-A" y "B0 nunca Clase IV"
      medición corregida : Clase IV = 1/150 (de ellas, B0: 1)
      medición vieja     : Clase IV = 1/150 (de ellas, B0: 1)
      publicado           : Clase IV = 0/150

  (d) criterio "débil": ¿>15% de II+III por combo?
      medición corregida : 13/15 combos superan 15% en II+III+IV
      medición vieja     : 13/15 combos superan 15% en II+III+IV
      publicado           : 14/15 combos

### 4) BUG vs MUESTREO — la comparación que importa ###
  'cambió por el BUG'      = clase_vieja vs clase_corregida, SOBRE LAS MISMAS reglas nuevas
  'cambió por la MUESTRA'  = este lote (vara vieja) vs los números publicados en agosto

  por el BUG:     0/150 reglas cambian de clase (0.0%). Global vieja [100, 43, 6, 1] -> corregida [100, 43, 6, 1]
  por la MUESTRA: este lote con la vara VIEJA da [100, 43, 6, 1] contra el publicado [99, 43, 8, 0]  -> diferencia {'I': 1, 'II': 0, 'III': -2, 'IV': 1}

  ¿es esa diferencia compatible con puro muestreo? (n=10 por combo es chico)
     chi2 (I / II / III+IV, lote nuevo vara vieja vs proporciones publicadas) = 0.14, gl=2, p=0.9347
     observado=[100, 43, 7]  esperado=[99.0, 43.0, 8.0]

No se declara cierre ni veredicto. Números arriba; lectura final de Alexis.
