patron=*_f802_L0: 12 carpetas -> ['A2-B0-C2-batch3-r111_s482596_f802_L0', 'A2-B0-C2-batch3-r120_s483469_f802_L0', 'A2-B0-C2-batch3-r143_s485700_f802_L0', 'A2-B0-C2-batch4-r12_s572993_f802_L0', 'A2-B0-C2-batch4-r1_s571926_f802_L0', 'A2-B0-C2-batch4-r31_s574836_f802_L0', 'A2-B0-C2-batch4-r47_s576388_f802_L0', 'A2-B0-C2-r14_s273187_f802_L0', 'A2-B0-C2-r17_s273478_f802_L0', 'A2-B0-C2-r1_s271926_f802_L0', 'A2-B0-C2-r2_s372023_f802_L0', 'A2-B0-C2-r39_s375612_f802_L0']
[A2-B0-C2-batch3-r111_s482596_f802_L0] setup + run...
[A2-B0-C2-batch3-r111_s482596_f802_L0] exit_setup=0 t_setup=4.58s  exit_run=0 t_run=38.1s
[A2-B0-C2-batch3-r120_s483469_f802_L0] setup + run...
[A2-B0-C2-batch3-r120_s483469_f802_L0] exit_setup=0 t_setup=5.34s  exit_run=0 t_run=35.67s
[A2-B0-C2-batch3-r143_s485700_f802_L0] setup + run...
[A2-B0-C2-batch3-r143_s485700_f802_L0] exit_setup=0 t_setup=5.98s  exit_run=0 t_run=38.37s
[A2-B0-C2-batch4-r12_s572993_f802_L0] setup + run...
[A2-B0-C2-batch4-r12_s572993_f802_L0] exit_setup=0 t_setup=5.5s  exit_run=0 t_run=41.8s
[A2-B0-C2-batch4-r1_s571926_f802_L0] setup + run...
[A2-B0-C2-batch4-r1_s571926_f802_L0] exit_setup=0 t_setup=7.03s  exit_run=0 t_run=38.22s
[A2-B0-C2-batch4-r31_s574836_f802_L0] setup + run...
[A2-B0-C2-batch4-r31_s574836_f802_L0] exit_setup=0 t_setup=6.11s  exit_run=0 t_run=37.11s
[A2-B0-C2-batch4-r47_s576388_f802_L0] setup + run...
[A2-B0-C2-batch4-r47_s576388_f802_L0] ya tenía cosmog_00500 -- se salta
[A2-B0-C2-r14_s273187_f802_L0] setup + run...
[A2-B0-C2-r14_s273187_f802_L0] exit_setup=0 t_setup=5.82s  exit_run=0 t_run=37.76s
[A2-B0-C2-r17_s273478_f802_L0] setup + run...
[A2-B0-C2-r17_s273478_f802_L0] exit_setup=0 t_setup=5.96s  exit_run=0 t_run=44.71s
[A2-B0-C2-r1_s271926_f802_L0] setup + run...
[A2-B0-C2-r1_s271926_f802_L0] exit_setup=0 t_setup=6.21s  exit_run=0 t_run=43.23s
[A2-B0-C2-r2_s372023_f802_L0] setup + run...
[A2-B0-C2-r2_s372023_f802_L0] exit_setup=0 t_setup=6.37s  exit_run=0 t_run=39.08s
[A2-B0-C2-r39_s375612_f802_L0] setup + run...
[A2-B0-C2-r39_s375612_f802_L0] exit_setup=0 t_setup=6.26s  exit_run=0 t_run=44.55s

[TOTAL] tiempo script=503.8s
