==========================================================================================
SALUD NUMÉRICA DE LAS 24 CORRIDAS
==========================================================================================
deriva de energía   : -8.197e-06 .. -8.190e-07
error rel. momento  : max 1.803e-14
virial final        : 0.062 .. 0.132
md5 de IC distintos : 24 de 24
segundos por corrida: 77 .. 186

==========================================================================================
1. ORDEN `solap` vs `disj` — PHANTOM contra MOTOR INDEPENDIENTE  (fof_ell1.0_nmin5)
==========================================================================================
             rule_id   seed   T*  ph_solap  ph_disj   ph_d  nb_solap  nb_disj    nb_d    ic_d  coincide_fin  coincide_ini
  A2-B0-C2-batch3-r0 471829   57    0.1540   0.1455 0.0085    0.4665   0.4895 -0.0230 -0.0460         False         False
A2-B0-C2-batch3-r111 482596  158    0.1280   0.1150 0.0130    0.3675   0.4005 -0.0330  0.0055         False          True
 A2-B0-C2-batch3-r60 477649  187    0.1285   0.1190 0.0095    0.3480   0.3880 -0.0400 -0.0350         False         False
 A2-B0-C2-batch4-r10 572799  280    0.1340   0.1310 0.0030    0.3925   0.3785  0.0140 -0.0485          True         False
 A2-B0-C2-batch4-r36 575321   90    0.1505   0.1455 0.0050    0.4335   0.4755 -0.0420 -0.0475         False         False
 A2-B0-C2-batch4-r62 577843  264    0.1195   0.1060 0.0135    0.3345   0.3130  0.0215 -0.0635          True         False
        A2-B0-C2-r14 273187  237    0.1125   0.1010 0.0115    0.2930   0.3080 -0.0150 -0.0220         False         False
        A2-B0-C2-r17 273478  286    0.1285   0.1140 0.0145    0.3485   0.3720 -0.0235 -0.0220         False         False
        A2-B0-C2-r19 273672  788    0.1290   0.1085 0.0205    0.3275   0.3765 -0.0490 -0.0325         False         False
        A2-B0-C2-r20 373769  468    0.1075   0.0910 0.0165    0.2925   0.2890  0.0035  0.0105          True          True
        A2-B0-C2-r28 374545 1029    0.1260   0.1020 0.0240    0.3185   0.3215 -0.0030  0.0230         False          True
        A2-B0-C2-r39 375612  852    0.1190   0.0865 0.0325    0.2675   0.2530  0.0145  0.0605          True          True

  concordancia de orden Phantom ↔ motor independiente (t=0.5): 4/12  binomial p=0.3877
  concordancia de orden Phantom ↔ IC sin integrar   (t=0  ): 4/12  binomial p=0.3877

  -- la misma cuenta en cada definición del observable --
               observable  coincide_fin  coincide_ini  signos_pos_fin  signos_pos_ini  d_medio_fin  d_medio_ini  r_dentro_grafo_fin  r_dentro_grafo_ini
         fof_ell0.3_nmin3             3             9               3               9      -0.0107       0.0037             -0.1649              0.7385
         fof_ell0.3_nmin5             4             9               4               9      -0.0020       0.0032              0.1745              0.6895
        fof_ell0.3_nmin10             8             8               8               8       0.0035       0.0038              0.7025              0.4580
        fof_ell0.45_nmin3             3            11               3              11      -0.0135       0.0157             -0.2987              0.9631
        fof_ell0.45_nmin5             5            12               5              12      -0.0043       0.0202              0.0704              0.9816
       fof_ell0.45_nmin10            10            11              10              11       0.0065       0.0187              0.7923              0.9594
         fof_ell0.6_nmin3             2             7               2               7      -0.0191       0.0046             -0.4878              0.4995
         fof_ell0.6_nmin5             4            11               4              11      -0.0097       0.0220             -0.0473              0.9228
        fof_ell0.6_nmin10            10            12              10              12       0.0082       0.0239              0.8045              0.9637
         fof_ell1.0_nmin3             1             2               1               2      -0.0236      -0.0268             -0.6650             -0.5223
         fof_ell1.0_nmin5             4             4               4               4      -0.0146      -0.0181             -0.3602             -0.0572
        fof_ell1.0_nmin10            10             7              10               7       0.0135       0.0075              0.8531              0.4893
         fof_ell2.0_nmin3             2             1               2               1      -0.0145      -0.0070             -0.6196             -0.3553
         fof_ell2.0_nmin5             1             2               1               2      -0.0206      -0.0097             -0.6539             -0.5400
        fof_ell2.0_nmin10             5             1               5               1       0.0024      -0.0166              0.3740             -0.7399
 knn8_frac_rho_mayor_100x             9            12               9              12       0.0109       0.0190              0.8410              0.9807
knn8_frac_rho_mayor_1000x             9            10               9              10       0.0088       0.0020              0.9455              0.9084

  -- nº de grupos FoF en el motor independiente (Phantom: 8.08 vs 8.08 sumideros) --
     ngrupos_ell0.3_nmin3   solap  92.92  disj  99.25  Δ= -6.33  signos 2/12
     ngrupos_ell0.3_nmin5   solap  20.67  disj  22.17  Δ= -1.50  signos 4/12
     ngrupos_ell0.3_nmin10  solap   8.00  disj   7.83  Δ= +0.17  signos 1/12
     ngrupos_ell0.45_nmin3  solap 157.92  disj 167.08  Δ= -9.17  signos 2/12
     ngrupos_ell0.45_nmin5  solap  41.00  disj  44.33  Δ= -3.33  signos 5/12
     ngrupos_ell0.45_nmin10 solap   8.25  disj   8.08  Δ= +0.17  signos 3/12
     ngrupos_ell0.6_nmin3   solap 188.83  disj 199.83  Δ=-11.00  signos 2/12
     ngrupos_ell0.6_nmin5   solap  52.83  disj  58.67  Δ= -5.83  signos 3/12
     ngrupos_ell0.6_nmin10  solap   8.33  disj   8.42  Δ= -0.08  signos 4/12
     ngrupos_ell1.0_nmin3   solap 195.33  disj 208.42  Δ=-13.08  signos 2/12
     ngrupos_ell1.0_nmin5   solap  70.67  disj  79.75  Δ= -9.08  signos 2/12
     ngrupos_ell1.0_nmin10  solap   9.00  disj   9.42  Δ= -0.42  signos 3/12
     ngrupos_ell2.0_nmin3   solap 161.33  disj 165.42  Δ= -4.08  signos 2/12
     ngrupos_ell2.0_nmin5   solap 107.17  disj 114.75  Δ= -7.58  signos 1/12
     ngrupos_ell2.0_nmin10  solap  29.50  disj  30.92  Δ= -1.42  signos 5/12

==========================================================================================
2. CORRELACIÓN ENTRE EL OBSERVABLE DE PHANTOM Y EL PROPIO (24 corridas)
==========================================================================================
                   observable  pearson  p_pearson  spearman  p_spearman
        ini_fof_ell0.45_nmin5   0.9920     0.0000    0.9874      0.0000
 ini_knn8_frac_rho_mayor_100x   0.9844     0.0000    0.9872      0.0000
        ini_fof_ell0.6_nmin10   0.9776     0.0000    0.9915      0.0000
        ini_fof_ell0.45_nmin3   0.9770     0.0000    0.9806      0.0000
       ini_fof_ell0.45_nmin10   0.9763     0.0000    0.9547      0.0000
         ini_fof_ell0.6_nmin5   0.9672     0.0000    0.9754      0.0000
        fin_fof_ell1.0_nmin10   0.9616     0.0000    0.9480      0.0000
fin_knn8_frac_rho_mayor_1000x   0.9570     0.0000    0.9473      0.0000
 fin_knn8_frac_rho_mayor_100x   0.9469     0.0000    0.9230      0.0000
ini_knn8_frac_rho_mayor_1000x   0.9358     0.0000    0.9653      0.0000
        fin_fof_ell0.6_nmin10   0.9259     0.0000    0.9084      0.0000
         ini_fof_ell0.6_nmin3   0.8890     0.0000    0.8303      0.0000
       fin_fof_ell0.45_nmin10   0.8871     0.0000    0.8601      0.0000
        ini_fof_ell1.0_nmin10   0.8795     0.0000    0.8738      0.0000
         ini_fof_ell0.3_nmin3   0.8694     0.0000    0.8545      0.0000
        fin_fof_ell2.0_nmin10   0.8562     0.0000    0.7962      0.0000
         ini_fof_ell1.0_nmin5   0.8300     0.0000    0.7139      0.0001
        fin_fof_ell0.3_nmin10   0.8250     0.0000    0.7823      0.0000
         ini_fof_ell2.0_nmin3   0.8172     0.0000    0.7374      0.0000
         fin_fof_ell1.0_nmin5   0.8035     0.0000    0.7561      0.0000
         fin_fof_ell0.3_nmin3   0.8016     0.0000    0.6574      0.0005
         ini_fof_ell2.0_nmin5   0.7978     0.0000    0.7200      0.0001
        fin_fof_ell0.45_nmin5   0.7949     0.0000    0.7244      0.0001
         fin_fof_ell2.0_nmin5   0.7928     0.0000    0.6767      0.0003
        fin_fof_ell0.45_nmin3   0.7872     0.0000    0.6717      0.0003
         fin_fof_ell0.6_nmin5   0.7829     0.0000    0.6944      0.0002
         fin_fof_ell2.0_nmin3   0.7827     0.0000    0.6596      0.0005
         ini_fof_ell1.0_nmin3   0.7805     0.0000    0.6582      0.0005
         fin_fof_ell0.6_nmin3   0.7686     0.0000    0.6052      0.0017
         fin_fof_ell0.3_nmin5   0.7663     0.0000    0.6047      0.0017
        ini_fof_ell2.0_nmin10   0.7475     0.0000    0.6436      0.0007
         fin_fof_ell1.0_nmin3   0.7452     0.0000    0.6147      0.0014
         ini_fof_ell0.3_nmin5   0.7281     0.0001    0.6870      0.0002
        ini_fof_ell0.3_nmin10   0.6422     0.0007    0.6094      0.0016

  Phantom ↔ motor independiente (t=0.5) : Pearson +0.803
  Phantom ↔ IC sin integrar     (t=0  ) : Pearson +0.830
  motor independiente ↔ IC              : Pearson +0.943
  PARCIAL Phantom ↔ motor, descontando la IC: +0.111 (p=0.607)
     ^ si esto es ~0, lo que comparten los motores ya estaba en el punto de partida

  centrado DENTRO de cada grafo (sólo la variación entre brazos, n=24):
     Phantom ↔ motor (t=0.5): -0.360 (p=0.0838)
     Phantom ↔ IC   (t=0  ): -0.057 (p=0.7907)

==========================================================================================
3. TAMAÑO DEL EFECTO `solap` − `disj`: IC SIN INTEGRAR / MOTOR PROPIO / PHANTOM
==========================================================================================
                                   observable              columna  n  signos_positivos  delta_medio  delta_mediano  media_solap  media_disj  pct_relativo  p_wilcoxon  p_t_pareado  p_binomial_signos
      PHANTOM (fracción de masa en sumideros)            frac_masa 12                12      0.01433        0.01325      0.12808     0.11375      12.60073     0.00049      0.00009            0.00049
MOTOR INDEPENDIENTE (t=0.5, FoF ell=1.0 n>=5) fin_fof_ell1.0_nmin5 12                 4     -0.01458       -0.01900      0.34917     0.36375      -4.00916     0.06396      0.06185            0.38770
      IC SIN INTEGRAR (t=0, FoF ell=1.0 n>=5) ini_fof_ell1.0_nmin5 12                 4     -0.01813       -0.02725      0.40542     0.42354      -4.27939     0.12939      0.11050            0.38770

  -- todas las definiciones --
                                   observable                       columna  n  signos_positivos  delta_medio  delta_mediano  media_solap  media_disj  pct_relativo  p_wilcoxon  p_t_pareado  p_binomial_signos
      PHANTOM (fracción de masa en sumideros)                     frac_masa 12                12      0.01433        0.01325      0.12808     0.11375      12.60073     0.00049      0.00009            0.00049
MOTOR INDEPENDIENTE (t=0.5, FoF ell=1.0 n>=5)          fin_fof_ell1.0_nmin5 12                 4     -0.01458       -0.01900      0.34917     0.36375      -4.00916     0.06396      0.06185            0.38770
      IC SIN INTEGRAR (t=0, FoF ell=1.0 n>=5)          ini_fof_ell1.0_nmin5 12                 4     -0.01813       -0.02725      0.40542     0.42354      -4.27939     0.12939      0.11050            0.38770
              motor indep. — fof_ell0.3_nmin3          fin_fof_ell0.3_nmin3 12                 3     -0.01075       -0.01500      0.22071     0.23146      -4.64446     0.07715      0.07781            0.14600
              motor indep. — fof_ell0.3_nmin5          fin_fof_ell0.3_nmin5 12                 4     -0.00196       -0.00325      0.10229     0.10425      -1.87850     0.42383      0.63015            0.38770
             motor indep. — fof_ell0.3_nmin10         fin_fof_ell0.3_nmin10 12                 8      0.00346        0.00400      0.06808     0.06463       5.35139     0.15479      0.15849            0.38770
             motor indep. — fof_ell0.45_nmin3         fin_fof_ell0.45_nmin3 12                 3     -0.01350       -0.02125      0.38354     0.39704      -3.40015     0.06201      0.03856            0.14600
             motor indep. — fof_ell0.45_nmin5         fin_fof_ell0.45_nmin5 12                 5     -0.00429       -0.00525      0.18733     0.19162      -2.23962     0.62207      0.61903            0.77441
            motor indep. — fof_ell0.45_nmin10        fin_fof_ell0.45_nmin10 12                10      0.00650        0.00425      0.09742     0.09092       7.14940     0.00391      0.00840            0.03857
              motor indep. — fof_ell0.6_nmin3          fin_fof_ell0.6_nmin3 12                 2     -0.01908       -0.02225      0.47583     0.49492      -3.85587     0.00488      0.00221            0.03857
              motor indep. — fof_ell0.6_nmin5          fin_fof_ell0.6_nmin5 12                 4     -0.00971       -0.00400      0.24575     0.25546      -3.80036     0.26611      0.30920            0.38770
             motor indep. — fof_ell0.6_nmin10         fin_fof_ell0.6_nmin10 12                10      0.00821        0.01025      0.12183     0.11362       7.22406     0.04248      0.02332            0.03857
              motor indep. — fof_ell1.0_nmin3          fin_fof_ell1.0_nmin3 12                 1     -0.02358       -0.02725      0.56233     0.58592      -4.02503     0.00293      0.00061            0.00635
             motor indep. — fof_ell1.0_nmin10         fin_fof_ell1.0_nmin10 12                10      0.01354        0.01325      0.17046     0.15692       8.62985     0.01172      0.01420            0.03857
              motor indep. — fof_ell2.0_nmin3          fin_fof_ell2.0_nmin3 12                 2     -0.01446       -0.01650      0.68425     0.69871      -2.06929     0.00391      0.00186            0.03857
              motor indep. — fof_ell2.0_nmin5          fin_fof_ell2.0_nmin5 12                 1     -0.02062       -0.01950      0.58854     0.60917      -3.38577     0.00732      0.00421            0.00635
             motor indep. — fof_ell2.0_nmin10         fin_fof_ell2.0_nmin10 12                 5      0.00242       -0.00525      0.33608     0.33367       0.72428     0.90967      0.85237            0.77441
      motor indep. — knn8_frac_rho_mayor_100x  fin_knn8_frac_rho_mayor_100x 12                 9      0.01088        0.00725      0.18483     0.17396       6.25150     0.04932      0.05139            0.14600
     motor indep. — knn8_frac_rho_mayor_1000x fin_knn8_frac_rho_mayor_1000x 12                 9      0.00883        0.00825      0.11846     0.10963       8.05777     0.00488      0.00223            0.14600
                    IC t=0 — fof_ell0.3_nmin3          ini_fof_ell0.3_nmin3 12                 9      0.00375        0.00375      0.04283     0.03908       9.59488     0.17041      0.09445            0.14600
                    IC t=0 — fof_ell0.3_nmin5          ini_fof_ell0.3_nmin5 12                 9      0.00321        0.00425      0.03592     0.03271       9.80892     0.08057      0.07243            0.14600
                   IC t=0 — fof_ell0.3_nmin10         ini_fof_ell0.3_nmin10 12                 8      0.00383        0.00450      0.01483     0.01100      34.84848     0.22705      0.29684            0.38770
                   IC t=0 — fof_ell0.45_nmin3         ini_fof_ell0.45_nmin3 12                11      0.01571        0.01550      0.13054     0.11483      13.67925     0.00146      0.00268            0.00635
                   IC t=0 — fof_ell0.45_nmin5         ini_fof_ell0.45_nmin5 12                12      0.02021        0.01700      0.11850     0.09829      20.55956     0.00049      0.00030            0.00049
                  IC t=0 — fof_ell0.45_nmin10        ini_fof_ell0.45_nmin10 12                11      0.01875        0.01550      0.11262     0.09387      19.97337     0.00098      0.00265            0.00635
                    IC t=0 — fof_ell0.6_nmin3          ini_fof_ell0.6_nmin3 12                 7      0.00463        0.00200      0.22292     0.21829       2.11872     0.60840      0.43087            0.77441
                    IC t=0 — fof_ell0.6_nmin5          ini_fof_ell0.6_nmin5 12                11      0.02204        0.01775      0.16637     0.14433      15.27136     0.00146      0.00115            0.00635
                   IC t=0 — fof_ell0.6_nmin10         ini_fof_ell0.6_nmin10 12                12      0.02392        0.02300      0.15608     0.13217      18.09584     0.00049      0.00005            0.00049
                    IC t=0 — fof_ell1.0_nmin3          ini_fof_ell1.0_nmin3 12                 2     -0.02683       -0.02875      0.54213     0.56896      -4.71622     0.00342      0.00223            0.03857
                   IC t=0 — fof_ell1.0_nmin10         ini_fof_ell1.0_nmin10 12                 7      0.00746        0.01875      0.27400     0.26654       2.79819     0.47949      0.58051            0.77441
                    IC t=0 — fof_ell2.0_nmin3          ini_fof_ell2.0_nmin3 12                 1     -0.00704       -0.01050      0.71125     0.71829      -0.98034     0.02588      0.01296            0.00635
                    IC t=0 — fof_ell2.0_nmin5          ini_fof_ell2.0_nmin5 12                 2     -0.00975       -0.00825      0.70317     0.71292      -1.36762     0.00928      0.00918            0.03857
                   IC t=0 — fof_ell2.0_nmin10         ini_fof_ell2.0_nmin10 12                 1     -0.01658       -0.01200      0.67212     0.68871      -2.40789     0.00488      0.00839            0.00635
            IC t=0 — knn8_frac_rho_mayor_100x  ini_knn8_frac_rho_mayor_100x 12                12      0.01904        0.01650      0.14158     0.12254      15.53893     0.00049      0.00065            0.00049
           IC t=0 — knn8_frac_rho_mayor_1000x ini_knn8_frac_rho_mayor_1000x 12                10      0.00196        0.00200      0.04996     0.04800       4.07986     0.00391      0.00189            0.03857
                                  PHANTOM κ_V                       kappa_v 12                11      0.20665        0.20652      0.95388     0.74723      27.65501     0.00098      0.00017            0.00635

  en partículas (1 partícula = 0.0005 de fracción de masa a N=2000):
    PHANTOM (fracción de masa en sumideros)              Δ=+0.01433 = +28.7 partículas (+12.6%), signos 12/12, Wilcoxon p=4.88e-04
    MOTOR INDEPENDIENTE (t=0.5, FoF ell=1.0 n>=5)        Δ=-0.01458 = -29.2 partículas (-4.0%), signos 4/12, Wilcoxon p=6.40e-02
    IC SIN INTEGRAR (t=0, FoF ell=1.0 n>=5)              Δ=-0.01813 = -36.3 partículas (-4.3%), signos 4/12, Wilcoxon p=1.29e-01

==========================================================================================
4. LO QUE AGREGÓ LA GRAVEDAD: observable final MENOS inicial
==========================================================================================
  Δ(solap−disj) del INCREMENTO: media +0.00354, signos 5/12, orden coincidente con Phantom 5/12
  Pearson(frac_masa de Phantom, incremento del motor propio) = -0.712 (p=0.000)

==========================================================================================
5. LA MISMA VARA EN LAS DOS MESAS (FoF sobre el estado final de Phantom)
==========================================================================================
  ell=0.3   Phantom(vara común) media solap 0.1321 vs disj 0.1189 | Δ=+0.01325 signos 12/12 | Pearson ph↔nb +0.816 | orden ph↔nb 4/12, ph↔IC 9/12
  ell=0.45  Phantom(vara común) media solap 0.1501 vs disj 0.1442 | Δ=+0.00587 signos 7/12 | Pearson ph↔nb +0.898 | orden ph↔nb 8/12, ph↔IC 7/12
  ell=0.6   Phantom(vara común) media solap 0.1976 vs disj 0.2003 | Δ=-0.00267 signos 5/12 | Pearson ph↔nb +0.930 | orden ph↔nb 9/12, ph↔IC 6/12
  ell=1.0   Phantom(vara común) media solap 0.4093 vs disj 0.4321 | Δ=-0.02275 signos 2/12 | Pearson ph↔nb +0.956 | orden ph↔nb 8/12, ph↔IC 10/12
  ell=2.0   Phantom(vara común) media solap 0.6938 vs disj 0.7064 | Δ=-0.01263 signos 1/12 | Pearson ph↔nb +0.982 | orden ph↔nb 12/12, ph↔IC 11/12
