[f706] 12 carpetas a correr
[A2-B0-C2-batch3-r100_f706_permutado] setup + run...
[A2-B0-C2-batch3-r100_f706_permutado] exit_setup=0 t_setup=3.75s  exit_run=0 t_run=40.85s
[A2-B0-C2-batch3-r21_f706_permutado] setup + run...
[A2-B0-C2-batch3-r21_f706_permutado] exit_setup=0 t_setup=3.63s  exit_run=0 t_run=34.53s
[A2-B0-C2-batch3-r9_f706_permutado] setup + run...
[A2-B0-C2-batch3-r9_f706_permutado] exit_setup=0 t_setup=3.81s  exit_run=0 t_run=36.98s
[A2-B0-C2-batch4-r18_f706_permutado] setup + run...
[A2-B0-C2-batch4-r18_f706_permutado] exit_setup=0 t_setup=4.21s  exit_run=0 t_run=24.88s
[A2-B0-C2-batch4-r43_f706_permutado] setup + run...
[A2-B0-C2-batch4-r43_f706_permutado] exit_setup=0 t_setup=2.37s  exit_run=0 t_run=23.96s
[A2-B0-C2-batch4-r51_f706_permutado] setup + run...
[A2-B0-C2-batch4-r51_f706_permutado] exit_setup=0 t_setup=2.28s  exit_run=0 t_run=23.76s
[A2-B0-C2-r14_f706_permutado] setup + run...
[A2-B0-C2-r14_f706_permutado] exit_setup=0 t_setup=2.05s  exit_run=0 t_run=26.46s
[A2-B0-C2-r19_f706_permutado] setup + run...
[A2-B0-C2-r19_f706_permutado] exit_setup=0 t_setup=3.33s  exit_run=0 t_run=25.3s
[A2-B0-C2-r20_f706_permutado] setup + run...
[A2-B0-C2-r20_f706_permutado] exit_setup=0 t_setup=2.82s  exit_run=0 t_run=24.66s
[A2-B0-C2-r28_f706_permutado] setup + run...
[A2-B0-C2-r28_f706_permutado] exit_setup=0 t_setup=2.37s  exit_run=0 t_run=26.5s
[A2-B0-C2-r2_f706_permutado] setup + run...
[A2-B0-C2-r2_f706_permutado] exit_setup=0 t_setup=3.15s  exit_run=0 t_run=26.31s
[A2-B0-C2-r9_f706_permutado] setup + run...
[A2-B0-C2-r9_f706_permutado] exit_setup=0 t_setup=2.8s  exit_run=0 t_run=22.79s

[TOTAL] 12/12 corridas. tiempo script=373.6s
