[f704] 20 carpetas a correr
[A2-B0-C2-batch3-r100_f704_antisoporte] setup + run...
[A2-B0-C2-batch3-r100_f704_antisoporte] exit_setup=0 t_setup=0.62s  exit_run=0 t_run=10.59s
[A2-B0-C2-batch3-r100_f704_soporte] setup + run...
[A2-B0-C2-batch3-r100_f704_soporte] exit_setup=0 t_setup=0.65s  exit_run=0 t_run=10.61s
[A2-B0-C2-batch3-r21_f704_azar] setup + run...
[A2-B0-C2-batch3-r21_f704_azar] exit_setup=0 t_setup=0.77s  exit_run=0 t_run=10.39s
[A2-B0-C2-batch3-r9_f704_anticosto] setup + run...
[A2-B0-C2-batch3-r9_f704_anticosto] exit_setup=0 t_setup=0.71s  exit_run=0 t_run=10.26s
[A2-B0-C2-batch3-r9_f704_c2] setup + run...
[A2-B0-C2-batch3-r9_f704_c2] exit_setup=0 t_setup=0.71s  exit_run=0 t_run=10.26s
[A2-B0-C2-batch4-r18_f704_antisoporte] setup + run...
[A2-B0-C2-batch4-r18_f704_antisoporte] exit_setup=0 t_setup=0.62s  exit_run=0 t_run=10.15s
[A2-B0-C2-batch4-r18_f704_soporte] setup + run...
[A2-B0-C2-batch4-r18_f704_soporte] exit_setup=0 t_setup=0.66s  exit_run=0 t_run=10.09s
[A2-B0-C2-batch4-r43_f704_azar] setup + run...
[A2-B0-C2-batch4-r43_f704_azar] exit_setup=0 t_setup=0.7s  exit_run=0 t_run=10.23s
[A2-B0-C2-batch4-r51_f704_anticosto] setup + run...
[A2-B0-C2-batch4-r51_f704_anticosto] exit_setup=0 t_setup=0.66s  exit_run=0 t_run=10.57s
[A2-B0-C2-batch4-r51_f704_c2] setup + run...
[A2-B0-C2-batch4-r51_f704_c2] exit_setup=0 t_setup=0.7s  exit_run=0 t_run=10.23s
[A2-B0-C2-r14_f704_antisoporte] setup + run...
[A2-B0-C2-r14_f704_antisoporte] exit_setup=0 t_setup=0.73s  exit_run=0 t_run=10.1s
[A2-B0-C2-r14_f704_soporte] setup + run...
[A2-B0-C2-r14_f704_soporte] exit_setup=0 t_setup=0.65s  exit_run=0 t_run=10.41s
[A2-B0-C2-r19_f704_azar] setup + run...
[A2-B0-C2-r19_f704_azar] exit_setup=0 t_setup=0.64s  exit_run=0 t_run=9.89s
[A2-B0-C2-r20_f704_anticosto] setup + run...
[A2-B0-C2-r20_f704_anticosto] exit_setup=0 t_setup=0.66s  exit_run=0 t_run=10.4s
[A2-B0-C2-r20_f704_c2] setup + run...
[A2-B0-C2-r20_f704_c2] exit_setup=0 t_setup=0.65s  exit_run=0 t_run=10.64s
[A2-B0-C2-r28_f704_antisoporte] setup + run...
[A2-B0-C2-r28_f704_antisoporte] exit_setup=0 t_setup=0.67s  exit_run=0 t_run=10.75s
[A2-B0-C2-r28_f704_soporte] setup + run...
[A2-B0-C2-r28_f704_soporte] exit_setup=0 t_setup=0.7s  exit_run=0 t_run=11.02s
[A2-B0-C2-r2_f704_azar] setup + run...
[A2-B0-C2-r2_f704_azar] exit_setup=0 t_setup=0.83s  exit_run=0 t_run=11.31s
[A2-B0-C2-r9_f704_anticosto] setup + run...
[A2-B0-C2-r9_f704_anticosto] exit_setup=0 t_setup=0.71s  exit_run=0 t_run=11.5s
[A2-B0-C2-r9_f704_c2] setup + run...
[A2-B0-C2-r9_f704_c2] exit_setup=0 t_setup=0.69s  exit_run=0 t_run=9.83s

[TOTAL] 20/20 corridas. tiempo script=223.0s
