patron=*_f802_L3: 12 carpetas -> ['A2-B0-C2-batch3-r111_s482596_f802_L3', 'A2-B0-C2-batch3-r120_s483469_f802_L3', 'A2-B0-C2-batch3-r143_s485700_f802_L3', 'A2-B0-C2-batch4-r12_s572993_f802_L3', 'A2-B0-C2-batch4-r1_s571926_f802_L3', 'A2-B0-C2-batch4-r31_s574836_f802_L3', 'A2-B0-C2-batch4-r47_s576388_f802_L3', 'A2-B0-C2-r14_s273187_f802_L3', 'A2-B0-C2-r17_s273478_f802_L3', 'A2-B0-C2-r1_s271926_f802_L3', 'A2-B0-C2-r2_s372023_f802_L3', 'A2-B0-C2-r39_s375612_f802_L3']
[A2-B0-C2-batch3-r111_s482596_f802_L3] setup + run...
[A2-B0-C2-batch3-r111_s482596_f802_L3] exit_setup=0 t_setup=6.72s  exit_run=0 t_run=52.21s
[A2-B0-C2-batch3-r120_s483469_f802_L3] setup + run...
[A2-B0-C2-batch3-r120_s483469_f802_L3] exit_setup=0 t_setup=6.46s  exit_run=0 t_run=48.34s
[A2-B0-C2-batch3-r143_s485700_f802_L3] setup + run...
[A2-B0-C2-batch3-r143_s485700_f802_L3] exit_setup=0 t_setup=6.16s  exit_run=0 t_run=46.74s
[A2-B0-C2-batch4-r12_s572993_f802_L3] setup + run...
[A2-B0-C2-batch4-r12_s572993_f802_L3] exit_setup=0 t_setup=7.11s  exit_run=0 t_run=54.75s
[A2-B0-C2-batch4-r1_s571926_f802_L3] setup + run...
[A2-B0-C2-batch4-r1_s571926_f802_L3] exit_setup=0 t_setup=7.61s  exit_run=0 t_run=40.91s
[A2-B0-C2-batch4-r31_s574836_f802_L3] setup + run...
[A2-B0-C2-batch4-r31_s574836_f802_L3] exit_setup=0 t_setup=4.06s  exit_run=0 t_run=33.93s
[A2-B0-C2-batch4-r47_s576388_f802_L3] setup + run...
[A2-B0-C2-batch4-r47_s576388_f802_L3] ya tenía cosmog_00500 -- se salta
[A2-B0-C2-r14_s273187_f802_L3] setup + run...
[A2-B0-C2-r14_s273187_f802_L3] exit_setup=0 t_setup=4.8s  exit_run=0 t_run=35.09s
[A2-B0-C2-r17_s273478_f802_L3] setup + run...
[A2-B0-C2-r17_s273478_f802_L3] exit_setup=0 t_setup=4.99s  exit_run=0 t_run=36.21s
[A2-B0-C2-r1_s271926_f802_L3] setup + run...
[A2-B0-C2-r1_s271926_f802_L3] exit_setup=0 t_setup=6.44s  exit_run=0 t_run=34.56s
[A2-B0-C2-r2_s372023_f802_L3] setup + run...
[A2-B0-C2-r2_s372023_f802_L3] exit_setup=0 t_setup=5.7s  exit_run=0 t_run=35.6s
[A2-B0-C2-r39_s375612_f802_L3] setup + run...
[A2-B0-C2-r39_s375612_f802_L3] exit_setup=0 t_setup=7.04s  exit_run=0 t_run=34.1s

[TOTAL] tiempo script=519.6s
