reglas admitidas=15  descartadas(P1-P5)=0  (seed_base=90211, mismas que F5-C2-C/C2/C3/C4)
  [P1] kcap=4 N=500   A2-B0-C2-r0    pend=+1.520 grado=2.06 diam_b1=21 clase=III (1.0s) [t=1s]
  [P1] kcap=4 N=500   A2-B0-C2-r1    pend=+0.937 grado=2.46 diam_b1=15 clase=III (0.7s) [t=2s]
  [P1] kcap=4 N=500   A2-B0-C2-r2    pend=+1.025 grado=2.24 diam_b1=15 clase=III (0.7s) [t=2s]
  [P1] kcap=4 N=500   A2-B0-C2-r3    pend=+0.973 grado=2.44 diam_b1=16 clase=III (0.7s) [t=3s]
  [P1] kcap=4 N=500   A2-B0-C2-r4    pend=+1.163 grado=2.53 diam_b1=22 clase=III (0.7s) [t=4s]
  [P1] kcap=4 N=500   A2-B0-C2-r5    pend=+0.952 grado=2.51 diam_b1=16 clase=III (0.8s) [t=5s]
  [P1] kcap=4 N=500   A2-B0-C2-r6    pend=+1.425 grado=2.10 diam_b1=18 clase=III (0.8s) [t=5s]
  [P1] kcap=4 N=500   A2-B0-C2-r7    pend=+1.273 grado=2.28 diam_b1=18 clase=III (0.8s) [t=6s]
  [P1] kcap=4 N=500   A2-B0-C2-r8    pend=+1.065 grado=2.51 diam_b1=19 clase=III (0.8s) [t=7s]
  [P1] kcap=4 N=500   A2-B0-C2-r9    pend=+0.893 grado=2.46 diam_b1=17 clase=III (1.1s) [t=8s]
  [P1] kcap=4 N=500   A2-B0-C2-r10   pend=+1.123 grado=2.27 diam_b1=20 clase=III (1.0s) [t=9s]
  [P1] kcap=4 N=500   A2-B0-C2-r11   pend=+1.094 grado=2.18 diam_b1=18 clase=III (0.9s) [t=10s]
  [P1] kcap=4 N=500   A2-B0-C2-r12   pend=+0.875 grado=2.53 diam_b1=16 clase=III (0.9s) [t=11s]
  [P1] kcap=4 N=500   A2-B0-C2-r13   pend=+1.213 grado=2.26 diam_b1=17 clase=III (0.8s) [t=12s]
  [P1] kcap=4 N=500   A2-B0-C2-r14   pend=+1.142 grado=2.20 diam_b1=15 clase=III (0.8s) [t=13s]
  [P1] kcap=4 N=1000  A2-B0-C2-r0    pend=+1.348 grado=2.17 diam_b1=20 clase=III (2.0s) [t=15s]
  [P1] kcap=4 N=1000  A2-B0-C2-r1    pend=+0.913 grado=2.47 diam_b1=18 clase=III (1.9s) [t=17s]
  [P1] kcap=4 N=1000  A2-B0-C2-r2    pend=+1.190 grado=2.27 diam_b1=19 clase=III (2.1s) [t=19s]
  [P1] kcap=4 N=1000  A2-B0-C2-r3    pend=+0.905 grado=2.60 diam_b1=15 clase=III (2.0s) [t=21s]
  [P1] kcap=4 N=1000  A2-B0-C2-r4    pend=+0.911 grado=2.50 diam_b1=19 clase=III (2.0s) [t=23s]
  [P1] kcap=4 N=1000  A2-B0-C2-r5    pend=+0.880 grado=2.55 diam_b1=19 clase=III (2.0s) [t=25s]
  [P1] kcap=4 N=1000  A2-B0-C2-r6    pend=+1.317 grado=2.21 diam_b1=23 clase=III (2.3s) [t=27s]
  [P1] kcap=4 N=1000  A2-B0-C2-r7    pend=+1.156 grado=2.20 diam_b1=20 clase=III (2.0s) [t=29s]
  [P1] kcap=4 N=1000  A2-B0-C2-r8    pend=+0.817 grado=2.60 diam_b1=17 clase=III (2.0s) [t=31s]
  [P1] kcap=4 N=1000  A2-B0-C2-r9    pend=+0.775 grado=2.57 diam_b1=15 clase=III (2.2s) [t=33s]
  [P1] kcap=4 N=1000  A2-B0-C2-r10   pend=+1.165 grado=2.35 diam_b1=19 clase=III (1.9s) [t=35s]
  [P1] kcap=4 N=1000  A2-B0-C2-r11   pend=+1.088 grado=2.25 diam_b1=18 clase=III (1.7s) [t=37s]
  [P1] kcap=4 N=1000  A2-B0-C2-r12   pend=+1.057 grado=2.53 diam_b1=21 clase=III (2.0s) [t=39s]
  [P1] kcap=4 N=1000  A2-B0-C2-r13   pend=+1.044 grado=2.24 diam_b1=15 clase=III (2.1s) [t=41s]
  [P1] kcap=4 N=1000  A2-B0-C2-r14   pend=+1.169 grado=2.30 diam_b1=21 clase=III (1.9s) [t=43s]
  [P1] kcap=4 N=2000  A2-B0-C2-r0    pend=+1.151 grado=2.16 diam_b1=19 clase=III (4.6s) [t=47s]
  [P1] kcap=4 N=2000  A2-B0-C2-r1    pend=+0.938 grado=2.44 diam_b1=18 clase=III (4.5s) [t=52s]
  [P1] kcap=4 N=2000  A2-B0-C2-r2    pend=+1.133 grado=2.27 diam_b1=21 clase=III (4.4s) [t=56s]
  [P1] kcap=4 N=2000  A2-B0-C2-r3    pend=+0.985 grado=2.52 diam_b1=20 clase=III (4.3s) [t=61s]
  [P1] kcap=4 N=2000  A2-B0-C2-r4    pend=+0.906 grado=2.58 diam_b1=19 clase=III (4.7s) [t=65s]
  [P1] kcap=4 N=2000  A2-B0-C2-r5    pend=+0.949 grado=2.58 diam_b1=20 clase=III (4.9s) [t=70s]
  [P1] kcap=4 N=2000  A2-B0-C2-r6    pend=+1.282 grado=2.17 diam_b1=22 clase=III (4.9s) [t=75s]
  [P1] kcap=4 N=2000  A2-B0-C2-r7    pend=+1.268 grado=2.21 diam_b1=22 clase=III (5.2s) [t=80s]
  [P1] kcap=4 N=2000  A2-B0-C2-r8    pend=+0.872 grado=2.56 diam_b1=18 clase=III (5.3s) [t=86s]
  [P1] kcap=4 N=2000  A2-B0-C2-r9    pend=+1.005 grado=2.54 diam_b1=20 clase=III (6.0s) [t=92s]
  [P1] kcap=4 N=2000  A2-B0-C2-r10   pend=+1.064 grado=2.36 diam_b1=21 clase=III (7.0s) [t=99s]
  [P1] kcap=4 N=2000  A2-B0-C2-r11   pend=+1.217 grado=2.28 diam_b1=22 clase=III (5.8s) [t=104s]
  [P1] kcap=4 N=2000  A2-B0-C2-r12   pend=+0.960 grado=2.44 diam_b1=20 clase=III (5.3s) [t=110s]
  [P1] kcap=4 N=2000  A2-B0-C2-r13   pend=+1.030 grado=2.26 diam_b1=20 clase=III (5.5s) [t=115s]
  [P1] kcap=4 N=2000  A2-B0-C2-r14   pend=+1.130 grado=2.28 diam_b1=21 clase=III (5.9s) [t=121s]
  [P1] kcap=4 N=4000  A2-B0-C2-r0    pend=+1.223 grado=2.17 diam_b1=26 clase=III (10.2s) [t=131s]
  [P1] kcap=4 N=4000  A2-B0-C2-r1    pend=+1.018 grado=2.49 diam_b1=22 clase=III (11.2s) [t=142s]
  [P1] kcap=4 N=4000  A2-B0-C2-r2    pend=+1.151 grado=2.25 diam_b1=24 clase=III (10.2s) [t=153s]
  [P1] kcap=4 N=4000  A2-B0-C2-r3    pend=+0.959 grado=2.58 diam_b1=20 clase=III (11.3s) [t=164s]
  [P1] kcap=4 N=4000  A2-B0-C2-r4    pend=+1.068 grado=2.57 diam_b1=25 clase=III (11.5s) [t=175s]
  [P1] kcap=4 N=4000  A2-B0-C2-r5    pend=+1.004 grado=2.56 diam_b1=23 clase=III (10.3s) [t=186s]
  [P1] kcap=4 N=4000  A2-B0-C2-r6    pend=+1.297 grado=2.20 diam_b1=22 clase=III (10.6s) [t=196s]
  [P1] kcap=4 N=4000  A2-B0-C2-r7    pend=+1.080 grado=2.21 diam_b1=20 clase=III (10.8s) [t=207s]
  [P1] kcap=4 N=4000  A2-B0-C2-r8    pend=+0.919 grado=2.61 diam_b1=22 clase=III (11.3s) [t=219s]
  [P1] kcap=4 N=4000  A2-B0-C2-r9    pend=+0.975 grado=2.52 diam_b1=21 clase=III (12.0s) [t=231s]
  [P1] kcap=4 N=4000  A2-B0-C2-r10   pend=+1.080 grado=2.40 diam_b1=20 clase=III (11.3s) [t=242s]
  [P1] kcap=4 N=4000  A2-B0-C2-r11   pend=+1.119 grado=2.29 diam_b1=21 clase=III (12.4s) [t=254s]
  [P1] kcap=4 N=4000  A2-B0-C2-r12   pend=+1.020 grado=2.50 diam_b1=22 clase=III (11.3s) [t=266s]
  [P1] kcap=4 N=4000  A2-B0-C2-r13   pend=+1.075 grado=2.26 diam_b1=19 clase=III (10.6s) [t=276s]
  [P1] kcap=4 N=4000  A2-B0-C2-r14   pend=+1.219 grado=2.31 diam_b1=23 clase=III (11.3s) [t=288s]
  [P1] kcap=5 N=500   A2-B0-C2-r0    pend=+0.818 grado=2.90 diam_b1=12 clase=III (1.5s) [t=289s]
  [P1] kcap=5 N=500   A2-B0-C2-r1    pend=+0.635 grado=3.26 diam_b1=13 clase=I   (1.4s) [t=290s]
  [P1] kcap=5 N=500   A2-B0-C2-r2    pend=+0.758 grado=3.02 diam_b1=14 clase=III (1.5s) [t=292s]
  [P1] kcap=5 N=500   A2-B0-C2-r3    pend=+0.703 grado=3.28 diam_b1=12 clase=III (1.5s) [t=293s]
  [P1] kcap=5 N=500   A2-B0-C2-r4    pend=+0.624 grado=3.36 diam_b1=12 clase=I   (1.4s) [t=295s]
  [P1] kcap=5 N=500   A2-B0-C2-r5    pend=+0.710 grado=3.37 diam_b1=12 clase=III (1.5s) [t=296s]
  [P1] kcap=5 N=500   A2-B0-C2-r6    pend=+0.637 grado=2.96 diam_b1=10 clase=I   (1.6s) [t=298s]
  [P1] kcap=5 N=500   A2-B0-C2-r7    pend=+0.749 grado=3.10 diam_b1=13 clase=III (1.6s) [t=300s]
  [P1] kcap=5 N=500   A2-B0-C2-r8    pend=+0.745 grado=3.15 diam_b1=12 clase=III (1.1s) [t=301s]
  [P1] kcap=5 N=500   A2-B0-C2-r9    pend=+0.794 grado=3.18 diam_b1=13 clase=III (1.5s) [t=302s]
  [P1] kcap=5 N=500   A2-B0-C2-r10   pend=+0.778 grado=3.09 diam_b1=13 clase=III (1.5s) [t=304s]
  [P1] kcap=5 N=500   A2-B0-C2-r11   pend=+0.903 grado=3.02 diam_b1=16 clase=III (1.4s) [t=305s]
  [P1] kcap=5 N=500   A2-B0-C2-r12   pend=+0.490 grado=3.36 diam_b1=10 clase=I   (1.3s) [t=306s]
  [P1] kcap=5 N=500   A2-B0-C2-r13   pend=+0.560 grado=3.05 diam_b1=10 clase=I   (1.5s) [t=308s]
  [P1] kcap=5 N=500   A2-B0-C2-r14   pend=+0.642 grado=3.14 diam_b1=11 clase=I   (1.4s) [t=309s]
  [P1] kcap=5 N=1000  A2-B0-C2-r0    pend=+0.916 grado=3.05 diam_b1=15 clase=III (2.9s) [t=312s]
  [P1] kcap=5 N=1000  A2-B0-C2-r1    pend=+0.799 grado=3.36 diam_b1=14 clase=III (2.9s) [t=315s]
  [P1] kcap=5 N=1000  A2-B0-C2-r2    pend=+0.751 grado=3.16 diam_b1=13 clase=III (3.1s) [t=318s]
  [P1] kcap=5 N=1000  A2-B0-C2-r3    pend=+0.610 grado=3.42 diam_b1=12 clase=I   (3.1s) [t=321s]
  [P1] kcap=5 N=1000  A2-B0-C2-r4    pend=+0.647 grado=3.32 diam_b1=12 clase=I   (2.9s) [t=324s]
  [P1] kcap=5 N=1000  A2-B0-C2-r5    pend=+0.625 grado=3.36 diam_b1=12 clase=I   (3.0s) [t=327s]
  [P1] kcap=5 N=1000  A2-B0-C2-r6    pend=+0.861 grado=3.06 diam_b1=15 clase=III (3.0s) [t=330s]
  [P1] kcap=5 N=1000  A2-B0-C2-r7    pend=+0.898 grado=3.09 diam_b1=15 clase=III (3.4s) [t=334s]
  [P1] kcap=5 N=1000  A2-B0-C2-r8    pend=+0.641 grado=3.20 diam_b1=12 clase=I   (2.9s) [t=337s]
  [P1] kcap=5 N=1000  A2-B0-C2-r9    pend=+0.656 grado=3.38 diam_b1=12 clase=I   (2.9s) [t=340s]
  [P1] kcap=5 N=1000  A2-B0-C2-r10   pend=+0.673 grado=3.22 diam_b1=12 clase=I   (3.1s) [t=343s]
  [P1] kcap=5 N=1000  A2-B0-C2-r11   pend=+0.787 grado=3.09 diam_b1=13 clase=III (3.1s) [t=346s]
  [P1] kcap=5 N=1000  A2-B0-C2-r12   pend=+0.665 grado=3.35 diam_b1=13 clase=I   (3.1s) [t=349s]
  [P1] kcap=5 N=1000  A2-B0-C2-r13   pend=+0.806 grado=3.12 diam_b1=13 clase=III (3.2s) [t=352s]
  [P1] kcap=5 N=1000  A2-B0-C2-r14   pend=+0.729 grado=3.20 diam_b1=12 clase=III (3.1s) [t=355s]
  [P1] kcap=5 N=2000  A2-B0-C2-r0    pend=+1.022 grado=3.10 diam_b1=17 clase=III (6.4s) [t=362s]
  [P1] kcap=5 N=2000  A2-B0-C2-r1    pend=+0.668 grado=3.32 diam_b1=12 clase=I   (6.6s) [t=368s]
  [P1] kcap=5 N=2000  A2-B0-C2-r2    pend=+0.898 grado=3.17 diam_b1=17 clase=III (7.0s) [t=375s]
  [P1] kcap=5 N=2000  A2-B0-C2-r3    pend=+0.741 grado=3.39 diam_b1=14 clase=III (6.3s) [t=381s]
  [P1] kcap=5 N=2000  A2-B0-C2-r4    pend=+0.719 grado=3.43 diam_b1=14 clase=IV  (5.5s) [t=387s]
  [P1] kcap=5 N=2000  A2-B0-C2-r5    pend=+0.718 grado=3.33 diam_b1=14 clase=III (5.8s) [t=393s]
  [P1] kcap=5 N=2000  A2-B0-C2-r6    pend=+0.878 grado=3.07 diam_b1=14 clase=III (5.5s) [t=398s]
  [P1] kcap=5 N=2000  A2-B0-C2-r7    pend=+0.748 grado=3.13 diam_b1=15 clase=III (5.6s) [t=404s]
  [P1] kcap=5 N=2000  A2-B0-C2-r8    pend=+0.716 grado=3.20 diam_b1=15 clase=III (5.5s) [t=409s]
  [P1] kcap=5 N=2000  A2-B0-C2-r9    pend=+0.655 grado=3.38 diam_b1=12 clase=I   (5.7s) [t=415s]
  [P1] kcap=5 N=2000  A2-B0-C2-r10   pend=+0.897 grado=3.25 diam_b1=16 clase=III (5.5s) [t=420s]
  [P1] kcap=5 N=2000  A2-B0-C2-r11   pend=+0.770 grado=3.16 diam_b1=14 clase=III (6.0s) [t=426s]
  [P1] kcap=5 N=2000  A2-B0-C2-r12   pend=+0.673 grado=3.21 diam_b1=13 clase=I   (5.7s) [t=432s]
  [P1] kcap=5 N=2000  A2-B0-C2-r13   pend=+0.764 grado=3.17 diam_b1=13 clase=III (5.9s) [t=438s]
  [P1] kcap=5 N=2000  A2-B0-C2-r14   pend=+0.773 grado=3.16 diam_b1=12 clase=III (6.7s) [t=445s]
  [P1] kcap=5 N=4000  A2-B0-C2-r0    pend=+0.824 grado=3.11 diam_b1=16 clase=III (15.2s) [t=460s]
  [P1] kcap=5 N=4000  A2-B0-C2-r1    pend=+0.721 grado=3.37 diam_b1=16 clase=III (13.7s) [t=474s]
  [P1] kcap=5 N=4000  A2-B0-C2-r2    pend=+0.826 grado=3.18 diam_b1=17 clase=III (13.2s) [t=487s]
  [P1] kcap=5 N=4000  A2-B0-C2-r3    pend=+0.645 grado=3.44 diam_b1=14 clase=I   (12.3s) [t=499s]
  [P1] kcap=5 N=4000  A2-B0-C2-r4    pend=+0.699 grado=3.38 diam_b1=17 clase=I   (12.8s) [t=512s]
  [P1] kcap=5 N=4000  A2-B0-C2-r5    pend=+0.665 grado=3.37 diam_b1=14 clase=I   (11.9s) [t=524s]
  [P1] kcap=5 N=4000  A2-B0-C2-r6    pend=+0.775 grado=3.14 diam_b1=16 clase=III (11.5s) [t=535s]
  [P1] kcap=5 N=4000  A2-B0-C2-r7    pend=+0.757 grado=3.14 diam_b1=14 clase=III (11.9s) [t=547s]
  [P1] kcap=5 N=4000  A2-B0-C2-r8    pend=+0.722 grado=3.22 diam_b1=15 clase=IV  (11.6s) [t=559s]
  [P1] kcap=5 N=4000  A2-B0-C2-r9    pend=+0.755 grado=3.35 diam_b1=17 clase=III (11.7s) [t=570s]
  [P1] kcap=5 N=4000  A2-B0-C2-r10   pend=+0.775 grado=3.32 diam_b1=16 clase=III (12.4s) [t=583s]
  [P1] kcap=5 N=4000  A2-B0-C2-r11   pend=+0.841 grado=3.22 diam_b1=17 clase=III (10.1s) [t=593s]
  [P1] kcap=5 N=4000  A2-B0-C2-r12   pend=+0.697 grado=3.31 diam_b1=17 clase=I   (12.0s) [t=605s]
  [P1] kcap=5 N=4000  A2-B0-C2-r13   pend=+0.782 grado=3.19 diam_b1=16 clase=III (12.8s) [t=618s]
  [P1] kcap=5 N=4000  A2-B0-C2-r14   pend=+0.823 grado=3.23 diam_b1=16 clase=III (10.5s) [t=628s]
  [P1] kcap=6 N=500   A2-B0-C2-r0    pend=+0.557 grado=3.77 diam_b1=10 clase=I   (1.2s) [t=629s]
  [P1] kcap=6 N=500   A2-B0-C2-r1    pend=+0.559 grado=4.06 diam_b1=10 clase=I   (1.2s) [t=631s]
  [P1] kcap=6 N=500   A2-B0-C2-r2    pend=+0.605 grado=4.00 diam_b1=9 clase=I   (1.2s) [t=632s]
  [P1] kcap=6 N=500   A2-B0-C2-r3    pend=+0.459 grado=4.02 diam_b1=9 clase=I   (1.1s) [t=633s]
  [P1] kcap=6 N=500   A2-B0-C2-r4    pend=+0.470 grado=3.96 diam_b1=9 clase=I   (1.2s) [t=634s]
  [P1] kcap=6 N=500   A2-B0-C2-r5    pend=+0.429 grado=4.00 diam_b1=8 clase=II  (1.3s) [t=635s]
  [P1] kcap=6 N=500   A2-B0-C2-r6    pend=+0.580 grado=3.70 diam_b1=10 clase=I   (1.2s) [t=637s]
  [P1] kcap=6 N=500   A2-B0-C2-r7    pend=+0.654 grado=3.97 diam_b1=12 clase=I   (1.3s) [t=638s]
  [P1] kcap=6 N=500   A2-B0-C2-r8    pend=+0.654 grado=3.53 diam_b1=11 clase=I   (1.1s) [t=639s]
  [P1] kcap=6 N=500   A2-B0-C2-r9    pend=+0.500 grado=3.89 diam_b1=9 clase=I   (1.2s) [t=640s]
  [P1] kcap=6 N=500   A2-B0-C2-r10   pend=+0.697 grado=3.86 diam_b1=12 clase=I   (1.3s) [t=642s]
  [P1] kcap=6 N=500   A2-B0-C2-r11   pend=+0.530 grado=3.78 diam_b1=10 clase=I   (1.3s) [t=643s]
  [P1] kcap=6 N=500   A2-B0-C2-r12   pend=+0.500 grado=4.06 diam_b1=9 clase=I   (1.2s) [t=644s]
  [P1] kcap=6 N=500   A2-B0-C2-r13   pend=+0.491 grado=4.02 diam_b1=9 clase=I   (1.3s) [t=645s]
  [P1] kcap=6 N=500   A2-B0-C2-r14   pend=+0.549 grado=3.98 diam_b1=10 clase=I   (1.2s) [t=647s]
  [P1] kcap=6 N=1000  A2-B0-C2-r0    pend=+0.508 grado=4.00 diam_b1=10 clase=I   (2.6s) [t=649s]
  [P1] kcap=6 N=1000  A2-B0-C2-r1    pend=+0.566 grado=4.13 diam_b1=10 clase=I   (2.4s) [t=652s]
  [P1] kcap=6 N=1000  A2-B0-C2-r2    pend=+0.628 grado=4.10 diam_b1=12 clase=I   (2.4s) [t=654s]
  [P1] kcap=6 N=1000  A2-B0-C2-r3    pend=+0.523 grado=4.12 diam_b1=10 clase=I   (2.2s) [t=656s]
  [P1] kcap=6 N=1000  A2-B0-C2-r4    pend=+0.581 grado=3.98 diam_b1=11 clase=I   (2.3s) [t=659s]
  [P1] kcap=6 N=1000  A2-B0-C2-r5    pend=+0.508 grado=3.96 diam_b1=10 clase=I   (2.6s) [t=661s]
  [P1] kcap=6 N=1000  A2-B0-C2-r6    pend=+0.594 grado=3.92 diam_b1=11 clase=I   (2.5s) [t=664s]
  [P1] kcap=6 N=1000  A2-B0-C2-r7    pend=+0.613 grado=4.01 diam_b1=12 clase=I   (2.8s) [t=666s]
  [P1] kcap=6 N=1000  A2-B0-C2-r8    pend=+0.605 grado=3.63 diam_b1=12 clase=I   (2.3s) [t=669s]
  [P1] kcap=6 N=1000  A2-B0-C2-r9    pend=+0.542 grado=4.05 diam_b1=11 clase=I   (2.5s) [t=671s]
  [P1] kcap=6 N=1000  A2-B0-C2-r10   pend=+0.461 grado=4.11 diam_b1=10 clase=I   (2.4s) [t=674s]
  [P1] kcap=6 N=1000  A2-B0-C2-r11   pend=+0.538 grado=3.96 diam_b1=11 clase=I   (2.5s) [t=676s]
  [P1] kcap=6 N=1000  A2-B0-C2-r12   pend=+0.480 grado=4.01 diam_b1=10 clase=I   (2.6s) [t=679s]
  [P1] kcap=6 N=1000  A2-B0-C2-r13   pend=+0.430 grado=4.01 diam_b1=9 clase=II  (2.5s) [t=681s]
  [P1] kcap=6 N=1000  A2-B0-C2-r14   pend=+0.587 grado=4.12 diam_b1=13 clase=I   (2.7s) [t=684s]
  [P1] kcap=6 N=2000  A2-B0-C2-r0    pend=+0.588 grado=4.06 diam_b1=11 clase=I   (5.5s) [t=690s]
  [P1] kcap=6 N=2000  A2-B0-C2-r1    pend=+0.604 grado=4.07 diam_b1=12 clase=I   (5.1s) [t=695s]
  [P1] kcap=6 N=2000  A2-B0-C2-r2    pend=+0.566 grado=4.08 diam_b1=11 clase=I   (5.5s) [t=700s]
  [P1] kcap=6 N=2000  A2-B0-C2-r3    pend=+0.457 grado=4.09 diam_b1=9 clase=I   (5.1s) [t=705s]
  [P1] kcap=6 N=2000  A2-B0-C2-r4    pend=+0.628 grado=4.08 diam_b1=14 clase=I   (5.4s) [t=711s]
  [P1] kcap=6 N=2000  A2-B0-C2-r5    pend=+0.497 grado=3.92 diam_b1=10 clase=I   (5.2s) [t=716s]
  [P1] kcap=6 N=2000  A2-B0-C2-r6    pend=+0.634 grado=4.02 diam_b1=12 clase=I   (5.4s) [t=721s]
  [P1] kcap=6 N=2000  A2-B0-C2-r7    pend=+0.606 grado=4.07 diam_b1=12 clase=I   (5.4s) [t=727s]
  [P1] kcap=6 N=2000  A2-B0-C2-r8    pend=+0.593 grado=3.62 diam_b1=11 clase=I   (4.9s) [t=732s]
  [P1] kcap=6 N=2000  A2-B0-C2-r9    pend=+0.499 grado=4.05 diam_b1=10 clase=I   (5.0s) [t=737s]
  [P1] kcap=6 N=2000  A2-B0-C2-r10   pend=+0.650 grado=4.12 diam_b1=13 clase=I   (5.4s) [t=742s]
  [P1] kcap=6 N=2000  A2-B0-C2-r11   pend=+0.638 grado=4.05 diam_b1=12 clase=I   (5.7s) [t=748s]
  [P1] kcap=6 N=2000  A2-B0-C2-r12   pend=+0.578 grado=3.93 diam_b1=11 clase=I   (5.0s) [t=753s]
  [P1] kcap=6 N=2000  A2-B0-C2-r13   pend=+0.592 grado=4.06 diam_b1=12 clase=I   (5.1s) [t=758s]
  [P1] kcap=6 N=2000  A2-B0-C2-r14   pend=+0.575 grado=4.10 diam_b1=11 clase=I   (5.4s) [t=763s]
  [P1] kcap=6 N=4000  A2-B0-C2-r0    pend=+0.679 grado=4.07 diam_b1=13 clase=I   (11.1s) [t=774s]
  [P1] kcap=6 N=4000  A2-B0-C2-r1    pend=+0.636 grado=4.15 diam_b1=12 clase=I   (11.3s) [t=786s]
  [P1] kcap=6 N=4000  A2-B0-C2-r2    pend=+0.583 grado=4.09 diam_b1=11 clase=I   (13.5s) [t=799s]
  [P1] kcap=6 N=4000  A2-B0-C2-r3    pend=+0.532 grado=4.13 diam_b1=12 clase=I   (12.4s) [t=812s]
  [P1] kcap=6 N=4000  A2-B0-C2-r4    pend=+0.573 grado=4.03 diam_b1=11 clase=I   (12.6s) [t=824s]
  [P1] kcap=6 N=4000  A2-B0-C2-r5    pend=+0.664 grado=3.99 diam_b1=13 clase=I   (12.6s) [t=837s]
  [P1] kcap=6 N=4000  A2-B0-C2-r6    pend=+0.659 grado=4.07 diam_b1=13 clase=I   (13.0s) [t=850s]
  [P1] kcap=6 N=4000  A2-B0-C2-r7    pend=+0.632 grado=4.07 diam_b1=13 clase=I   (12.8s) [t=863s]
  [P1] kcap=6 N=4000  A2-B0-C2-r8    pend=+0.560 grado=3.62 diam_b1=14 clase=I   (11.9s) [t=875s]
  [P1] kcap=6 N=4000  A2-B0-C2-r9    pend=+0.509 grado=4.02 diam_b1=12 clase=I   (11.7s) [t=886s]
  [P1] kcap=6 N=4000  A2-B0-C2-r10   pend=+0.548 grado=4.19 diam_b1=11 clase=I   (13.4s) [t=900s]
  [P1] kcap=6 N=4000  A2-B0-C2-r11   pend=+0.629 grado=4.17 diam_b1=13 clase=I   (12.8s) [t=912s]
  [P1] kcap=6 N=4000  A2-B0-C2-r12   pend=+0.669 grado=3.97 diam_b1=14 clase=I   (11.7s) [t=924s]
  [P1] kcap=6 N=4000  A2-B0-C2-r13   pend=+0.667 grado=4.08 diam_b1=13 clase=I   (15.5s) [t=940s]
  [P1] kcap=6 N=4000  A2-B0-C2-r14   pend=+0.587 grado=4.12 diam_b1=14 clase=I   (16.1s) [t=956s]
CSV: /Users/alexis/Desktop/RMD/Cosmolab/Cosmogenesis/cs090_fase6_o2c_p1_kcap_absoluto.csv  (180 filas)

Terminado en 15.9 min. No se declara cierre — números, la lectura es de Alexis.
