reglas admitidas=15  descartadas(P1-P5)=0  (seed_base=90211, mismas que F5-C2-C/C2/C3/C4)
  [P3] UNIF          N=1000  A2-B0-C2-r0    pend=+0.508 cv=0.00 media_kcap=6.00 max=6    grado=4.00 clase=I   (2.1s) [t=2s]
  [P3] UNIF          N=1000  A2-B0-C2-r1    pend=+0.566 cv=0.00 media_kcap=6.00 max=6    grado=4.13 clase=I   (2.3s) [t=4s]
  [P3] UNIF          N=1000  A2-B0-C2-r2    pend=+0.628 cv=0.00 media_kcap=6.00 max=6    grado=4.10 clase=I   (2.6s) [t=7s]
  [P3] UNIF          N=1000  A2-B0-C2-r3    pend=+0.523 cv=0.00 media_kcap=6.00 max=6    grado=4.12 clase=I   (2.1s) [t=9s]
  [P3] UNIF          N=1000  A2-B0-C2-r4    pend=+0.581 cv=0.00 media_kcap=6.00 max=6    grado=3.98 clase=I   (2.5s) [t=12s]
  [P3] UNIF          N=1000  A2-B0-C2-r5    pend=+0.508 cv=0.00 media_kcap=6.00 max=6    grado=3.96 clase=I   (2.3s) [t=14s]
  [P3] UNIF          N=1000  A2-B0-C2-r6    pend=+0.594 cv=0.00 media_kcap=6.00 max=6    grado=3.92 clase=I   (2.7s) [t=17s]
  [P3] UNIF          N=1000  A2-B0-C2-r7    pend=+0.613 cv=0.00 media_kcap=6.00 max=6    grado=4.01 clase=I   (2.5s) [t=19s]
  [P3] UNIF          N=1000  A2-B0-C2-r8    pend=+0.605 cv=0.00 media_kcap=6.00 max=6    grado=3.63 clase=I   (2.4s) [t=22s]
  [P3] UNIF          N=1000  A2-B0-C2-r9    pend=+0.542 cv=0.00 media_kcap=6.00 max=6    grado=4.05 clase=I   (2.2s) [t=24s]
  [P3] UNIF          N=1000  A2-B0-C2-r10   pend=+0.461 cv=0.00 media_kcap=6.00 max=6    grado=4.11 clase=I   (2.1s) [t=26s]
  [P3] UNIF          N=1000  A2-B0-C2-r11   pend=+0.538 cv=0.00 media_kcap=6.00 max=6    grado=3.96 clase=I   (2.3s) [t=28s]
  [P3] UNIF          N=1000  A2-B0-C2-r12   pend=+0.480 cv=0.00 media_kcap=6.00 max=6    grado=4.01 clase=I   (2.5s) [t=31s]
  [P3] UNIF          N=1000  A2-B0-C2-r13   pend=+0.430 cv=0.00 media_kcap=6.00 max=6    grado=4.01 clase=II  (2.4s) [t=33s]
  [P3] UNIF          N=1000  A2-B0-C2-r14   pend=+0.587 cv=0.00 media_kcap=6.00 max=6    grado=4.12 clase=I   (2.9s) [t=36s]
  [P3] UNIF          N=2000  A2-B0-C2-r0    pend=+0.588 cv=0.00 media_kcap=6.00 max=6    grado=4.06 clase=I   (5.8s) [t=42s]
  [P3] UNIF          N=2000  A2-B0-C2-r1    pend=+0.604 cv=0.00 media_kcap=6.00 max=6    grado=4.07 clase=I   (5.3s) [t=47s]
  [P3] UNIF          N=2000  A2-B0-C2-r2    pend=+0.566 cv=0.00 media_kcap=6.00 max=6    grado=4.08 clase=I   (5.5s) [t=53s]
  [P3] UNIF          N=2000  A2-B0-C2-r3    pend=+0.457 cv=0.00 media_kcap=6.00 max=6    grado=4.09 clase=I   (5.7s) [t=58s]
  [P3] UNIF          N=2000  A2-B0-C2-r4    pend=+0.628 cv=0.00 media_kcap=6.00 max=6    grado=4.08 clase=I   (6.2s) [t=65s]
  [P3] UNIF          N=2000  A2-B0-C2-r5    pend=+0.497 cv=0.00 media_kcap=6.00 max=6    grado=3.92 clase=I   (6.2s) [t=71s]
  [P3] UNIF          N=2000  A2-B0-C2-r6    pend=+0.634 cv=0.00 media_kcap=6.00 max=6    grado=4.02 clase=I   (6.8s) [t=78s]
  [P3] UNIF          N=2000  A2-B0-C2-r7    pend=+0.606 cv=0.00 media_kcap=6.00 max=6    grado=4.07 clase=I   (9.0s) [t=87s]
  [P3] UNIF          N=2000  A2-B0-C2-r8    pend=+0.593 cv=0.00 media_kcap=6.00 max=6    grado=3.62 clase=I   (6.5s) [t=93s]
  [P3] UNIF          N=2000  A2-B0-C2-r9    pend=+0.499 cv=0.00 media_kcap=6.00 max=6    grado=4.05 clase=I   (6.4s) [t=99s]
  [P3] UNIF          N=2000  A2-B0-C2-r10   pend=+0.650 cv=0.00 media_kcap=6.00 max=6    grado=4.12 clase=I   (6.9s) [t=106s]
  [P3] UNIF          N=2000  A2-B0-C2-r11   pend=+0.638 cv=0.00 media_kcap=6.00 max=6    grado=4.05 clase=I   (7.1s) [t=114s]
  [P3] UNIF          N=2000  A2-B0-C2-r12   pend=+0.578 cv=0.00 media_kcap=6.00 max=6    grado=3.93 clase=I   (5.8s) [t=119s]
  [P3] UNIF          N=2000  A2-B0-C2-r13   pend=+0.592 cv=0.00 media_kcap=6.00 max=6    grado=4.06 clase=I   (6.7s) [t=126s]
  [P3] UNIF          N=2000  A2-B0-C2-r14   pend=+0.575 cv=0.00 media_kcap=6.00 max=6    grado=4.10 clase=I   (6.3s) [t=132s]
  [P3] UNIF          N=4000  A2-B0-C2-r0    pend=+0.679 cv=0.00 media_kcap=6.00 max=6    grado=4.07 clase=I   (13.3s) [t=146s]
  [P3] UNIF          N=4000  A2-B0-C2-r1    pend=+0.636 cv=0.00 media_kcap=6.00 max=6    grado=4.15 clase=I   (13.7s) [t=159s]
  [P3] UNIF          N=4000  A2-B0-C2-r2    pend=+0.583 cv=0.00 media_kcap=6.00 max=6    grado=4.09 clase=I   (13.5s) [t=173s]
  [P3] UNIF          N=4000  A2-B0-C2-r3    pend=+0.532 cv=0.00 media_kcap=6.00 max=6    grado=4.13 clase=I   (13.0s) [t=186s]
  [P3] UNIF          N=4000  A2-B0-C2-r4    pend=+0.573 cv=0.00 media_kcap=6.00 max=6    grado=4.03 clase=I   (13.4s) [t=199s]
  [P3] UNIF          N=4000  A2-B0-C2-r5    pend=+0.664 cv=0.00 media_kcap=6.00 max=6    grado=3.99 clase=I   (14.0s) [t=213s]
  [P3] UNIF          N=4000  A2-B0-C2-r6    pend=+0.659 cv=0.00 media_kcap=6.00 max=6    grado=4.07 clase=I   (13.9s) [t=227s]
  [P3] UNIF          N=4000  A2-B0-C2-r7    pend=+0.632 cv=0.00 media_kcap=6.00 max=6    grado=4.07 clase=I   (15.3s) [t=242s]
  [P3] UNIF          N=4000  A2-B0-C2-r8    pend=+0.560 cv=0.00 media_kcap=6.00 max=6    grado=3.62 clase=I   (12.8s) [t=255s]
  [P3] UNIF          N=4000  A2-B0-C2-r9    pend=+0.509 cv=0.00 media_kcap=6.00 max=6    grado=4.02 clase=I   (13.1s) [t=269s]
  [P3] UNIF          N=4000  A2-B0-C2-r10   pend=+0.548 cv=0.00 media_kcap=6.00 max=6    grado=4.19 clase=I   (14.7s) [t=283s]
  [P3] UNIF          N=4000  A2-B0-C2-r11   pend=+0.629 cv=0.00 media_kcap=6.00 max=6    grado=4.17 clase=I   (14.8s) [t=298s]
  [P3] UNIF          N=4000  A2-B0-C2-r12   pend=+0.669 cv=0.00 media_kcap=6.00 max=6    grado=3.97 clase=I   (13.8s) [t=312s]
  [P3] UNIF          N=4000  A2-B0-C2-r13   pend=+0.667 cv=0.00 media_kcap=6.00 max=6    grado=4.08 clase=I   (14.7s) [t=327s]
  [P3] UNIF          N=4000  A2-B0-C2-r14   pend=+0.587 cv=0.00 media_kcap=6.00 max=6    grado=4.12 clase=I   (14.4s) [t=341s]
  [P3] HET-grado     N=1000  A2-B0-C2-r0    pend=+0.620 cv=0.36 media_kcap=5.93 max=14   grado=4.45 clase=I   (3.5s) [t=344s]
  [P3] HET-grado     N=1000  A2-B0-C2-r1    pend=+0.287 cv=0.41 media_kcap=5.79 max=15   grado=5.47 clase=I   (3.6s) [t=348s]
  [P3] HET-grado     N=1000  A2-B0-C2-r2    pend=+0.453 cv=0.38 media_kcap=5.98 max=14   grado=4.82 clase=I   (3.7s) [t=352s]
  [P3] HET-grado     N=1000  A2-B0-C2-r3    pend=+0.436 cv=0.45 media_kcap=5.98 max=17   grado=5.19 clase=II  (3.6s) [t=355s]
  [P3] HET-grado     N=1000  A2-B0-C2-r4    pend=+0.493 cv=0.45 media_kcap=5.98 max=16   grado=5.05 clase=I   (3.9s) [t=359s]
  [P3] HET-grado     N=1000  A2-B0-C2-r5    pend=+0.356 cv=0.44 media_kcap=5.98 max=16   grado=4.88 clase=II  (3.6s) [t=363s]
  [P3] HET-grado     N=1000  A2-B0-C2-r6    pend=+0.504 cv=0.38 media_kcap=5.92 max=14   grado=4.44 clase=I   (3.5s) [t=366s]
  [P3] HET-grado     N=1000  A2-B0-C2-r7    pend=+0.674 cv=0.37 media_kcap=5.97 max=14   grado=4.61 clase=I   (3.4s) [t=370s]
  [P3] HET-grado     N=1000  A2-B0-C2-r8    pend=+0.681 cv=0.48 media_kcap=6.00 max=16   grado=4.01 clase=I   (2.9s) [t=373s]
  [P3] HET-grado     N=1000  A2-B0-C2-r9    pend=+0.454 cv=0.45 media_kcap=6.00 max=17   grado=5.10 clase=I   (3.1s) [t=376s]
  [P3] HET-grado     N=1000  A2-B0-C2-r10   pend=+0.294 cv=0.36 media_kcap=6.24 max=15   grado=5.65 clase=I   (3.4s) [t=379s]
  [P3] HET-grado     N=1000  A2-B0-C2-r11   pend=+0.509 cv=0.41 media_kcap=5.98 max=15   grado=4.84 clase=I   (3.2s) [t=383s]
  [P3] HET-grado     N=1000  A2-B0-C2-r12   pend=+0.433 cv=0.44 media_kcap=5.97 max=16   grado=4.95 clase=II  (3.1s) [t=386s]
  [P3] HET-grado     N=1000  A2-B0-C2-r13   pend=+0.581 cv=0.39 media_kcap=5.97 max=15   grado=4.76 clase=I   (3.1s) [t=389s]
  [P3] HET-grado     N=1000  A2-B0-C2-r14   pend=+0.469 cv=0.39 media_kcap=5.94 max=16   grado=4.97 clase=I   (3.1s) [t=392s]
  [P3] HET-grado     N=2000  A2-B0-C2-r0    pend=+0.670 cv=0.37 media_kcap=5.93 max=14   grado=4.59 clase=I   (6.5s) [t=398s]
  [P3] HET-grado     N=2000  A2-B0-C2-r1    pend=+0.506 cv=0.44 media_kcap=5.79 max=19   grado=5.46 clase=I   (7.0s) [t=405s]
  [P3] HET-grado     N=2000  A2-B0-C2-r2    pend=+0.431 cv=0.38 media_kcap=5.99 max=15   grado=4.93 clase=II  (6.5s) [t=412s]
  [P3] HET-grado     N=2000  A2-B0-C2-r3    pend=+0.356 cv=0.45 media_kcap=5.97 max=18   grado=5.19 clase=II  (6.5s) [t=419s]
  [P3] HET-grado     N=2000  A2-B0-C2-r4    pend=+0.459 cv=0.44 media_kcap=5.98 max=16   grado=5.04 clase=I   (6.9s) [t=425s]
  [P3] HET-grado     N=2000  A2-B0-C2-r5    pend=+0.443 cv=0.46 media_kcap=5.98 max=17   grado=4.88 clase=II  (7.2s) [t=433s]
  [P3] HET-grado     N=2000  A2-B0-C2-r6    pend=+0.557 cv=0.38 media_kcap=5.95 max=15   grado=4.59 clase=I   (8.3s) [t=441s]
  [P3] HET-grado     N=2000  A2-B0-C2-r7    pend=+0.479 cv=0.38 media_kcap=5.96 max=15   grado=4.73 clase=I   (6.9s) [t=448s]
  [P3] HET-grado     N=2000  A2-B0-C2-r8    pend=+0.609 cv=0.50 media_kcap=5.99 max=20   grado=4.05 clase=I   (6.9s) [t=455s]
  [P3] HET-grado     N=2000  A2-B0-C2-r9    pend=+0.496 cv=0.45 media_kcap=6.00 max=16   grado=5.14 clase=I   (7.5s) [t=462s]
  [P3] HET-grado     N=2000  A2-B0-C2-r10   pend=+0.369 cv=0.37 media_kcap=6.23 max=14   grado=5.72 clase=II  (8.0s) [t=470s]
  [P3] HET-grado     N=2000  A2-B0-C2-r11   pend=+0.640 cv=0.40 media_kcap=5.97 max=15   grado=4.88 clase=I   (7.2s) [t=482s]
  [P3] HET-grado     N=2000  A2-B0-C2-r12   pend=+0.495 cv=0.46 media_kcap=5.96 max=17   grado=4.99 clase=I   (7.0s) [t=489s]
  [P3] HET-grado     N=2000  A2-B0-C2-r13   pend=+0.623 cv=0.38 media_kcap=5.96 max=15   grado=4.84 clase=I   (7.2s) [t=497s]
  [P3] HET-grado     N=2000  A2-B0-C2-r14   pend=+0.557 cv=0.39 media_kcap=5.94 max=14   grado=4.98 clase=I   (7.1s) [t=504s]
  [P3] HET-grado     N=4000  A2-B0-C2-r0    pend=+0.597 cv=0.36 media_kcap=5.93 max=15   grado=4.60 clase=I   (13.7s) [t=517s]
  [P3] HET-grado     N=4000  A2-B0-C2-r1    pend=+0.463 cv=0.42 media_kcap=5.78 max=16   grado=5.51 clase=I   (14.6s) [t=532s]
  [P3] HET-grado     N=4000  A2-B0-C2-r2    pend=+0.617 cv=0.39 media_kcap=5.99 max=15   grado=4.89 clase=I   (14.4s) [t=546s]
  [P3] HET-grado     N=4000  A2-B0-C2-r3    pend=+0.476 cv=0.45 media_kcap=5.97 max=16   grado=5.22 clase=I   (14.0s) [t=560s]
  [P3] HET-grado     N=4000  A2-B0-C2-r4    pend=+0.436 cv=0.45 media_kcap=5.99 max=19   grado=5.04 clase=II  (13.7s) [t=574s]
  [P3] HET-grado     N=4000  A2-B0-C2-r5    pend=+0.531 cv=0.45 media_kcap=5.99 max=18   grado=4.89 clase=I   (11.3s) [t=586s]
  [P3] HET-grado     N=4000  A2-B0-C2-r6    pend=+0.594 cv=0.37 media_kcap=5.94 max=15   grado=4.65 clase=I   (15.1s) [t=601s]
  [P3] HET-grado     N=4000  A2-B0-C2-r7    pend=+0.624 cv=0.38 media_kcap=5.97 max=15   grado=4.79 clase=I   (13.3s) [t=614s]
  [P3] HET-grado     N=4000  A2-B0-C2-r8    pend=+0.636 cv=0.49 media_kcap=5.99 max=22   grado=4.06 clase=I   (10.5s) [t=624s]
  [P3] HET-grado     N=4000  A2-B0-C2-r9    pend=+0.459 cv=0.46 media_kcap=5.99 max=17   grado=5.13 clase=I   (11.9s) [t=636s]
  [P3] HET-grado     N=4000  A2-B0-C2-r10   pend=+0.405 cv=0.37 media_kcap=6.23 max=15   grado=5.78 clase=II  (12.1s) [t=648s]
  [P3] HET-grado     N=4000  A2-B0-C2-r11   pend=+0.588 cv=0.39 media_kcap=5.97 max=14   grado=4.98 clase=I   (12.1s) [t=660s]
  [P3] HET-grado     N=4000  A2-B0-C2-r12   pend=+0.434 cv=0.45 media_kcap=5.96 max=17   grado=5.02 clase=II  (11.9s) [t=672s]
  [P3] HET-grado     N=4000  A2-B0-C2-r13   pend=+0.574 cv=0.38 media_kcap=5.96 max=15   grado=4.85 clase=I   (11.7s) [t=684s]
  [P3] HET-grado     N=4000  A2-B0-C2-r14   pend=+0.553 cv=0.39 media_kcap=5.94 max=15   grado=5.01 clase=I   (12.5s) [t=697s]
  [P3] HET-rango     N=1000  A2-B0-C2-r0    pend=+0.634 cv=0.36 media_kcap=6.02 max=10   grado=3.61 clase=I   (2.6s) [t=699s]
  [P3] HET-rango     N=1000  A2-B0-C2-r1    pend=+0.580 cv=0.33 media_kcap=5.98 max=9    grado=3.68 clase=I   (2.4s) [t=702s]
  [P3] HET-rango     N=1000  A2-B0-C2-r2    pend=+0.567 cv=0.34 media_kcap=6.02 max=9    grado=3.70 clase=I   (2.5s) [t=704s]
  [P3] HET-rango     N=1000  A2-B0-C2-r3    pend=+0.587 cv=0.33 media_kcap=5.96 max=9    grado=3.61 clase=I   (2.5s) [t=707s]
  [P3] HET-rango     N=1000  A2-B0-C2-r4    pend=+0.578 cv=0.32 media_kcap=5.96 max=9    grado=3.54 clase=I   (2.4s) [t=709s]
  [P3] HET-rango     N=1000  A2-B0-C2-r5    pend=+0.600 cv=0.33 media_kcap=6.01 max=9    grado=3.58 clase=I   (2.4s) [t=711s]
  [P3] HET-rango     N=1000  A2-B0-C2-r6    pend=+0.535 cv=0.33 media_kcap=6.08 max=9    grado=3.70 clase=I   (2.6s) [t=714s]
  [P3] HET-rango     N=1000  A2-B0-C2-r7    pend=+0.681 cv=0.33 media_kcap=6.08 max=9    grado=3.65 clase=I   (2.5s) [t=716s]
  [P3] HET-rango     N=1000  A2-B0-C2-r8    pend=+0.699 cv=0.34 media_kcap=5.96 max=9    grado=3.17 clase=I   (2.5s) [t=719s]
  [P3] HET-rango     N=1000  A2-B0-C2-r9    pend=+0.598 cv=0.37 media_kcap=5.98 max=10   grado=3.48 clase=I   (2.3s) [t=721s]
  [P3] HET-rango     N=1000  A2-B0-C2-r10   pend=+0.475 cv=0.33 media_kcap=5.99 max=9    grado=3.75 clase=I   (2.2s) [t=723s]
  [P3] HET-rango     N=1000  A2-B0-C2-r11   pend=+0.660 cv=0.34 media_kcap=6.01 max=9    grado=3.66 clase=I   (2.5s) [t=726s]
  [P3] HET-rango     N=1000  A2-B0-C2-r12   pend=+0.691 cv=0.30 media_kcap=5.93 max=8    grado=3.49 clase=I   (2.4s) [t=728s]
  [P3] HET-rango     N=1000  A2-B0-C2-r13   pend=+0.687 cv=0.37 media_kcap=5.98 max=10   grado=3.57 clase=I   (2.6s) [t=731s]
  [P3] HET-rango     N=1000  A2-B0-C2-r14   pend=+0.577 cv=0.33 media_kcap=5.98 max=9    grado=3.65 clase=I   (2.7s) [t=734s]
  [P3] HET-rango     N=2000  A2-B0-C2-r0    pend=+0.621 cv=0.30 media_kcap=5.96 max=8    grado=3.84 clase=I   (5.1s) [t=739s]
  [P3] HET-rango     N=2000  A2-B0-C2-r1    pend=+0.598 cv=0.34 media_kcap=5.97 max=9    grado=3.60 clase=I   (5.0s) [t=744s]
  [P3] HET-rango     N=2000  A2-B0-C2-r2    pend=+0.629 cv=0.30 media_kcap=5.93 max=8    grado=3.72 clase=I   (5.0s) [t=749s]
  [P3] HET-rango     N=2000  A2-B0-C2-r3    pend=+0.701 cv=0.33 media_kcap=5.93 max=9    grado=3.59 clase=III (5.1s) [t=754s]
  [P3] HET-rango     N=2000  A2-B0-C2-r4    pend=+0.703 cv=0.33 media_kcap=6.00 max=9    grado=3.58 clase=III (4.8s) [t=759s]
  [P3] HET-rango     N=2000  A2-B0-C2-r5    pend=+0.609 cv=0.34 media_kcap=6.00 max=9    grado=3.51 clase=I   (5.1s) [t=764s]
  [P3] HET-rango     N=2000  A2-B0-C2-r6    pend=+0.564 cv=0.34 media_kcap=5.98 max=9    grado=3.73 clase=I   (5.2s) [t=769s]
  [P3] HET-rango     N=2000  A2-B0-C2-r7    pend=+0.588 cv=0.33 media_kcap=6.03 max=9    grado=3.73 clase=I   (5.3s) [t=774s]
  [P3] HET-rango     N=2000  A2-B0-C2-r8    pend=+0.645 cv=0.33 media_kcap=6.01 max=9    grado=3.25 clase=I   (5.4s) [t=780s]
  [P3] HET-rango     N=2000  A2-B0-C2-r9    pend=+0.608 cv=0.33 media_kcap=6.04 max=9    grado=3.64 clase=I   (6.1s) [t=786s]
  [P3] HET-rango     N=2000  A2-B0-C2-r10   pend=+0.646 cv=0.34 media_kcap=5.95 max=9    grado=3.65 clase=I   (5.6s) [t=792s]
  [P3] HET-rango     N=2000  A2-B0-C2-r11   pend=+0.713 cv=0.33 media_kcap=6.00 max=9    grado=3.71 clase=III (6.0s) [t=798s]
  [P3] HET-rango     N=2000  A2-B0-C2-r12   pend=+0.650 cv=0.34 media_kcap=5.98 max=9    grado=3.50 clase=I   (5.8s) [t=803s]
  [P3] HET-rango     N=2000  A2-B0-C2-r13   pend=+0.641 cv=0.33 media_kcap=6.04 max=9    grado=3.74 clase=I   (6.0s) [t=809s]
  [P3] HET-rango     N=2000  A2-B0-C2-r14   pend=+0.654 cv=0.33 media_kcap=6.02 max=9    grado=3.73 clase=I   (6.2s) [t=816s]
  [P3] HET-rango     N=4000  A2-B0-C2-r0    pend=+0.750 cv=0.33 media_kcap=6.01 max=9    grado=3.84 clase=III (12.9s) [t=828s]
  [P3] HET-rango     N=4000  A2-B0-C2-r1    pend=+0.670 cv=0.33 media_kcap=6.01 max=9    grado=3.75 clase=I   (12.7s) [t=841s]
  [P3] HET-rango     N=4000  A2-B0-C2-r2    pend=+0.613 cv=0.33 media_kcap=6.03 max=9    grado=3.82 clase=I   (12.6s) [t=854s]
  [P3] HET-rango     N=4000  A2-B0-C2-r3    pend=+0.706 cv=0.33 media_kcap=5.97 max=9    grado=3.63 clase=III (12.2s) [t=866s]
  [P3] HET-rango     N=4000  A2-B0-C2-r4    pend=+0.539 cv=0.33 media_kcap=6.02 max=9    grado=3.62 clase=I   (11.3s) [t=877s]
  [P3] HET-rango     N=4000  A2-B0-C2-r5    pend=+0.674 cv=0.33 media_kcap=6.04 max=9    grado=3.54 clase=I   (12.6s) [t=890s]
  [P3] HET-rango     N=4000  A2-B0-C2-r6    pend=+0.728 cv=0.33 media_kcap=5.99 max=9    grado=3.79 clase=III (12.4s) [t=902s]
  [P3] HET-rango     N=4000  A2-B0-C2-r7    pend=+0.724 cv=0.34 media_kcap=5.97 max=9    grado=3.68 clase=III (11.9s) [t=914s]
  [P3] HET-rango     N=4000  A2-B0-C2-r8    pend=+0.685 cv=0.33 media_kcap=6.01 max=9    grado=3.28 clase=I   (13.9s) [t=928s]
  [P3] HET-rango     N=4000  A2-B0-C2-r9    pend=+0.626 cv=0.33 media_kcap=5.99 max=9    grado=3.58 clase=I   (15.2s) [t=943s]
  [P3] HET-rango     N=4000  A2-B0-C2-r10   pend=+0.698 cv=0.34 media_kcap=5.97 max=9    grado=3.75 clase=I   (15.1s) [t=958s]
  [P3] HET-rango     N=4000  A2-B0-C2-r11   pend=+0.584 cv=0.33 media_kcap=5.99 max=9    grado=3.76 clase=I   (13.7s) [t=972s]
  [P3] HET-rango     N=4000  A2-B0-C2-r12   pend=+0.690 cv=0.33 media_kcap=6.00 max=9    grado=3.55 clase=I   (11.3s) [t=984s]
  [P3] HET-rango     N=4000  A2-B0-C2-r13   pend=+0.574 cv=0.34 media_kcap=5.99 max=9    grado=3.69 clase=I   (14.8s) [t=998s]
  [P3] HET-rango     N=4000  A2-B0-C2-r14   pend=+0.740 cv=0.33 media_kcap=5.94 max=9    grado=3.73 clase=III (14.5s) [t=1013s]
  [P3] HET-lognor    N=1000  A2-B0-C2-r0    pend=+0.991 cv=0.90 media_kcap=6.00 max=52   grado=2.59 clase=III (2.5s) [t=1015s]
  [P3] HET-lognor    N=1000  A2-B0-C2-r1    pend=+1.144 cv=0.99 media_kcap=6.00 max=80   grado=2.65 clase=III (2.4s) [t=1018s]
  [P3] HET-lognor    N=1000  A2-B0-C2-r2    pend=+0.952 cv=0.91 media_kcap=6.00 max=54   grado=2.57 clase=III (2.4s) [t=1020s]
  [P3] HET-lognor    N=1000  A2-B0-C2-r3    pend=+0.836 cv=0.89 media_kcap=6.00 max=61   grado=2.62 clase=III (2.5s) [t=1023s]
  [P3] HET-lognor    N=1000  A2-B0-C2-r4    pend=+0.916 cv=0.83 media_kcap=6.01 max=34   grado=2.48 clase=IV  (2.6s) [t=1025s]
  [P3] HET-lognor    N=1000  A2-B0-C2-r5    pend=+1.096 cv=0.92 media_kcap=6.00 max=51   grado=2.42 clase=III (2.5s) [t=1028s]
  [P3] HET-lognor    N=1000  A2-B0-C2-r6    pend=+0.885 cv=0.86 media_kcap=6.00 max=50   grado=2.75 clase=III (2.9s) [t=1031s]
  [P3] HET-lognor    N=1000  A2-B0-C2-r7    pend=+0.911 cv=1.03 media_kcap=5.99 max=67   grado=2.65 clase=III (2.5s) [t=1033s]
  [P3] HET-lognor    N=1000  A2-B0-C2-r8    pend=+0.919 cv=0.91 media_kcap=6.00 max=55   grado=2.38 clase=III (2.7s) [t=1036s]
  [P3] HET-lognor    N=1000  A2-B0-C2-r9    pend=+0.805 cv=0.90 media_kcap=6.00 max=44   grado=2.61 clase=III (3.1s) [t=1039s]
  [P3] HET-lognor    N=1000  A2-B0-C2-r10   pend=+1.177 cv=0.99 media_kcap=6.00 max=73   grado=2.63 clase=III (2.5s) [t=1041s]
  [P3] HET-lognor    N=1000  A2-B0-C2-r11   pend=+1.303 cv=0.98 media_kcap=6.00 max=82   grado=2.52 clase=III (2.6s) [t=1044s]
  [P3] HET-lognor    N=1000  A2-B0-C2-r12   pend=+0.818 cv=0.92 media_kcap=5.99 max=57   grado=2.49 clase=III (3.8s) [t=1048s]
  [P3] HET-lognor    N=1000  A2-B0-C2-r13   pend=+0.973 cv=0.88 media_kcap=5.99 max=53   grado=2.76 clase=III (3.8s) [t=1052s]
  [P3] HET-lognor    N=1000  A2-B0-C2-r14   pend=+0.962 cv=1.11 media_kcap=6.00 max=126  grado=2.63 clase=III (3.2s) [t=1055s]
  [P3] HET-lognor    N=2000  A2-B0-C2-r0    pend=+1.094 cv=0.98 media_kcap=6.00 max=66   grado=2.69 clase=III (7.5s) [t=1062s]
  [P3] HET-lognor    N=2000  A2-B0-C2-r1    pend=+1.024 cv=0.92 media_kcap=6.00 max=65   grado=2.60 clase=III (6.7s) [t=1069s]
  [P3] HET-lognor    N=2000  A2-B0-C2-r2    pend=+1.106 cv=0.94 media_kcap=6.00 max=55   grado=2.68 clase=III (7.6s) [t=1077s]
  [P3] HET-lognor    N=2000  A2-B0-C2-r3    pend=+0.853 cv=0.88 media_kcap=5.99 max=58   grado=2.66 clase=III (7.0s) [t=1084s]
  [P3] HET-lognor    N=2000  A2-B0-C2-r4    pend=+0.907 cv=0.91 media_kcap=6.00 max=60   grado=2.55 clase=IV  (5.8s) [t=1090s]
  [P3] HET-lognor    N=2000  A2-B0-C2-r5    pend=+1.088 cv=0.95 media_kcap=6.01 max=87   grado=2.51 clase=III (5.2s) [t=1095s]
  [P3] HET-lognor    N=2000  A2-B0-C2-r6    pend=+1.206 cv=0.97 media_kcap=6.00 max=76   grado=2.58 clase=III (6.1s) [t=1101s]
  [P3] HET-lognor    N=2000  A2-B0-C2-r7    pend=+1.235 cv=0.97 media_kcap=6.00 max=87   grado=2.62 clase=III (5.8s) [t=1107s]
  [P3] HET-lognor    N=2000  A2-B0-C2-r8    pend=+1.063 cv=0.89 media_kcap=6.00 max=58   grado=2.44 clase=III (5.4s) [t=1112s]
  [P3] HET-lognor    N=2000  A2-B0-C2-r9    pend=+0.997 cv=0.95 media_kcap=6.00 max=66   grado=2.55 clase=III (6.4s) [t=1119s]
  [P3] HET-lognor    N=2000  A2-B0-C2-r10   pend=+0.980 cv=0.96 media_kcap=6.01 max=66   grado=2.67 clase=III (8.0s) [t=1127s]
  [P3] HET-lognor    N=2000  A2-B0-C2-r11   pend=+1.031 cv=0.89 media_kcap=6.00 max=46   grado=2.63 clase=III (7.3s) [t=1134s]
  [P3] HET-lognor    N=2000  A2-B0-C2-r12   pend=+1.084 cv=0.92 media_kcap=6.00 max=53   grado=2.56 clase=III (7.0s) [t=1141s]
  [P3] HET-lognor    N=2000  A2-B0-C2-r13   pend=+1.142 cv=0.90 media_kcap=6.00 max=74   grado=2.66 clase=III (5.9s) [t=1147s]
  [P3] HET-lognor    N=2000  A2-B0-C2-r14   pend=+0.852 cv=0.89 media_kcap=6.00 max=59   grado=2.64 clase=III (5.7s) [t=1152s]
  [P3] HET-lognor    N=4000  A2-B0-C2-r0    pend=+1.006 cv=0.99 media_kcap=6.01 max=97   grado=2.72 clase=III (12.0s) [t=1164s]
  [P3] HET-lognor    N=4000  A2-B0-C2-r1    pend=+1.141 cv=0.97 media_kcap=6.00 max=109  grado=2.61 clase=III (13.3s) [t=1178s]
  [P3] HET-lognor    N=4000  A2-B0-C2-r2    pend=+1.170 cv=0.98 media_kcap=6.01 max=90   grado=2.59 clase=III (17.8s) [t=1196s]
  [P3] HET-lognor    N=4000  A2-B0-C2-r3    pend=+1.030 cv=0.92 media_kcap=6.00 max=58   grado=2.57 clase=III (13.5s) [t=1209s]
  [P3] HET-lognor    N=4000  A2-B0-C2-r4    pend=+0.973 cv=0.93 media_kcap=6.00 max=78   grado=2.58 clase=III (11.2s) [t=1220s]
  [P3] HET-lognor    N=4000  A2-B0-C2-r5    pend=+1.037 cv=0.97 media_kcap=6.00 max=87   grado=2.51 clase=III (10.5s) [t=1231s]
  [P3] HET-lognor    N=4000  A2-B0-C2-r6    pend=+0.967 cv=0.94 media_kcap=6.01 max=78   grado=2.67 clase=III (10.8s) [t=1242s]
  [P3] HET-lognor    N=4000  A2-B0-C2-r7    pend=+0.909 cv=0.92 media_kcap=6.01 max=76   grado=2.69 clase=III (11.8s) [t=1253s]
  [P3] HET-lognor    N=4000  A2-B0-C2-r8    pend=+1.072 cv=0.95 media_kcap=6.00 max=68   grado=2.37 clase=III (12.5s) [t=1266s]
  [P3] HET-lognor    N=4000  A2-B0-C2-r9    pend=+1.041 cv=0.93 media_kcap=5.99 max=82   grado=2.56 clase=III (14.7s) [t=1281s]
  [P3] HET-lognor    N=4000  A2-B0-C2-r10   pend=+1.026 cv=1.07 media_kcap=6.01 max=172  grado=2.62 clase=III (13.2s) [t=1294s]
  [P3] HET-lognor    N=4000  A2-B0-C2-r11   pend=+1.206 cv=0.94 media_kcap=6.00 max=60   grado=2.61 clase=III (11.9s) [t=1306s]
  [P3] HET-lognor    N=4000  A2-B0-C2-r12   pend=+1.138 cv=0.90 media_kcap=6.00 max=91   grado=2.57 clase=III (11.2s) [t=1317s]
  [P3] HET-lognor    N=4000  A2-B0-C2-r13   pend=+0.958 cv=1.03 media_kcap=6.00 max=164  grado=2.65 clase=III (15.7s) [t=1333s]
  [P3] HET-lognor    N=4000  A2-B0-C2-r14   pend=+0.994 cv=0.93 media_kcap=6.01 max=91   grado=2.72 clase=III (16.0s) [t=1349s]
  [P3] HET-bimodal   N=1000  A2-B0-C2-r0    pend=+1.235 cv=0.67 media_kcap=6.00 max=10   grado=2.85 clase=III (3.2s) [t=1352s]
  [P3] HET-bimodal   N=1000  A2-B0-C2-r1    pend=+1.174 cv=0.67 media_kcap=6.00 max=10   grado=2.66 clase=III (3.1s) [t=1355s]
  [P3] HET-bimodal   N=1000  A2-B0-C2-r2    pend=+1.149 cv=0.67 media_kcap=6.00 max=10   grado=2.81 clase=III (2.8s) [t=1358s]
  [P3] HET-bimodal   N=1000  A2-B0-C2-r3    pend=+1.149 cv=0.67 media_kcap=6.00 max=10   grado=2.43 clase=III (2.8s) [t=1361s]
  [P3] HET-bimodal   N=1000  A2-B0-C2-r4    pend=+1.225 cv=0.67 media_kcap=6.00 max=10   grado=2.46 clase=III (2.5s) [t=1363s]
  [P3] HET-bimodal   N=1000  A2-B0-C2-r5    pend=+1.226 cv=0.67 media_kcap=6.00 max=10   grado=2.44 clase=III (2.8s) [t=1366s]
  [P3] HET-bimodal   N=1000  A2-B0-C2-r6    pend=+1.341 cv=0.67 media_kcap=6.00 max=10   grado=2.81 clase=III (2.8s) [t=1369s]
  [P3] HET-bimodal   N=1000  A2-B0-C2-r7    pend=+1.129 cv=0.67 media_kcap=6.00 max=10   grado=2.71 clase=III (3.4s) [t=1372s]
  [P3] HET-bimodal   N=1000  A2-B0-C2-r8    pend=+1.134 cv=0.67 media_kcap=6.00 max=10   grado=2.20 clase=III (2.2s) [t=1374s]
  [P3] HET-bimodal   N=1000  A2-B0-C2-r9    pend=+1.093 cv=0.67 media_kcap=6.00 max=10   grado=2.55 clase=III (2.7s) [t=1377s]
  [P3] HET-bimodal   N=1000  A2-B0-C2-r10   pend=+1.055 cv=0.67 media_kcap=6.00 max=10   grado=2.67 clase=III (2.6s) [t=1380s]
  [P3] HET-bimodal   N=1000  A2-B0-C2-r11   pend=+1.170 cv=0.67 media_kcap=6.00 max=10   grado=2.72 clase=III (2.7s) [t=1382s]
  [P3] HET-bimodal   N=1000  A2-B0-C2-r12   pend=+1.014 cv=0.67 media_kcap=6.00 max=10   grado=2.46 clase=III (2.8s) [t=1385s]
  [P3] HET-bimodal   N=1000  A2-B0-C2-r13   pend=+1.309 cv=0.67 media_kcap=6.00 max=10   grado=2.70 clase=III (3.1s) [t=1388s]
  [P3] HET-bimodal   N=1000  A2-B0-C2-r14   pend=+1.127 cv=0.67 media_kcap=6.00 max=10   grado=2.62 clase=III (2.5s) [t=1391s]
  [P3] HET-bimodal   N=2000  A2-B0-C2-r0    pend=+1.209 cv=0.67 media_kcap=6.00 max=10   grado=2.91 clase=III (5.6s) [t=1396s]
  [P3] HET-bimodal   N=2000  A2-B0-C2-r1    pend=+1.348 cv=0.67 media_kcap=6.00 max=10   grado=2.52 clase=III (5.7s) [t=1402s]
  [P3] HET-bimodal   N=2000  A2-B0-C2-r2    pend=+1.251 cv=0.67 media_kcap=6.00 max=10   grado=2.72 clase=III (5.5s) [t=1408s]
  [P3] HET-bimodal   N=2000  A2-B0-C2-r3    pend=+1.146 cv=0.67 media_kcap=6.00 max=10   grado=2.49 clase=III (5.4s) [t=1413s]
  [P3] HET-bimodal   N=2000  A2-B0-C2-r4    pend=+1.318 cv=0.67 media_kcap=6.00 max=10   grado=2.43 clase=IV  (6.0s) [t=1419s]
  [P3] HET-bimodal   N=2000  A2-B0-C2-r5    pend=+1.224 cv=0.67 media_kcap=6.00 max=10   grado=2.43 clase=III (5.6s) [t=1425s]
  [P3] HET-bimodal   N=2000  A2-B0-C2-r6    pend=+0.935 cv=0.67 media_kcap=6.00 max=10   grado=2.72 clase=III (6.5s) [t=1431s]
  [P3] HET-bimodal   N=2000  A2-B0-C2-r7    pend=+1.152 cv=0.67 media_kcap=6.00 max=10   grado=2.75 clase=III (6.9s) [t=1438s]
  [P3] HET-bimodal   N=2000  A2-B0-C2-r8    pend=+1.294 cv=0.67 media_kcap=6.00 max=10   grado=2.19 clase=III (6.1s) [t=1444s]
  [P3] HET-bimodal   N=2000  A2-B0-C2-r9    pend=+1.120 cv=0.67 media_kcap=6.00 max=10   grado=2.49 clase=III (6.7s) [t=1451s]
  [P3] HET-bimodal   N=2000  A2-B0-C2-r10   pend=+1.010 cv=0.67 media_kcap=6.00 max=10   grado=2.69 clase=III (6.6s) [t=1457s]
  [P3] HET-bimodal   N=2000  A2-B0-C2-r11   pend=+1.074 cv=0.67 media_kcap=6.00 max=10   grado=2.75 clase=III (6.8s) [t=1464s]
  [P3] HET-bimodal   N=2000  A2-B0-C2-r12   pend=+1.225 cv=0.67 media_kcap=6.00 max=10   grado=2.41 clase=III (6.0s) [t=1470s]
  [P3] HET-bimodal   N=2000  A2-B0-C2-r13   pend=+1.087 cv=0.67 media_kcap=6.00 max=10   grado=2.71 clase=III (7.7s) [t=1478s]
  [P3] HET-bimodal   N=2000  A2-B0-C2-r14   pend=+1.019 cv=0.67 media_kcap=6.00 max=10   grado=2.72 clase=III (6.9s) [t=1485s]
  [P3] HET-bimodal   N=4000  A2-B0-C2-r0    pend=+1.241 cv=0.67 media_kcap=6.00 max=10   grado=2.90 clase=III (14.1s) [t=1499s]
  [P3] HET-bimodal   N=4000  A2-B0-C2-r1    pend=+1.160 cv=0.67 media_kcap=6.00 max=10   grado=2.57 clase=III (12.0s) [t=1511s]
  [P3] HET-bimodal   N=4000  A2-B0-C2-r2    pend=+1.060 cv=0.67 media_kcap=6.00 max=10   grado=2.79 clase=III (13.0s) [t=1524s]
  [P3] HET-bimodal   N=4000  A2-B0-C2-r3    pend=+1.128 cv=0.67 media_kcap=6.00 max=10   grado=2.50 clase=III (12.0s) [t=1536s]
  [P3] HET-bimodal   N=4000  A2-B0-C2-r4    pend=+1.309 cv=0.67 media_kcap=6.00 max=10   grado=2.45 clase=IV  (15.2s) [t=1551s]
  [P3] HET-bimodal   N=4000  A2-B0-C2-r5    pend=+1.151 cv=0.67 media_kcap=6.00 max=10   grado=2.40 clase=III (15.1s) [t=1566s]
  [P3] HET-bimodal   N=4000  A2-B0-C2-r6    pend=+1.067 cv=0.67 media_kcap=6.00 max=10   grado=2.87 clase=III (14.5s) [t=1581s]
  [P3] HET-bimodal   N=4000  A2-B0-C2-r7    pend=+1.186 cv=0.67 media_kcap=6.00 max=10   grado=2.85 clase=III (12.9s) [t=1594s]
  [P3] HET-bimodal   N=4000  A2-B0-C2-r8    pend=+1.097 cv=0.67 media_kcap=6.00 max=10   grado=2.22 clase=III (10.0s) [t=1604s]
  [P3] HET-bimodal   N=4000  A2-B0-C2-r9    pend=+1.164 cv=0.67 media_kcap=6.00 max=10   grado=2.51 clase=III (11.6s) [t=1615s]
  [P3] HET-bimodal   N=4000  A2-B0-C2-r10   pend=+1.151 cv=0.67 media_kcap=6.00 max=10   grado=2.61 clase=III (11.9s) [t=1627s]
  [P3] HET-bimodal   N=4000  A2-B0-C2-r11   pend=+1.153 cv=0.67 media_kcap=6.00 max=10   grado=2.78 clase=III (13.2s) [t=1640s]
  [P3] HET-bimodal   N=4000  A2-B0-C2-r12   pend=+1.182 cv=0.67 media_kcap=6.00 max=10   grado=2.47 clase=III (13.6s) [t=1654s]
  [P3] HET-bimodal   N=4000  A2-B0-C2-r13   pend=+1.141 cv=0.67 media_kcap=6.00 max=10   grado=2.80 clase=III (18.3s) [t=1672s]
  [P3] HET-bimodal   N=4000  A2-B0-C2-r14   pend=+1.175 cv=0.67 media_kcap=6.00 max=10   grado=2.76 clase=III (15.4s) [t=1688s]
  [P3] HET-potencia  N=1000  A2-B0-C2-r0    pend=+1.334 cv=3.90 media_kcap=6.00 max=622  grado=1.93 clase=III (3.4s) [t=1691s]
  [P3] HET-potencia  N=1000  A2-B0-C2-r1    pend=+1.366 cv=3.56 media_kcap=6.00 max=477  grado=1.93 clase=III (3.0s) [t=1694s]
  [P3] HET-potencia  N=1000  A2-B0-C2-r2    pend=+1.135 cv=1.76 media_kcap=6.00 max=159  grado=2.39 clase=III (3.5s) [t=1698s]
  [P3] HET-potencia  N=1000  A2-B0-C2-r3    pend=+0.858 cv=1.94 media_kcap=6.00 max=288  grado=2.54 clase=III (3.6s) [t=1701s]
  [P3] HET-potencia  N=1000  A2-B0-C2-r4    pend=+1.047 cv=1.75 media_kcap=6.01 max=189  grado=2.32 clase=IV  (3.6s) [t=1705s]
  [P3] HET-potencia  N=1000  A2-B0-C2-r5    pend=+1.119 cv=1.81 media_kcap=5.99 max=202  grado=2.30 clase=III (3.5s) [t=1708s]
  [P3] HET-potencia  N=1000  A2-B0-C2-r6    pend=+1.133 cv=2.53 media_kcap=6.00 max=369  grado=2.05 clase=III (3.5s) [t=1712s]
  [P3] HET-potencia  N=1000  A2-B0-C2-r7    pend=+1.292 cv=3.22 media_kcap=6.00 max=544  grado=1.93 clase=III (2.7s) [t=1714s]
  [P3] HET-potencia  N=1000  A2-B0-C2-r8    pend=+1.068 cv=2.12 media_kcap=6.00 max=349  grado=2.36 clase=III (2.6s) [t=1717s]
  [P3] HET-potencia  N=1000  A2-B0-C2-r9    pend=+1.087 cv=2.21 media_kcap=6.00 max=340  grado=2.45 clase=III (2.9s) [t=1720s]
  [P3] HET-potencia  N=1000  A2-B0-C2-r10   pend=+0.977 cv=1.57 media_kcap=6.00 max=113  grado=2.32 clase=III (2.6s) [t=1722s]
  [P3] HET-potencia  N=1000  A2-B0-C2-r11   pend=+1.406 cv=3.09 media_kcap=6.00 max=376  grado=1.94 clase=III (2.1s) [t=1725s]
  [P3] HET-potencia  N=1000  A2-B0-C2-r12   pend=+1.172 cv=3.22 media_kcap=6.00 max=448  grado=1.92 clase=III (2.1s) [t=1727s]
  [P3] HET-potencia  N=1000  A2-B0-C2-r13   pend=+1.037 cv=1.42 media_kcap=6.00 max=127  grado=2.43 clase=III (2.2s) [t=1729s]
  [P3] HET-potencia  N=1000  A2-B0-C2-r14   pend=+1.236 cv=1.72 media_kcap=6.00 max=181  grado=2.45 clase=III (2.1s) [t=1731s]
  [P3] HET-potencia  N=2000  A2-B0-C2-r0    pend=+1.259 cv=2.50 media_kcap=6.00 max=395  grado=2.23 clase=III (4.3s) [t=1735s]
  [P3] HET-potencia  N=2000  A2-B0-C2-r1    pend=+1.099 cv=4.95 media_kcap=6.00 max=1224 grado=1.96 clase=III (4.4s) [t=1740s]
  [P3] HET-potencia  N=2000  A2-B0-C2-r2    pend=+1.137 cv=1.60 media_kcap=6.00 max=222  grado=2.36 clase=III (4.4s) [t=1744s]
  [P3] HET-potencia  N=2000  A2-B0-C2-r3    pend=+1.109 cv=2.35 media_kcap=6.01 max=316  grado=2.27 clase=III (4.5s) [t=1749s]
  [P3] HET-potencia  N=2000  A2-B0-C2-r4    pend=+1.112 cv=1.91 media_kcap=6.00 max=235  grado=2.39 clase=IV  (4.1s) [t=1753s]
  [P3] HET-potencia  N=2000  A2-B0-C2-r5    pend=+1.269 cv=4.50 media_kcap=6.00 max=848  grado=2.00 clase=III (4.0s) [t=1757s]
  [P3] HET-potencia  N=2000  A2-B0-C2-r6    pend=+1.426 cv=3.63 media_kcap=6.00 max=878  grado=2.06 clase=III (4.6s) [t=1761s]
  [P3] HET-potencia  N=2000  A2-B0-C2-r7    pend=+1.399 cv=3.08 media_kcap=6.00 max=517  grado=2.01 clase=III (4.1s) [t=1765s]
  [P3] HET-potencia  N=2000  A2-B0-C2-r8    pend=+1.204 cv=6.37 media_kcap=6.00 max=1690 grado=2.12 clase=IV  (4.6s) [t=1770s]
  [P3] HET-potencia  N=2000  A2-B0-C2-r9    pend=+1.048 cv=1.71 media_kcap=6.00 max=167  grado=2.37 clase=III (4.6s) [t=1775s]
  [P3] HET-potencia  N=2000  A2-B0-C2-r10   pend=+1.382 cv=2.87 media_kcap=6.00 max=391  grado=2.13 clase=III (4.7s) [t=1779s]
  [P3] HET-potencia  N=2000  A2-B0-C2-r11   pend=+1.230 cv=1.67 media_kcap=6.00 max=184  grado=2.19 clase=III (4.3s) [t=1784s]
  [P3] HET-potencia  N=2000  A2-B0-C2-r12   pend=+1.052 cv=1.85 media_kcap=6.00 max=226  grado=2.32 clase=III (4.9s) [t=1789s]
  [P3] HET-potencia  N=2000  A2-B0-C2-r13   pend=+1.202 cv=1.91 media_kcap=6.00 max=265  grado=2.30 clase=III (6.0s) [t=1795s]
  [P3] HET-potencia  N=2000  A2-B0-C2-r14   pend=+1.042 cv=3.12 media_kcap=5.99 max=588  grado=2.23 clase=III (5.9s) [t=1801s]
  [P3] HET-potencia  N=4000  A2-B0-C2-r0    pend=+1.405 cv=4.80 media_kcap=6.00 max=1658 grado=2.02 clase=III (11.8s) [t=1812s]
  [P3] HET-potencia  N=4000  A2-B0-C2-r1    pend=+1.243 cv=2.48 media_kcap=6.00 max=546  grado=2.24 clase=III (9.0s) [t=1821s]
  [P3] HET-potencia  N=4000  A2-B0-C2-r2    pend=+1.456 cv=2.32 media_kcap=6.00 max=348  grado=2.11 clase=III (9.3s) [t=1831s]
  [P3] HET-potencia  N=4000  A2-B0-C2-r3    pend=+1.169 cv=2.15 media_kcap=6.00 max=533  grado=2.46 clase=III (8.8s) [t=1839s]
  [P3] HET-potencia  N=4000  A2-B0-C2-r4    pend=+1.019 cv=1.84 media_kcap=6.00 max=282  grado=2.40 clase=IV  (12.7s) [t=1852s]
  [P3] HET-potencia  N=4000  A2-B0-C2-r5    pend=+1.337 cv=8.50 media_kcap=6.00 max=3023 grado=1.85 clase=III (10.4s) [t=1862s]
  [P3] HET-potencia  N=4000  A2-B0-C2-r6    pend=+1.178 cv=2.27 media_kcap=6.00 max=436  grado=2.21 clase=III (9.5s) [t=1872s]
  [P3] HET-potencia  N=4000  A2-B0-C2-r7    pend=+1.572 cv=5.57 media_kcap=6.01 max=1775 grado=1.81 clase=III (8.4s) [t=1880s]
  [P3] HET-potencia  N=4000  A2-B0-C2-r8    pend=+1.108 cv=2.46 media_kcap=6.00 max=446  grado=2.20 clase=IV  (8.7s) [t=1889s]
  [P3] HET-potencia  N=4000  A2-B0-C2-r9    pend=+1.206 cv=2.36 media_kcap=6.00 max=440  grado=2.23 clase=III (10.6s) [t=1900s]
  [P3] HET-potencia  N=4000  A2-B0-C2-r10   pend=+1.202 cv=3.81 media_kcap=6.00 max=1147 grado=2.14 clase=III (12.6s) [t=1912s]
  [P3] HET-potencia  N=4000  A2-B0-C2-r11   pend=+1.485 cv=4.44 media_kcap=6.00 max=1451 grado=2.04 clase=III (10.4s) [t=1923s]
  [P3] HET-potencia  N=4000  A2-B0-C2-r12   pend=+1.089 cv=1.85 media_kcap=6.00 max=347  grado=2.37 clase=III (9.3s) [t=1932s]
  [P3] HET-potencia  N=4000  A2-B0-C2-r13   pend=+1.361 cv=4.09 media_kcap=6.00 max=874  grado=1.98 clase=III (9.0s) [t=1941s]
  [P3] HET-potencia  N=4000  A2-B0-C2-r14   pend=+1.391 cv=3.33 media_kcap=6.00 max=945  grado=2.02 clase=III (11.5s) [t=1953s]
CSV: /Users/alexis/Desktop/RMD/Cosmolab/Cosmogenesis/cs090_fase6_o2c_p3_heterogeneo.csv  (270 filas)

Terminado en 32.6 min. No se declara cierre — números, la lectura es de Alexis.
