patron=*_f803_disp2: 12 carpetas -> ['A2-B0-C2-batch3-r0_s471829_f803_disp2', 'A2-B0-C2-batch3-r111_s482596_f803_disp2', 'A2-B0-C2-batch3-r60_s477649_f803_disp2', 'A2-B0-C2-batch4-r10_s572799_f803_disp2', 'A2-B0-C2-batch4-r36_s575321_f803_disp2', 'A2-B0-C2-batch4-r62_s577843_f803_disp2', 'A2-B0-C2-r14_s273187_f803_disp2', 'A2-B0-C2-r17_s273478_f803_disp2', 'A2-B0-C2-r19_s273672_f803_disp2', 'A2-B0-C2-r20_s373769_f803_disp2', 'A2-B0-C2-r28_s374545_f803_disp2', 'A2-B0-C2-r39_s375612_f803_disp2']
[A2-B0-C2-batch3-r0_s471829_f803_disp2] setup + run...
[A2-B0-C2-batch3-r0_s471829_f803_disp2] exit_setup=0 t_setup=2.6s  exit_run=0 t_run=40.78s
[A2-B0-C2-batch3-r111_s482596_f803_disp2] setup + run...
[A2-B0-C2-batch3-r111_s482596_f803_disp2] exit_setup=0 t_setup=2.92s  exit_run=0 t_run=57.6s
[A2-B0-C2-batch3-r60_s477649_f803_disp2] setup + run...
[A2-B0-C2-batch3-r60_s477649_f803_disp2] exit_setup=0 t_setup=5.55s  exit_run=0 t_run=60.15s
[A2-B0-C2-batch4-r10_s572799_f803_disp2] setup + run...
[A2-B0-C2-batch4-r10_s572799_f803_disp2] exit_setup=0 t_setup=5.02s  exit_run=0 t_run=50.23s
[A2-B0-C2-batch4-r36_s575321_f803_disp2] setup + run...
[A2-B0-C2-batch4-r36_s575321_f803_disp2] exit_setup=0 t_setup=3.35s  exit_run=0 t_run=32.55s
[A2-B0-C2-batch4-r62_s577843_f803_disp2] setup + run...
[A2-B0-C2-batch4-r62_s577843_f803_disp2] exit_setup=0 t_setup=2.4s  exit_run=0 t_run=29.27s
[A2-B0-C2-r14_s273187_f803_disp2] setup + run...
[A2-B0-C2-r14_s273187_f803_disp2] exit_setup=0 t_setup=2.53s  exit_run=0 t_run=30.18s
[A2-B0-C2-r17_s273478_f803_disp2] setup + run...
[A2-B0-C2-r17_s273478_f803_disp2] exit_setup=0 t_setup=5.01s  exit_run=0 t_run=56.3s
[A2-B0-C2-r19_s273672_f803_disp2] setup + run...
[A2-B0-C2-r19_s273672_f803_disp2] exit_setup=0 t_setup=5.59s  exit_run=0 t_run=47.99s
[A2-B0-C2-r20_s373769_f803_disp2] setup + run...
[A2-B0-C2-r20_s373769_f803_disp2] exit_setup=0 t_setup=4.75s  exit_run=0 t_run=32.22s
[A2-B0-C2-r28_s374545_f803_disp2] setup + run...
[A2-B0-C2-r28_s374545_f803_disp2] exit_setup=0 t_setup=3.27s  exit_run=0 t_run=29.15s
[A2-B0-C2-r39_s375612_f803_disp2] setup + run...
[A2-B0-C2-r39_s375612_f803_disp2] exit_setup=0 t_setup=3.82s  exit_run=0 t_run=29.05s

[TOTAL] tiempo script=542.3s
