patron=*_f802_L2: 12 carpetas -> ['A2-B0-C2-batch3-r111_s482596_f802_L2', 'A2-B0-C2-batch3-r120_s483469_f802_L2', 'A2-B0-C2-batch3-r143_s485700_f802_L2', 'A2-B0-C2-batch4-r12_s572993_f802_L2', 'A2-B0-C2-batch4-r1_s571926_f802_L2', 'A2-B0-C2-batch4-r31_s574836_f802_L2', 'A2-B0-C2-batch4-r47_s576388_f802_L2', 'A2-B0-C2-r14_s273187_f802_L2', 'A2-B0-C2-r17_s273478_f802_L2', 'A2-B0-C2-r1_s271926_f802_L2', 'A2-B0-C2-r2_s372023_f802_L2', 'A2-B0-C2-r39_s375612_f802_L2']
[A2-B0-C2-batch3-r111_s482596_f802_L2] setup + run...
[A2-B0-C2-batch3-r111_s482596_f802_L2] exit_setup=0 t_setup=4.87s  exit_run=0 t_run=42.64s
[A2-B0-C2-batch3-r120_s483469_f802_L2] setup + run...
[A2-B0-C2-batch3-r120_s483469_f802_L2] exit_setup=0 t_setup=5.6s  exit_run=0 t_run=40.59s
[A2-B0-C2-batch3-r143_s485700_f802_L2] setup + run...
[A2-B0-C2-batch3-r143_s485700_f802_L2] exit_setup=0 t_setup=4.71s  exit_run=0 t_run=43.54s
[A2-B0-C2-batch4-r12_s572993_f802_L2] setup + run...
[A2-B0-C2-batch4-r12_s572993_f802_L2] exit_setup=0 t_setup=5.51s  exit_run=0 t_run=48.44s
[A2-B0-C2-batch4-r1_s571926_f802_L2] setup + run...
[A2-B0-C2-batch4-r1_s571926_f802_L2] exit_setup=0 t_setup=5.17s  exit_run=0 t_run=41.67s
[A2-B0-C2-batch4-r31_s574836_f802_L2] setup + run...
[A2-B0-C2-batch4-r31_s574836_f802_L2] exit_setup=0 t_setup=6.58s  exit_run=0 t_run=38.75s
[A2-B0-C2-batch4-r47_s576388_f802_L2] setup + run...
[A2-B0-C2-batch4-r47_s576388_f802_L2] ya tenía cosmog_00500 -- se salta
[A2-B0-C2-r14_s273187_f802_L2] setup + run...
[A2-B0-C2-r14_s273187_f802_L2] exit_setup=0 t_setup=4.97s  exit_run=0 t_run=47.72s
[A2-B0-C2-r17_s273478_f802_L2] setup + run...
[A2-B0-C2-r17_s273478_f802_L2] exit_setup=0 t_setup=6.45s  exit_run=0 t_run=50.6s
[A2-B0-C2-r1_s271926_f802_L2] setup + run...
[A2-B0-C2-r1_s271926_f802_L2] exit_setup=0 t_setup=6.42s  exit_run=0 t_run=43.73s
[A2-B0-C2-r2_s372023_f802_L2] setup + run...
[A2-B0-C2-r2_s372023_f802_L2] exit_setup=0 t_setup=6.09s  exit_run=0 t_run=48.62s
[A2-B0-C2-r39_s375612_f802_L2] setup + run...
[A2-B0-C2-r39_s375612_f802_L2] exit_setup=0 t_setup=7.29s  exit_run=0 t_run=43.77s

[TOTAL] tiempo script=553.7s
