n= 20

ell=0.6
  Phantom(FoF comun) vs nbody(FoF comun): Pearson +0.956 (p=5.4e-11)  Spearman +0.832
  sesgo medio nbody-Phantom: +0.0452   |dif| mediana 0.0473
  Phantom(sumideros) vs nbody(FoF)      : Pearson +0.844  Spearman +0.785
  Phantom(sumideros) vs IC(FoF, t=0)    : Pearson +0.980  Spearman +0.959
  nbody(FoF) vs IC(FoF, t=0)            : Pearson +0.855
  parcial (controlando IC): sumideros ~ nbody  Pearson +0.062 p=0.796

ell=1.0
  Phantom(FoF comun) vs nbody(FoF comun): Pearson +0.975 (p=3e-13)  Spearman +0.861
  sesgo medio nbody-Phantom: -0.0380   |dif| mediana 0.0415
  Phantom(sumideros) vs nbody(FoF)      : Pearson +0.806  Spearman +0.753
  Phantom(sumideros) vs IC(FoF, t=0)    : Pearson +0.820  Spearman +0.798
  nbody(FoF) vs IC(FoF, t=0)            : Pearson +0.962
  parcial (controlando IC): sumideros ~ nbody  Pearson +0.108 p=0.649

ell=2.0
  Phantom(FoF comun) vs nbody(FoF comun): Pearson +0.989 (p=2.5e-16)  Spearman +0.933
  sesgo medio nbody-Phantom: -0.1047   |dif| mediana 0.1040
  Phantom(sumideros) vs nbody(FoF)      : Pearson +0.839  Spearman +0.889
  Phantom(sumideros) vs IC(FoF, t=0)    : Pearson +0.824  Spearman +0.891
  nbody(FoF) vs IC(FoF, t=0)            : Pearson +0.992
  parcial (controlando IC): sumideros ~ nbody  Pearson +0.300 p=0.198
