[f704] 20 carpetas a correr
[A2-B0-C2-batch3-r100_f704_anticosto] setup + run...
[A2-B0-C2-batch3-r100_f704_anticosto] exit_setup=0 t_setup=0.47s  exit_run=0 t_run=9.74s
[A2-B0-C2-batch3-r100_f704_c2] setup + run...
[A2-B0-C2-batch3-r100_f704_c2] exit_setup=0 t_setup=0.72s  exit_run=0 t_run=10.46s
[A2-B0-C2-batch3-r21_f704_antisoporte] setup + run...
[A2-B0-C2-batch3-r21_f704_antisoporte] exit_setup=0 t_setup=0.68s  exit_run=0 t_run=9.72s
[A2-B0-C2-batch3-r21_f704_soporte] setup + run...
[A2-B0-C2-batch3-r21_f704_soporte] exit_setup=0 t_setup=0.73s  exit_run=0 t_run=10.45s
[A2-B0-C2-batch3-r9_f704_azar] setup + run...
[A2-B0-C2-batch3-r9_f704_azar] exit_setup=0 t_setup=0.73s  exit_run=0 t_run=9.96s
[A2-B0-C2-batch4-r18_f704_anticosto] setup + run...
[A2-B0-C2-batch4-r18_f704_anticosto] exit_setup=0 t_setup=0.74s  exit_run=0 t_run=9.49s
[A2-B0-C2-batch4-r18_f704_c2] setup + run...
[A2-B0-C2-batch4-r18_f704_c2] exit_setup=0 t_setup=0.73s  exit_run=0 t_run=9.95s
[A2-B0-C2-batch4-r43_f704_antisoporte] setup + run...
[A2-B0-C2-batch4-r43_f704_antisoporte] exit_setup=0 t_setup=0.67s  exit_run=0 t_run=9.7s
[A2-B0-C2-batch4-r43_f704_soporte] setup + run...
[A2-B0-C2-batch4-r43_f704_soporte] exit_setup=0 t_setup=0.66s  exit_run=0 t_run=9.64s
[A2-B0-C2-batch4-r51_f704_azar] setup + run...
[A2-B0-C2-batch4-r51_f704_azar] exit_setup=0 t_setup=0.73s  exit_run=0 t_run=10.87s
[A2-B0-C2-r14_f704_anticosto] setup + run...
[A2-B0-C2-r14_f704_anticosto] exit_setup=0 t_setup=0.71s  exit_run=0 t_run=9.9s
[A2-B0-C2-r14_f704_c2] setup + run...
[A2-B0-C2-r14_f704_c2] exit_setup=0 t_setup=0.75s  exit_run=0 t_run=10.13s
[A2-B0-C2-r19_f704_antisoporte] setup + run...
[A2-B0-C2-r19_f704_antisoporte] exit_setup=0 t_setup=0.73s  exit_run=0 t_run=9.61s
[A2-B0-C2-r19_f704_soporte] setup + run...
[A2-B0-C2-r19_f704_soporte] exit_setup=0 t_setup=0.66s  exit_run=0 t_run=10.02s
[A2-B0-C2-r20_f704_azar] setup + run...
[A2-B0-C2-r20_f704_azar] exit_setup=0 t_setup=0.71s  exit_run=0 t_run=10.17s
[A2-B0-C2-r28_f704_anticosto] setup + run...
[A2-B0-C2-r28_f704_anticosto] exit_setup=0 t_setup=0.7s  exit_run=0 t_run=10.28s
[A2-B0-C2-r28_f704_c2] setup + run...
[A2-B0-C2-r28_f704_c2] exit_setup=0 t_setup=0.76s  exit_run=0 t_run=10.71s
[A2-B0-C2-r2_f704_antisoporte] setup + run...
[A2-B0-C2-r2_f704_antisoporte] exit_setup=0 t_setup=0.77s  exit_run=0 t_run=10.92s
[A2-B0-C2-r2_f704_soporte] setup + run...
[A2-B0-C2-r2_f704_soporte] exit_setup=0 t_setup=0.76s  exit_run=0 t_run=10.96s
[A2-B0-C2-r9_f704_azar] setup + run...
[A2-B0-C2-r9_f704_azar] exit_setup=0 t_setup=0.85s  exit_run=0 t_run=10.73s

[TOTAL] 20/20 corridas. tiempo script=217.8s
