[f703] 3 grafos base (generar_ic=True)
[1/3] A2-B0-C2-r14 seed=273187 lote=271828
    piso: tri 19 -> 0  (16309 swaps, 1.4s)
    libre: techo_conectado tri=1337 (k=1280/1776) techo_libre=1898 [14.1s]
     conc: techo_conectado tri=1463 (k=1360/1842) techo_libre=2022 [26.7s]
     disp: techo_conectado tri=1043 (k=1024/1024) techo_libre=1043 [18.1s]
    solap: techo_conectado tri=237 (k=199/199) techo_libre=237 [17.0s]
     disj: techo_conectado tri=807 (k=805/805) techo_libre=807 [31.3s]
    T*=237  conseguidos={'libre': 237, 'conc': 237, 'disp': 237, 'solap': 237, 'disj': 237}  dif_max=0
    libre  tri=237   C=0.09650 trans=0.07376 multi=0.022 gini=0.703 Q=0.2103 nodos=0.324 comp=188 gig=1930 pend=0.7013 ic=168.19s
     conc  tri=237   C=0.07868 trans=0.07376 multi=0.302 gini=0.866 Q=0.1590 nodos=0.193 comp=80 gig=1928 pend=0.7733 ic=199.34s
     disp  tri=237   C=0.09690 trans=0.07376 multi=0.000 gini=0.644 Q=0.2149 nodos=0.355 comp=237 gig=1932 pend=0.6687 ic=200.92s
    solap  tri=237   C=0.05588 trans=0.07376 multi=0.890 gini=0.945 Q=0.0855 nodos=0.072 comp=22 gig=1888 pend=0.9464 ic=251.95s
     disj  tri=237   C=0.10187 trans=0.07376 multi=0.000 gini=0.677 Q=0.2149 nodos=0.339 comp=203 gig=1932 pend=0.7564 ic=310.63s
[2/3] A2-B0-C2-r17 seed=273478 lote=271828
    piso: tri 29 -> 0  (15669 swaps, 5.2s)
    libre: techo_conectado tri=1339 (k=1280/1729) techo_libre=1870 [52.6s]
     conc: techo_conectado tri=1355 (k=1260/1822) techo_libre=2019 [55.8s]
     disp: techo_conectado tri=1172 (k=1146/1146) techo_libre=1172 [36.3s]
    solap: techo_conectado tri=286 (k=220/220) techo_libre=286 [39.3s]
     disj: techo_conectado tri=776 (k=776/776) techo_libre=776 [56.9s]
    T*=286  conseguidos={'libre': 286, 'conc': 286, 'disp': 286, 'solap': 286, 'disj': 286}  dif_max=0
    libre  tri=286   C=0.10773 trans=0.09038 multi=0.025 gini=0.663 Q=0.2632 nodos=0.377 comp=202 gig=1862 pend=0.7493 ic=301.18s
     conc  tri=286   C=0.09607 trans=0.09038 multi=0.288 gini=0.837 Q=0.1998 nodos=0.240 comp=104 gig=1862 pend=0.8014 ic=307.8s
     disp  tri=286   C=0.11560 trans=0.09038 multi=0.001 gini=0.573 Q=0.2697 nodos=0.428 comp=285 gig=1858 pend=0.7574 ic=268.8s
    solap  tri=286   C=0.05983 trans=0.09038 multi=0.933 gini=0.945 Q=0.0941 nodos=0.072 comp=24 gig=1806 pend=0.8026 ic=252.51s
     disj  tri=286   C=0.11395 trans=0.09038 multi=0.000 gini=0.627 Q=0.2698 nodos=0.399 comp=226 gig=1862 pend=0.7965 ic=151.38s
[3/3] A2-B0-C2-r19 seed=273672 lote=271828
    piso: tri 6 -> 0  (18070 swaps, 2.4s)
    libre: techo_conectado tri=1776 (k=1680/2096) techo_libre=2241 [22.4s]
     conc: techo_conectado tri=2041 (k=1900/2219) techo_libre=2407 [28.6s]
     disp: techo_conectado tri=1284 (k=1239/1239) techo_libre=1284 [17.0s]
    solap: techo_conectado tri=788 (k=664/664) techo_libre=788 [22.7s]
     disj: techo_conectado tri=951 (k=949/949) techo_libre=951 [23.0s]
    T*=788  conseguidos={'libre': 788, 'conc': 788, 'disp': 788, 'solap': 788, 'disj': 788}  dif_max=0
    libre  tri=788   C=0.26924 trans=0.18301 multi=0.142 gini=0.444 Q=0.5495 nodos=0.741 comp=205 gig=1956 pend=0.6038 ic=76.57s
     conc  tri=788   C=0.22805 trans=0.18301 multi=0.312 gini=0.626 Q=0.4423 nodos=0.567 comp=143 gig=1958 pend=0.6327 ic=81.47s
     disp  tri=788   C=0.30444 trans=0.18301 multi=0.087 gini=0.316 Q=0.5853 nodos=0.827 comp=267 gig=1953 pend=0.7471 ic=82.16s
    solap  tri=788   C=0.14147 trans=0.18301 multi=0.887 gini=0.862 Q=0.2374 nodos=0.196 comp=36 gig=1908 pend=0.6452 ic=81.25s
     disj  tri=788   C=0.29419 trans=0.18301 multi=0.000 gini=0.332 Q=0.3073 nodos=0.831 comp=114 gig=1951 pend=0.6407 ic=57.71s

[f703] 15 filas -> cs090_fase7_f703_estructura_shard0.csv  (total 3300s)
