[verificación] 20 semillas nuevas; ancho de cadena por genealogía = 7761; separación mínima nueva-nueva = 78218; separación mínima nueva-vs-ya_usada = 23267
[verificación] saltos consecutivos entre semillas nuevas, todos distintos = True  -> no hay progresión aritmética
[verificación] OK: ninguna genealogía puede compartir una semilla individual con otra.
[diámetro] MOT._diam sustituido en memoria: _diam -> diam_gigante (medición oficial corregida, ningún archivo tocado en disco)
[shard 0/5] genealogías: ['H00_113477', 'H05_905683', 'H10_2043761', 'H15_3389417']  brazos=['C2-hard', 'C2-hibrido']
[H00_113477] seed_base=113477  admitidas=20/20  descartadas(P1-P5)=0
  [H00_113477] A2-B0-C2-r0      C2-hard     clase=II                         pend=+0.410 diam_b1=9 (2.2s) [t=3s]
  [H00_113477] A2-B0-C2-r0      C2-hibrido  clase=I                          pend=+0.502 diam_b1=10 (2.7s) [t=6s]
  [H00_113477] A2-B0-C2-r1      C2-hard     clase=III                        pend=+0.788 diam_b1=15 (2.3s) [t=8s]
  [H00_113477] A2-B0-C2-r1      C2-hibrido  clase=II                         pend=+0.442 diam_b1=9 (2.5s) [t=10s]
  [H00_113477] A2-B0-C2-r2      C2-hard     clase=I                          pend=+0.589 diam_b1=12 (2.2s) [t=13s]
  [H00_113477] A2-B0-C2-r2      C2-hibrido  clase=II                         pend=+0.390 diam_b1=8 (2.7s) [t=15s]
  [H00_113477] A2-B0-C2-r3      C2-hard     clase=III                        pend=+0.937 diam_b1=21 (1.8s) [t=17s]
  [H00_113477] A2-B0-C2-r3      C2-hibrido  clase=I                          pend=+0.593 diam_b1=11 (2.5s) [t=20s]
  [H00_113477] A2-B0-C2-r4      C2-hard     clase=III                        pend=+0.892 diam_b1=18 (2.0s) [t=22s]
  [H00_113477] A2-B0-C2-r4      C2-hibrido  clase=I                          pend=+0.605 diam_b1=11 (2.3s) [t=24s]
  [H00_113477] A2-B0-C2-r5      C2-hard     clase=I                          pend=+0.599 diam_b1=11 (2.5s) [t=26s]
  [H00_113477] A2-B0-C2-r5      C2-hibrido  clase=I                          pend=+0.638 diam_b1=10 (2.5s) [t=29s]
  [H00_113477] A2-B0-C2-r6      C2-hard     clase=III                        pend=+0.968 diam_b1=17 (2.1s) [t=31s]
  [H00_113477] A2-B0-C2-r6      C2-hibrido  clase=III                        pend=+1.004 diam_b1=13 (2.4s) [t=33s]
  [H00_113477] A2-B0-C2-r7      C2-hard     clase=III                        pend=+0.896 diam_b1=14 (2.5s) [t=36s]
  [H00_113477] A2-B0-C2-r7      C2-hibrido  clase=III                        pend=+0.936 diam_b1=13 (2.5s) [t=38s]
  [H00_113477] A2-B0-C2-r8      C2-hard     clase=III                        pend=+0.729 diam_b1=13 (2.2s) [t=41s]
  [H00_113477] A2-B0-C2-r8      C2-hibrido  clase=I                          pend=+0.617 diam_b1=12 (2.5s) [t=43s]
  [H00_113477] A2-B0-C2-r9      C2-hard     clase=I                          pend=+0.600 diam_b1=12 (2.4s) [t=46s]
  [H00_113477] A2-B0-C2-r9      C2-hibrido  clase=I                          pend=+0.560 diam_b1=10 (2.9s) [t=48s]
  [H00_113477] A2-B0-C2-r10     C2-hard     clase=III                        pend=+0.742 diam_b1=15 (2.3s) [t=51s]
  [H00_113477] A2-B0-C2-r10     C2-hibrido  clase=I                          pend=+0.636 diam_b1=12 (2.7s) [t=53s]
  [H00_113477] A2-B0-C2-r11     C2-hard     clase=III                        pend=+1.253 diam_b1=22 (2.1s) [t=56s]
  [H00_113477] A2-B0-C2-r11     C2-hibrido  clase=III                        pend=+1.149 diam_b1=16 (2.0s) [t=58s]
  [H00_113477] A2-B0-C2-r12     C2-hard     clase=III                        pend=+1.000 diam_b1=16 (2.4s) [t=60s]
  [H00_113477] A2-B0-C2-r12     C2-hibrido  clase=III                        pend=+0.827 diam_b1=11 (2.4s) [t=62s]
  [H00_113477] A2-B0-C2-r13     C2-hard     clase=I                          pend=+0.546 diam_b1=10 (3.2s) [t=66s]
  [H00_113477] A2-B0-C2-r13     C2-hibrido  clase=I                          pend=+0.638 diam_b1=10 (3.2s) [t=69s]
  [H00_113477] A2-B0-C2-r14     C2-hard     clase=I                          pend=+0.590 diam_b1=11 (2.7s) [t=72s]
  [H00_113477] A2-B0-C2-r14     C2-hibrido  clase=I                          pend=+0.505 diam_b1=9 (2.5s) [t=74s]
  [H00_113477] A2-B0-C2-r15     C2-hard     clase=I                          pend=+0.472 diam_b1=10 (2.6s) [t=77s]
  [H00_113477] A2-B0-C2-r15     C2-hibrido  clase=II                         pend=+0.396 diam_b1=8 (3.4s) [t=80s]
  [H00_113477] A2-B0-C2-r16     C2-hard     clase=I                          pend=+0.539 diam_b1=10 (2.7s) [t=83s]
  [H00_113477] A2-B0-C2-r16     C2-hibrido  clase=I                          pend=+0.590 diam_b1=10 (3.3s) [t=86s]
  [H00_113477] A2-B0-C2-r17     C2-hard     clase=I                          pend=+0.551 diam_b1=11 (3.6s) [t=90s]
  [H00_113477] A2-B0-C2-r17     C2-hibrido  clase=I                          pend=+0.492 diam_b1=9 (3.2s) [t=93s]
  [H00_113477] A2-B0-C2-r18     C2-hard     clase=I                          pend=+0.678 diam_b1=13 (2.4s) [t=95s]
  [H00_113477] A2-B0-C2-r18     C2-hibrido  clase=I                          pend=+0.547 diam_b1=11 (2.5s) [t=98s]
  [H00_113477] A2-B0-C2-r19     C2-hard     clase=I                          pend=+0.602 diam_b1=11 (2.7s) [t=101s]
  [H00_113477] A2-B0-C2-r19     C2-hibrido  clase=III                        pend=+0.710 diam_b1=12 (2.7s) [t=103s]
CSV: /Users/alexis/Desktop/RMD/Cosmolab/Cosmogenesis/cs090_fase6_o2b_genealogias_reglas_shard0.csv  (40 filas)
[H05_905683] seed_base=905683  admitidas=20/20  descartadas(P1-P5)=0
  [H05_905683] A2-B0-C2-r0      C2-hard     clase=III                        pend=+0.873 diam_b1=18 (2.3s) [t=3s]
  [H05_905683] A2-B0-C2-r0      C2-hibrido  clase=III                        pend=+0.857 diam_b1=13 (2.4s) [t=6s]
  [H05_905683] A2-B0-C2-r1      C2-hard     clase=III                        pend=+1.180 diam_b1=22 (2.1s) [t=8s]
  [H05_905683] A2-B0-C2-r1      C2-hibrido  clase=III                        pend=+1.201 diam_b1=16 (2.1s) [t=10s]
  [H05_905683] A2-B0-C2-r2      C2-hard     clase=I                          pend=+0.579 diam_b1=11 (2.4s) [t=12s]
  [H05_905683] A2-B0-C2-r2      C2-hibrido  clase=II                         pend=+0.445 diam_b1=9 (2.3s) [t=15s]
  [H05_905683] A2-B0-C2-r3      C2-hard     clase=III                        pend=+0.861 diam_b1=17 (2.0s) [t=17s]
  [H05_905683] A2-B0-C2-r3      C2-hibrido  clase=III                        pend=+0.939 diam_b1=15 (2.1s) [t=19s]
  [H05_905683] A2-B0-C2-r4      C2-hard     clase=III                        pend=+1.013 diam_b1=18 (2.4s) [t=21s]
  [H05_905683] A2-B0-C2-r4      C2-hibrido  clase=III                        pend=+0.814 diam_b1=11 (2.2s) [t=23s]
  [H05_905683] A2-B0-C2-r5      C2-hard     clase=III                        pend=+0.739 diam_b1=14 (2.3s) [t=26s]
  [H05_905683] A2-B0-C2-r5      C2-hibrido  clase=I                          pend=+0.554 diam_b1=10 (2.8s) [t=29s]
  [H05_905683] A2-B0-C2-r6      C2-hard     clase=III                        pend=+0.799 diam_b1=15 (2.5s) [t=31s]
  [H05_905683] A2-B0-C2-r6      C2-hibrido  clase=III                        pend=+0.748 diam_b1=12 (2.7s) [t=34s]
  [H05_905683] A2-B0-C2-r7      C2-hard     clase=III                        pend=+0.818 diam_b1=16 (2.6s) [t=36s]
  [H05_905683] A2-B0-C2-r7      C2-hibrido  clase=I                          pend=+0.500 diam_b1=10 (2.9s) [t=39s]
  [H05_905683] A2-B0-C2-r8      C2-hard     clase=I                          pend=+0.672 diam_b1=12 (2.6s) [t=42s]
  [H05_905683] A2-B0-C2-r8      C2-hibrido  clase=I                          pend=+0.456 diam_b1=9 (3.1s) [t=45s]
  [H05_905683] A2-B0-C2-r9      C2-hard     clase=I                          pend=+0.653 diam_b1=12 (2.5s) [t=47s]
  [H05_905683] A2-B0-C2-r9      C2-hibrido  clase=I                          pend=+0.580 diam_b1=10 (2.9s) [t=50s]
  [H05_905683] A2-B0-C2-r10     C2-hard     clase=I                          pend=+0.507 diam_b1=11 (3.2s) [t=54s]
  [H05_905683] A2-B0-C2-r10     C2-hibrido  clase=II                         pend=+0.379 diam_b1=8 (3.9s) [t=57s]
  [H05_905683] A2-B0-C2-r11     C2-hard     clase=III                        pend=+0.737 diam_b1=13 (3.2s) [t=61s]
  [H05_905683] A2-B0-C2-r11     C2-hibrido  clase=III                        pend=+0.877 diam_b1=13 (3.6s) [t=64s]
  [H05_905683] A2-B0-C2-r12     C2-hard     clase=III                        pend=+0.996 diam_b1=18 (2.9s) [t=67s]
  [H05_905683] A2-B0-C2-r12     C2-hibrido  clase=III                        pend=+1.375 diam_b1=18 (3.1s) [t=70s]
  [H05_905683] A2-B0-C2-r13     C2-hard     clase=III                        pend=+0.984 diam_b1=20 (2.9s) [t=73s]
  [H05_905683] A2-B0-C2-r13     C2-hibrido  clase=III                        pend=+0.947 diam_b1=15 (3.0s) [t=76s]
  [H05_905683] A2-B0-C2-r14     C2-hard     clase=III                        pend=+0.718 diam_b1=13 (3.0s) [t=79s]
  [H05_905683] A2-B0-C2-r14     C2-hibrido  clase=I                          pend=+0.579 diam_b1=10 (3.4s) [t=83s]
  [H05_905683] A2-B0-C2-r15     C2-hard     clase=III                        pend=+0.890 diam_b1=20 (3.1s) [t=86s]
  [H05_905683] A2-B0-C2-r15     C2-hibrido  clase=I                          pend=+0.633 diam_b1=12 (3.5s) [t=89s]
  [H05_905683] A2-B0-C2-r16     C2-hard     clase=I                          pend=+0.519 diam_b1=11 (3.6s) [t=93s]
  [H05_905683] A2-B0-C2-r16     C2-hibrido  clase=II                         pend=+0.362 diam_b1=8 (4.2s) [t=97s]
  [H05_905683] A2-B0-C2-r17     C2-hard     clase=I                          pend=+0.627 diam_b1=12 (3.5s) [t=100s]
  [H05_905683] A2-B0-C2-r17     C2-hibrido  clase=I                          pend=+0.590 diam_b1=11 (4.0s) [t=104s]
  [H05_905683] A2-B0-C2-r18     C2-hard     clase=III                        pend=+0.959 diam_b1=20 (3.2s) [t=108s]
  [H05_905683] A2-B0-C2-r18     C2-hibrido  clase=III                        pend=+1.128 diam_b1=15 (4.3s) [t=112s]
  [H05_905683] A2-B0-C2-r19     C2-hard     clase=II                         pend=+0.381 diam_b1=9 (4.8s) [t=117s]
  [H05_905683] A2-B0-C2-r19     C2-hibrido  clase=I                          pend=+0.288 diam_b1=7 (4.5s) [t=121s]
CSV: /Users/alexis/Desktop/RMD/Cosmolab/Cosmogenesis/cs090_fase6_o2b_genealogias_reglas_shard0.csv  (80 filas)
[H10_2043761] seed_base=2043761  admitidas=20/20  descartadas(P1-P5)=0
  [H10_2043761] A2-B0-C2-r0      C2-hard     clase=III                        pend=+0.769 diam_b1=14 (3.7s) [t=5s]
  [H10_2043761] A2-B0-C2-r0      C2-hibrido  clase=I                          pend=+0.681 diam_b1=11 (3.9s) [t=9s]
  [H10_2043761] A2-B0-C2-r1      C2-hard     clase=I                          pend=+0.653 diam_b1=12 (4.7s) [t=14s]
  [H10_2043761] A2-B0-C2-r1      C2-hibrido  clase=I                          pend=+0.644 diam_b1=11 (4.4s) [t=18s]
  [H10_2043761] A2-B0-C2-r2      C2-hard     clase=I                          pend=+0.689 diam_b1=13 (4.1s) [t=22s]
  [H10_2043761] A2-B0-C2-r2      C2-hibrido  clase=I                          pend=+0.583 diam_b1=10 (4.9s) [t=27s]
  [H10_2043761] A2-B0-C2-r3      C2-hard     clase=I                          pend=+0.635 diam_b1=13 (4.5s) [t=32s]
  [H10_2043761] A2-B0-C2-r3      C2-hibrido  clase=I                          pend=+0.543 diam_b1=9 (4.5s) [t=36s]
  [H10_2043761] A2-B0-C2-r4      C2-hard     clase=III                        pend=+0.863 diam_b1=16 (4.3s) [t=41s]
  [H10_2043761] A2-B0-C2-r4      C2-hibrido  clase=I                          pend=+0.650 diam_b1=11 (3.8s) [t=44s]
  [H10_2043761] A2-B0-C2-r5      C2-hard     clase=I                          pend=+0.586 diam_b1=11 (4.6s) [t=49s]
  [H10_2043761] A2-B0-C2-r5      C2-hibrido  clase=I                          pend=+0.528 diam_b1=10 (5.4s) [t=54s]
  [H10_2043761] A2-B0-C2-r6      C2-hard     clase=III                        pend=+1.088 diam_b1=20 (4.4s) [t=59s]
  [H10_2043761] A2-B0-C2-r6      C2-hibrido  clase=III                        pend=+1.344 diam_b1=17 (3.6s) [t=62s]
  [H10_2043761] A2-B0-C2-r7      C2-hard     clase=I                          pend=+0.585 diam_b1=12 (4.0s) [t=66s]
  [H10_2043761] A2-B0-C2-r7      C2-hibrido  clase=I                          pend=+0.515 diam_b1=10 (4.5s) [t=71s]
  [H10_2043761] A2-B0-C2-r8      C2-hard     clase=I                          pend=+0.694 diam_b1=14 (3.3s) [t=74s]
  [H10_2043761] A2-B0-C2-r8      C2-hibrido  clase=III                        pend=+0.762 diam_b1=12 (3.7s) [t=78s]
  [H10_2043761] A2-B0-C2-r9      C2-hard     clase=III                        pend=+0.766 diam_b1=14 (3.7s) [t=82s]
  [H10_2043761] A2-B0-C2-r9      C2-hibrido  clase=I                          pend=+0.609 diam_b1=12 (3.7s) [t=85s]
  [H10_2043761] A2-B0-C2-r10     C2-hard     clase=III                        pend=+0.768 diam_b1=15 (3.4s) [t=89s]
  [H10_2043761] A2-B0-C2-r10     C2-hibrido  clase=III                        pend=+0.790 diam_b1=14 (3.3s) [t=92s]
  [H10_2043761] A2-B0-C2-r11     C2-hard     clase=I                          pend=+0.688 diam_b1=13 (2.7s) [t=95s]
  [H10_2043761] A2-B0-C2-r11     C2-hibrido  clase=I                          pend=+0.532 diam_b1=10 (4.0s) [t=99s]
  [H10_2043761] A2-B0-C2-r12     C2-hard     clase=III                        pend=+0.813 diam_b1=16 (3.2s) [t=102s]
  [H10_2043761] A2-B0-C2-r12     C2-hibrido  clase=III                        pend=+1.015 diam_b1=15 (3.6s) [t=105s]
  [H10_2043761] A2-B0-C2-r13     C2-hard     clase=I                          pend=+0.591 diam_b1=12 (3.8s) [t=109s]
  [H10_2043761] A2-B0-C2-r13     C2-hibrido  clase=I                          pend=+0.512 diam_b1=10 (3.7s) [t=113s]
  [H10_2043761] A2-B0-C2-r14     C2-hard     clase=II                         pend=+0.370 diam_b1=9 (3.4s) [t=116s]
  [H10_2043761] A2-B0-C2-r14     C2-hibrido  clase=II                         pend=+0.392 diam_b1=8 (3.7s) [t=120s]
  [H10_2043761] A2-B0-C2-r15     C2-hard     clase=I                          pend=+0.582 diam_b1=11 (3.9s) [t=124s]
  [H10_2043761] A2-B0-C2-r15     C2-hibrido  clase=I                          pend=+0.551 diam_b1=9 (3.5s) [t=127s]
  [H10_2043761] A2-B0-C2-r16     C2-hard     clase=I                          pend=+0.450 diam_b1=10 (3.8s) [t=131s]
  [H10_2043761] A2-B0-C2-r16     C2-hibrido  clase=I                          pend=+0.541 diam_b1=11 (3.9s) [t=135s]
  [H10_2043761] A2-B0-C2-r17     C2-hard     clase=III                        pend=+0.706 diam_b1=15 (3.4s) [t=139s]
  [H10_2043761] A2-B0-C2-r17     C2-hibrido  clase=III                        pend=+0.789 diam_b1=13 (3.1s) [t=142s]
  [H10_2043761] A2-B0-C2-r18     C2-hard     clase=IV                         pend=+1.019 diam_b1=20 (2.9s) [t=144s]
  [H10_2043761] A2-B0-C2-r18     C2-hibrido  clase=IV                         pend=+1.034 diam_b1=15 (2.6s) [t=147s]
  [H10_2043761] A2-B0-C2-r19     C2-hard     clase=III                        pend=+0.748 diam_b1=14 (3.7s) [t=151s]
  [H10_2043761] A2-B0-C2-r19     C2-hibrido  clase=I                          pend=+0.535 diam_b1=10 (3.5s) [t=154s]
CSV: /Users/alexis/Desktop/RMD/Cosmolab/Cosmogenesis/cs090_fase6_o2b_genealogias_reglas_shard0.csv  (120 filas)
[H15_3389417] seed_base=3389417  admitidas=20/20  descartadas(P1-P5)=0
  [H15_3389417] A2-B0-C2-r0      C2-hard     clase=III                        pend=+0.713 diam_b1=13 (3.9s) [t=5s]
  [H15_3389417] A2-B0-C2-r0      C2-hibrido  clase=I                          pend=+0.483 diam_b1=10 (3.3s) [t=8s]
  [H15_3389417] A2-B0-C2-r1      C2-hard     clase=IV                         pend=+0.840 diam_b1=14 (3.0s) [t=11s]
  [H15_3389417] A2-B0-C2-r1      C2-hibrido  clase=III                        pend=+0.757 diam_b1=10 (3.6s) [t=15s]
  [H15_3389417] A2-B0-C2-r2      C2-hard     clase=III                        pend=+1.286 diam_b1=21 (2.8s) [t=18s]
  [H15_3389417] A2-B0-C2-r2      C2-hibrido  clase=III                        pend=+1.400 diam_b1=15 (2.8s) [t=21s]
  [H15_3389417] A2-B0-C2-r3      C2-hard     clase=III                        pend=+1.051 diam_b1=20 (3.2s) [t=24s]
  [H15_3389417] A2-B0-C2-r3      C2-hibrido  clase=III                        pend=+1.134 diam_b1=17 (3.7s) [t=28s]
  [H15_3389417] A2-B0-C2-r4      C2-hard     clase=III                        pend=+0.730 diam_b1=14 (3.5s) [t=31s]
  [H15_3389417] A2-B0-C2-r4      C2-hibrido  clase=I                          pend=+0.532 diam_b1=11 (3.6s) [t=35s]
  [H15_3389417] A2-B0-C2-r5      C2-hard     clase=III                        pend=+0.763 diam_b1=15 (3.2s) [t=38s]
  [H15_3389417] A2-B0-C2-r5      C2-hibrido  clase=I                          pend=+0.674 diam_b1=12 (4.1s) [t=42s]
  [H15_3389417] A2-B0-C2-r6      C2-hard     clase=I                          pend=+0.612 diam_b1=11 (3.2s) [t=45s]
  [H15_3389417] A2-B0-C2-r6      C2-hibrido  clase=I                          pend=+0.654 diam_b1=12 (4.0s) [t=49s]
  [H15_3389417] A2-B0-C2-r7      C2-hard     clase=III                        pend=+0.757 diam_b1=14 (3.4s) [t=53s]
  [H15_3389417] A2-B0-C2-r7      C2-hibrido  clase=I                          pend=+0.576 diam_b1=11 (3.4s) [t=56s]
  [H15_3389417] A2-B0-C2-r8      C2-hard     clase=III                        pend=+0.743 diam_b1=14 (3.5s) [t=60s]
  [H15_3389417] A2-B0-C2-r8      C2-hibrido  clase=III                        pend=+1.012 diam_b1=13 (2.5s) [t=62s]
  [H15_3389417] A2-B0-C2-r9      C2-hard     clase=I                          pend=+0.568 diam_b1=13 (3.1s) [t=65s]
  [H15_3389417] A2-B0-C2-r9      C2-hibrido  clase=I                          pend=+0.535 diam_b1=10 (3.3s) [t=69s]
  [H15_3389417] A2-B0-C2-r10     C2-hard     clase=I                          pend=+0.575 diam_b1=11 (4.0s) [t=73s]
  [H15_3389417] A2-B0-C2-r10     C2-hibrido  clase=II                         pend=+0.440 diam_b1=9 (4.8s) [t=77s]
  [H15_3389417] A2-B0-C2-r11     C2-hard     clase=III                        pend=+0.751 diam_b1=14 (4.1s) [t=81s]
  [H15_3389417] A2-B0-C2-r11     C2-hibrido  clase=I                          pend=+0.466 diam_b1=9 (3.8s) [t=85s]
  [H15_3389417] A2-B0-C2-r12     C2-hard     clase=III                        pend=+1.404 diam_b1=22 (3.3s) [t=89s]
  [H15_3389417] A2-B0-C2-r12     C2-hibrido  clase=III                        pend=+1.279 diam_b1=17 (2.6s) [t=91s]
  [H15_3389417] A2-B0-C2-r13     C2-hard     clase=I                          pend=+0.684 diam_b1=13 (3.2s) [t=94s]
  [H15_3389417] A2-B0-C2-r13     C2-hibrido  clase=I                          pend=+0.594 diam_b1=11 (3.2s) [t=98s]
  [H15_3389417] A2-B0-C2-r14     C2-hard     clase=III                        pend=+0.716 diam_b1=12 (3.0s) [t=101s]
  [H15_3389417] A2-B0-C2-r14     C2-hibrido  clase=III                        pend=+0.891 diam_b1=13 (3.4s) [t=104s]
  [H15_3389417] A2-B0-C2-r15     C2-hard     clase=III                        pend=+0.717 diam_b1=13 (3.1s) [t=107s]
  [H15_3389417] A2-B0-C2-r15     C2-hibrido  clase=III                        pend=+1.037 diam_b1=14 (3.0s) [t=110s]
  [H15_3389417] A2-B0-C2-r16     C2-hard     clase=I                          pend=+0.616 diam_b1=14 (3.1s) [t=113s]
  [H15_3389417] A2-B0-C2-r16     C2-hibrido  clase=I                          pend=+0.648 diam_b1=11 (3.6s) [t=117s]
  [H15_3389417] A2-B0-C2-r17     C2-hard     clase=II                         pend=+0.375 diam_b1=8 (3.9s) [t=121s]
  [H15_3389417] A2-B0-C2-r17     C2-hibrido  clase=I                          pend=+0.332 diam_b1=8 (3.7s) [t=124s]
  [H15_3389417] A2-B0-C2-r18     C2-hard     clase=III                        pend=+0.700 diam_b1=13 (3.1s) [t=127s]
  [H15_3389417] A2-B0-C2-r18     C2-hibrido  clase=I                          pend=+0.510 diam_b1=10 (2.9s) [t=130s]
  [H15_3389417] A2-B0-C2-r19     C2-hard     clase=III                        pend=+0.744 diam_b1=15 (3.0s) [t=133s]
  [H15_3389417] A2-B0-C2-r19     C2-hibrido  clase=I                          pend=+0.673 diam_b1=11 (3.1s) [t=136s]
CSV: /Users/alexis/Desktop/RMD/Cosmolab/Cosmogenesis/cs090_fase6_o2b_genealogias_reglas_shard0.csv  (160 filas)

[shard 0] filtro P1-P5:
   H00_113477       seed_base=113477    admitidas=20/20 descartadas=0
   H05_905683       seed_base=905683    admitidas=20/20 descartadas=0
   H10_2043761      seed_base=2043761   admitidas=20/20 descartadas=0
   H15_3389417      seed_base=3389417   admitidas=20/20 descartadas=0
[shard 0] terminado en 8.6 min, 160 filas.
