[f706] 12 carpetas a correr
[A2-B0-C2-batch3-r100_f706_alin_dil] setup + run...
[A2-B0-C2-batch3-r100_f706_alin_dil] exit_setup=0 t_setup=3.51s  exit_run=0 t_run=40.85s
[A2-B0-C2-batch3-r21_f706_alin_dil] setup + run...
[A2-B0-C2-batch3-r21_f706_alin_dil] exit_setup=0 t_setup=2.9s  exit_run=0 t_run=37.21s
[A2-B0-C2-batch3-r9_f706_alin_dil] setup + run...
[A2-B0-C2-batch3-r9_f706_alin_dil] exit_setup=0 t_setup=4.01s  exit_run=0 t_run=40.07s
[A2-B0-C2-batch4-r18_f706_alin_dil] setup + run...
[A2-B0-C2-batch4-r18_f706_alin_dil] exit_setup=0 t_setup=3.14s  exit_run=0 t_run=26.33s
[A2-B0-C2-batch4-r43_f706_alin_dil] setup + run...
[A2-B0-C2-batch4-r43_f706_alin_dil] exit_setup=0 t_setup=2.48s  exit_run=0 t_run=24.38s
[A2-B0-C2-batch4-r51_f706_alin_dil] setup + run...
[A2-B0-C2-batch4-r51_f706_alin_dil] exit_setup=0 t_setup=2.49s  exit_run=0 t_run=24.01s
[A2-B0-C2-r14_f706_alin_dil] setup + run...
[A2-B0-C2-r14_f706_alin_dil] exit_setup=0 t_setup=2.02s  exit_run=0 t_run=28.84s
[A2-B0-C2-r19_f706_alin_dil] setup + run...
[A2-B0-C2-r19_f706_alin_dil] exit_setup=0 t_setup=2.72s  exit_run=0 t_run=25.72s
[A2-B0-C2-r20_f706_alin_dil] setup + run...
[A2-B0-C2-r20_f706_alin_dil] exit_setup=0 t_setup=2.37s  exit_run=0 t_run=26.64s
[A2-B0-C2-r28_f706_alin_dil] setup + run...
[A2-B0-C2-r28_f706_alin_dil] exit_setup=0 t_setup=2.63s  exit_run=0 t_run=28.49s
[A2-B0-C2-r2_f706_alin_dil] setup + run...
[A2-B0-C2-r2_f706_alin_dil] exit_setup=0 t_setup=2.65s  exit_run=0 t_run=27.2s
[A2-B0-C2-r9_f706_alin_dil] setup + run...
[A2-B0-C2-r9_f706_alin_dil] exit_setup=0 t_setup=2.26s  exit_run=0 t_run=21.09s

[TOTAL] 12/12 corridas. tiempo script=384.1s
