patron=*_f803_disp0: 12 carpetas -> ['A2-B0-C2-batch3-r0_s471829_f803_disp0', 'A2-B0-C2-batch3-r111_s482596_f803_disp0', 'A2-B0-C2-batch3-r60_s477649_f803_disp0', 'A2-B0-C2-batch4-r10_s572799_f803_disp0', 'A2-B0-C2-batch4-r36_s575321_f803_disp0', 'A2-B0-C2-batch4-r62_s577843_f803_disp0', 'A2-B0-C2-r14_s273187_f803_disp0', 'A2-B0-C2-r17_s273478_f803_disp0', 'A2-B0-C2-r19_s273672_f803_disp0', 'A2-B0-C2-r20_s373769_f803_disp0', 'A2-B0-C2-r28_s374545_f803_disp0', 'A2-B0-C2-r39_s375612_f803_disp0']
[A2-B0-C2-batch3-r0_s471829_f803_disp0] setup + run...
[A2-B0-C2-batch3-r0_s471829_f803_disp0] exit_setup=0 t_setup=5.91s  exit_run=0 t_run=38.37s
[A2-B0-C2-batch3-r111_s482596_f803_disp0] setup + run...
[A2-B0-C2-batch3-r111_s482596_f803_disp0] exit_setup=0 t_setup=4.2s  exit_run=0 t_run=35.05s
[A2-B0-C2-batch3-r60_s477649_f803_disp0] setup + run...
[A2-B0-C2-batch3-r60_s477649_f803_disp0] exit_setup=0 t_setup=5.22s  exit_run=0 t_run=28.91s
[A2-B0-C2-batch4-r10_s572799_f803_disp0] setup + run...
[A2-B0-C2-batch4-r10_s572799_f803_disp0] exit_setup=0 t_setup=4.19s  exit_run=0 t_run=28.14s
[A2-B0-C2-batch4-r36_s575321_f803_disp0] setup + run...
[A2-B0-C2-batch4-r36_s575321_f803_disp0] exit_setup=0 t_setup=4.53s  exit_run=0 t_run=30.03s
[A2-B0-C2-batch4-r62_s577843_f803_disp0] setup + run...
[A2-B0-C2-batch4-r62_s577843_f803_disp0] exit_setup=0 t_setup=4.7s  exit_run=0 t_run=27.07s
[A2-B0-C2-r14_s273187_f803_disp0] setup + run...
[A2-B0-C2-r14_s273187_f803_disp0] exit_setup=0 t_setup=4.3s  exit_run=0 t_run=34.38s
[A2-B0-C2-r17_s273478_f803_disp0] setup + run...
[A2-B0-C2-r17_s273478_f803_disp0] exit_setup=0 t_setup=5.02s  exit_run=0 t_run=35.11s
[A2-B0-C2-r19_s273672_f803_disp0] setup + run...
[A2-B0-C2-r19_s273672_f803_disp0] exit_setup=0 t_setup=5.07s  exit_run=0 t_run=34.29s
[A2-B0-C2-r20_s373769_f803_disp0] setup + run...
[A2-B0-C2-r20_s373769_f803_disp0] exit_setup=0 t_setup=4.31s  exit_run=0 t_run=26.66s
[A2-B0-C2-r28_s374545_f803_disp0] setup + run...
[A2-B0-C2-r28_s374545_f803_disp0] exit_setup=0 t_setup=3.92s  exit_run=0 t_run=25.64s
[A2-B0-C2-r39_s375612_f803_disp0] setup + run...
[A2-B0-C2-r39_s375612_f803_disp0] exit_setup=0 t_setup=4.0s  exit_run=0 t_run=25.7s

[TOTAL] tiempo script=424.8s
