patron=*_f801_disp: 0 carpetas -> []

[TOTAL] tiempo script=0.0s
patron=*_f801_disp: 0 carpetas -> []

[TOTAL] tiempo script=0.0s
patron=*_f801_disp: 0 carpetas -> []

[TOTAL] tiempo script=0.0s
patron=*_f801_disp: 0 carpetas -> []

[TOTAL] tiempo script=0.0s
patron=*_f801_disp: 0 carpetas -> []

[TOTAL] tiempo script=0.0s
patron=*_f801_disp: 0 carpetas -> []

[TOTAL] tiempo script=0.0s
patron=*_f801_disp: 0 carpetas -> []

[TOTAL] tiempo script=0.0s
patron=*_f801_disp: 2 carpetas -> ['A2-B0-C2-batch3-r0_s471829_f801_disp', 'A2-B0-C2-batch4-r36_s575321_f801_disp']
[A2-B0-C2-batch3-r0_s471829_f801_disp] setup + run...
[A2-B0-C2-batch3-r0_s471829_f801_disp] exit_setup=0 t_setup=1.89s  exit_run=0 t_run=21.74s
[A2-B0-C2-batch4-r36_s575321_f801_disp] setup + run...
[A2-B0-C2-batch4-r36_s575321_f801_disp] exit_setup=0 t_setup=1.79s  exit_run=0 t_run=21.2s

[TOTAL] tiempo script=46.6s
patron=*_f801_disp: 8 carpetas -> ['A2-B0-C2-batch3-r0_s471829_f801_disp', 'A2-B0-C2-batch3-r60_s477649_f801_disp', 'A2-B0-C2-batch4-r10_s572799_f801_disp', 'A2-B0-C2-batch4-r36_s575321_f801_disp', 'A2-B0-C2-r14_s273187_f801_disp', 'A2-B0-C2-r17_s273478_f801_disp', 'A2-B0-C2-r20_s373769_f801_disp', 'A2-B0-C2-r39_s375612_f801_disp']
[A2-B0-C2-batch3-r0_s471829_f801_disp] setup + run...
[A2-B0-C2-batch3-r0_s471829_f801_disp] ya tenía cosmog_00500 -- se salta
[A2-B0-C2-batch3-r60_s477649_f801_disp] setup + run...
[A2-B0-C2-batch3-r60_s477649_f801_disp] exit_setup=0 t_setup=1.79s  exit_run=0 t_run=21.0s
[A2-B0-C2-batch4-r10_s572799_f801_disp] setup + run...
[A2-B0-C2-batch4-r10_s572799_f801_disp] exit_setup=0 t_setup=1.81s  exit_run=0 t_run=20.32s
[A2-B0-C2-batch4-r36_s575321_f801_disp] setup + run...
[A2-B0-C2-batch4-r36_s575321_f801_disp] ya tenía cosmog_00500 -- se salta
[A2-B0-C2-r14_s273187_f801_disp] setup + run...
[A2-B0-C2-r14_s273187_f801_disp] exit_setup=0 t_setup=2.14s  exit_run=0 t_run=22.24s
[A2-B0-C2-r17_s273478_f801_disp] setup + run...
[A2-B0-C2-r17_s273478_f801_disp] exit_setup=0 t_setup=1.67s  exit_run=0 t_run=24.22s
[A2-B0-C2-r20_s373769_f801_disp] setup + run...
[A2-B0-C2-r20_s373769_f801_disp] exit_setup=0 t_setup=1.61s  exit_run=0 t_run=19.5s
[A2-B0-C2-r39_s375612_f801_disp] setup + run...
[A2-B0-C2-r39_s375612_f801_disp] exit_setup=0 t_setup=1.76s  exit_run=0 t_run=17.94s

[TOTAL] tiempo script=136.0s
