patron=*_f803_solap0: 12 carpetas -> ['A2-B0-C2-batch3-r0_s471829_f803_solap0', 'A2-B0-C2-batch3-r111_s482596_f803_solap0', 'A2-B0-C2-batch3-r60_s477649_f803_solap0', 'A2-B0-C2-batch4-r10_s572799_f803_solap0', 'A2-B0-C2-batch4-r36_s575321_f803_solap0', 'A2-B0-C2-batch4-r62_s577843_f803_solap0', 'A2-B0-C2-r14_s273187_f803_solap0', 'A2-B0-C2-r17_s273478_f803_solap0', 'A2-B0-C2-r19_s273672_f803_solap0', 'A2-B0-C2-r20_s373769_f803_solap0', 'A2-B0-C2-r28_s374545_f803_solap0', 'A2-B0-C2-r39_s375612_f803_solap0']
[A2-B0-C2-batch3-r0_s471829_f803_solap0] setup + run...
[A2-B0-C2-batch3-r0_s471829_f803_solap0] ya tenía cosmog_00500 -- se salta
[A2-B0-C2-batch3-r111_s482596_f803_solap0] setup + run...
[A2-B0-C2-batch3-r111_s482596_f803_solap0] ya tenía cosmog_00500 -- se salta
[A2-B0-C2-batch3-r60_s477649_f803_solap0] setup + run...
[A2-B0-C2-batch3-r60_s477649_f803_solap0] ya tenía cosmog_00500 -- se salta
[A2-B0-C2-batch4-r10_s572799_f803_solap0] setup + run...
[A2-B0-C2-batch4-r10_s572799_f803_solap0] ya tenía cosmog_00500 -- se salta
[A2-B0-C2-batch4-r36_s575321_f803_solap0] setup + run...
[A2-B0-C2-batch4-r36_s575321_f803_solap0] ya tenía cosmog_00500 -- se salta
[A2-B0-C2-batch4-r62_s577843_f803_solap0] setup + run...
[A2-B0-C2-batch4-r62_s577843_f803_solap0] ya tenía cosmog_00500 -- se salta
[A2-B0-C2-r14_s273187_f803_solap0] setup + run...
[A2-B0-C2-r14_s273187_f803_solap0] ya tenía cosmog_00500 -- se salta
[A2-B0-C2-r17_s273478_f803_solap0] setup + run...
[A2-B0-C2-r17_s273478_f803_solap0] ya tenía cosmog_00500 -- se salta
[A2-B0-C2-r19_s273672_f803_solap0] setup + run...
[A2-B0-C2-r19_s273672_f803_solap0] exit_setup=0 t_setup=2.61s  exit_run=0 t_run=39.91s
[A2-B0-C2-r20_s373769_f803_solap0] setup + run...
[A2-B0-C2-r20_s373769_f803_solap0] exit_setup=0 t_setup=2.57s  exit_run=0 t_run=57.73s
[A2-B0-C2-r28_s374545_f803_solap0] setup + run...
[A2-B0-C2-r28_s374545_f803_solap0] exit_setup=0 t_setup=4.8s  exit_run=0 t_run=61.74s
[A2-B0-C2-r39_s375612_f803_solap0] setup + run...
[A2-B0-C2-r39_s375612_f803_solap0] exit_setup=0 t_setup=4.46s  exit_run=0 t_run=50.23s

[TOTAL] tiempo script=224.1s
