[sobrantes v3] 6 pares verificados contra /Users/alexis/Desktop/RMD/Cosmolab/Cosmogenesis/cs090_fase5b_candidatas_v3.csv -- clase/K/kcap OK, sin solape con los 12 ya corridos en v3
[verificacion previa] 20 pares (6 sobrantes v3 + 14 nuevos v4) verificados contra CSV de origen -- OK, ningun mismatch antes de generar IC
[1/20] generando IC A2-B0-C2-batch3-r59 (I, seed=477552)...
  -> ok, t=64s, meta verificado contra CSV
[1/20] generando IC A2-B0-C2-batch3-r58 (III, seed=477455)...
  -> ok, t=64s, meta verificado contra CSV
[2/20] generando IC A2-B0-C2-batch3-r107 (I, seed=482208)...
  -> ok, t=82s, meta verificado contra CSV
[2/20] generando IC A2-B0-C2-batch3-r71 (III, seed=478716)...
  -> ok, t=84s, meta verificado contra CSV
[3/20] generando IC A2-B0-C2-batch3-r112 (I, seed=482693)...
  -> ok, t=86s, meta verificado contra CSV
[3/20] generando IC A2-B0-C2-batch3-r108 (III, seed=482305)...
  -> ok, t=89s, meta verificado contra CSV
[4/20] generando IC A2-B0-C2-batch3-r120 (I, seed=483469)...
  -> ok, t=91s, meta verificado contra CSV
[4/20] generando IC A2-B0-C2-batch3-r111 (III, seed=482596)...
  -> ok, t=88s, meta verificado contra CSV
[5/20] generando IC A2-B0-C2-batch3-r76 (I, seed=479201)...
  -> ok, t=86s, meta verificado contra CSV
[5/20] generando IC A2-B0-C2-batch3-r26 (III, seed=474351)...
  -> ok, t=94s, meta verificado contra CSV
[6/20] generando IC A2-B0-C2-batch3-r143 (I, seed=485700)...
  -> ok, t=93s, meta verificado contra CSV
[6/20] generando IC A2-B0-C2-batch3-r70 (III, seed=478619)...
  -> ok, t=87s, meta verificado contra CSV
[7/20] generando IC A2-B0-C2-batch4-r11 (I, seed=572896)...
  -> ok, t=93s, meta verificado contra CSV
[7/20] generando IC A2-B0-C2-batch4-r0 (III, seed=571829)...
  -> ok, t=78s, meta verificado contra CSV
[8/20] generando IC A2-B0-C2-batch4-r31 (I, seed=574836)...
  -> ok, t=76s, meta verificado contra CSV
[8/20] generando IC A2-B0-C2-batch4-r1 (III, seed=571926)...
  -> ok, t=61s, meta verificado contra CSV
[9/20] generando IC A2-B0-C2-batch4-r3 (I, seed=572120)...
  -> ok, t=56s, meta verificado contra CSV
[9/20] generando IC A2-B0-C2-batch4-r9 (III, seed=572702)...
  -> ok, t=61s, meta verificado contra CSV
[10/20] generando IC A2-B0-C2-batch4-r23 (I, seed=574060)...
  -> ok, t=71s, meta verificado contra CSV
[10/20] generando IC A2-B0-C2-batch4-r10 (III, seed=572799)...
  -> ok, t=74s, meta verificado contra CSV
[11/20] generando IC A2-B0-C2-batch4-r15 (I, seed=573284)...
  -> ok, t=63s, meta verificado contra CSV
[11/20] generando IC A2-B0-C2-batch4-r62 (III, seed=577843)...
  -> ok, t=67s, meta verificado contra CSV
[12/20] generando IC A2-B0-C2-batch4-r51 (I, seed=576776)...
  -> ok, t=56s, meta verificado contra CSV
[12/20] generando IC A2-B0-C2-batch4-r36 (III, seed=575321)...
  -> ok, t=60s, meta verificado contra CSV
[13/20] generando IC A2-B0-C2-batch4-r38 (I, seed=575515)...
  -> ok, t=69s, meta verificado contra CSV
[13/20] generando IC A2-B0-C2-batch4-r72 (III, seed=578813)...
  -> ok, t=64s, meta verificado contra CSV
[14/20] generando IC A2-B0-C2-batch4-r57 (I, seed=577358)...
  -> ok, t=64s, meta verificado contra CSV
[14/20] generando IC A2-B0-C2-batch4-r43 (III, seed=576000)...
  -> ok, t=59s, meta verificado contra CSV
[15/20] generando IC A2-B0-C2-batch4-r13 (I, seed=573090)...
  -> ok, t=70s, meta verificado contra CSV
[15/20] generando IC A2-B0-C2-batch4-r94 (III, seed=580947)...
  -> ok, t=77s, meta verificado contra CSV
[16/20] generando IC A2-B0-C2-batch4-r41 (I, seed=575806)...
  -> ok, t=86s, meta verificado contra CSV
[16/20] generando IC A2-B0-C2-batch4-r12 (III, seed=572993)...
  -> ok, t=67s, meta verificado contra CSV
[17/20] generando IC A2-B0-C2-batch4-r18 (I, seed=573575)...
  -> ok, t=54s, meta verificado contra CSV
[17/20] generando IC A2-B0-C2-batch4-r19 (III, seed=573672)...
  -> ok, t=46s, meta verificado contra CSV
[18/20] generando IC A2-B0-C2-batch4-r39 (I, seed=575612)...
  -> ok, t=54s, meta verificado contra CSV
[18/20] generando IC A2-B0-C2-batch4-r26 (III, seed=574351)...
  -> ok, t=49s, meta verificado contra CSV
[19/20] generando IC A2-B0-C2-batch4-r70 (I, seed=578619)...
  -> ok, t=43s, meta verificado contra CSV
[19/20] generando IC A2-B0-C2-batch4-r47 (III, seed=576388)...
  -> ok, t=51s, meta verificado contra CSV
[20/20] generando IC A2-B0-C2-batch4-r44 (I, seed=576097)...
  -> ok, t=47s, meta verificado contra CSV
[20/20] generando IC A2-B0-C2-batch4-r28 (III, seed=574545)...
  -> ok, t=47s, meta verificado contra CSV

[TOTAL IC] generadas/verificadas para 20 pares en 2770s
[1/20] Phantom en A2-B0-C2-batch3-r59_I...
  exit_setup=0 t_setup=0.97s exit_run=0 t_run=11.53s
[1/20] Phantom en A2-B0-C2-batch3-r58_III...
  exit_setup=0 t_setup=0.91s exit_run=0 t_run=11.49s
[2/20] Phantom en A2-B0-C2-batch3-r107_I...
  exit_setup=0 t_setup=0.93s exit_run=0 t_run=10.73s
[2/20] Phantom en A2-B0-C2-batch3-r71_III...
  exit_setup=0 t_setup=0.88s exit_run=0 t_run=11.52s
[3/20] Phantom en A2-B0-C2-batch3-r112_I...
  exit_setup=0 t_setup=0.9s exit_run=0 t_run=10.97s
[3/20] Phantom en A2-B0-C2-batch3-r108_III...
  exit_setup=0 t_setup=0.91s exit_run=0 t_run=12.1s
[4/20] Phantom en A2-B0-C2-batch3-r120_I...
  exit_setup=0 t_setup=0.96s exit_run=0 t_run=11.83s
[4/20] Phantom en A2-B0-C2-batch3-r111_III...
  exit_setup=0 t_setup=0.91s exit_run=0 t_run=11.2s
[5/20] Phantom en A2-B0-C2-batch3-r76_I...
  exit_setup=0 t_setup=0.85s exit_run=0 t_run=9.92s
[5/20] Phantom en A2-B0-C2-batch3-r26_III...
  exit_setup=0 t_setup=0.82s exit_run=0 t_run=9.55s
[6/20] Phantom en A2-B0-C2-batch3-r143_I...
  exit_setup=0 t_setup=0.82s exit_run=0 t_run=9.65s
[6/20] Phantom en A2-B0-C2-batch3-r70_III...
  exit_setup=0 t_setup=0.81s exit_run=0 t_run=10.15s
[7/20] Phantom en A2-B0-C2-batch4-r11_I...
  exit_setup=0 t_setup=0.86s exit_run=0 t_run=10.25s
[7/20] Phantom en A2-B0-C2-batch4-r0_III...
  exit_setup=0 t_setup=0.9s exit_run=0 t_run=10.67s
[8/20] Phantom en A2-B0-C2-batch4-r31_I...
  exit_setup=0 t_setup=0.93s exit_run=0 t_run=10.24s
[8/20] Phantom en A2-B0-C2-batch4-r1_III...
  exit_setup=0 t_setup=0.76s exit_run=0 t_run=10.19s
[9/20] Phantom en A2-B0-C2-batch4-r3_I...
  exit_setup=0 t_setup=0.9s exit_run=0 t_run=10.17s
[9/20] Phantom en A2-B0-C2-batch4-r9_III...
  exit_setup=0 t_setup=0.81s exit_run=0 t_run=9.63s
[10/20] Phantom en A2-B0-C2-batch4-r23_I...
  exit_setup=0 t_setup=0.88s exit_run=0 t_run=10.22s
[10/20] Phantom en A2-B0-C2-batch4-r10_III...
  exit_setup=0 t_setup=0.81s exit_run=0 t_run=9.93s
[11/20] Phantom en A2-B0-C2-batch4-r15_I...
  exit_setup=0 t_setup=0.8s exit_run=0 t_run=10.32s
[11/20] Phantom en A2-B0-C2-batch4-r62_III...
  exit_setup=0 t_setup=0.96s exit_run=0 t_run=9.77s
[12/20] Phantom en A2-B0-C2-batch4-r51_I...
  exit_setup=0 t_setup=0.76s exit_run=0 t_run=9.56s
[12/20] Phantom en A2-B0-C2-batch4-r36_III...
  exit_setup=0 t_setup=0.8s exit_run=0 t_run=9.82s
[13/20] Phantom en A2-B0-C2-batch4-r38_I...
  exit_setup=0 t_setup=0.79s exit_run=0 t_run=10.28s
[13/20] Phantom en A2-B0-C2-batch4-r72_III...
  exit_setup=0 t_setup=0.92s exit_run=0 t_run=10.81s
[14/20] Phantom en A2-B0-C2-batch4-r57_I...
  exit_setup=0 t_setup=0.93s exit_run=0 t_run=10.7s
[14/20] Phantom en A2-B0-C2-batch4-r43_III...
  exit_setup=0 t_setup=0.94s exit_run=0 t_run=9.57s
[15/20] Phantom en A2-B0-C2-batch4-r13_I...
  exit_setup=0 t_setup=0.81s exit_run=0 t_run=9.77s
[15/20] Phantom en A2-B0-C2-batch4-r94_III...
  exit_setup=0 t_setup=0.82s exit_run=0 t_run=9.38s
[16/20] Phantom en A2-B0-C2-batch4-r41_I...
  exit_setup=0 t_setup=0.82s exit_run=0 t_run=9.27s
[16/20] Phantom en A2-B0-C2-batch4-r12_III...
  exit_setup=0 t_setup=0.78s exit_run=0 t_run=9.59s
[17/20] Phantom en A2-B0-C2-batch4-r18_I...
  exit_setup=0 t_setup=0.79s exit_run=0 t_run=9.47s
[17/20] Phantom en A2-B0-C2-batch4-r19_III...
  exit_setup=0 t_setup=0.82s exit_run=0 t_run=9.41s
[18/20] Phantom en A2-B0-C2-batch4-r39_I...
  exit_setup=0 t_setup=0.8s exit_run=0 t_run=9.5s
[18/20] Phantom en A2-B0-C2-batch4-r26_III...
  exit_setup=0 t_setup=0.87s exit_run=0 t_run=10.17s
[19/20] Phantom en A2-B0-C2-batch4-r70_I...
  exit_setup=0 t_setup=0.89s exit_run=0 t_run=9.66s
[19/20] Phantom en A2-B0-C2-batch4-r47_III...
  exit_setup=0 t_setup=0.89s exit_run=0 t_run=9.01s
[20/20] Phantom en A2-B0-C2-batch4-r44_I...
  exit_setup=0 t_setup=0.85s exit_run=0 t_run=9.44s
[20/20] Phantom en A2-B0-C2-batch4-r28_III...
  exit_setup=0 t_setup=0.78s exit_run=0 t_run=9.54s

[TOTAL PHANTOM] 441s

[TOTAL] 20 pares nuevos (40 corridas) -- metricas en /Users/alexis/Desktop/RMD/Cosmolab/Cosmogenesis/cs090_fase5b_escala_v4_metricas.csv -- tiempo total script=3214s
