[f706] 12 carpetas a correr
[A2-B0-C2-batch3-r100_f706_alineado] setup + run...
[A2-B0-C2-batch3-r100_f706_alineado] exit_setup=0 t_setup=3.56s  exit_run=0 t_run=40.7s
[A2-B0-C2-batch3-r21_f706_alineado] setup + run...
[A2-B0-C2-batch3-r21_f706_alineado] exit_setup=0 t_setup=2.72s  exit_run=0 t_run=31.27s
[A2-B0-C2-batch3-r9_f706_alineado] setup + run...
[A2-B0-C2-batch3-r9_f706_alineado] exit_setup=0 t_setup=4.1s  exit_run=0 t_run=32.57s
[A2-B0-C2-batch4-r18_f706_alineado] setup + run...
[A2-B0-C2-batch4-r18_f706_alineado] exit_setup=0 t_setup=4.52s  exit_run=0 t_run=24.68s
[A2-B0-C2-batch4-r43_f706_alineado] setup + run...
[A2-B0-C2-batch4-r43_f706_alineado] exit_setup=0 t_setup=2.72s  exit_run=0 t_run=23.44s
[A2-B0-C2-batch4-r51_f706_alineado] setup + run...
[A2-B0-C2-batch4-r51_f706_alineado] exit_setup=0 t_setup=2.43s  exit_run=0 t_run=24.02s
[A2-B0-C2-r14_f706_alineado] setup + run...
[A2-B0-C2-r14_f706_alineado] exit_setup=0 t_setup=2.33s  exit_run=0 t_run=23.94s
[A2-B0-C2-r19_f706_alineado] setup + run...
[A2-B0-C2-r19_f706_alineado] exit_setup=0 t_setup=3.54s  exit_run=0 t_run=25.11s
[A2-B0-C2-r20_f706_alineado] setup + run...
[A2-B0-C2-r20_f706_alineado] exit_setup=0 t_setup=2.53s  exit_run=0 t_run=22.85s
[A2-B0-C2-r28_f706_alineado] setup + run...
[A2-B0-C2-r28_f706_alineado] exit_setup=0 t_setup=2.74s  exit_run=0 t_run=25.46s
[A2-B0-C2-r2_f706_alineado] setup + run...
[A2-B0-C2-r2_f706_alineado] exit_setup=0 t_setup=3.12s  exit_run=0 t_run=24.78s
[A2-B0-C2-r9_f706_alineado] setup + run...
[A2-B0-C2-r9_f706_alineado] exit_setup=0 t_setup=3.24s  exit_run=0 t_run=24.91s

[TOTAL] 12/12 corridas. tiempo script=361.3s
