patron=*_f803_disp1: 12 carpetas -> ['A2-B0-C2-batch3-r0_s471829_f803_disp1', 'A2-B0-C2-batch3-r111_s482596_f803_disp1', 'A2-B0-C2-batch3-r60_s477649_f803_disp1', 'A2-B0-C2-batch4-r10_s572799_f803_disp1', 'A2-B0-C2-batch4-r36_s575321_f803_disp1', 'A2-B0-C2-batch4-r62_s577843_f803_disp1', 'A2-B0-C2-r14_s273187_f803_disp1', 'A2-B0-C2-r17_s273478_f803_disp1', 'A2-B0-C2-r19_s273672_f803_disp1', 'A2-B0-C2-r20_s373769_f803_disp1', 'A2-B0-C2-r28_s374545_f803_disp1', 'A2-B0-C2-r39_s375612_f803_disp1']
[A2-B0-C2-batch3-r0_s471829_f803_disp1] setup + run...
[A2-B0-C2-batch3-r0_s471829_f803_disp1] ya tenía cosmog_00500 -- se salta
[A2-B0-C2-batch3-r111_s482596_f803_disp1] setup + run...
[A2-B0-C2-batch3-r111_s482596_f803_disp1] exit_setup=0 t_setup=2.52s  exit_run=0 t_run=38.66s
[A2-B0-C2-batch3-r60_s477649_f803_disp1] setup + run...
[A2-B0-C2-batch3-r60_s477649_f803_disp1] exit_setup=0 t_setup=2.96s  exit_run=0 t_run=56.85s
[A2-B0-C2-batch4-r10_s572799_f803_disp1] setup + run...
[A2-B0-C2-batch4-r10_s572799_f803_disp1] exit_setup=0 t_setup=5.44s  exit_run=0 t_run=59.65s
[A2-B0-C2-batch4-r36_s575321_f803_disp1] setup + run...
[A2-B0-C2-batch4-r36_s575321_f803_disp1] ya tenía cosmog_00500 -- se salta
[A2-B0-C2-batch4-r62_s577843_f803_disp1] setup + run...
[A2-B0-C2-batch4-r62_s577843_f803_disp1] exit_setup=0 t_setup=4.9s  exit_run=0 t_run=48.27s
[A2-B0-C2-r14_s273187_f803_disp1] setup + run...
[A2-B0-C2-r14_s273187_f803_disp1] exit_setup=0 t_setup=5.05s  exit_run=0 t_run=30.99s
[A2-B0-C2-r17_s273478_f803_disp1] setup + run...
[A2-B0-C2-r17_s273478_f803_disp1] exit_setup=0 t_setup=2.64s  exit_run=0 t_run=29.26s
[A2-B0-C2-r19_s273672_f803_disp1] setup + run...
[A2-B0-C2-r19_s273672_f803_disp1] exit_setup=0 t_setup=2.39s  exit_run=0 t_run=29.94s
[A2-B0-C2-r20_s373769_f803_disp1] setup + run...
[A2-B0-C2-r20_s373769_f803_disp1] exit_setup=0 t_setup=3.45s  exit_run=0 t_run=54.55s
[A2-B0-C2-r28_s374545_f803_disp1] setup + run...
[A2-B0-C2-r28_s374545_f803_disp1] exit_setup=0 t_setup=5.6s  exit_run=0 t_run=48.94s
[A2-B0-C2-r39_s375612_f803_disp1] setup + run...
[A2-B0-C2-r39_s375612_f803_disp1] exit_setup=0 t_setup=4.88s  exit_run=0 t_run=32.96s

[TOTAL] tiempo script=469.9s
