20 reglas únicas, dt=0.002, eps=0.6, 250 pasos c/u, 6 procesos
  [ok] A2-B0-C2-batch3-r120       I   dE/E=-1.58e-06 fof=0.2980 (255.6s)
  [ok] A2-B0-C2-r1                I   dE/E=-1.70e-06 fof=0.1800 (256.4s)
  [ok] A2-B0-C2-batch3-r111       III dE/E=-1.83e-06 fof=0.3155 (256.8s)
  [ok] A2-B0-C2-r17               III dE/E=-3.81e-06 fof=0.2950 (257.8s)
  [ok] A2-B0-C2-batch4-r10        III dE/E=-3.66e-06 fof=0.3265 (257.8s)
  [ok] A2-B0-C2-batch4-r23        I   dE/E=-3.39e-06 fof=0.3125 (259.2s)
  [ok] A2-B0-C2-batch3-r104       I   dE/E=-2.53e-06 fof=0.3265 (273.2s)
  [ok] A2-B0-C2-batch3-r60        III dE/E=-2.82e-06 fof=0.3525 (277.8s)
  [ok] A2-B0-C2-r12v1fix          I   dE/E=-7.80e-07 fof=0.1065 (276.8s)
  [ok] A2-B0-C2-batch3-r58        III dE/E=-2.11e-06 fof=0.3365 (276.1s)
  [ok] A2-B0-C2-r19               III dE/E=-2.02e-06 fof=0.2570 (277.7s)
  [ok] A2-B0-C2-batch3-r59        I   dE/E=-1.96e-06 fof=0.3160 (280.4s)
  [ok] A2-B0-C2-batch4-r39        I   dE/E=-1.41e-06 fof=0.3130 (312.7s)
  [ok] A2-B0-C2-r6                I   dE/E=-2.47e-06 fof=0.2805 (310.9s)
  [ok] A2-B0-C2-batch4-r26        III dE/E=-1.47e-06 fof=0.3070 (311.3s)
  [ok] A2-B0-C2-batch4-r38        I   dE/E=-2.04e-06 fof=0.2955 (311.6s)
  [ok] A2-B0-C2-r14               III dE/E=-2.11e-06 fof=0.3040 (313.6s)
  [ok] A2-B0-C2-batch4-r72        III dE/E=-3.33e-06 fof=0.3000 (312.9s)
  [ok] A2-B0-C2-r9                I   dE/E=-1.77e-06 fof=0.2360 (217.2s)
  [ok] A2-B0-C2-r39               III dE/E=-1.38e-06 fof=0.2020 (217.3s)
escrito /Users/alexis/Desktop/RMD/Cosmolab/Cosmogenesis/cs090_fase6_o4a_corridas_nbody.csv en 1076.3 s
