[f706] 12 carpetas a correr
[A2-B0-C2-batch3-r100_f706_perm_dil] setup + run...
[A2-B0-C2-batch3-r100_f706_perm_dil] exit_setup=0 t_setup=3.06s  exit_run=0 t_run=40.82s
[A2-B0-C2-batch3-r21_f706_perm_dil] setup + run...
[A2-B0-C2-batch3-r21_f706_perm_dil] exit_setup=0 t_setup=2.49s  exit_run=0 t_run=37.44s
[A2-B0-C2-batch3-r9_f706_perm_dil] setup + run...
[A2-B0-C2-batch3-r9_f706_perm_dil] exit_setup=0 t_setup=3.72s  exit_run=0 t_run=40.31s
[A2-B0-C2-batch4-r18_f706_perm_dil] setup + run...
[A2-B0-C2-batch4-r18_f706_perm_dil] exit_setup=0 t_setup=3.17s  exit_run=0 t_run=26.48s
[A2-B0-C2-batch4-r43_f706_perm_dil] setup + run...
[A2-B0-C2-batch4-r43_f706_perm_dil] exit_setup=0 t_setup=2.02s  exit_run=0 t_run=24.57s
[A2-B0-C2-batch4-r51_f706_perm_dil] setup + run...
[A2-B0-C2-batch4-r51_f706_perm_dil] exit_setup=0 t_setup=2.16s  exit_run=0 t_run=23.97s
[A2-B0-C2-r14_f706_perm_dil] setup + run...
[A2-B0-C2-r14_f706_perm_dil] exit_setup=0 t_setup=2.26s  exit_run=0 t_run=29.1s
[A2-B0-C2-r19_f706_perm_dil] setup + run...
[A2-B0-C2-r19_f706_perm_dil] exit_setup=0 t_setup=2.57s  exit_run=0 t_run=25.93s
[A2-B0-C2-r20_f706_perm_dil] setup + run...
[A2-B0-C2-r20_f706_perm_dil] exit_setup=0 t_setup=2.16s  exit_run=0 t_run=26.51s
[A2-B0-C2-r28_f706_perm_dil] setup + run...
[A2-B0-C2-r28_f706_perm_dil] exit_setup=0 t_setup=2.51s  exit_run=0 t_run=28.04s
[A2-B0-C2-r2_f706_perm_dil] setup + run...
[A2-B0-C2-r2_f706_perm_dil] exit_setup=0 t_setup=2.54s  exit_run=0 t_run=27.43s
[A2-B0-C2-r9_f706_perm_dil] setup + run...
[A2-B0-C2-r9_f706_perm_dil] exit_setup=0 t_setup=2.07s  exit_run=0 t_run=21.43s

[TOTAL] 12/12 corridas. tiempo script=382.8s
