patron=*_f803_solap1: 12 carpetas -> ['A2-B0-C2-batch3-r0_s471829_f803_solap1', 'A2-B0-C2-batch3-r111_s482596_f803_solap1', 'A2-B0-C2-batch3-r60_s477649_f803_solap1', 'A2-B0-C2-batch4-r10_s572799_f803_solap1', 'A2-B0-C2-batch4-r36_s575321_f803_solap1', 'A2-B0-C2-batch4-r62_s577843_f803_solap1', 'A2-B0-C2-r14_s273187_f803_solap1', 'A2-B0-C2-r17_s273478_f803_solap1', 'A2-B0-C2-r19_s273672_f803_solap1', 'A2-B0-C2-r20_s373769_f803_solap1', 'A2-B0-C2-r28_s374545_f803_solap1', 'A2-B0-C2-r39_s375612_f803_solap1']
[A2-B0-C2-batch3-r0_s471829_f803_solap1] setup + run...
[A2-B0-C2-batch3-r0_s471829_f803_solap1] exit_setup=0 t_setup=3.14s  exit_run=0 t_run=40.47s
[A2-B0-C2-batch3-r111_s482596_f803_solap1] setup + run...
[A2-B0-C2-batch3-r111_s482596_f803_solap1] exit_setup=0 t_setup=2.83s  exit_run=0 t_run=57.99s
[A2-B0-C2-batch3-r60_s477649_f803_solap1] setup + run...
[A2-B0-C2-batch3-r60_s477649_f803_solap1] exit_setup=0 t_setup=5.9s  exit_run=0 t_run=60.64s
[A2-B0-C2-batch4-r10_s572799_f803_solap1] setup + run...
[A2-B0-C2-batch4-r10_s572799_f803_solap1] exit_setup=0 t_setup=5.46s  exit_run=0 t_run=50.37s
[A2-B0-C2-batch4-r36_s575321_f803_solap1] setup + run...
[A2-B0-C2-batch4-r36_s575321_f803_solap1] exit_setup=0 t_setup=3.05s  exit_run=0 t_run=32.29s
[A2-B0-C2-batch4-r62_s577843_f803_solap1] setup + run...
[A2-B0-C2-batch4-r62_s577843_f803_solap1] exit_setup=0 t_setup=2.12s  exit_run=0 t_run=30.09s
[A2-B0-C2-r14_s273187_f803_solap1] setup + run...
[A2-B0-C2-r14_s273187_f803_solap1] exit_setup=0 t_setup=2.19s  exit_run=0 t_run=33.82s
[A2-B0-C2-r17_s273478_f803_solap1] setup + run...
[A2-B0-C2-r17_s273478_f803_solap1] exit_setup=0 t_setup=5.35s  exit_run=0 t_run=58.89s
[A2-B0-C2-r19_s273672_f803_solap1] setup + run...
[A2-B0-C2-r19_s273672_f803_solap1] exit_setup=0 t_setup=6.27s  exit_run=0 t_run=46.07s
[A2-B0-C2-r20_s373769_f803_solap1] setup + run...
[A2-B0-C2-r20_s373769_f803_solap1] exit_setup=0 t_setup=3.69s  exit_run=0 t_run=33.06s
[A2-B0-C2-r28_s374545_f803_solap1] setup + run...
[A2-B0-C2-r28_s374545_f803_solap1] exit_setup=0 t_setup=3.29s  exit_run=0 t_run=32.01s
[A2-B0-C2-r39_s375612_f803_solap1] setup + run...
[A2-B0-C2-r39_s375612_f803_solap1] exit_setup=0 t_setup=2.61s  exit_run=0 t_run=29.36s

[TOTAL] tiempo script=551.0s
