patron=*_f803_disp0: 12 carpetas -> ['A2-B0-C2-batch3-r0_s471829_f803_disp0', 'A2-B0-C2-batch3-r111_s482596_f803_disp0', 'A2-B0-C2-batch3-r60_s477649_f803_disp0', 'A2-B0-C2-batch4-r10_s572799_f803_disp0', 'A2-B0-C2-batch4-r36_s575321_f803_disp0', 'A2-B0-C2-batch4-r62_s577843_f803_disp0', 'A2-B0-C2-r14_s273187_f803_disp0', 'A2-B0-C2-r17_s273478_f803_disp0', 'A2-B0-C2-r19_s273672_f803_disp0', 'A2-B0-C2-r20_s373769_f803_disp0', 'A2-B0-C2-r28_s374545_f803_disp0', 'A2-B0-C2-r39_s375612_f803_disp0']
[A2-B0-C2-batch3-r0_s471829_f803_disp0] setup + run...
[A2-B0-C2-batch3-r0_s471829_f803_disp0] ya tenía cosmog_00500 -- se salta
[A2-B0-C2-batch3-r111_s482596_f803_disp0] setup + run...
[A2-B0-C2-batch3-r111_s482596_f803_disp0] ya tenía cosmog_00500 -- se salta
[A2-B0-C2-batch3-r60_s477649_f803_disp0] setup + run...
[A2-B0-C2-batch3-r60_s477649_f803_disp0] ya tenía cosmog_00500 -- se salta
[A2-B0-C2-batch4-r10_s572799_f803_disp0] setup + run...
[A2-B0-C2-batch4-r10_s572799_f803_disp0] ya tenía cosmog_00500 -- se salta
[A2-B0-C2-batch4-r36_s575321_f803_disp0] setup + run...
[A2-B0-C2-batch4-r36_s575321_f803_disp0] ya tenía cosmog_00500 -- se salta
[A2-B0-C2-batch4-r62_s577843_f803_disp0] setup + run...
[A2-B0-C2-batch4-r62_s577843_f803_disp0] ya tenía cosmog_00500 -- se salta
[A2-B0-C2-r14_s273187_f803_disp0] setup + run...
[A2-B0-C2-r14_s273187_f803_disp0] ya tenía cosmog_00500 -- se salta
[A2-B0-C2-r17_s273478_f803_disp0] setup + run...
[A2-B0-C2-r17_s273478_f803_disp0] ya tenía cosmog_00500 -- se salta
[A2-B0-C2-r19_s273672_f803_disp0] setup + run...
[A2-B0-C2-r19_s273672_f803_disp0] ya tenía cosmog_00500 -- se salta
[A2-B0-C2-r20_s373769_f803_disp0] setup + run...
[A2-B0-C2-r20_s373769_f803_disp0] ya tenía cosmog_00500 -- se salta
[A2-B0-C2-r28_s374545_f803_disp0] setup + run...
[A2-B0-C2-r28_s374545_f803_disp0] ya tenía cosmog_00500 -- se salta
[A2-B0-C2-r39_s375612_f803_disp0] setup + run...
[A2-B0-C2-r39_s375612_f803_disp0] ya tenía cosmog_00500 -- se salta

[TOTAL] tiempo script=0.0s
