[f704] 20 carpetas a correr
[A2-B0-C2-batch3-r100_f704_azar] setup + run...
[A2-B0-C2-batch3-r100_f704_azar] exit_setup=0 t_setup=0.81s  exit_run=0 t_run=10.71s
[A2-B0-C2-batch3-r21_f704_anticosto] setup + run...
[A2-B0-C2-batch3-r21_f704_anticosto] exit_setup=0 t_setup=0.69s  exit_run=0 t_run=9.65s
[A2-B0-C2-batch3-r21_f704_c2] setup + run...
[A2-B0-C2-batch3-r21_f704_c2] exit_setup=0 t_setup=0.76s  exit_run=0 t_run=10.17s
[A2-B0-C2-batch3-r9_f704_antisoporte] setup + run...
[A2-B0-C2-batch3-r9_f704_antisoporte] exit_setup=0 t_setup=0.85s  exit_run=0 t_run=10.12s
[A2-B0-C2-batch3-r9_f704_soporte] setup + run...
[A2-B0-C2-batch3-r9_f704_soporte] exit_setup=0 t_setup=0.64s  exit_run=0 t_run=10.12s
[A2-B0-C2-batch4-r18_f704_azar] setup + run...
[A2-B0-C2-batch4-r18_f704_azar] exit_setup=0 t_setup=0.62s  exit_run=0 t_run=10.15s
[A2-B0-C2-batch4-r43_f704_anticosto] setup + run...
[A2-B0-C2-batch4-r43_f704_anticosto] exit_setup=0 t_setup=0.66s  exit_run=0 t_run=10.3s
[A2-B0-C2-batch4-r43_f704_c2] setup + run...
[A2-B0-C2-batch4-r43_f704_c2] exit_setup=0 t_setup=0.67s  exit_run=0 t_run=9.88s
[A2-B0-C2-batch4-r51_f704_antisoporte] setup + run...
[A2-B0-C2-batch4-r51_f704_antisoporte] exit_setup=0 t_setup=0.7s  exit_run=0 t_run=10.42s
[A2-B0-C2-batch4-r51_f704_soporte] setup + run...
[A2-B0-C2-batch4-r51_f704_soporte] exit_setup=0 t_setup=0.71s  exit_run=0 t_run=10.22s
[A2-B0-C2-r14_f704_azar] setup + run...
[A2-B0-C2-r14_f704_azar] exit_setup=0 t_setup=0.87s  exit_run=0 t_run=10.42s
[A2-B0-C2-r19_f704_anticosto] setup + run...
[A2-B0-C2-r19_f704_anticosto] exit_setup=0 t_setup=0.66s  exit_run=0 t_run=10.1s
[A2-B0-C2-r19_f704_c2] setup + run...
[A2-B0-C2-r19_f704_c2] exit_setup=0 t_setup=0.63s  exit_run=0 t_run=10.01s
[A2-B0-C2-r20_f704_antisoporte] setup + run...
[A2-B0-C2-r20_f704_antisoporte] exit_setup=0 t_setup=0.65s  exit_run=0 t_run=10.35s
[A2-B0-C2-r20_f704_soporte] setup + run...
[A2-B0-C2-r20_f704_soporte] exit_setup=0 t_setup=0.65s  exit_run=0 t_run=10.51s
[A2-B0-C2-r28_f704_azar] setup + run...
[A2-B0-C2-r28_f704_azar] exit_setup=0 t_setup=0.68s  exit_run=0 t_run=10.98s
[A2-B0-C2-r2_f704_anticosto] setup + run...
[A2-B0-C2-r2_f704_anticosto] exit_setup=0 t_setup=0.72s  exit_run=0 t_run=10.6s
[A2-B0-C2-r2_f704_c2] setup + run...
[A2-B0-C2-r2_f704_c2] exit_setup=0 t_setup=0.73s  exit_run=0 t_run=11.41s
[A2-B0-C2-r9_f704_antisoporte] setup + run...
[A2-B0-C2-r9_f704_antisoporte] exit_setup=0 t_setup=0.8s  exit_run=0 t_run=11.64s
[A2-B0-C2-r9_f704_soporte] setup + run...
[A2-B0-C2-r9_f704_soporte] exit_setup=0 t_setup=0.69s  exit_run=0 t_run=9.7s

[TOTAL] 20/20 corridas. tiempo script=221.7s
