==============================================================================
F7-05 · PASO 4 — separar densidad de geometría sin coeficientes basura
==============================================================================

==============================================================================
A. EJES ORTOGONALES (PCA de densidad + geometría)
==============================================================================
n=254   varianza explicada: eje común 99.726%, eje 'geometría-que-no-es-densidad' 0.274%
cargas eje común:  dens +0.707  geo -0.707
cargas eje 2:      dens +0.707  geo +0.707
  (el eje 2 tiene cargas de igual signo: es 'geometría MÁS agrupada de lo que
   su nº de aristas haría esperar', es decir el residuo estructural.)

masa ~ eje_comun + eje_geo_no_dens    R²=0.706   (VIF = 1.0 por construcción)
   eje_comun         beta=-0.821 ± 0.034   p=8.2e-67
   eje_geo_no_dens   beta=-0.180 ± 0.034   p=3.18e-07
   rho(masa, eje_geo_no_dens) = -0.093 (p=0.14)

mismo modelo + experimento de origen   R²=0.895
   eje_comun         beta=-0.874 ± 0.026   p=5.87e-92
   eje_geo_no_dens   beta=-0.273 ± 0.022   p=5.86e-27

masa ~ eje_comun + eje_geo_no_dens + pendiente   n=217  R²=0.926
   eje_comun          beta=-0.931 ± 0.019   p=6.69e-118
   eje_geo_no_dens    beta=-0.279 ± 0.019   p=1.4e-34
   pendiente          beta=+0.007 ± 0.019   p=0.699

==============================================================================
B. ESTRATOS DE DENSIDAD IGUALADA
==============================================================================
Dentro de cada banda angosta de grado medio la densidad casi no varía.
Si algo más ordena la masa ahí adentro, ese algo NO es densidad.

--- 4 bandas ---
   geo    : rho por banda = [+0.77, -0.05, +0.67, +0.88]   n=[64,63,63,64]
            combinado (Fisher) z=+12.32  p=7.42e-35   rho medio=+0.657
   geo_cv : rho por banda = [-0.44, +0.12, -0.31, -0.52]   n=[64,63,63,64]
            combinado (Fisher) z=-4.92  p=8.65e-07   rho medio=-0.305
   pend   : rho por banda = [+0.37, +0.27, +0.69, +0.45]   n=[55,52,57,53]
            combinado (Fisher) z=+7.24  p=4.57e-13   rho medio=+0.461
   kcap   : rho por banda = [-0.82, -0.12, -0.56]   n=[61,63,59]
            combinado (Fisher) z=-8.27  p=1.33e-16   rho medio=-0.560

--- 6 bandas ---
   geo    : rho por banda = [+0.55, -0.03, -0.04, +0.53, +0.80, +0.74]   n=[43,42,42,43,41,43]
            combinado (Fisher) z=+8.15  p=3.76e-16   rho medio=+0.486
   geo_cv : rho por banda = [-0.18, -0.32, +0.24, -0.24, -0.04, -0.53]   n=[43,42,42,43,41,43]
            combinado (Fisher) z=-2.96  p=0.00307   rho medio=-0.188
   pend   : rho por banda = [+0.23, +0.47, +0.28, +0.62, +0.56, +0.21]   n=[35,38,34,39,35,36]
            combinado (Fisher) z=+6.19  p=6.1e-10   rho medio=+0.407
   kcap   : rho por banda = [-0.58, -0.14, +0.22, -0.31]   n=[40,43,41,38]
            combinado (Fisher) z=-2.71  p=0.0067   rho medio=-0.223

--- 8 bandas ---
   geo    : rho por banda = [+0.39, +0.34, -0.17, -0.08, +0.74, +0.41, +0.69, +0.59]   n=[32,32,33,30,32,31,32,32]
            combinado (Fisher) z=+6.53  p=6.71e-11   rho medio=+0.404
   geo_cv : rho por banda = [-0.10, -0.24, -0.05, +0.21, -0.25, -0.11, -0.18, -0.49]   n=[32,32,33,30,32,31,32,32]
            combinado (Fisher) z=-2.41  p=0.0157   rho medio=-0.155
   pend   : rho por banda = [+0.07, +0.50, +0.20, +0.18, +0.52, +0.65, +0.16, +0.16]   n=[26,29,29,23,29,28,23,30]
            combinado (Fisher) z=+4.78  p=1.71e-06   rho medio=+0.322
   kcap   : rho por banda = [-0.41, -0.08, +0.01, -0.28, -0.30]   n=[32,32,31,29,30]
            combinado (Fisher) z=-2.60  p=0.00931   rho medio=-0.218

--- El control fino: DENTRO de cada banda, ¿la geometría sigue ordenando la
    masa una vez que se le descuenta la densidad residual de la propia banda? ---
   geo         4 bandas: r parcial(masa, geo | dens) = [+0.02, -0.17, -0.06, +0.24]  ->  z=+0.10, p=0.917
   geo         6 bandas: r parcial(masa, geo | dens) = [+0.12, -0.26, -0.18, -0.10, +0.33, +0.06]  ->  z=-0.07, p=0.945
   geo         8 bandas: r parcial(masa, geo | dens) = [-0.08, -0.33, -0.09, -0.21, -0.11, +0.21, +0.33, -0.16]  ->  z=-0.82, p=0.411
   geo_cv      4 bandas: r parcial(masa, geo_cv | dens) = [+0.92, +0.89, +0.65, +0.51]  ->  z=+16.75, p=5.91e-63
   geo_cv      6 bandas: r parcial(masa, geo_cv | dens) = [+0.95, +0.83, +0.88, +0.62, +0.85, -0.20]  ->  z=+15.52, p=2.48e-54
   geo_cv      8 bandas: r parcial(masa, geo_cv | dens) = [+0.97, +0.85, +0.92, +0.88, +0.64, +0.80, +0.71, -0.52]  ->  z=+15.78, p=4.16e-56
   pico_local  4 bandas: r parcial(masa, pico_local | dens) = [+0.32, +0.17, +0.55, +0.04]  ->  z=+4.51, p=6.51e-06
   pico_local  6 bandas: r parcial(masa, pico_local | dens) = [+0.35, +0.34, +0.18, +0.56, +0.23, +0.42]  ->  z=+5.59, p=2.28e-08
   pico_local  8 bandas: r parcial(masa, pico_local | dens) = [+0.60, +0.43, +0.09, +0.16, +0.54, +0.48, +0.32, +0.55]  ->  z=+6.48, p=9.22e-11
   pend        4 bandas: r parcial(masa, pend | dens) = [-0.06, +0.14, +0.57, -0.09]  ->  z=+2.33, p=0.0198
   pend        6 bandas: r parcial(masa, pend | dens) = [-0.13, +0.06, +0.43, +0.62, -0.10, +0.19]  ->  z=+2.86, p=0.0042
   pend        8 bandas: r parcial(masa, pend | dens) = [-0.00, -0.17, -0.02, +0.61, +0.57, +0.62, -0.22, +0.28]  ->  z=+3.30, p=0.000976

==============================================================================
C. O3-B — GEMELOS CON LA MISMA DENSIDAD EXACTA (n=12 pares)
==============================================================================
pares completos: 12
verificación de que la densidad está fijada por construcción: max |dens_orig - dens_rewire| = 0.000e+00
verificación nº de aristas idéntico: 12/12

Diferencias original − gemelo rebarajado (mediana, signos, Wilcoxon):
   d_masa                 mediana=+0.00500  gana_orig=9/12  p_signos=0.1460  p_wilcoxon=0.0093
   d_geo                  mediana=-0.00475  gana_orig=3/12  p_signos=0.1460  p_wilcoxon=0.4238
   d_geoIC_fof_b0.20      mediana=-0.01175  gana_orig=3/12  p_signos=0.1460  p_wilcoxon=0.2334
   d_geoIC_knn8_cv        mediana=-0.01228  gana_orig=6/12  p_signos=1.0000  p_wilcoxon=0.5186
   d_geoIC_knn8_p90_med   mediana=+1.20883  gana_orig=10/12  p_signos=0.0386  p_wilcoxon=0.0425
   d_pend                 mediana=+0.08765  gana_orig=10/12  p_signos=0.0386  p_wilcoxon=0.0269
   d_clus                 mediana=+0.00955  gana_orig=11/12  p_signos=0.0063  p_wilcoxon=0.0010
   d_transitividad        mediana=+0.00608  gana_orig=11/12  p_signos=0.0063  p_wilcoxon=0.0010
   d_n_triangulos         mediana=+22.00000  gana_orig=11/12  p_signos=0.0063  p_wilcoxon=0.0010

¿Qué diferencia predice quién gana masa? (correlación entre las Δ, n=12)
   rho(d_masa, d_geo                 ) = +0.151 (p=0.64)    r=+0.110 (p=0.734)
   rho(d_masa, d_geoIC_fof_b0.20     ) = +0.014 (p=0.966)    r=-0.017 (p=0.957)
   rho(d_masa, d_geoIC_knn8_cv       ) = -0.291 (p=0.359)    r=-0.302 (p=0.34)
   rho(d_masa, d_geoIC_knn8_p90_med  ) = +0.725 (p=0.00763)    r=+0.702 (p=0.0109)
   rho(d_masa, d_pend                ) = +0.063 (p=0.846)    r=-0.062 (p=0.849)
   rho(d_masa, d_clus                ) = +0.746 (p=0.00533)    r=+0.712 (p=0.00938)
   rho(d_masa, d_transitividad       ) = +0.701 (p=0.0112)    r=+0.565 (p=0.0556)
   rho(d_masa, d_n_triangulos        ) = +0.746 (p=0.00537)    r=+0.763 (p=0.00386)

Mediación PAREADA con densidad fijada (n=12):
   Δclustering → Δgeometría  a = -0.025
   Δgeometría → Δmasa | Δclus  b = +0.127
   Δclustering → Δmasa total c = +0.712   directo c' = +0.715
   indirecto a·b = -0.0031   IC95% [-0.1012, +0.1410]  (INCLUYE 0)

Mediación PAREADA con GEOMETRÍA LOCAL como eslabón (n=12):
   Δclustering → Δpico local (p90/mediana)  a = +0.418   [rho=+0.559, p=0.0586]
   Δpico local → Δmasa | Δclus              b = +0.491
   Δclustering → Δmasa   total c = +0.712   directo c' = +0.507
   indirecto a·b = +0.2049   IC95% [-0.0321, +0.4763]  (INCLUYE 0)
   proporción mediada = 28.8%

==============================================================================
D. LA HIPÓTESIS DE F7-05, PUNTO POR PUNTO
==============================================================================
1) 'densidad → geometría → masa (efecto grande)':
   densidad y geometría inicial correlacionan r=-0.995 sobre n=254.
   El eslabón a (densidad→geometría) es prácticamente una identidad, así que
   la cadena NO se puede estimar como mediación: los dos eslabones son la
   misma variable. Lo que sí se puede afirmar es el bloque conjunto:
   masa ~ densidad sola: R²=0.687, beta=-0.829 (p=1.68e-65)

2) 'clustering → geometría local → +5% residual':
   El residual existe y se reproduce: el original le gana al gemelo de
   grados idénticos en 9/12 pares, mediana Δ=+0.00500 (+4.6% relativo).
   Δclustering ordena quién gana: rho=+0.746 (p=0.00533, n=12).
   Δgeometría inicial ordena quién gana: rho=+0.151 (p=0.64).

Figura -> /Users/alexis/Desktop/RMD/Cosmolab/Cosmogenesis/cs090_fase7_f705_caminos.png
log -> /Users/alexis/Desktop/RMD/Cosmolab/Cosmogenesis/cs090_fase7_f705_separar.log

==============================================================================
F. ROBUSTEZ: cada camino, descontando densidad, sin mezclar resoluciones
==============================================================================
Mezclar N=2000 con N=4000 puede fabricar correlaciones que no existen dentro
de ninguna de las dos (paradoja de Simpson). Se repite el mismo cálculo por
separado.

  --- geo_FoF ---
     [todo (mezclando N)] n=254  r parcial(masa, geo_FoF | dens) = -0.244 (p=8.33e-05)
     [sólo N=2000       ] n=228  r parcial(masa, geo_FoF | dens) = -0.632 (p=7.31e-27)
     [sin controles ER  ] n=248  r parcial(masa, geo_FoF | dens) = -0.246 (p=8.92e-05)
        dentro de F5B_40pares        n= 76  r=-0.618 (p=2.74e-09)
        dentro de O3A_N4000          n= 26  r=-0.076 (p=0.713)
        dentro de O3B_rewiring       n= 24  r=-0.332 (p=0.113)
        dentro de O3C_factorial      n= 47  r=-0.724 (p=8.64e-09)
        dentro de O3D_kcap           n= 38  r=-0.502 (p=0.00133)
        dentro de O3E_memoria        n= 30  r=-0.582 (p=0.000735)

  --- CV_local ---
     [todo (mezclando N)] n=254  r parcial(masa, CV_local | dens) = +0.637 (p=2.34e-30)
     [sólo N=2000       ] n=228  r parcial(masa, CV_local | dens) = +0.071 (p=0.284)
     [sin controles ER  ] n=248  r parcial(masa, CV_local | dens) = +0.639 (p=7.29e-30)
        dentro de F5B_40pares        n= 76  r=-0.210 (p=0.0693)
        dentro de O3A_N4000          n= 26  r=-0.118 (p=0.567)
        dentro de O3B_rewiring       n= 24  r=-0.402 (p=0.0516)
        dentro de O3C_factorial      n= 47  r=-0.165 (p=0.267)
        dentro de O3D_kcap           n= 38  r=+0.251 (p=0.129)
        dentro de O3E_memoria        n= 30  r=+0.207 (p=0.272)

  --- pico_local ---
     [todo (mezclando N)] n=254  r parcial(masa, pico_local | dens) = +0.303 (p=8.81e-07)
     [sólo N=2000       ] n=228  r parcial(masa, pico_local | dens) = +0.713 (p=1.02e-36)
     [sin controles ER  ] n=248  r parcial(masa, pico_local | dens) = +0.302 (p=1.23e-06)
        dentro de F5B_40pares        n= 76  r=+0.837 (p=4.92e-21)
        dentro de O3A_N4000          n= 26  r=+0.640 (p=0.00043)
        dentro de O3B_rewiring       n= 24  r=+0.657 (p=0.000488)
        dentro de O3C_factorial      n= 47  r=+0.872 (p=1.55e-15)
        dentro de O3D_kcap           n= 38  r=+0.791 (p=3.43e-09)
        dentro de O3E_memoria        n= 30  r=+0.899 (p=1.54e-11)

  --- pendiente ---
     [todo (mezclando N)] n=217  r parcial(masa, pendiente | dens) = -0.068 (p=0.315)
     [sólo N=2000       ] n=217  r parcial(masa, pendiente | dens) = -0.068 (p=0.315)
     [sin controles ER  ] n=217  r parcial(masa, pendiente | dens) = -0.068 (p=0.315)
        dentro de F5B_40pares        n= 73  r=+0.497 (p=7.72e-06)
        dentro de O3B_rewiring       n= 24  r=+0.468 (p=0.0211)
        dentro de O3C_factorial      n= 47  r=+0.735 (p=4.02e-09)
        dentro de O3D_kcap           n= 32  r=+0.597 (p=0.000311)
        dentro de O3E_memoria        n= 30  r=+0.586 (p=0.000668)
