reglas admitidas=15  descartadas(P1-P5)=0  (seed_base=90211, mismas que F5-C2-C/C2/C3/C4)
  [P2] NORM-log   N=500   kcap=5 A2-B0-C2-r0    pend=+0.818 grado=2.90 clase=III (0.8s) [t=1s]
  [P2] NORM-log   N=500   kcap=5 A2-B0-C2-r1    pend=+0.635 grado=3.26 clase=I   (0.7s) [t=2s]
  [P2] NORM-log   N=500   kcap=5 A2-B0-C2-r2    pend=+0.758 grado=3.02 clase=III (0.9s) [t=2s]
  [P2] NORM-log   N=500   kcap=5 A2-B0-C2-r3    pend=+0.703 grado=3.28 clase=III (1.0s) [t=3s]
  [P2] NORM-log   N=500   kcap=5 A2-B0-C2-r4    pend=+0.624 grado=3.36 clase=I   (0.8s) [t=4s]
  [P2] NORM-log   N=500   kcap=5 A2-B0-C2-r5    pend=+0.710 grado=3.37 clase=III (1.0s) [t=5s]
  [P2] NORM-log   N=500   kcap=5 A2-B0-C2-r6    pend=+0.637 grado=2.96 clase=I   (1.0s) [t=6s]
  [P2] NORM-log   N=500   kcap=5 A2-B0-C2-r7    pend=+0.749 grado=3.10 clase=III (1.2s) [t=8s]
  [P2] NORM-log   N=500   kcap=5 A2-B0-C2-r8    pend=+0.745 grado=3.15 clase=III (1.0s) [t=8s]
  [P2] NORM-log   N=500   kcap=5 A2-B0-C2-r9    pend=+0.794 grado=3.18 clase=III (1.0s) [t=9s]
  [P2] NORM-log   N=500   kcap=5 A2-B0-C2-r10   pend=+0.778 grado=3.09 clase=III (0.9s) [t=10s]
  [P2] NORM-log   N=500   kcap=5 A2-B0-C2-r11   pend=+0.903 grado=3.02 clase=III (1.0s) [t=11s]
  [P2] NORM-log   N=500   kcap=5 A2-B0-C2-r12   pend=+0.490 grado=3.36 clase=I   (1.0s) [t=12s]
  [P2] NORM-log   N=500   kcap=5 A2-B0-C2-r13   pend=+0.560 grado=3.05 clase=I   (1.1s) [t=13s]
  [P2] NORM-log   N=500   kcap=5 A2-B0-C2-r14   pend=+0.642 grado=3.14 clase=I   (1.1s) [t=15s]
  [P2] NORM-log   N=1000  kcap=5 A2-B0-C2-r0    pend=+0.916 grado=3.05 clase=III (2.4s) [t=17s]
  [P2] NORM-log   N=1000  kcap=5 A2-B0-C2-r1    pend=+0.799 grado=3.36 clase=III (2.1s) [t=19s]
  [P2] NORM-log   N=1000  kcap=5 A2-B0-C2-r2    pend=+0.751 grado=3.16 clase=III (2.3s) [t=21s]
  [P2] NORM-log   N=1000  kcap=5 A2-B0-C2-r3    pend=+0.610 grado=3.42 clase=I   (2.3s) [t=24s]
  [P2] NORM-log   N=1000  kcap=5 A2-B0-C2-r4    pend=+0.647 grado=3.32 clase=I   (2.5s) [t=26s]
  [P2] NORM-log   N=1000  kcap=5 A2-B0-C2-r5    pend=+0.625 grado=3.36 clase=I   (2.3s) [t=29s]
  [P2] NORM-log   N=1000  kcap=5 A2-B0-C2-r6    pend=+0.861 grado=3.06 clase=III (2.4s) [t=31s]
  [P2] NORM-log   N=1000  kcap=5 A2-B0-C2-r7    pend=+0.898 grado=3.09 clase=III (2.2s) [t=33s]
  [P2] NORM-log   N=1000  kcap=5 A2-B0-C2-r8    pend=+0.641 grado=3.20 clase=I   (1.9s) [t=35s]
  [P2] NORM-log   N=1000  kcap=5 A2-B0-C2-r9    pend=+0.656 grado=3.38 clase=I   (2.2s) [t=37s]
  [P2] NORM-log   N=1000  kcap=5 A2-B0-C2-r10   pend=+0.673 grado=3.22 clase=I   (2.3s) [t=40s]
  [P2] NORM-log   N=1000  kcap=5 A2-B0-C2-r11   pend=+0.787 grado=3.09 clase=III (2.2s) [t=42s]
  [P2] NORM-log   N=1000  kcap=5 A2-B0-C2-r12   pend=+0.665 grado=3.35 clase=I   (2.7s) [t=45s]
  [P2] NORM-log   N=1000  kcap=5 A2-B0-C2-r13   pend=+0.806 grado=3.12 clase=III (2.6s) [t=47s]
  [P2] NORM-log   N=1000  kcap=5 A2-B0-C2-r14   pend=+0.729 grado=3.20 clase=III (2.6s) [t=50s]
  [P2] NORM-log   N=2000  kcap=6 A2-B0-C2-r0    pend=+0.588 grado=4.06 clase=I   (5.4s) [t=55s]
  [P2] NORM-log   N=2000  kcap=6 A2-B0-C2-r1    pend=+0.604 grado=4.07 clase=I   (5.5s) [t=61s]
  [P2] NORM-log   N=2000  kcap=6 A2-B0-C2-r2    pend=+0.566 grado=4.08 clase=I   (6.0s) [t=67s]
  [P2] NORM-log   N=2000  kcap=6 A2-B0-C2-r3    pend=+0.457 grado=4.09 clase=I   (6.3s) [t=73s]
  [P2] NORM-log   N=2000  kcap=6 A2-B0-C2-r4    pend=+0.628 grado=4.08 clase=I   (6.1s) [t=79s]
  [P2] NORM-log   N=2000  kcap=6 A2-B0-C2-r5    pend=+0.497 grado=3.92 clase=I   (6.4s) [t=86s]
  [P2] NORM-log   N=2000  kcap=6 A2-B0-C2-r6    pend=+0.634 grado=4.02 clase=I   (8.6s) [t=94s]
  [P2] NORM-log   N=2000  kcap=6 A2-B0-C2-r7    pend=+0.606 grado=4.07 clase=I   (7.2s) [t=101s]
  [P2] NORM-log   N=2000  kcap=6 A2-B0-C2-r8    pend=+0.593 grado=3.62 clase=I   (6.1s) [t=107s]
  [P2] NORM-log   N=2000  kcap=6 A2-B0-C2-r9    pend=+0.499 grado=4.05 clase=I   (6.8s) [t=114s]
  [P2] NORM-log   N=2000  kcap=6 A2-B0-C2-r10   pend=+0.650 grado=4.12 clase=I   (7.5s) [t=122s]
  [P2] NORM-log   N=2000  kcap=6 A2-B0-C2-r11   pend=+0.638 grado=4.05 clase=I   (6.1s) [t=128s]
  [P2] NORM-log   N=2000  kcap=6 A2-B0-C2-r12   pend=+0.578 grado=3.93 clase=I   (6.5s) [t=134s]
  [P2] NORM-log   N=2000  kcap=6 A2-B0-C2-r13   pend=+0.592 grado=4.06 clase=I   (6.6s) [t=141s]
  [P2] NORM-log   N=2000  kcap=6 A2-B0-C2-r14   pend=+0.575 grado=4.10 clase=I   (6.2s) [t=147s]
  [P2] NORM-log   N=4000  kcap=7 A2-B0-C2-r0    pend=+0.562 grado=5.01 clase=I   (15.0s) [t=162s]
  [P2] NORM-log   N=4000  kcap=7 A2-B0-C2-r1    pend=+0.493 grado=4.75 clase=I   (14.6s) [t=177s]
  [P2] NORM-log   N=4000  kcap=7 A2-B0-C2-r2    pend=+0.397 grado=4.90 clase=II  (14.5s) [t=191s]
  [P2] NORM-log   N=4000  kcap=7 A2-B0-C2-r3    pend=+0.512 grado=4.63 clase=I   (13.9s) [t=205s]
  [P2] NORM-log   N=4000  kcap=7 A2-B0-C2-r4    pend=+0.506 grado=4.48 clase=I   (14.5s) [t=220s]
  [P2] NORM-log   N=4000  kcap=7 A2-B0-C2-r5    pend=+0.600 grado=4.42 clase=I   (14.2s) [t=234s]
  [P2] NORM-log   N=4000  kcap=7 A2-B0-C2-r6    pend=+0.540 grado=4.94 clase=I   (16.2s) [t=250s]
  [P2] NORM-log   N=4000  kcap=7 A2-B0-C2-r7    pend=+0.452 grado=4.91 clase=I   (15.5s) [t=266s]
  [P2] NORM-log   N=4000  kcap=7 A2-B0-C2-r8    pend=+0.723 grado=3.86 clase=III (12.8s) [t=278s]
  [P2] NORM-log   N=4000  kcap=7 A2-B0-C2-r9    pend=+0.547 grado=4.54 clase=I   (14.9s) [t=293s]
  [P2] NORM-log   N=4000  kcap=7 A2-B0-C2-r10   pend=+0.402 grado=4.88 clase=II  (15.8s) [t=309s]
  [P2] NORM-log   N=4000  kcap=7 A2-B0-C2-r11   pend=+0.485 grado=4.97 clase=I   (15.6s) [t=325s]
  [P2] NORM-log   N=4000  kcap=7 A2-B0-C2-r12   pend=+0.564 grado=4.45 clase=I   (14.6s) [t=339s]
  [P2] NORM-log   N=4000  kcap=7 A2-B0-C2-r13   pend=+0.492 grado=4.88 clase=I   (15.8s) [t=355s]
  [P2] NORM-log   N=4000  kcap=7 A2-B0-C2-r14   pend=+0.500 grado=4.90 clase=I   (17.2s) [t=372s]
  [P2] NORM-pot   N=500   kcap=4 A2-B0-C2-r0    pend=+1.520 grado=2.06 clase=III (1.3s) [t=374s]
  [P2] NORM-pot   N=500   kcap=4 A2-B0-C2-r1    pend=+0.937 grado=2.46 clase=III (1.5s) [t=375s]
  [P2] NORM-pot   N=500   kcap=4 A2-B0-C2-r2    pend=+1.025 grado=2.24 clase=III (1.3s) [t=376s]
  [P2] NORM-pot   N=500   kcap=4 A2-B0-C2-r3    pend=+0.973 grado=2.44 clase=III (1.3s) [t=378s]
  [P2] NORM-pot   N=500   kcap=4 A2-B0-C2-r4    pend=+1.163 grado=2.53 clase=III (1.2s) [t=379s]
  [P2] NORM-pot   N=500   kcap=4 A2-B0-C2-r5    pend=+0.952 grado=2.51 clase=III (1.3s) [t=380s]
  [P2] NORM-pot   N=500   kcap=4 A2-B0-C2-r6    pend=+1.425 grado=2.10 clase=III (1.1s) [t=381s]
  [P2] NORM-pot   N=500   kcap=4 A2-B0-C2-r7    pend=+1.273 grado=2.28 clase=III (1.2s) [t=383s]
  [P2] NORM-pot   N=500   kcap=4 A2-B0-C2-r8    pend=+1.065 grado=2.51 clase=III (1.2s) [t=384s]
  [P2] NORM-pot   N=500   kcap=4 A2-B0-C2-r9    pend=+0.893 grado=2.46 clase=III (1.2s) [t=385s]
  [P2] NORM-pot   N=500   kcap=4 A2-B0-C2-r10   pend=+1.123 grado=2.27 clase=III (1.1s) [t=386s]
  [P2] NORM-pot   N=500   kcap=4 A2-B0-C2-r11   pend=+1.094 grado=2.18 clase=III (1.4s) [t=388s]
  [P2] NORM-pot   N=500   kcap=4 A2-B0-C2-r12   pend=+0.875 grado=2.53 clase=III (1.2s) [t=389s]
  [P2] NORM-pot   N=500   kcap=4 A2-B0-C2-r13   pend=+1.213 grado=2.26 clase=III (1.3s) [t=390s]
  [P2] NORM-pot   N=500   kcap=4 A2-B0-C2-r14   pend=+1.142 grado=2.20 clase=III (1.2s) [t=391s]
  [P2] NORM-pot   N=1000  kcap=5 A2-B0-C2-r0    pend=+0.916 grado=3.05 clase=III (2.8s) [t=394s]
  [P2] NORM-pot   N=1000  kcap=5 A2-B0-C2-r1    pend=+0.799 grado=3.36 clase=III (2.6s) [t=397s]
  [P2] NORM-pot   N=1000  kcap=5 A2-B0-C2-r2    pend=+0.751 grado=3.16 clase=III (2.8s) [t=400s]
  [P2] NORM-pot   N=1000  kcap=5 A2-B0-C2-r3    pend=+0.610 grado=3.42 clase=I   (2.6s) [t=402s]
  [P2] NORM-pot   N=1000  kcap=5 A2-B0-C2-r4    pend=+0.647 grado=3.32 clase=I   (2.6s) [t=405s]
  [P2] NORM-pot   N=1000  kcap=5 A2-B0-C2-r5    pend=+0.625 grado=3.36 clase=I   (2.9s) [t=408s]
  [P2] NORM-pot   N=1000  kcap=5 A2-B0-C2-r6    pend=+0.861 grado=3.06 clase=III (3.0s) [t=411s]
  [P2] NORM-pot   N=1000  kcap=5 A2-B0-C2-r7    pend=+0.898 grado=3.09 clase=III (2.6s) [t=413s]
  [P2] NORM-pot   N=1000  kcap=5 A2-B0-C2-r8    pend=+0.641 grado=3.20 clase=I   (2.7s) [t=416s]
  [P2] NORM-pot   N=1000  kcap=5 A2-B0-C2-r9    pend=+0.656 grado=3.38 clase=I   (2.6s) [t=419s]
  [P2] NORM-pot   N=1000  kcap=5 A2-B0-C2-r10   pend=+0.673 grado=3.22 clase=I   (3.0s) [t=422s]
  [P2] NORM-pot   N=1000  kcap=5 A2-B0-C2-r11   pend=+0.787 grado=3.09 clase=III (2.8s) [t=425s]
  [P2] NORM-pot   N=1000  kcap=5 A2-B0-C2-r12   pend=+0.665 grado=3.35 clase=I   (2.8s) [t=427s]
  [P2] NORM-pot   N=1000  kcap=5 A2-B0-C2-r13   pend=+0.806 grado=3.12 clase=III (2.7s) [t=430s]
  [P2] NORM-pot   N=1000  kcap=5 A2-B0-C2-r14   pend=+0.729 grado=3.20 clase=III (2.8s) [t=433s]
  [P2] NORM-pot   N=2000  kcap=6 A2-B0-C2-r0    pend=+0.588 grado=4.06 clase=I   (6.9s) [t=440s]
  [P2] NORM-pot   N=2000  kcap=6 A2-B0-C2-r1    pend=+0.604 grado=4.07 clase=I   (7.7s) [t=447s]
  [P2] NORM-pot   N=2000  kcap=6 A2-B0-C2-r2    pend=+0.566 grado=4.08 clase=I   (6.8s) [t=454s]
  [P2] NORM-pot   N=2000  kcap=6 A2-B0-C2-r3    pend=+0.457 grado=4.09 clase=I   (6.1s) [t=460s]
  [P2] NORM-pot   N=2000  kcap=6 A2-B0-C2-r4    pend=+0.628 grado=4.08 clase=I   (7.3s) [t=468s]
  [P2] NORM-pot   N=2000  kcap=6 A2-B0-C2-r5    pend=+0.497 grado=3.92 clase=I   (6.6s) [t=477s]
  [P2] NORM-pot   N=2000  kcap=6 A2-B0-C2-r6    pend=+0.634 grado=4.02 clase=I   (6.9s) [t=484s]
  [P2] NORM-pot   N=2000  kcap=6 A2-B0-C2-r7    pend=+0.606 grado=4.07 clase=I   (6.7s) [t=491s]
  [P2] NORM-pot   N=2000  kcap=6 A2-B0-C2-r8    pend=+0.593 grado=3.62 clase=I   (5.9s) [t=497s]
  [P2] NORM-pot   N=2000  kcap=6 A2-B0-C2-r9    pend=+0.499 grado=4.05 clase=I   (6.6s) [t=503s]
  [P2] NORM-pot   N=2000  kcap=6 A2-B0-C2-r10   pend=+0.650 grado=4.12 clase=I   (7.0s) [t=510s]
  [P2] NORM-pot   N=2000  kcap=6 A2-B0-C2-r11   pend=+0.638 grado=4.05 clase=I   (6.4s) [t=517s]
  [P2] NORM-pot   N=2000  kcap=6 A2-B0-C2-r12   pend=+0.578 grado=3.93 clase=I   (6.1s) [t=523s]
  [P2] NORM-pot   N=2000  kcap=6 A2-B0-C2-r13   pend=+0.592 grado=4.06 clase=I   (6.2s) [t=529s]
  [P2] NORM-pot   N=2000  kcap=6 A2-B0-C2-r14   pend=+0.575 grado=4.10 clase=I   (6.2s) [t=535s]
  [P2] NORM-pot   N=4000  kcap=8 A2-B0-C2-r0    pend=+0.438 grado=5.79 clase=II  (15.3s) [t=551s]
  [P2] NORM-pot   N=4000  kcap=8 A2-B0-C2-r1    pend=+0.465 grado=5.16 clase=I   (14.2s) [t=565s]
  [P2] NORM-pot   N=4000  kcap=8 A2-B0-C2-r2    pend=+0.390 grado=5.54 clase=II  (15.7s) [t=581s]
  [P2] NORM-pot   N=4000  kcap=8 A2-B0-C2-r3    pend=+0.475 grado=4.94 clase=I   (11.5s) [t=592s]
  [P2] NORM-pot   N=4000  kcap=8 A2-B0-C2-r4    pend=+0.530 grado=4.76 clase=I   (14.4s) [t=607s]
  [P2] NORM-pot   N=4000  kcap=8 A2-B0-C2-r5    pend=+0.521 grado=4.67 clase=I   (13.1s) [t=620s]
  [P2] NORM-pot   N=4000  kcap=8 A2-B0-C2-r6    pend=+0.392 grado=5.65 clase=II  (12.9s) [t=633s]
  [P2] NORM-pot   N=4000  kcap=8 A2-B0-C2-r7    pend=+0.438 grado=5.62 clase=II  (13.0s) [t=646s]
  [P2] NORM-pot   N=4000  kcap=8 A2-B0-C2-r8    pend=+0.592 grado=3.98 clase=I   (10.2s) [t=656s]
  [P2] NORM-pot   N=4000  kcap=8 A2-B0-C2-r9    pend=+0.521 grado=4.84 clase=I   (11.7s) [t=667s]
  [P2] NORM-pot   N=4000  kcap=8 A2-B0-C2-r10   pend=+0.405 grado=5.40 clase=II  (12.3s) [t=680s]
  [P2] NORM-pot   N=4000  kcap=8 A2-B0-C2-r11   pend=+0.340 grado=5.64 clase=I   (12.8s) [t=693s]
  [P2] NORM-pot   N=4000  kcap=8 A2-B0-C2-r12   pend=+0.466 grado=4.77 clase=I   (11.7s) [t=704s]
  [P2] NORM-pot   N=4000  kcap=8 A2-B0-C2-r13   pend=+0.438 grado=5.56 clase=II  (13.2s) [t=717s]
  [P2] NORM-pot   N=4000  kcap=8 A2-B0-C2-r14   pend=+0.435 grado=5.50 clase=II  (12.5s) [t=730s]
CSV: /Users/alexis/Desktop/RMD/Cosmolab/Cosmogenesis/cs090_fase6_o2c_p2_normalizado.csv  (120 filas)

Terminado en 12.2 min. No se declara cierre — números, la lectura es de Alexis.
