[f706] 12 carpetas a correr
[A2-B0-C2-batch3-r100_f706_anti] setup + run...
[A2-B0-C2-batch3-r100_f706_anti] exit_setup=0 t_setup=3.05s  exit_run=0 t_run=40.61s
[A2-B0-C2-batch3-r21_f706_anti] setup + run...
[A2-B0-C2-batch3-r21_f706_anti] exit_setup=0 t_setup=3.16s  exit_run=0 t_run=37.07s
[A2-B0-C2-batch3-r9_f706_anti] setup + run...
[A2-B0-C2-batch3-r9_f706_anti] exit_setup=0 t_setup=3.88s  exit_run=0 t_run=39.36s
[A2-B0-C2-batch4-r18_f706_anti] setup + run...
[A2-B0-C2-batch4-r18_f706_anti] exit_setup=0 t_setup=3.25s  exit_run=0 t_run=26.4s
[A2-B0-C2-batch4-r43_f706_anti] setup + run...
[A2-B0-C2-batch4-r43_f706_anti] exit_setup=0 t_setup=2.08s  exit_run=0 t_run=24.68s
[A2-B0-C2-batch4-r51_f706_anti] setup + run...
[A2-B0-C2-batch4-r51_f706_anti] exit_setup=0 t_setup=1.92s  exit_run=0 t_run=25.21s
[A2-B0-C2-r14_f706_anti] setup + run...
[A2-B0-C2-r14_f706_anti] exit_setup=0 t_setup=2.26s  exit_run=0 t_run=28.77s
[A2-B0-C2-r19_f706_anti] setup + run...
[A2-B0-C2-r19_f706_anti] exit_setup=0 t_setup=3.0s  exit_run=0 t_run=25.28s
[A2-B0-C2-r20_f706_anti] setup + run...
[A2-B0-C2-r20_f706_anti] exit_setup=0 t_setup=2.5s  exit_run=0 t_run=26.4s
[A2-B0-C2-r28_f706_anti] setup + run...
[A2-B0-C2-r28_f706_anti] exit_setup=0 t_setup=2.76s  exit_run=0 t_run=28.2s
[A2-B0-C2-r2_f706_anti] setup + run...
[A2-B0-C2-r2_f706_anti] exit_setup=0 t_setup=2.68s  exit_run=0 t_run=27.27s
[A2-B0-C2-r9_f706_anti] setup + run...
[A2-B0-C2-r9_f706_anti] exit_setup=0 t_setup=1.99s  exit_run=0 t_run=21.29s

[TOTAL] 12/12 corridas. tiempo script=383.1s
