==============================================================================================================
CS091 — CONTROL POSITIVO del instrumento de orden global (C-N2.6.4)
sustratos=['anillo1d', 'reticula2d', 'reticula3d', 'reticula4d', 'aniso2d', 'flujo_capas', 'er', 'real', 'real_barajado']  semillas=[91001, 91002]  via_Q=si
==============================================================================================================
  [anillo1d        N=  900 s=91001] M: diam= 450.0/ 450.0 pi_cv=0.721 n_ejes=2 pico=0.832 | Q: diam=   nan pi_cv=nan n_ejes=0 pico=0.498  (1.0s, t=0.0min)
  [anillo1d        N=  900 s=91002] M: diam= 450.0/ 450.0 pi_cv=0.721 n_ejes=2 pico=0.832 | Q: diam=   nan pi_cv=nan n_ejes=0 pico=0.494  (1.1s, t=0.0min)
  [anillo1d        N= 1600 s=91001] M: diam= 800.0/ 800.0 pi_cv=0.715 n_ejes=2 pico=0.832 | Q: diam=   nan pi_cv=nan n_ejes=0 pico=0.505  (4.5s, t=0.1min)
  [anillo1d        N= 1600 s=91002] M: diam= 800.0/ 800.0 pi_cv=0.715 n_ejes=2 pico=0.832 | Q: diam=   nan pi_cv=nan n_ejes=0 pico=0.513  (4.7s, t=0.2min)
  [anillo1d        N= 2500 s=91001] M: diam=1250.0/1250.0 pi_cv=0.716 n_ejes=2 pico=0.832 | Q: diam=   nan pi_cv=nan n_ejes=0 pico=0.564  (17.7s, t=0.5min)
  [anillo1d        N= 2500 s=91002] M: diam=1250.0/1250.0 pi_cv=0.716 n_ejes=2 pico=0.832 | Q: diam=   nan pi_cv=nan n_ejes=0 pico=0.550  (17.4s, t=0.8min)
  [reticula2d      N=  900 s=91001] M: diam=  30.0/  30.0 pi_cv=0.268 n_ejes=0 pico=0.739 | Q: diam=   nan pi_cv=0.240 n_ejes=0 pico=0.584  (1.3s, t=0.8min)
  [reticula2d      N=  900 s=91002] M: diam=  30.0/  30.0 pi_cv=0.268 n_ejes=0 pico=0.768 | Q: diam=   nan pi_cv=0.239 n_ejes=0 pico=0.611  (1.4s, t=0.8min)
  [reticula2d      N= 1600 s=91001] M: diam=  40.0/  40.0 pi_cv=0.294 n_ejes=0 pico=0.705 | Q: diam=   nan pi_cv=0.245 n_ejes=0 pico=0.602  (4.9s, t=0.9min)
  [reticula2d      N= 1600 s=91002] M: diam=  40.0/  40.0 pi_cv=0.294 n_ejes=0 pico=0.743 | Q: diam=   nan pi_cv=0.243 n_ejes=0 pico=0.585  (4.3s, t=1.0min)
  [reticula2d      N= 2500 s=91001] M: diam=  50.0/  50.0 pi_cv=0.328 n_ejes=0 pico=0.697 | Q: diam=   nan pi_cv=0.243 n_ejes=0 pico=0.576  (14.7s, t=1.2min)
  [reticula2d      N= 2500 s=91002] M: diam=  50.0/  50.0 pi_cv=0.328 n_ejes=0 pico=0.768 | Q: diam=   nan pi_cv=0.241 n_ejes=0 pico=0.602  (14.3s, t=1.5min)
  [reticula3d      N=  729 s=91001] M: diam=  12.0/  12.0 pi_cv=0.367 n_ejes=6 pico=0.690 | Q: diam= 17.52 pi_cv=0.414 n_ejes=6 pico=0.685  (1.3s, t=1.5min)
  [reticula3d      N=  729 s=91002] M: diam=  12.0/  12.0 pi_cv=0.367 n_ejes=6 pico=0.655 | Q: diam= 17.61 pi_cv=0.300 n_ejes=0 pico=0.688  (1.1s, t=1.5min)
  [reticula3d      N= 1331 s=91001] M: diam=  15.0/  15.0 pi_cv=0.263 n_ejes=6 pico=0.649 | Q: diam= 18.20 pi_cv=0.412 n_ejes=6 pico=0.694  (4.3s, t=1.6min)
  [reticula3d      N= 1331 s=91002] M: diam=  15.0/  15.0 pi_cv=0.263 n_ejes=6 pico=0.653 | Q: diam= 18.30 pi_cv=0.390 n_ejes=6 pico=0.712  (3.4s, t=1.6min)
  [reticula3d      N= 2197 s=91001] M: diam=  18.0/  18.0 pi_cv=0.510 n_ejes=6 pico=0.658 | Q: diam= 19.13 pi_cv=0.425 n_ejes=0 pico=0.692  (11.5s, t=1.8min)
  [reticula3d      N= 2197 s=91002] M: diam=  18.0/  18.0 pi_cv=0.510 n_ejes=6 pico=0.662 | Q: diam= 19.12 pi_cv=0.397 n_ejes=0 pico=0.686  (11.3s, t=2.0min)
  [reticula4d      N=  625 s=91001] M: diam=   8.0/   8.0 pi_cv=0.397 n_ejes=0 pico=0.628 | Q: diam= 15.51 pi_cv=0.395 n_ejes=0 pico=0.628  (1.0s, t=2.0min)
  [reticula4d      N=  625 s=91002] M: diam=   8.0/   8.0 pi_cv=0.397 n_ejes=0 pico=0.645 | Q: diam= 15.64 pi_cv=0.402 n_ejes=0 pico=0.616  (1.3s, t=2.0min)
  [reticula4d      N= 1296 s=91001] M: diam=  12.0/  12.0 pi_cv=0.446 n_ejes=0 pico=0.640 | Q: diam= 17.31 pi_cv=0.666 n_ejes=0 pico=0.642  (4.8s, t=2.1min)
  [reticula4d      N= 1296 s=91002] M: diam=  12.0/  12.0 pi_cv=0.446 n_ejes=0 pico=0.624 | Q: diam= 17.49 pi_cv=0.561 n_ejes=0 pico=0.645  (4.0s, t=2.2min)
  [reticula4d      N= 2401 s=91001] M: diam=  12.0/  12.0 pi_cv=0.494 n_ejes=0 pico=0.628 | Q: diam= 18.77 pi_cv=0.555 n_ejes=0 pico=0.658  (16.9s, t=2.5min)
  [reticula4d      N= 2401 s=91002] M: diam=  12.0/  12.0 pi_cv=0.494 n_ejes=0 pico=0.629 | Q: diam= 19.15 pi_cv=0.557 n_ejes=0 pico=0.654  (16.7s, t=2.8min)
  [aniso2d         N=  900 s=91001] M: diam=  45.5/  53.0 pi_cv=0.442 n_ejes=2 pico=0.797 | Q: diam=   nan pi_cv=0.414 n_ejes=0 pico=0.634  (1.6s, t=2.8min)
  [aniso2d         N=  900 s=91002] M: diam=  46.0/  50.0 pi_cv=0.439 n_ejes=2 pico=0.802 | Q: diam=   nan pi_cv=0.380 n_ejes=0 pico=0.673  (1.7s, t=2.8min)
  [aniso2d         N= 1600 s=91001] M: diam=  55.0/  58.0 pi_cv=0.372 n_ejes=2 pico=0.779 | Q: diam=   nan pi_cv=0.371 n_ejes=0 pico=0.632  (5.1s, t=2.9min)
  [aniso2d         N= 1600 s=91002] M: diam=  60.5/  63.0 pi_cv=0.408 n_ejes=2 pico=0.803 | Q: diam=   nan pi_cv=0.541 n_ejes=0 pico=0.676  (4.7s, t=3.0min)
  [aniso2d         N= 2500 s=91001] M: diam=  68.0/  72.0 pi_cv=0.353 n_ejes=2 pico=0.778 | Q: diam=   nan pi_cv=0.470 n_ejes=0 pico=0.664  (15.4s, t=3.2min)
  [aniso2d         N= 2500 s=91002] M: diam=  74.5/  73.0 pi_cv=0.452 n_ejes=2 pico=0.798 | Q: diam=   nan pi_cv=0.469 n_ejes=0 pico=0.716  (15.4s, t=3.5min)
  [flujo_capas     N=  900 s=91001] M: diam=  22.5/  31.0 pi_cv=1.097 n_ejes=1 pico=0.942 | Q: diam= 17.64 pi_cv=0.566 n_ejes=0 pico=0.753  (1.7s, t=3.5min)
  [flujo_capas     N=  900 s=91002] M: diam=  21.5/  29.0 pi_cv=1.138 n_ejes=1 pico=0.935 | Q: diam= 17.54 pi_cv=0.548 n_ejes=0 pico=0.753  (1.7s, t=3.5min)
  [flujo_capas     N= 1600 s=91001] M: diam=  28.0/  39.0 pi_cv=1.120 n_ejes=1 pico=0.961 | Q: diam= 18.21 pi_cv=0.571 n_ejes=7 pico=0.699  (5.8s, t=3.6min)
  [flujo_capas     N= 1600 s=91002] M: diam=  29.0/  39.0 pi_cv=1.210 n_ejes=1 pico=0.959 | Q: diam= 18.31 pi_cv=0.596 n_ejes=7 pico=0.699  (5.3s, t=3.7min)
  [flujo_capas     N= 2500 s=91001] M: diam=  36.0/  50.0 pi_cv=1.265 n_ejes=1 pico=0.966 | Q: diam= 18.57 pi_cv=0.584 n_ejes=0 pico=0.653  (17.4s, t=4.0min)
  [flujo_capas     N= 2500 s=91002] M: diam=  37.5/  51.0 pi_cv=1.278 n_ejes=1 pico=0.970 | Q: diam= 18.47 pi_cv=0.535 n_ejes=0 pico=0.652  (17.0s, t=4.3min)
  [er              N=  900 s=91001] M: diam=   7.0/   8.0 pi_cv=0.979 n_ejes=0 pico=0.657 | Q: diam= 12.57 pi_cv=1.017 n_ejes=0 pico=0.653  (2.0s, t=4.3min)
  [er              N=  900 s=91002] M: diam=   6.0/   7.0 pi_cv=0.917 n_ejes=0 pico=0.644 | Q: diam= 16.03 pi_cv=0.964 n_ejes=0 pico=0.652  (1.5s, t=4.4min)
  [er              N= 1600 s=91001] M: diam=   6.0/   8.0 pi_cv=1.027 n_ejes=0 pico=0.653 | Q: diam= 13.72 pi_cv=1.206 n_ejes=0 pico=0.652  (4.8s, t=4.4min)
  [er              N= 1600 s=91002] M: diam=   6.5/   7.0 pi_cv=0.985 n_ejes=0 pico=0.659 | Q: diam= 16.71 pi_cv=1.124 n_ejes=0 pico=0.653  (4.9s, t=4.5min)
  [er              N= 2500 s=91001] M: diam=   7.0/   8.0 pi_cv=0.956 n_ejes=0 pico=0.649 | Q: diam= 15.52 pi_cv=1.145 n_ejes=0 pico=0.646  (16.6s, t=4.8min)
  [er              N= 2500 s=91002] M: diam=   7.5/  10.0 pi_cv=0.988 n_ejes=0 pico=0.655 | Q: diam= 17.95 pi_cv=1.058 n_ejes=0 pico=0.642  (16.9s, t=5.1min)
  [real            N=  900 s=91001] M: diam=   8.0/  11.0 pi_cv=0.656 n_ejes=0 pico=0.722 | Q: diam= 33.95 pi_cv=0.716 n_ejes=0 pico=0.716  (7.6s, t=5.2min)
  [real            N=  900 s=91002] M: diam=   9.5/  11.0 pi_cv=0.592 n_ejes=0 pico=0.708 | Q: diam= 28.29 pi_cv=0.641 n_ejes=0 pico=0.702  (4.9s, t=5.3min)
  [real            N= 1500 s=91001] M: diam=  10.0/  14.0 pi_cv=0.599 n_ejes=0 pico=0.684 | Q: diam= 29.91 pi_cv=0.614 n_ejes=0 pico=0.687  (10.2s, t=5.5min)
  [real            N= 1500 s=91002] M: diam=   9.0/  11.0 pi_cv=0.839 n_ejes=0 pico=0.690 | Q: diam= 29.33 pi_cv=0.817 n_ejes=0 pico=0.716  (10.5s, t=5.6min)
  [real            N= 2500 s=91001] M: diam=  11.0/  14.0 pi_cv=0.589 n_ejes=0 pico=0.704 | Q: diam= 37.02 pi_cv=0.567 n_ejes=0 pico=0.692  (28.2s, t=6.1min)
  [real            N= 2500 s=91002] M: diam=  11.0/  14.0 pi_cv=0.694 n_ejes=0 pico=0.705 | Q: diam= 35.50 pi_cv=0.741 n_ejes=0 pico=0.688  (25.0s, t=6.5min)
  [real_barajado   N=  900 s=91001] M: diam=   5.5/   6.0 pi_cv=0.914 n_ejes=0 pico=0.707 | Q: diam= 19.28 pi_cv=0.965 n_ejes=0 pico=0.694  (2.6s, t=6.6min)
  [real_barajado   N=  900 s=91002] M: diam=   5.0/   7.0 pi_cv=0.955 n_ejes=0 pico=0.687 | Q: diam= 19.06 pi_cv=0.964 n_ejes=0 pico=0.681  (2.2s, t=6.6min)
  [real_barajado   N= 1500 s=91001] M: diam=   6.0/   7.0 pi_cv=0.956 n_ejes=0 pico=0.691 | Q: diam= 18.20 pi_cv=1.102 n_ejes=0 pico=0.682  (5.7s, t=6.7min)
  [real_barajado   N= 1500 s=91002] M: diam=   5.5/   7.0 pi_cv=0.955 n_ejes=0 pico=0.691 | Q: diam= 19.43 pi_cv=0.990 n_ejes=0 pico=0.682  (5.2s, t=6.8min)
  [real_barajado   N= 2500 s=91001] M: diam=   6.0/   8.0 pi_cv=0.977 n_ejes=0 pico=0.686 | Q: diam= 24.02 pi_cv=1.026 n_ejes=0 pico=0.687  (17.4s, t=7.1min)
  [real_barajado   N= 2500 s=91002] M: diam=   6.0/   7.0 pi_cv=1.042 n_ejes=0 pico=0.694 | Q: diam= 23.67 pi_cv=1.054 n_ejes=0 pico=0.679  (16.9s, t=7.4min)

tiempo total 7.35 min
