==============================================================================
F7-05 · Mediación nueva — reanálisis puro sobre datos existentes
==============================================================================

Geometría inicial pegada por (carpeta, npart): 254 / 254 filas
Verificación n_aristas (cabecera del IC vs CSV del experimento): 254/254 coinciden exactamente
Dataset unificado re-escrito con geometría: /Users/alexis/Desktop/RMD/Cosmolab/Cosmogenesis/cs090_fase7_f705_dataset_unificado.csv (254 x 54)

--- Composición del dataset ---
exp               diseno    
F5B_40pares       pareado       76
O3A_N4000         pareado       26
O3B_rewiring      pareado       24
O3C_factorial     pareado       47
O3D_control_hist  no_pareado     2
O3D_kcap          no_pareado    38
O3E_memoria       pareado       30
OUT_pendNEG       no_pareado    11

N_nodos: {2000: 228, 4000: 26}
brazos: {'unico': 113, 'regla': 32, 'mem': 15, 'nomem': 15, 'orig': 12, 'rewire': 12, 'c2-rigido-azar': 12, 'c3-elastico-soporte': 12, 'c4-elastico-azar': 12, 'c1-rigido-soporte': 11, 'control_ER': 6, 'control_historico': 2}

==============================================================================
B. CORRELACIONES CRUDAS con la masa acretada (frac_masa)
==============================================================================
  densidad (grado medio 2E/N)                          n= 254  r=-0.829 (p=1.68e-65)  rho=-0.928 (p=2.81e-110)
  nº de aristas                                        n= 254  r=-0.244 (p=8.39e-05)  rho=-0.607 (p=5.77e-27)
  geometría inicial (FoF b=0.30, masa en grumos)       n= 254  r=+0.810 (p=2.42e-60)  rho=+0.916 (p=7.60e-102)
  geometría inicial (CV de densidad local k=8)         n= 254  r=-0.105 (p=9.53e-02)  rho=-0.585 (p=9.33e-25)
  geometría inicial (FoF b=0.20)                       n= 254  r=+0.838 (p=2.39e-68)  rho=+0.941 (p=2.28e-120)
  geometría inicial (p90/mediana densidad local)       n= 254  r=+0.269 (p=1.40e-05)  rho=+0.284 (p=4.41e-06)
  pendiente corregida                                  n= 217  r=+0.140 (p=3.98e-02)  rho=+0.693 (p=1.93e-32)
  clustering local medio                               n=  24  r=+0.518 (p=9.59e-03)  rho=+0.238 (p=2.62e-01)
  holonomía del grafo final                            n= 135  r=-0.016 (p=8.53e-01)  rho=+0.101 (p=2.44e-01)
  diámetro corregido                                   n= 222  r=+0.408 (p=2.67e-10)  rho=+0.624 (p=2.24e-25)
  fracción en componente gigante                       n= 193  r=-0.916 (p=1.64e-77)  rho=-0.971 (p=2.81e-120)
  kcap (tope de capacidad)                             n= 246  r=-0.744 (p=1.48e-44)  rho=-0.806 (p=1.39e-57)
  K                                                    n= 246  r=+0.154 (p=1.54e-02)  rho=+0.177 (p=5.35e-03)

--- Colinealidad entre los caminos (Pearson / Spearman, n por par) ---
  dens   vs pend      n= 217  r=-0.175  rho=-0.680
  dens   vs geo       n= 254  r=-0.995  rho=-0.985
  dens   vs geo_cv    n= 254  r=+0.499  rho=+0.761
  dens   vs clus      n=  24  r=-0.361  rho=-0.065
  pend   vs geo       n= 217  r=+0.188  rho=+0.673
  pend   vs clus      n=  24  r=+0.493  rho=+0.273
  geo    vs clus      n=  24  r=+0.336  rho=+0.011
  dens   vs kcap      n= 246  r=+0.871  rho=+0.853
  geo    vs geo_cv    n= 254  r=-0.479  rho=-0.740
  dens   vs holon     n= 135  r=-0.140  rho=-0.220
  pend   vs holon     n= 109  r=+0.132  rho=+0.267

==============================================================================
C. ¿QUÉ CAMINO SOBREVIVE AL CONDICIONAR A LOS DEMÁS?
==============================================================================
Parcial  = correlación entre lo que queda de la masa y lo que queda del camino,
           después de sacarle a los dos todo lo que explican los otros caminos.
Semiparc = cuánto de la masa BRUTA explica sólo ese camino, ya limpio de los otros.

[GLOBAL dens|geo]  n=254   caminos: ['dens', 'geo']  + experimento de origen
   dens     parcial r=-0.672 (p=8.7e-35)   rho_parcial=-0.616 (p=5.61e-28)   semiparcial r=-0.295 (p=1.72e-06)
   geo      parcial r=-0.543 (p=6.53e-21)   rho_parcial=-0.128 (p=0.0417)   semiparcial r=-0.210 (p=0.000752)

[GLOBAL dens|geo|pend]  n=217   caminos: ['dens', 'geo', 'pend']  + experimento de origen
   dens     parcial r=-0.731 (p=1.42e-37)   rho_parcial=-0.591 (p=8.74e-22)   semiparcial r=-0.241 (p=0.000332)
   geo      parcial r=-0.611 (p=1.49e-23)   rho_parcial=-0.157 (p=0.0207)   semiparcial r=-0.174 (p=0.0104)
   pend     parcial r=+0.325 (p=1e-06)   rho_parcial=+0.402 (p=8.02e-10)   semiparcial r=+0.077 (p=0.257)

[GLOBAL dens|geo|geo_cv|pend]  n=217   caminos: ['dens', 'geo', 'geo_cv', 'pend']  + experimento de origen
   dens     parcial r=-0.729 (p=3.06e-37)   rho_parcial=-0.536 (p=1.52e-17)   semiparcial r=-0.240 (p=0.000368)
   geo      parcial r=-0.609 (p=2.18e-23)   rho_parcial=-0.248 (p=0.000224)   semiparcial r=-0.173 (p=0.0108)
   geo_cv   parcial r=-0.030 (p=0.664)   rho_parcial=-0.560 (p=2.46e-19)   semiparcial r=-0.007 (p=0.922)
   pend     parcial r=+0.325 (p=1.02e-06)   rho_parcial=+0.307 (p=4.11e-06)   semiparcial r=+0.077 (p=0.257)

[GLOBAL sin ajuste por experimento]  n=217   caminos: ['dens', 'geo', 'pend']
   dens     parcial r=-0.765 (p=6.98e-43)   rho_parcial=-0.649 (p=2.74e-27)   semiparcial r=-0.323 (p=1.12e-06)
   geo      parcial r=-0.643 (p=9.75e-27)   rho_parcial=-0.182 (p=0.00713)   semiparcial r=-0.229 (p=0.000671)
   pend     parcial r=+0.027 (p=0.697)   rho_parcial=+0.196 (p=0.00377)   semiparcial r=+0.007 (p=0.915)

[SÓLO N=2000]  n=217   caminos: ['dens', 'geo', 'pend']  + experimento de origen
   dens     parcial r=-0.731 (p=1.42e-37)   rho_parcial=-0.591 (p=8.74e-22)   semiparcial r=-0.241 (p=0.000332)
   geo      parcial r=-0.611 (p=1.49e-23)   rho_parcial=-0.157 (p=0.0207)   semiparcial r=-0.174 (p=0.0104)
   pend     parcial r=+0.325 (p=1e-06)   rho_parcial=+0.402 (p=8.02e-10)   semiparcial r=+0.077 (p=0.257)

[SIN controles Erdős-Rényi]  n=217   caminos: ['dens', 'geo', 'pend']  + experimento de origen
   dens     parcial r=-0.731 (p=1.42e-37)   rho_parcial=-0.591 (p=8.74e-22)   semiparcial r=-0.241 (p=0.000332)
   geo      parcial r=-0.611 (p=1.49e-23)   rho_parcial=-0.157 (p=0.0207)   semiparcial r=-0.174 (p=0.0104)
   pend     parcial r=+0.325 (p=1e-06)   rho_parcial=+0.402 (p=8.02e-10)   semiparcial r=+0.077 (p=0.257)

[O3B (único con clustering)]  n=24   caminos: ['dens', 'geo', 'pend', 'clus']
   dens     parcial r=-0.766 (p=1.29e-05)   rho_parcial=-0.741 (p=3.41e-05)   semiparcial r=-0.164 (p=0.443)
   geo      parcial r=-0.411 (p=0.0462)   rho_parcial=+0.083 (p=0.699)   semiparcial r=-0.062 (p=0.773)
   pend     parcial r=+0.392 (p=0.0584)   rho_parcial=+0.208 (p=0.328)   semiparcial r=+0.059 (p=0.785)
   clus     parcial r=+0.666 (p=0.000378)   rho_parcial=+0.538 (p=0.00665)   semiparcial r=+0.123 (p=0.566)

[O3B clustering | dens+geo]  n=24   caminos: ['dens', 'geo', 'clus']
   dens     parcial r=-0.736 (p=4.16e-05)   rho_parcial=-0.731 (p=5e-05)   semiparcial r=-0.163 (p=0.447)
   geo      parcial r=-0.304 (p=0.148)   rho_parcial=+0.263 (p=0.215)   semiparcial r=-0.048 (p=0.824)
   clus     parcial r=+0.744 (p=3.04e-05)   rho_parcial=+0.702 (p=0.000132)   semiparcial r=+0.167 (p=0.435)

==============================================================================
D. REGRESIÓN MÚLTIPLE (variables tipificadas) + VIF
==============================================================================
Regla de lectura declarada de antemano (como en O3-D):
  VIF < 5   -> el coeficiente se puede leer;
  5-10      -> se lee con reserva;
  > 10      -> el coeficiente es ININTERPRETABLE individualmente (se informa, no se usa).

[M1 masa ~ dens]  n=254  R²=0.850  R²aj=0.846
   OK  dens                   beta=-0.892 ± 0.031   p=2.87e-79   VIF=1.6
   OK  exp=O3A_N4000          beta=+1.383 ± 0.089   p=3.48e-38   VIF=1.2
   OK  exp=O3B_rewiring       beta=+0.080 ± 0.092   p=0.385   VIF=1.2
   OK  exp=O3C_factorial      beta=+0.531 ± 0.086   p=2.44e-09   VIF=1.8
   OK  exp=O3D_control_hist   beta=+0.524 ± 0.287   p=0.0693   VIF=1.1
   OK  exp=O3D_kcap           beta=+0.182 ± 0.078   p=0.0206   VIF=1.3
   OK  exp=O3E_memoria        beta=+0.145 ± 0.085   p=0.0888   VIF=1.2
   OK  exp=OUT_pendNEG        beta=+0.232 ± 0.130   p=0.0749   VIF=1.2

[M2 masa ~ dens + geo]  n=254  R²=0.895  R²aj=0.891
   XX  dens                   beta=-3.044 ± 0.214   p=9.81e-34   VIF=106.5   <-- ININTERPRETABLE por colinealidad
   XX  geo                    beta=-2.168 ± 0.214   p=2.69e-20   VIF=106.5   <-- ININTERPRETABLE por colinealidad
   OK  exp=O3A_N4000          beta=+1.472 ± 0.076   p=1.4e-51   VIF=1.2
   OK  exp=O3B_rewiring       beta=-0.018 ± 0.078   p=0.818   VIF=1.2
   OK  exp=O3C_factorial      beta=+0.427 ± 0.073   p=1.48e-08   VIF=1.9
   OK  exp=O3D_control_hist   beta=+0.390 ± 0.242   p=0.108   VIF=1.1
   OK  exp=O3D_kcap           beta=+0.076 ± 0.067   p=0.255   VIF=1.3
   OK  exp=O3E_memoria        beta=+0.014 ± 0.073   p=0.853   VIF=1.3
   OK  exp=OUT_pendNEG        beta=-0.065 ± 0.113   p=0.565   VIF=1.2

[M3 masa ~ dens + geo + pend]  n=217  R²=0.949  R²aj=0.947
   XX  dens                   beta=-2.774 ± 0.179   p=2.1e-36   VIF=132.0   <-- ININTERPRETABLE por colinealidad
   XX  geo                    beta=-1.883 ± 0.169   p=7.73e-23   VIF=117.6   <-- ININTERPRETABLE por colinealidad
   XX  pend                   beta=+0.261 ± 0.053   p=1.5e-06   VIF=11.4   <-- ININTERPRETABLE por colinealidad
   OK  exp=O3B_rewiring       beta=+0.009 ± 0.055   p=0.865   VIF=1.2
   OK  exp=O3C_factorial      beta=+0.373 ± 0.053   p=3.47e-11   VIF=2.0
   OK  exp=O3D_kcap           beta=+0.062 ± 0.050   p=0.21   VIF=1.3
   OK  exp=O3E_memoria        beta=+0.019 ± 0.051   p=0.703   VIF=1.3
   XX  exp=OUT_pendNEG        beta=+1.290 ± 0.250   p=5.82e-07   VIF=12.4   <-- ININTERPRETABLE por colinealidad

[M4 masa ~ dens + geo + geo_cv + pend]  n=217  R²=0.949  R²aj=0.947
   XX  dens                   beta=-2.766 ± 0.181   p=6.47e-36   VIF=133.2   <-- ININTERPRETABLE por colinealidad
   XX  geo                    beta=-1.893 ± 0.172   p=1.41e-22   VIF=120.2   <-- ININTERPRETABLE por colinealidad
   res geo_cv                 beta=-0.019 ± 0.045   p=0.669   VIF=8.2
   XX  pend                   beta=+0.261 ± 0.053   p=1.62e-06   VIF=11.4   <-- ININTERPRETABLE por colinealidad
   OK  exp=O3B_rewiring       beta=+0.009 ± 0.055   p=0.869   VIF=1.2
   OK  exp=O3C_factorial      beta=+0.372 ± 0.053   p=4.23e-11   VIF=2.0
   OK  exp=O3D_kcap           beta=+0.062 ± 0.050   p=0.211   VIF=1.3
   OK  exp=O3E_memoria        beta=+0.022 ± 0.051   p=0.674   VIF=1.3
   XX  exp=OUT_pendNEG        beta=+1.290 ± 0.251   p=6.21e-07   VIF=12.4   <-- ININTERPRETABLE por colinealidad

[M5 masa ~ dens + geo + pend + kcap]  n=217  R²=0.949  R²aj=0.947
   XX  dens                   beta=-2.765 ± 0.183   p=3.58e-35   VIF=137.2   <-- ININTERPRETABLE por colinealidad
   XX  geo                    beta=-1.886 ± 0.170   p=1.05e-22   VIF=118.2   <-- ININTERPRETABLE por colinealidad
   XX  pend                   beta=+0.262 ± 0.053   p=1.56e-06   VIF=11.5   <-- ININTERPRETABLE por colinealidad
   res kcap                   beta=-0.010 ± 0.042   p=0.806   VIF=7.0
   OK  exp=O3B_rewiring       beta=+0.011 ± 0.055   p=0.844   VIF=1.2
   OK  exp=O3C_factorial      beta=+0.363 ± 0.066   p=1.2e-07   VIF=3.0
   OK  exp=O3D_kcap           beta=+0.063 ± 0.050   p=0.207   VIF=1.3
   OK  exp=O3E_memoria        beta=+0.019 ± 0.051   p=0.71   VIF=1.3
   XX  exp=OUT_pendNEG        beta=+1.295 ± 0.251   p=6.04e-07   VIF=12.5   <-- ININTERPRETABLE por colinealidad

[M6 (sin dummies de experimento)]  n=217  R²=0.926  R²aj=0.925
   XX  dens                   beta=-3.176 ± 0.183   p=1.69e-42   VIF=96.4   <-- ININTERPRETABLE por colinealidad
   XX  geo                    beta=-2.255 ± 0.184   p=1.67e-26   VIF=96.9   <-- ININTERPRETABLE por colinealidad
   OK  pend                   beta=+0.007 ± 0.019   p=0.699   VIF=1.1

[M7 O3B: masa ~ dens + geo + clus]  n=24  R²=0.978  R²aj=0.974
   XX  dens                   beta=-1.273 ± 0.262   p=9.48e-05   VIF=61.0   <-- ININTERPRETABLE por colinealidad
   XX  geo                    beta=-0.370 ± 0.259   p=0.169   VIF=59.8   <-- ININTERPRETABLE por colinealidad
   OK  clus                   beta=+0.182 ± 0.037   p=7.13e-05   VIF=1.2

[M8 O3B: masa ~ dens + geo + pend + clus]  n=24  R²=0.981  R²aj=0.977
   XX  dens                   beta=-1.284 ± 0.247   p=5.19e-05   VIF=61.0   <-- ININTERPRETABLE por colinealidad
   XX  geo                    beta=-0.500 ± 0.254   p=0.0644   VIF=64.6   <-- ININTERPRETABLE por colinealidad
   res pend                   beta=+0.145 ± 0.078   p=0.0791   VIF=6.1
   OK  clus                   beta=+0.150 ± 0.039   p=0.000974   VIF=1.5

==============================================================================
E. MEDIACIÓN EN CADENA:  densidad → geometría inicial → masa
==============================================================================
En simple: ¿la densidad llega a la masa PORQUE cambia cómo de apelotonada
nace la nube, o llega por otro lado? Se estima el trozo que viaja por la
geometría (indirecto) y el trozo que no (directo), con intervalos por bootstrap.

[densidad → geometría → masa (global)]  n=254  (X=dens, M=geo, Y=masa)
   a  (X→M)          = -0.995
   b  (M→Y | X)      = -1.307
   c  (X→Y total)    = -0.829
   c' (X→Y directo)  = -2.129
   indirecto a·b     = +1.2998   IC95% bootstrap [+0.7554, +1.8509]   (excluye 0)
   proporción mediada = -156.8%

[densidad → geometría → masa (global, ctrl N)]  n=254  (X=dens, M=geo, Y=masa, control=['N_nodos'])
   a  (X→M)          = -0.992
   b  (M→Y | X)      = -2.241
   c  (X→Y total)    = -0.795
   c' (X→Y directo)  = -3.018
   indirecto a·b     = +2.2235   IC95% bootstrap [+1.8098, +2.6119]   (excluye 0)
   proporción mediada = -279.7%

[densidad → geometría → masa (N=2000)]  n=228  (X=dens, M=geo, Y=masa)
   a  (X→M)          = -0.995
   b  (M→Y | X)      = -2.178
   c  (X→Y total)    = -0.938
   c' (X→Y directo)  = -3.105
   indirecto a·b     = +2.1665   IC95% bootstrap [+1.7908, +2.5553]   (excluye 0)
   proporción mediada = -230.9%

[densidad → geometría → masa (sin ER)]  n=248  (X=dens, M=geo, Y=masa)
   a  (X→M)          = -0.994
   b  (M→Y | X)      = -1.321
   c  (X→Y total)    = -0.823
   c' (X→Y directo)  = -2.137
   indirecto a·b     = +1.3137   IC95% bootstrap [+0.7720, +1.8721]   (excluye 0)
   proporción mediada = -159.6%

[densidad → CV local → masa (global)]  n=254  (X=dens, M=geo_cv, Y=masa)
   a  (X→M)          = +0.499
   b  (M→Y | X)      = +0.412
   c  (X→Y total)    = -0.829
   c' (X→Y directo)  = -1.034
   indirecto a·b     = +0.2055   IC95% bootstrap [+0.1650, +0.2510]   (excluye 0)
   proporción mediada = -24.8%

[densidad → pendiente → masa (el camino viejo)]  n=217  (X=dens, M=pend, Y=masa)
   a  (X→M)          = -0.175
   b  (M→Y | X)      = -0.025
   c  (X→Y total)    = -0.934
   c' (X→Y directo)  = -0.938
   indirecto a·b     = +0.0044   IC95% bootstrap [-0.0178, +0.0087]   (INCLUYE 0)
   proporción mediada = -0.5%

[pendiente → geometría → masa]  n=217  (X=pend, M=geo, Y=masa)
   a  (X→M)          = +0.188
   b  (M→Y | X)      = +0.912
   c  (X→Y total)    = +0.140
   c' (X→Y directo)  = -0.032
   indirecto a·b     = +0.1716   IC95% bootstrap [+0.0011, +0.3783]   (excluye 0)
   proporción mediada = 122.8%

[densidad → geometría → masa | descontando pendiente]  n=217  (X=dens, M=geo, Y=masa, control=['pend'])
   a  (X→M)          = -0.992
   b  (M→Y | X)      = -2.255
   c  (X→Y total)    = -0.938
   c' (X→Y directo)  = -3.176
   indirecto a·b     = +2.2377   IC95% bootstrap [+1.8478, +2.6554]   (excluye 0)
   proporción mediada = -238.5%

[O3B: clustering → geometría → masa | descontando densidad]  n=24  (X=clus, M=geo, Y=masa, control=['dens'])
   a  (X→M)          = -0.025
   b  (M→Y | X)      = -0.370
   c  (X→Y total)    = +0.192
   c' (X→Y directo)  = +0.182
   indirecto a·b     = +0.0093   IC95% bootstrap [-0.0053, +0.0367]   (INCLUYE 0)
   proporción mediada = 4.9%

[O3B: densidad → geometría → masa]  n=24  (X=dens, M=geo, Y=masa)
   a  (X→M)          = -0.991
   b  (M→Y | X)      = -0.601
   c  (X→Y total)    = -0.971
   c' (X→Y directo)  = -1.567
   indirecto a·b     = +0.5961   IC95% bootstrap [+0.1020, +1.2914]   (excluye 0)
   proporción mediada = -61.4%

[O3B] cadena de tres eslabones  densidad → clustering → geometría → masa
   dens→clus a1=-0.361 · clus→geo|dens a2=-0.025 · geo→masa|dens,clus b=-0.370
   indirecto en serie a1·a2·b = -0.0034

==============================================================================
F. ¿ARTEFACTO DE SIMPSON? — la misma relación, global y dentro de cada diseño
==============================================================================
Si la relación global apunta a un lado y las de adentro de cada experimento
al otro, el conjunto está mintiendo. Se compara una por una.

  dens: rho GLOBAL = -0.928 (n=254, p=2.8e-110)
      F5B_40pares        n= 76  rho=-0.927  p=3.74e-33
      O3A_N4000          n= 26  rho=-0.930  p=6.84e-12
      O3B_rewiring       n= 24  rho=-0.965  p=2.55e-14
      O3C_factorial      n= 47  rho=-0.956  p=1.15e-25
      O3D_control_hist   n=  2  (pocos)
      O3D_kcap           n= 38  rho=-0.989  p=3.56e-31
      O3E_memoria        n= 30  rho=-0.971  p=5.03e-19
      OUT_pendNEG        n= 11  rho=-0.938  p=1.9e-05
      >> DENTRO de experimento (efectos fijos): r=-0.875 (p=1.8e-81)

  geo: rho GLOBAL = +0.916 (n=254, p=7.6e-102)
      F5B_40pares        n= 76  rho=+0.845  p=8.5e-22
      O3A_N4000          n= 26  rho=+0.929  p=7.88e-12
      O3B_rewiring       n= 24  rho=+0.935  p=2.23e-11
      O3C_factorial      n= 47  rho=+0.947  p=6.94e-24
      O3D_control_hist   n=  2  (pocos)
      O3D_kcap           n= 38  rho=+0.973  p=1.28e-24
      O3E_memoria        n= 30  rho=+0.951  p=7.51e-16
      OUT_pendNEG        n= 11  rho=+0.975  p=3.52e-07
      >> DENTRO de experimento (efectos fijos): r=+0.836 (p=1.1e-67)

  pend: rho GLOBAL = +0.693 (n=217, p=1.9e-32)
      F5B_40pares        n= 73  rho=+0.586  p=5.13e-08
      O3B_rewiring       n= 24  rho=+0.922  p=1.67e-10
      O3C_factorial      n= 47  rho=+0.800  p=1.48e-11
      O3D_kcap           n= 32  rho=+0.972  p=1.96e-20
      O3E_memoria        n= 30  rho=+0.950  p=1.23e-15
      OUT_pendNEG        n= 11  rho=-0.642  p=0.0331   <-- SIGNO OPUESTO al global
      >> DENTRO de experimento (efectos fijos): r=+0.811 (p=6.8e-52)

==============================================================================
G. CADA DISEÑO POR SEPARADO (subconjuntos homogéneos)
==============================================================================

[F5B_40pares]  n=76  diseño=pareado  N=[np.int64(2000)]
    rho(masa, dens   ) = -0.927  (n=76, p=3.74e-33)
    rho(masa, geo    ) = +0.845  (n=76, p=8.5e-22)
    rho(masa, geo_cv ) = -0.899  (n=76, p=3.12e-28)
    rho(masa, pend   ) = +0.586  (n=73, p=5.13e-08)
    parcial geo|dens = -0.618 (p=2.74e-09)   parcial dens|geo = -0.781 (p=8.67e-17)

[O3A_N4000]  n=26  diseño=pareado  N=[np.int64(4000)]
    rho(masa, dens   ) = -0.930  (n=26, p=6.84e-12)
    rho(masa, geo    ) = +0.929  (n=26, p=7.88e-12)
    rho(masa, geo_cv ) = -0.778  (n=26, p=2.83e-06)
    parcial geo|dens = -0.076 (p=0.713)   parcial dens|geo = -0.322 (p=0.109)

[O3B_rewiring]  n=24  diseño=pareado  N=[np.int64(2000)]
    rho(masa, dens   ) = -0.965  (n=24, p=2.55e-14)
    rho(masa, geo    ) = +0.935  (n=24, p=2.23e-11)
    rho(masa, geo_cv ) = -0.957  (n=24, p=2.81e-13)
    rho(masa, pend   ) = +0.922  (n=24, p=1.67e-10)
    rho(masa, clus   ) = +0.238  (n=24, p=0.262)
    parcial geo|dens = -0.332 (p=0.113)   parcial dens|geo = -0.676 (p=0.000287)

[O3C_factorial]  n=47  diseño=pareado  N=[np.int64(2000)]
    rho(masa, dens   ) = -0.956  (n=47, p=1.15e-25)
    rho(masa, geo    ) = +0.947  (n=47, p=6.94e-24)
    rho(masa, geo_cv ) = -0.912  (n=47, p=5.48e-19)
    rho(masa, pend   ) = +0.800  (n=47, p=1.48e-11)
    parcial geo|dens = -0.724 (p=8.64e-09)   parcial dens|geo = -0.798 (p=1.9e-11)

[O3D_kcap]  n=38  diseño=no_pareado  N=[np.int64(2000)]
    rho(masa, dens   ) = -0.989  (n=38, p=3.56e-31)
    rho(masa, geo    ) = +0.973  (n=38, p=1.28e-24)
    rho(masa, geo_cv ) = -0.955  (n=38, p=1.28e-20)
    rho(masa, pend   ) = +0.972  (n=32, p=1.96e-20)
    parcial geo|dens = -0.502 (p=0.00133)   parcial dens|geo = -0.745 (p=8.25e-08)

[O3E_memoria]  n=30  diseño=pareado  N=[np.int64(2000)]
    rho(masa, dens   ) = -0.971  (n=30, p=5.03e-19)
    rho(masa, geo    ) = +0.951  (n=30, p=7.51e-16)
    rho(masa, geo_cv ) = -0.952  (n=30, p=7.05e-16)
    rho(masa, pend   ) = +0.950  (n=30, p=1.23e-15)
    parcial geo|dens = -0.582 (p=0.000735)   parcial dens|geo = -0.744 (p=2.5e-06)

[OUT_pendNEG]  n=11  diseño=no_pareado  N=[np.int64(2000)]
    rho(masa, dens   ) = -0.938  (n=11, p=1.9e-05)
    rho(masa, geo    ) = +0.975  (n=11, p=3.52e-07)
    rho(masa, geo_cv ) = -0.897  (n=11, p=0.000178)
    rho(masa, pend   ) = -0.642  (n=11, p=0.0331)
