patron=*_f802_L1: 12 carpetas -> ['A2-B0-C2-batch3-r111_s482596_f802_L1', 'A2-B0-C2-batch3-r120_s483469_f802_L1', 'A2-B0-C2-batch3-r143_s485700_f802_L1', 'A2-B0-C2-batch4-r12_s572993_f802_L1', 'A2-B0-C2-batch4-r1_s571926_f802_L1', 'A2-B0-C2-batch4-r31_s574836_f802_L1', 'A2-B0-C2-batch4-r47_s576388_f802_L1', 'A2-B0-C2-r14_s273187_f802_L1', 'A2-B0-C2-r17_s273478_f802_L1', 'A2-B0-C2-r1_s271926_f802_L1', 'A2-B0-C2-r2_s372023_f802_L1', 'A2-B0-C2-r39_s375612_f802_L1']
[A2-B0-C2-batch3-r111_s482596_f802_L1] setup + run...
[A2-B0-C2-batch3-r111_s482596_f802_L1] exit_setup=0 t_setup=5.26s  exit_run=0 t_run=40.93s
[A2-B0-C2-batch3-r120_s483469_f802_L1] setup + run...
[A2-B0-C2-batch3-r120_s483469_f802_L1] exit_setup=0 t_setup=5.92s  exit_run=0 t_run=38.32s
[A2-B0-C2-batch3-r143_s485700_f802_L1] setup + run...
[A2-B0-C2-batch3-r143_s485700_f802_L1] exit_setup=0 t_setup=5.3s  exit_run=0 t_run=41.95s
[A2-B0-C2-batch4-r12_s572993_f802_L1] setup + run...
[A2-B0-C2-batch4-r12_s572993_f802_L1] exit_setup=0 t_setup=5.08s  exit_run=0 t_run=46.91s
[A2-B0-C2-batch4-r1_s571926_f802_L1] setup + run...
[A2-B0-C2-batch4-r1_s571926_f802_L1] exit_setup=0 t_setup=6.35s  exit_run=0 t_run=40.26s
[A2-B0-C2-batch4-r31_s574836_f802_L1] setup + run...
[A2-B0-C2-batch4-r31_s574836_f802_L1] exit_setup=0 t_setup=5.94s  exit_run=0 t_run=38.66s
[A2-B0-C2-batch4-r47_s576388_f802_L1] setup + run...
[A2-B0-C2-batch4-r47_s576388_f802_L1] ya tenía cosmog_00500 -- se salta
[A2-B0-C2-r14_s273187_f802_L1] setup + run...
[A2-B0-C2-r14_s273187_f802_L1] exit_setup=0 t_setup=5.24s  exit_run=0 t_run=43.38s
[A2-B0-C2-r17_s273478_f802_L1] setup + run...
[A2-B0-C2-r17_s273478_f802_L1] exit_setup=0 t_setup=7.26s  exit_run=0 t_run=50.44s
[A2-B0-C2-r1_s271926_f802_L1] setup + run...
[A2-B0-C2-r1_s271926_f802_L1] exit_setup=0 t_setup=6.04s  exit_run=0 t_run=42.37s
[A2-B0-C2-r2_s372023_f802_L1] setup + run...
[A2-B0-C2-r2_s372023_f802_L1] exit_setup=0 t_setup=6.56s  exit_run=0 t_run=44.15s
[A2-B0-C2-r39_s375612_f802_L1] setup + run...
[A2-B0-C2-r39_s375612_f802_L1] exit_setup=0 t_setup=8.17s  exit_run=0 t_run=45.57s

[TOTAL] tiempo script=540.1s
