[recuperado v2] r9(v2) seed=372702 K=5 kcap=6 (I) vs r39(v2) seed=375612 K=5 kcap=6 (III) -- match exacto confirmado
[verificacion previa] 12 pares (1 recuperado + 11 v3) verificados contra CSV de origen -- OK, ningun mismatch antes de generar IC
[1/12] generando IC A2-B0-C2-r9v2fix (I, seed=372702)...
  -> ok, t=52s, meta verificado contra CSV
[1/12] A2-B0-C2-r39 (III) YA CORRIDO en /Users/alexis/phantom_cs073/bateria_fase5b_a2b0c2_escala_v2/A2-B0-C2-r39_III -- se reusa, no se regenera ni se recorre
[2/12] generando IC A2-B0-C2-batch3-r100 (I, seed=481529)...
  -> ok, t=49s, meta verificado contra CSV
[2/12] generando IC A2-B0-C2-batch3-r0 (III, seed=471829)...
  -> ok, t=49s, meta verificado contra CSV
[3/12] generando IC A2-B0-C2-batch3-r1 (I, seed=471926)...
  -> ok, t=51s, meta verificado contra CSV
[3/12] generando IC A2-B0-C2-batch3-r69 (III, seed=478522)...
  -> ok, t=48s, meta verificado contra CSV
[4/12] generando IC A2-B0-C2-batch3-r5 (I, seed=472314)...
  -> ok, t=48s, meta verificado contra CSV
[4/12] generando IC A2-B0-C2-batch3-r114 (III, seed=482887)...
  -> ok, t=49s, meta verificado contra CSV
[5/12] generando IC A2-B0-C2-batch3-r44 (I, seed=476097)...
  -> ok, t=51s, meta verificado contra CSV
[5/12] generando IC A2-B0-C2-batch3-r10 (III, seed=472799)...
  -> ok, t=57s, meta verificado contra CSV
[6/12] generando IC A2-B0-C2-batch3-r86 (I, seed=480171)...
  -> ok, t=54s, meta verificado contra CSV
[6/12] generando IC A2-B0-C2-batch3-r12 (III, seed=472993)...
  -> ok, t=60s, meta verificado contra CSV
[7/12] generando IC A2-B0-C2-batch3-r50 (I, seed=476679)...
  -> ok, t=58s, meta verificado contra CSV
[7/12] generando IC A2-B0-C2-batch3-r21 (III, seed=473866)...
  -> ok, t=57s, meta verificado contra CSV
[8/12] generando IC A2-B0-C2-batch3-r48 (I, seed=476485)...
  -> ok, t=55s, meta verificado contra CSV
[8/12] generando IC A2-B0-C2-batch3-r25 (III, seed=474254)...
  -> ok, t=57s, meta verificado contra CSV
[9/12] generando IC A2-B0-C2-batch3-r35 (I, seed=475224)...
  -> ok, t=59s, meta verificado contra CSV
[9/12] generando IC A2-B0-C2-batch3-r31 (III, seed=474836)...
  -> ok, t=61s, meta verificado contra CSV
[10/12] generando IC A2-B0-C2-batch3-r9 (I, seed=472702)...
  -> ok, t=59s, meta verificado contra CSV
[10/12] generando IC A2-B0-C2-batch3-r83 (III, seed=479880)...
  -> ok, t=58s, meta verificado contra CSV
[11/12] generando IC A2-B0-C2-batch3-r53 (I, seed=476970)...
  -> ok, t=58s, meta verificado contra CSV
[11/12] generando IC A2-B0-C2-batch3-r23 (III, seed=474060)...
  -> ok, t=57s, meta verificado contra CSV
[12/12] generando IC A2-B0-C2-batch3-r104 (I, seed=481917)...
  -> ok, t=57s, meta verificado contra CSV
[12/12] generando IC A2-B0-C2-batch3-r60 (III, seed=477649)...
  -> ok, t=60s, meta verificado contra CSV

[TOTAL IC] generadas/verificadas para 12 pares en 1265s
[1/12] Phantom en A2-B0-C2-r9v2fix_I...
  exit_setup=0 t_setup=1.11s exit_run=0 t_run=11.8s
[1/12] Phantom en A2-B0-C2-r39_III...
  ya tenia cosmog_00500 -- se salta
[2/12] Phantom en A2-B0-C2-batch3-r100_I...
  exit_setup=0 t_setup=1.14s exit_run=0 t_run=13.64s
[2/12] Phantom en A2-B0-C2-batch3-r0_III...
  exit_setup=0 t_setup=1.1s exit_run=0 t_run=14.15s
[3/12] Phantom en A2-B0-C2-batch3-r1_I...
  exit_setup=0 t_setup=1.09s exit_run=0 t_run=13.04s
[3/12] Phantom en A2-B0-C2-batch3-r69_III...
  exit_setup=0 t_setup=0.98s exit_run=0 t_run=13.18s
[4/12] Phantom en A2-B0-C2-batch3-r5_I...
  exit_setup=0 t_setup=1.11s exit_run=0 t_run=13.03s
[4/12] Phantom en A2-B0-C2-batch3-r114_III...
  exit_setup=0 t_setup=1.15s exit_run=0 t_run=14.11s
[5/12] Phantom en A2-B0-C2-batch3-r44_I...
  exit_setup=0 t_setup=1.29s exit_run=0 t_run=14.43s
[5/12] Phantom en A2-B0-C2-batch3-r10_III...
  exit_setup=0 t_setup=1.08s exit_run=0 t_run=14.89s
[6/12] Phantom en A2-B0-C2-batch3-r86_I...
  exit_setup=0 t_setup=1.05s exit_run=0 t_run=13.25s
[6/12] Phantom en A2-B0-C2-batch3-r12_III...
  exit_setup=0 t_setup=1.05s exit_run=0 t_run=13.06s
[7/12] Phantom en A2-B0-C2-batch3-r50_I...
  exit_setup=0 t_setup=0.94s exit_run=0 t_run=12.66s
[7/12] Phantom en A2-B0-C2-batch3-r21_III...
  exit_setup=0 t_setup=0.82s exit_run=0 t_run=9.77s
[8/12] Phantom en A2-B0-C2-batch3-r48_I...
  exit_setup=0 t_setup=0.94s exit_run=0 t_run=9.19s
[8/12] Phantom en A2-B0-C2-batch3-r25_III...
  exit_setup=0 t_setup=0.73s exit_run=0 t_run=10.97s
[9/12] Phantom en A2-B0-C2-batch3-r35_I...
  exit_setup=0 t_setup=0.82s exit_run=0 t_run=10.52s
[9/12] Phantom en A2-B0-C2-batch3-r31_III...
  exit_setup=0 t_setup=0.89s exit_run=0 t_run=11.33s
[10/12] Phantom en A2-B0-C2-batch3-r9_I...
  exit_setup=0 t_setup=0.79s exit_run=0 t_run=9.38s
[10/12] Phantom en A2-B0-C2-batch3-r83_III...
  exit_setup=0 t_setup=0.8s exit_run=0 t_run=8.95s
[11/12] Phantom en A2-B0-C2-batch3-r53_I...
  exit_setup=0 t_setup=0.81s exit_run=0 t_run=9.35s
[11/12] Phantom en A2-B0-C2-batch3-r23_III...
  exit_setup=0 t_setup=0.81s exit_run=0 t_run=10.12s
[12/12] Phantom en A2-B0-C2-batch3-r104_I...
  exit_setup=0 t_setup=0.75s exit_run=0 t_run=9.71s
[12/12] Phantom en A2-B0-C2-batch3-r60_III...
  exit_setup=0 t_setup=0.75s exit_run=0 t_run=9.54s

[TOTAL PHANTOM] 292s

[TOTAL] 12 pares nuevos (24 corridas) -- metricas en /Users/alexis/Desktop/RMD/Cosmolab/Cosmogenesis/cs090_fase5b_escala_v3_metricas.csv -- tiempo total script=1558s
