[tasa=0.01] basal: {'bariones': 500, 'protones': 250, 'neutrones': 250, 'hidrogeno': 250, 'helio': 125, 'diametro_red': 4, 'geometria': {'espacio_emergio': True, 'diametro': 4, 'n_nodos_atomo': 250, 'densidades_atomos': [0.2601082752290625, 0.2583675356900587, 0.2566372346097639, 0.25491728218067466, 0.2532075896022243, 0.25150806906614664, 0.2498186337420815, 0.24813919776343632, 0.24646967621347296, 0.24480998511162713, 0.2431600414000669, 0.24151976293047095, 0.23988906845101843, 0.23826787759360507, 0.23665611086126054, 0.2350536896157776, 0.23346053606554182, 0.2318765732535555, 0.2303017250456605, 0.22873591611895053, 0.2271790719503623, 0.22563111880545994, 0.22409198372738792, 0.22256159452600732, 0.22103987976719608, 0.21952676876231977, 0.2180221915578725, 0.21652607892527276, 0.2150383623508145, 0.21355897402578344, 0.21208784683671517, 0.2106249143558065, 0.20917011083147366, 0.20772337117904843, 0.20628463097162042, 0.20485382643100686, 0.20343089441886925, 0.20201577242795282, 0.20060839857345242, 0.19920871158451442, 0.1978166507958551, 0.19643215613950224, 0.19505516813665133, 0.19368562788964713, 0.1923234770740683, 0.19096865793093232, 0.18962111325900363, 0.18828078640721127, 0.1869476212671677, 0.1856215622657986, 0.18430255435806178, 0.18299054301976972, 0.18168547424051149, 0.180387294516659, 0.17909595084447605, 0.17781139071330793, 0.17653356209886342, 0.17526241345658547, 0.17399789371509644, 0.17273995226973468, 0.1714885389761677, 0.17024360414408138, 0.16900509853094958, 0.16777297333587454, 0.1665471801935039, 0.16532767116801367, 0.16411439874716613, 0.16290731583642906, 0.16170637575316624, 0.16051153222088713, 0.1593227393635621, 0.1581399516999962, 0.15696312413826213, 0.1557922119701899, 0.15462717086591304, 0.15346795686846615, 0.15231452638843743, 0.15116683619866825, 0.15002484342900313, 0.14888850556108638, 0.14775778042320378, 0.14663262618516804, 0.14551300135324366, 0.144398864765117, 0.14329017558489876, 0.14218689329816708, 0.14108897770704468, 0.13999638892530836, 0.1389090873735291, 0.13782703377424557, 0.13675018914716, 0.1356785148043649, 0.1346119723455914, 0.13355052365347822, 0.13249413088886638, 0.13144275648610584, 0.13039636314838332, 0.12935491384306286, 0.12831837179703787, 0.1272867004920948, 0.126259863660285, 0.12523782527930147, 0.12422054956786045, 0.12320800098108362, 0.12220014420587971, 0.12119694415632364, 0.12019836596902883, 0.1192043749985115, 0.11821493681254318, 0.11723001718749138, 0.11624958210364286, 0.11527359774050674, 0.11430203047209606, 0.11333484686218387, 0.11237201365953091, 0.11141349779307963, 0.11045926636711605, 0.10950928665638772, 0.10856352610118385, 0.10762195230236579, 0.10668453301634649, 0.10575123615001723, 0.1048220297556128, 0.1038968820255137, 0.10297576128697883, 0.10205863599680555, 0.10114547473590815, 0.10023624620381504, 0.09933091921307181, 0.09842946268355082, 0.09753184563665515, 0.09663803718941502, 0.09574800654846603, 0.09486172300390382, 0.09397915592300664, 0.0931002747438171, 0.09222504896857589, 0.09135344815699656, 0.0904854419193728, 0.08962099990950691, 0.08876009181745124, 0.08790268736204611, 0.08704875628324805, 0.08619826833423135, 0.08535119327325008, 0.08450750085524761, 0.08366716082319595, 0.08283014289915154, 0.08199641677500584, 0.08116595210291754, 0.08033871848540165, 0.07951468546505781, 0.07869382251391441, 0.07787609902236378, 0.07706148428766489, 0.07624994750198419, 0.07544145773994648, 0.07463598394566524, 0.07383349491921763, 0.0730339593025287, 0.07223734556462726, 0.0714436219862311, 0.07065275664361742, 0.06986471739173046, 0.06907947184647678, 0.06829698736614932, 0.06751723103192414, 0.06674016962736318, 0.06596576961685355, 0.06519399712291016, 0.0644248179022566, 0.06365819732059974, 0.06289410032599914, 0.06213249142072976, 0.06137333463152308, 0.06061659347806539, 0.059862230939617615, 0.05911020941961196, 0.05836049070806562, 0.05761303594163723, 0.056867805561135264, 0.05612475926626985, 0.055383855967418835, 0.05464505373415521, 0.05390830974026163, 0.05317358020492298, 0.05244082032976461, 0.05170998423136095, 0.050981024868805236, 0.05025389396588305, 0.04952854192734436, 0.04880491774871045, 0.04808296891898932, 0.04736264131559969, 0.04664387909072131, 0.04592662454819633, 0.04521081800999753, 0.04449639767115889, 0.04378329944192144, 0.04307145677568791, 0.04236080048119222, 0.04165125851707683, 0.04094275576681994, 0.040235213791668584, 0.03952855055889365, 0.03882268014229243, 0.038117512391400356, 0.03741295256533066, 0.036708900926521, 0.03600525228890227, 0.035301895514102184, 0.03459871294821294, 0.03389557979035421, 0.03319236338269677, 0.03248892240971654, 0.03178510599213921, 0.031080752658209743, 0.030375689171445733, 0.029669729189725033, 0.028962671725199517, 0.028254299367800197, 0.02754437622660967, 0.026832645532575805, 0.026118826832189898, 0.025402612683837998, 0.02468366474515456, 0.023961609108892615, 0.023236030703779765, 0.022506466521534943, 0.021772397355796107, 0.021033237634446533, 0.020288322780558532, 0.019536893328660657, 0.018778074720475272, 0.018010851256563185, 0.017234032003209446, 0.01644620540451688, 0.01564567767791051, 0.014830387323040409, 0.013997783390456342, 0.013144646833057022, 0.012266818724039156, 0.011358768350844312, 0.01041286869594149, 0.009418094238431936, 0.008357456406104654, 0.007202263996288484, 0.005896516422837584, 0.004296778255062947, 0.0014465094745901195], 'nota': 'espacio medido SÓLO sobre la red de átomos ligados por gravedad'}, 'ratio_pn_congelado': np.float64(11.2), 'tiempo': {'tiempo_emergente': 375, 'tiempo_nacio': True, 'nota': 'tiempo corre: conteo de transiciones irreversibles (adimensional, sin unidad cableada)'}, 'epocas': {'confinamiento': 0.973, 'recombinacion': 0.147, 'nucleosintesis': 0.079, 'freeze_neutron': 0.585}} n_bariones=250 t=20.9s
  [tasa=0.01] REAL seed_layout=12345: n_clusters_ligados=4
  [tasa=0.01] REAL seed_layout=13345: n_clusters_ligados=5
  [tasa=0.01] REAL seed_layout=14345: n_clusters_ligados=4
  [tasa=0.01] REAL seed_layout=15345: n_clusters_ligados=5
  [tasa=0.01] REAL seed_layout=16345: n_clusters_ligados=2
  [tasa=0.01] NULL seed_dens_null=5000: n_clusters_ligados=1
  [tasa=0.01] NULL seed_dens_null=5002: n_clusters_ligados=0
  [tasa=0.01] NULL seed_dens_null=5004: n_clusters_ligados=0
  [tasa=0.01] NULL seed_dens_null=5006: n_clusters_ligados=0
  [tasa=0.01] NULL seed_dens_null=5008: n_clusters_ligados=1
  [tasa=0.01] NULL seed_dens_null=5010: n_clusters_ligados=2
  [tasa=0.01] NULL seed_dens_null=5012: n_clusters_ligados=0
  [tasa=0.01] NULL seed_dens_null=5014: n_clusters_ligados=2
=== [tasa=0.01] z=3.666 ===

[tasa=0.02] basal: {'bariones': 500, 'protones': 250, 'neutrones': 250, 'hidrogeno': 250, 'helio': 125, 'diametro_red': 4, 'geometria': {'espacio_emergio': True, 'diametro': 4, 'n_nodos_atomo': 250, 'densidades_atomos': [0.2601082752290625, 0.2583675356900587, 0.2566372346097639, 0.25491728218067466, 0.2532075896022243, 0.25150806906614664, 0.2498186337420815, 0.24813919776343632, 0.24646967621347296, 0.24480998511162713, 0.2431600414000669, 0.24151976293047095, 0.23988906845101843, 0.23826787759360507, 0.23665611086126054, 0.2350536896157776, 0.23346053606554182, 0.2318765732535555, 0.2303017250456605, 0.22873591611895053, 0.2271790719503623, 0.22563111880545994, 0.22409198372738792, 0.22256159452600732, 0.22103987976719608, 0.21952676876231977, 0.2180221915578725, 0.21652607892527276, 0.2150383623508145, 0.21355897402578344, 0.21208784683671517, 0.2106249143558065, 0.20917011083147366, 0.20772337117904843, 0.20628463097162042, 0.20485382643100686, 0.20343089441886925, 0.20201577242795282, 0.20060839857345242, 0.19920871158451442, 0.1978166507958551, 0.19643215613950224, 0.19505516813665133, 0.19368562788964713, 0.1923234770740683, 0.19096865793093232, 0.18962111325900363, 0.18828078640721127, 0.1869476212671677, 0.1856215622657986, 0.18430255435806178, 0.18299054301976972, 0.18168547424051149, 0.180387294516659, 0.17909595084447605, 0.17781139071330793, 0.17653356209886342, 0.17526241345658547, 0.17399789371509644, 0.17273995226973468, 0.1714885389761677, 0.17024360414408138, 0.16900509853094958, 0.16777297333587454, 0.1665471801935039, 0.16532767116801367, 0.16411439874716613, 0.16290731583642906, 0.16170637575316624, 0.16051153222088713, 0.1593227393635621, 0.1581399516999962, 0.15696312413826213, 0.1557922119701899, 0.15462717086591304, 0.15346795686846615, 0.15231452638843743, 0.15116683619866825, 0.15002484342900313, 0.14888850556108638, 0.14775778042320378, 0.14663262618516804, 0.14551300135324366, 0.144398864765117, 0.14329017558489876, 0.14218689329816708, 0.14108897770704468, 0.13999638892530836, 0.1389090873735291, 0.13782703377424557, 0.13675018914716, 0.1356785148043649, 0.1346119723455914, 0.13355052365347822, 0.13249413088886638, 0.13144275648610584, 0.13039636314838332, 0.12935491384306286, 0.12831837179703787, 0.1272867004920948, 0.126259863660285, 0.12523782527930147, 0.12422054956786045, 0.12320800098108362, 0.12220014420587971, 0.12119694415632364, 0.12019836596902883, 0.1192043749985115, 0.11821493681254318, 0.11723001718749138, 0.11624958210364286, 0.11527359774050674, 0.11430203047209606, 0.11333484686218387, 0.11237201365953091, 0.11141349779307963, 0.11045926636711605, 0.10950928665638772, 0.10856352610118385, 0.10762195230236579, 0.10668453301634649, 0.10575123615001723, 0.1048220297556128, 0.1038968820255137, 0.10297576128697883, 0.10205863599680555, 0.10114547473590815, 0.10023624620381504, 0.09933091921307181, 0.09842946268355082, 0.09753184563665515, 0.09663803718941502, 0.09574800654846603, 0.09486172300390382, 0.09397915592300664, 0.0931002747438171, 0.09222504896857589, 0.09135344815699656, 0.0904854419193728, 0.08962099990950691, 0.08876009181745124, 0.08790268736204611, 0.08704875628324805, 0.08619826833423135, 0.08535119327325008, 0.08450750085524761, 0.08366716082319595, 0.08283014289915154, 0.08199641677500584, 0.08116595210291754, 0.08033871848540165, 0.07951468546505781, 0.07869382251391441, 0.07787609902236378, 0.07706148428766489, 0.07624994750198419, 0.07544145773994648, 0.07463598394566524, 0.07383349491921763, 0.0730339593025287, 0.07223734556462726, 0.0714436219862311, 0.07065275664361742, 0.06986471739173046, 0.06907947184647678, 0.06829698736614932, 0.06751723103192414, 0.06674016962736318, 0.06596576961685355, 0.06519399712291016, 0.0644248179022566, 0.06365819732059974, 0.06289410032599914, 0.06213249142072976, 0.06137333463152308, 0.06061659347806539, 0.059862230939617615, 0.05911020941961196, 0.05836049070806562, 0.05761303594163723, 0.056867805561135264, 0.05612475926626985, 0.055383855967418835, 0.05464505373415521, 0.05390830974026163, 0.05317358020492298, 0.05244082032976461, 0.05170998423136095, 0.050981024868805236, 0.05025389396588305, 0.04952854192734436, 0.04880491774871045, 0.04808296891898932, 0.04736264131559969, 0.04664387909072131, 0.04592662454819633, 0.04521081800999753, 0.04449639767115889, 0.04378329944192144, 0.04307145677568791, 0.04236080048119222, 0.04165125851707683, 0.04094275576681994, 0.040235213791668584, 0.03952855055889365, 0.03882268014229243, 0.038117512391400356, 0.03741295256533066, 0.036708900926521, 0.03600525228890227, 0.035301895514102184, 0.03459871294821294, 0.03389557979035421, 0.03319236338269677, 0.03248892240971654, 0.03178510599213921, 0.031080752658209743, 0.030375689171445733, 0.029669729189725033, 0.028962671725199517, 0.028254299367800197, 0.02754437622660967, 0.026832645532575805, 0.026118826832189898, 0.025402612683837998, 0.02468366474515456, 0.023961609108892615, 0.023236030703779765, 0.022506466521534943, 0.021772397355796107, 0.021033237634446533, 0.020288322780558532, 0.019536893328660657, 0.018778074720475272, 0.018010851256563185, 0.017234032003209446, 0.01644620540451688, 0.01564567767791051, 0.014830387323040409, 0.013997783390456342, 0.013144646833057022, 0.012266818724039156, 0.011358768350844312, 0.01041286869594149, 0.009418094238431936, 0.008357456406104654, 0.007202263996288484, 0.005896516422837584, 0.004296778255062947, 0.0014465094745901195], 'nota': 'espacio medido SÓLO sobre la red de átomos ligados por gravedad'}, 'ratio_pn_congelado': np.float64(7.1), 'tiempo': {'tiempo_emergente': 375, 'tiempo_nacio': True, 'nota': 'tiempo corre: conteo de transiciones irreversibles (adimensional, sin unidad cableada)'}, 'epocas': {'confinamiento': 0.949, 'recombinacion': 0.141, 'nucleosintesis': 0.077, 'freeze_neutron': 0.737}} n_bariones=250 t=24.1s
  [tasa=0.02] REAL seed_layout=12345: n_clusters_ligados=4
  [tasa=0.02] REAL seed_layout=13345: n_clusters_ligados=4
  [tasa=0.02] REAL seed_layout=14345: n_clusters_ligados=5
  [tasa=0.02] REAL seed_layout=15345: n_clusters_ligados=4
  [tasa=0.02] REAL seed_layout=16345: n_clusters_ligados=4
  [tasa=0.02] NULL seed_dens_null=5000: n_clusters_ligados=0
  [tasa=0.02] NULL seed_dens_null=5002: n_clusters_ligados=1
  [tasa=0.02] NULL seed_dens_null=5004: n_clusters_ligados=1
  [tasa=0.02] NULL seed_dens_null=5006: n_clusters_ligados=0
  [tasa=0.02] NULL seed_dens_null=5008: n_clusters_ligados=0
  [tasa=0.02] NULL seed_dens_null=5010: n_clusters_ligados=1
  [tasa=0.02] NULL seed_dens_null=5012: n_clusters_ligados=0
  [tasa=0.02] NULL seed_dens_null=5014: n_clusters_ligados=1
=== [tasa=0.02] z=6.922 ===

[tasa=0.03] basal: {'bariones': 500, 'protones': 250, 'neutrones': 250, 'hidrogeno': 250, 'helio': 125, 'diametro_red': 4, 'geometria': {'espacio_emergio': True, 'diametro': 4, 'n_nodos_atomo': 250, 'densidades_atomos': [0.2601082752290625, 0.2583675356900587, 0.2566372346097639, 0.25491728218067466, 0.2532075896022243, 0.25150806906614664, 0.2498186337420815, 0.24813919776343632, 0.24646967621347296, 0.24480998511162713, 0.2431600414000669, 0.24151976293047095, 0.23988906845101843, 0.23826787759360507, 0.23665611086126054, 0.2350536896157776, 0.23346053606554182, 0.2318765732535555, 0.2303017250456605, 0.22873591611895053, 0.2271790719503623, 0.22563111880545994, 0.22409198372738792, 0.22256159452600732, 0.22103987976719608, 0.21952676876231977, 0.2180221915578725, 0.21652607892527276, 0.2150383623508145, 0.21355897402578344, 0.21208784683671517, 0.2106249143558065, 0.20917011083147366, 0.20772337117904843, 0.20628463097162042, 0.20485382643100686, 0.20343089441886925, 0.20201577242795282, 0.20060839857345242, 0.19920871158451442, 0.1978166507958551, 0.19643215613950224, 0.19505516813665133, 0.19368562788964713, 0.1923234770740683, 0.19096865793093232, 0.18962111325900363, 0.18828078640721127, 0.1869476212671677, 0.1856215622657986, 0.18430255435806178, 0.18299054301976972, 0.18168547424051149, 0.180387294516659, 0.17909595084447605, 0.17781139071330793, 0.17653356209886342, 0.17526241345658547, 0.17399789371509644, 0.17273995226973468, 0.1714885389761677, 0.17024360414408138, 0.16900509853094958, 0.16777297333587454, 0.1665471801935039, 0.16532767116801367, 0.16411439874716613, 0.16290731583642906, 0.16170637575316624, 0.16051153222088713, 0.1593227393635621, 0.1581399516999962, 0.15696312413826213, 0.1557922119701899, 0.15462717086591304, 0.15346795686846615, 0.15231452638843743, 0.15116683619866825, 0.15002484342900313, 0.14888850556108638, 0.14775778042320378, 0.14663262618516804, 0.14551300135324366, 0.144398864765117, 0.14329017558489876, 0.14218689329816708, 0.14108897770704468, 0.13999638892530836, 0.1389090873735291, 0.13782703377424557, 0.13675018914716, 0.1356785148043649, 0.1346119723455914, 0.13355052365347822, 0.13249413088886638, 0.13144275648610584, 0.13039636314838332, 0.12935491384306286, 0.12831837179703787, 0.1272867004920948, 0.126259863660285, 0.12523782527930147, 0.12422054956786045, 0.12320800098108362, 0.12220014420587971, 0.12119694415632364, 0.12019836596902883, 0.1192043749985115, 0.11821493681254318, 0.11723001718749138, 0.11624958210364286, 0.11527359774050674, 0.11430203047209606, 0.11333484686218387, 0.11237201365953091, 0.11141349779307963, 0.11045926636711605, 0.10950928665638772, 0.10856352610118385, 0.10762195230236579, 0.10668453301634649, 0.10575123615001723, 0.1048220297556128, 0.1038968820255137, 0.10297576128697883, 0.10205863599680555, 0.10114547473590815, 0.10023624620381504, 0.09933091921307181, 0.09842946268355082, 0.09753184563665515, 0.09663803718941502, 0.09574800654846603, 0.09486172300390382, 0.09397915592300664, 0.0931002747438171, 0.09222504896857589, 0.09135344815699656, 0.0904854419193728, 0.08962099990950691, 0.08876009181745124, 0.08790268736204611, 0.08704875628324805, 0.08619826833423135, 0.08535119327325008, 0.08450750085524761, 0.08366716082319595, 0.08283014289915154, 0.08199641677500584, 0.08116595210291754, 0.08033871848540165, 0.07951468546505781, 0.07869382251391441, 0.07787609902236378, 0.07706148428766489, 0.07624994750198419, 0.07544145773994648, 0.07463598394566524, 0.07383349491921763, 0.0730339593025287, 0.07223734556462726, 0.0714436219862311, 0.07065275664361742, 0.06986471739173046, 0.06907947184647678, 0.06829698736614932, 0.06751723103192414, 0.06674016962736318, 0.06596576961685355, 0.06519399712291016, 0.0644248179022566, 0.06365819732059974, 0.06289410032599914, 0.06213249142072976, 0.06137333463152308, 0.06061659347806539, 0.059862230939617615, 0.05911020941961196, 0.05836049070806562, 0.05761303594163723, 0.056867805561135264, 0.05612475926626985, 0.055383855967418835, 0.05464505373415521, 0.05390830974026163, 0.05317358020492298, 0.05244082032976461, 0.05170998423136095, 0.050981024868805236, 0.05025389396588305, 0.04952854192734436, 0.04880491774871045, 0.04808296891898932, 0.04736264131559969, 0.04664387909072131, 0.04592662454819633, 0.04521081800999753, 0.04449639767115889, 0.04378329944192144, 0.04307145677568791, 0.04236080048119222, 0.04165125851707683, 0.04094275576681994, 0.040235213791668584, 0.03952855055889365, 0.03882268014229243, 0.038117512391400356, 0.03741295256533066, 0.036708900926521, 0.03600525228890227, 0.035301895514102184, 0.03459871294821294, 0.03389557979035421, 0.03319236338269677, 0.03248892240971654, 0.03178510599213921, 0.031080752658209743, 0.030375689171445733, 0.029669729189725033, 0.028962671725199517, 0.028254299367800197, 0.02754437622660967, 0.026832645532575805, 0.026118826832189898, 0.025402612683837998, 0.02468366474515456, 0.023961609108892615, 0.023236030703779765, 0.022506466521534943, 0.021772397355796107, 0.021033237634446533, 0.020288322780558532, 0.019536893328660657, 0.018778074720475272, 0.018010851256563185, 0.017234032003209446, 0.01644620540451688, 0.01564567767791051, 0.014830387323040409, 0.013997783390456342, 0.013144646833057022, 0.012266818724039156, 0.011358768350844312, 0.01041286869594149, 0.009418094238431936, 0.008357456406104654, 0.007202263996288484, 0.005896516422837584, 0.004296778255062947, 0.0014465094745901195], 'nota': 'espacio medido SÓLO sobre la red de átomos ligados por gravedad'}, 'ratio_pn_congelado': np.float64(5.68), 'tiempo': {'tiempo_emergente': 375, 'tiempo_nacio': True, 'nota': 'tiempo corre: conteo de transiciones irreversibles (adimensional, sin unidad cableada)'}, 'epocas': {'confinamiento': 0.949, 'recombinacion': 0.127, 'nucleosintesis': 0.076, 'freeze_neutron': 0.843}} n_bariones=250 t=23.2s
  [tasa=0.03] REAL seed_layout=12345: n_clusters_ligados=4
  [tasa=0.03] REAL seed_layout=13345: n_clusters_ligados=6
  [tasa=0.03] REAL seed_layout=14345: n_clusters_ligados=2
  [tasa=0.03] REAL seed_layout=15345: n_clusters_ligados=5
  [tasa=0.03] REAL seed_layout=16345: n_clusters_ligados=4
  [tasa=0.03] NULL seed_dens_null=5000: n_clusters_ligados=0
  [tasa=0.03] NULL seed_dens_null=5002: n_clusters_ligados=0
  [tasa=0.03] NULL seed_dens_null=5004: n_clusters_ligados=1
  [tasa=0.03] NULL seed_dens_null=5006: n_clusters_ligados=1
  [tasa=0.03] NULL seed_dens_null=5008: n_clusters_ligados=1
  [tasa=0.03] NULL seed_dens_null=5010: n_clusters_ligados=2
  [tasa=0.03] NULL seed_dens_null=5012: n_clusters_ligados=0
  [tasa=0.03] NULL seed_dens_null=5014: n_clusters_ligados=0
=== [tasa=0.03] z=4.805 ===


=== RESULTADO COMPLETO (sensibilidad tasa_expansion) ===
{
  "0.01": {
    "tiempo_s": 249.0,
    "n_bariones": 250,
    "ligados_real": [
      4,
      5,
      4,
      5,
      2
    ],
    "ligados_real_media": 4.0,
    "ligados_real_std": 1.224744871391589,
    "ligados_null": [
      1,
      0,
      0,
      0,
      1,
      2,
      0,
      2
    ],
    "ligados_null_media": 0.75,
    "ligados_null_std": 0.8864052604279183,
    "z_media_real_vs_null": 3.666
  },
  "0.02": {
    "tiempo_s": 256.3,
    "n_bariones": 250,
    "ligados_real": [
      4,
      4,
      5,
      4,
      4
    ],
    "ligados_real_media": 4.2,
    "ligados_real_std": 0.4472135954999579,
    "ligados_null": [
      0,
      1,
      1,
      0,
      0,
      1,
      0,
      1
    ],
    "ligados_null_media": 0.5,
    "ligados_null_std": 0.5345224838248488,
    "z_media_real_vs_null": 6.922
  },
  "0.03": {
    "tiempo_s": 248.6,
    "n_bariones": 250,
    "ligados_real": [
      4,
      6,
      2,
      5,
      4
    ],
    "ligados_real_media": 4.2,
    "ligados_real_std": 1.4832396974191329,
    "ligados_null": [
      0,
      0,
      1,
      1,
      1,
      2,
      0,
      0
    ],
    "ligados_null_media": 0.625,
    "ligados_null_std": 0.7440238091428449,
    "z_media_real_vs_null": 4.805
  }
}

tiempo_total_s=753.8
