eps=0 L=0.001 eff_real=0.0000(±0.0000) eff_null=0.0000 z=0.00 n_seg=1.0 anova_ok=True
eps=0 L=0.003594 eff_real=0.0000(±0.0000) eff_null=0.0000 z=0.00 n_seg=1.0 anova_ok=True
eps=0 L=0.01292 eff_real=0.0000(±0.0000) eff_null=0.0000 z=0.00 n_seg=1.0 anova_ok=True
eps=0 L=0.04642 eff_real=0.0000(±0.0000) eff_null=0.0000 z=0.00 n_seg=1.0 anova_ok=True
eps=0 L=0.1668 eff_real=0.0000(±0.0000) eff_null=0.0000 z=0.00 n_seg=1.0 anova_ok=True
eps=0 L=0.5995 eff_real=0.0000(±0.0000) eff_null=0.0000 z=0.00 n_seg=1.0 anova_ok=True
eps=0 L=2.154 eff_real=0.0000(±0.0000) eff_null=0.0000 z=0.00 n_seg=1.0 anova_ok=True
eps=0 L=7.743 eff_real=0.0000(±0.0000) eff_null=0.0000 z=0.00 n_seg=1.0 anova_ok=True
eps=0 L=27.83 eff_real=0.0000(±0.0000) eff_null=0.0000 z=0.00 n_seg=1.0 anova_ok=True
eps=0 L=100 eff_real=0.0000(±0.0000) eff_null=0.0000 z=0.00 n_seg=1.0 anova_ok=True
eps=1e-12 L=0.001 eff_real=2.8062(±0.2193) eff_null=2.7873 z=0.08 n_seg=198.9 anova_ok=True
eps=1e-12 L=0.003594 eff_real=2.8047(±0.2205) eff_null=2.7859 z=0.08 n_seg=198.9 anova_ok=True
eps=1e-12 L=0.01292 eff_real=2.8038(±0.2195) eff_null=2.7849 z=0.08 n_seg=198.9 anova_ok=True
eps=1e-12 L=0.04642 eff_real=2.7888(±0.2155) eff_null=2.7685 z=0.09 n_seg=198.8 anova_ok=True
eps=1e-12 L=0.1668 eff_real=2.7329(±0.2115) eff_null=2.7007 z=0.15 n_seg=197.8 anova_ok=True
eps=1e-12 L=0.5995 eff_real=2.5458(±0.2273) eff_null=2.4473 z=0.41 n_seg=192.2 anova_ok=True
eps=1e-12 L=2.154 eff_real=1.9671(±0.1797) eff_null=1.5663 z=2.14 n_seg=160.8 anova_ok=True
eps=1e-12 L=7.743 eff_real=1.2018(±0.2053) eff_null=0.5079 z=4.19 n_seg=85.8 anova_ok=True
eps=1e-12 L=27.83 eff_real=0.6324(±0.1328) eff_null=0.1137 z=5.31 n_seg=32.7 anova_ok=True
eps=1e-12 L=100 eff_real=0.2724(±0.1534) eff_null=0.0116 z=2.40 n_seg=9.8 anova_ok=True
eps=1e-09 L=0.001 eff_real=2.8053(±0.2172) eff_null=2.7864 z=0.09 n_seg=198.9 anova_ok=True
eps=1e-09 L=0.003594 eff_real=2.8065(±0.2188) eff_null=2.7876 z=0.08 n_seg=198.9 anova_ok=True
eps=1e-09 L=0.01292 eff_real=2.8043(±0.2192) eff_null=2.7854 z=0.08 n_seg=198.9 anova_ok=True
eps=1e-09 L=0.04642 eff_real=2.7882(±0.2152) eff_null=2.7679 z=0.09 n_seg=198.8 anova_ok=True
eps=1e-09 L=0.1668 eff_real=2.7314(±0.2101) eff_null=2.6992 z=0.15 n_seg=197.8 anova_ok=True
eps=1e-09 L=0.5995 eff_real=2.5461(±0.2271) eff_null=2.4477 z=0.41 n_seg=192.2 anova_ok=True
eps=1e-09 L=2.154 eff_real=1.9695(±0.1801) eff_null=1.5698 z=2.12 n_seg=161.0 anova_ok=True
eps=1e-09 L=7.743 eff_real=1.2021(±0.2053) eff_null=0.5080 z=4.19 n_seg=85.8 anova_ok=True
eps=1e-09 L=27.83 eff_real=0.6322(±0.1327) eff_null=0.1137 z=5.32 n_seg=32.7 anova_ok=True
eps=1e-09 L=100 eff_real=0.2725(±0.1536) eff_null=0.0116 z=2.40 n_seg=9.8 anova_ok=True
eps=1e-06 L=0.001 eff_real=2.8053(±0.2172) eff_null=2.7864 z=0.09 n_seg=198.9 anova_ok=True
eps=1e-06 L=0.003594 eff_real=2.8065(±0.2188) eff_null=2.7876 z=0.08 n_seg=198.9 anova_ok=True
eps=1e-06 L=0.01292 eff_real=2.8043(±0.2192) eff_null=2.7854 z=0.08 n_seg=198.9 anova_ok=True
eps=1e-06 L=0.04642 eff_real=2.7882(±0.2152) eff_null=2.7679 z=0.09 n_seg=198.8 anova_ok=True
eps=1e-06 L=0.1668 eff_real=2.7314(±0.2101) eff_null=2.6992 z=0.15 n_seg=197.8 anova_ok=True
eps=1e-06 L=0.5995 eff_real=2.5461(±0.2271) eff_null=2.4477 z=0.41 n_seg=192.2 anova_ok=True
eps=1e-06 L=2.154 eff_real=1.9695(±0.1801) eff_null=1.5698 z=2.12 n_seg=161.0 anova_ok=True
eps=1e-06 L=7.743 eff_real=1.2021(±0.2053) eff_null=0.5080 z=4.19 n_seg=85.8 anova_ok=True
eps=1e-06 L=27.83 eff_real=0.6322(±0.1327) eff_null=0.1137 z=5.32 n_seg=32.7 anova_ok=True
eps=1e-06 L=100 eff_real=0.2725(±0.1536) eff_null=0.0116 z=2.40 n_seg=9.8 anova_ok=True
eps=0.001 L=0.001 eff_real=2.8053(±0.2172) eff_null=2.7864 z=0.09 n_seg=198.9 anova_ok=True
eps=0.001 L=0.003594 eff_real=2.8065(±0.2188) eff_null=2.7876 z=0.08 n_seg=198.9 anova_ok=True
eps=0.001 L=0.01292 eff_real=2.8043(±0.2192) eff_null=2.7854 z=0.08 n_seg=198.9 anova_ok=True
eps=0.001 L=0.04642 eff_real=2.7882(±0.2152) eff_null=2.7679 z=0.09 n_seg=198.8 anova_ok=True
eps=0.001 L=0.1668 eff_real=2.7314(±0.2101) eff_null=2.6992 z=0.15 n_seg=197.8 anova_ok=True
eps=0.001 L=0.5995 eff_real=2.5461(±0.2271) eff_null=2.4477 z=0.41 n_seg=192.2 anova_ok=True
eps=0.001 L=2.154 eff_real=1.9695(±0.1801) eff_null=1.5698 z=2.12 n_seg=161.0 anova_ok=True
eps=0.001 L=7.743 eff_real=1.2021(±0.2053) eff_null=0.5080 z=4.19 n_seg=85.8 anova_ok=True
eps=0.001 L=27.83 eff_real=0.6322(±0.1327) eff_null=0.1137 z=5.32 n_seg=32.7 anova_ok=True
eps=0.001 L=100 eff_real=0.2725(±0.1536) eff_null=0.0116 z=2.40 n_seg=9.8 anova_ok=True
eps=0.01 L=0.001 eff_real=2.8053(±0.2172) eff_null=2.7864 z=0.09 n_seg=198.9 anova_ok=True
eps=0.01 L=0.003594 eff_real=2.8065(±0.2188) eff_null=2.7876 z=0.08 n_seg=198.9 anova_ok=True
eps=0.01 L=0.01292 eff_real=2.8043(±0.2192) eff_null=2.7854 z=0.08 n_seg=198.9 anova_ok=True
eps=0.01 L=0.04642 eff_real=2.7882(±0.2152) eff_null=2.7679 z=0.09 n_seg=198.8 anova_ok=True
eps=0.01 L=0.1668 eff_real=2.7314(±0.2101) eff_null=2.6992 z=0.15 n_seg=197.8 anova_ok=True
eps=0.01 L=0.5995 eff_real=2.5461(±0.2271) eff_null=2.4477 z=0.41 n_seg=192.2 anova_ok=True
eps=0.01 L=2.154 eff_real=1.9695(±0.1801) eff_null=1.5698 z=2.12 n_seg=161.0 anova_ok=True
eps=0.01 L=7.743 eff_real=1.2021(±0.2053) eff_null=0.5080 z=4.19 n_seg=85.8 anova_ok=True
eps=0.01 L=27.83 eff_real=0.6322(±0.1327) eff_null=0.1137 z=5.32 n_seg=32.7 anova_ok=True
eps=0.01 L=100 eff_real=0.2725(±0.1536) eff_null=0.0116 z=2.40 n_seg=9.8 anova_ok=True
eps=0.1 L=0.001 eff_real=2.8053(±0.2172) eff_null=2.7864 z=0.09 n_seg=198.9 anova_ok=True
eps=0.1 L=0.003594 eff_real=2.8065(±0.2188) eff_null=2.7876 z=0.08 n_seg=198.9 anova_ok=True
eps=0.1 L=0.01292 eff_real=2.8043(±0.2192) eff_null=2.7854 z=0.08 n_seg=198.9 anova_ok=True
eps=0.1 L=0.04642 eff_real=2.7882(±0.2152) eff_null=2.7679 z=0.09 n_seg=198.8 anova_ok=True
eps=0.1 L=0.1668 eff_real=2.7314(±0.2101) eff_null=2.6992 z=0.15 n_seg=197.8 anova_ok=True
eps=0.1 L=0.5995 eff_real=2.5461(±0.2271) eff_null=2.4477 z=0.41 n_seg=192.2 anova_ok=True
eps=0.1 L=2.154 eff_real=1.9695(±0.1801) eff_null=1.5698 z=2.12 n_seg=161.0 anova_ok=True
eps=0.1 L=7.743 eff_real=1.2021(±0.2053) eff_null=0.5080 z=4.19 n_seg=85.8 anova_ok=True
eps=0.1 L=27.83 eff_real=0.6322(±0.1327) eff_null=0.1137 z=5.32 n_seg=32.7 anova_ok=True
eps=0.1 L=100 eff_real=0.2725(±0.1536) eff_null=0.0116 z=2.40 n_seg=9.8 anova_ok=True
eps=0.3 L=0.001 eff_real=2.8053(±0.2172) eff_null=2.7864 z=0.09 n_seg=198.9 anova_ok=True
eps=0.3 L=0.003594 eff_real=2.8065(±0.2188) eff_null=2.7876 z=0.08 n_seg=198.9 anova_ok=True
eps=0.3 L=0.01292 eff_real=2.8043(±0.2192) eff_null=2.7854 z=0.08 n_seg=198.9 anova_ok=True
eps=0.3 L=0.04642 eff_real=2.7882(±0.2152) eff_null=2.7679 z=0.09 n_seg=198.8 anova_ok=True
eps=0.3 L=0.1668 eff_real=2.7314(±0.2101) eff_null=2.6992 z=0.15 n_seg=197.8 anova_ok=True
eps=0.3 L=0.5995 eff_real=2.5461(±0.2271) eff_null=2.4477 z=0.41 n_seg=192.2 anova_ok=True
eps=0.3 L=2.154 eff_real=1.9695(±0.1801) eff_null=1.5698 z=2.12 n_seg=161.0 anova_ok=True
eps=0.3 L=7.743 eff_real=1.2021(±0.2053) eff_null=0.5080 z=4.19 n_seg=85.8 anova_ok=True
eps=0.3 L=27.83 eff_real=0.6322(±0.1327) eff_null=0.1137 z=5.32 n_seg=32.7 anova_ok=True
eps=0.3 L=100 eff_real=0.2725(±0.1536) eff_null=0.0116 z=2.40 n_seg=9.8 anova_ok=True
eps=1 L=0.001 eff_real=2.8053(±0.2172) eff_null=2.7864 z=0.09 n_seg=198.9 anova_ok=True
eps=1 L=0.003594 eff_real=2.8065(±0.2188) eff_null=2.7876 z=0.08 n_seg=198.9 anova_ok=True
eps=1 L=0.01292 eff_real=2.8043(±0.2192) eff_null=2.7854 z=0.08 n_seg=198.9 anova_ok=True
eps=1 L=0.04642 eff_real=2.7882(±0.2152) eff_null=2.7679 z=0.09 n_seg=198.8 anova_ok=True
eps=1 L=0.1668 eff_real=2.7314(±0.2101) eff_null=2.6992 z=0.15 n_seg=197.8 anova_ok=True
eps=1 L=0.5995 eff_real=2.5461(±0.2271) eff_null=2.4477 z=0.41 n_seg=192.2 anova_ok=True
eps=1 L=2.154 eff_real=1.9695(±0.1801) eff_null=1.5698 z=2.12 n_seg=161.0 anova_ok=True
eps=1 L=7.743 eff_real=1.2021(±0.2053) eff_null=0.5080 z=4.19 n_seg=85.8 anova_ok=True
eps=1 L=27.83 eff_real=0.6322(±0.1327) eff_null=0.1137 z=5.32 n_seg=32.7 anova_ok=True
eps=1 L=100 eff_real=0.2725(±0.1536) eff_null=0.0116 z=2.40 n_seg=9.8 anova_ok=True
