{
  "n_celdas": 259,
  "n_corridas": 4460,
  "n_celdas_snr_contaminadas_E5_3_1": 138,
  "resumen_dist49_por_celda": {
    "n": 259,
    "min": 0.0002791474669154581,
    "max": 1.5855754807721964e+20,
    "media": 1.925413209885289e+18,
    "mediana": 2.7575273504975213,
    "std": 1.382682703356317e+19,
    "p05": 0.0969182471061331,
    "p25": 1.153053936310303,
    "p75": 14193793367.328281,
    "p95": 1.2860145472533558e+18,
    "frac_menor_0.02": 0.011583011583011582,
    "frac_menor_0.05": 0.05019305019305019,
    "frac_menor_0.10": 0.05019305019305019
  },
  "resumen_dist315_por_celda": {
    "n": 259,
    "min": 0.04073264826837075,
    "max": 1.5855754807721964e+20,
    "media": 1.925413209885289e+18,
    "mediana": 2.4915273504975213,
    "std": 1.382682703356317e+19,
    "p05": 0.15814017885218087,
    "p25": 0.8870539363103029,
    "p75": 14193793367.062283,
    "p95": 1.2860145472533558e+18,
    "frac_menor_0.02": 0.0,
    "frac_menor_0.05": 0.03861003861003861,
    "frac_menor_0.10": 0.03861003861003861
  },
  "resumen_dist49_por_celda_SOLO_SNR_SANAS": {
    "n": 121,
    "min": 0.0002791474669154581,
    "max": 2.7575273504975213,
    "media": 1.517348328049552,
    "mediana": 1.1530539364178665,
    "std": 1.0547985225340408,
    "p05": 0.049,
    "p25": 0.583230486240447,
    "p75": 2.739234512196055,
    "p95": 2.7575271004830397,
    "frac_menor_0.02": 0.01652892561983471,
    "frac_menor_0.05": 0.09917355371900827,
    "frac_menor_0.10": 0.09917355371900827
  },
  "resumen_dist315_por_celda_SOLO_SNR_SANAS": {
    "n": 121,
    "min": 0.04073264826837075,
    "max": 2.4915273504975213,
    "media": 1.3150850620857286,
    "mediana": 0.8870539364178665,
    "std": 0.9763875260683937,
    "p05": 0.04245483435130992,
    "p25": 0.3172304862404471,
    "p75": 2.473234512196055,
    "p95": 2.4915271004830397,
    "frac_menor_0.02": 0.0,
    "frac_menor_0.05": 0.08264462809917356,
    "frac_menor_0.10": 0.08264462809917356
  },
  "top5_cerca_49": [
    {
      "metodo": "E5.3-1_dominios",
      "eps": 0.1,
      "r": 0.001,
      "eficiencia_media": 0.04927914746691546,
      "eficiencia_std": 0.08564898825947184,
      "z": 0.0,
      "snr_saludable": true,
      "razon_senal_ruido": 39.61807605285753,
      "dist_49": 0.0002791474669154581,
      "dist_315": 0.26572085253308453
    },
    {
      "metodo": "E5.3-1_dominios",
      "eps": 1.0,
      "r": 0.001,
      "eficiencia_media": 0.049700661013017414,
      "eficiencia_std": 0.08638037796752457,
      "z": 0.0,
      "snr_saludable": true,
      "razon_senal_ruido": 3961.807605285975,
      "dist_49": 0.0007006610130174118,
      "dist_315": 0.2652993389869826
    },
    {
      "metodo": "E5.3-1_dominios",
      "eps": 0.01,
      "r": 0.001,
      "eficiencia_media": 0.05284578892030787,
      "eficiencia_std": 0.09567998991120191,
      "z": 0.0,
      "snr_saludable": false,
      "razon_senal_ruido": 0.39618076052858336,
      "dist_49": 0.0038457889203078674,
      "dist_315": 0.2621542110796921
    },
    {
      "metodo": "E5.3-2_ANOVA",
      "eps": 0.0,
      "L": 0.001,
      "eficiencia_media": 0.0,
      "eficiencia_std": 0.0,
      "z": 0.0,
      "dist_49": 0.049,
      "dist_315": 0.315
    },
    {
      "metodo": "E5.3-2_ANOVA",
      "eps": 0.0,
      "L": 0.003593813663804626,
      "eficiencia_media": 0.0,
      "eficiencia_std": 0.0,
      "z": 0.0,
      "dist_49": 0.049,
      "dist_315": 0.315
    }
  ],
  "top5_cerca_315": [
    {
      "metodo": "E5.3-1_dominios",
      "eps": 1.0,
      "r": 0.01,
      "eficiencia_media": 0.35573264826837075,
      "eficiencia_std": 0.12087191375443952,
      "z": 0.0,
      "snr_saludable": true,
      "razon_senal_ruido": 3961.807605285975,
      "dist_49": 0.30673264826837077,
      "dist_315": 0.04073264826837075
    },
    {
      "metodo": "E5.3-2_ANOVA",
      "eps": 0.3,
      "L": 100.0,
      "eficiencia_media": 0.2725451657444906,
      "eficiencia_std": 0.1536158299284122,
      "z": 2.39887426891945,
      "dist_49": 0.22354516574449063,
      "dist_315": 0.04245483425550939
    },
    {
      "metodo": "E5.3-2_ANOVA",
      "eps": 1.0,
      "L": 100.0,
      "eficiencia_media": 0.2725451657444906,
      "eficiencia_std": 0.15361582992841177,
      "z": 2.3988742689194567,
      "dist_49": 0.22354516574449063,
      "dist_315": 0.04245483425550939
    },
    {
      "metodo": "E5.3-2_ANOVA",
      "eps": 0.1,
      "L": 100.0,
      "eficiencia_media": 0.27254516574449006,
      "eficiencia_std": 0.1536158299284106,
      "z": 2.3988742689194695,
      "dist_49": 0.22354516574449007,
      "dist_315": 0.04245483425550994
    },
    {
      "metodo": "E5.3-2_ANOVA",
      "eps": 0.01,
      "L": 100.0,
      "eficiencia_media": 0.2725451657444871,
      "eficiencia_std": 0.15361582992840728,
      "z": 2.398874268919491,
      "dist_49": 0.22354516574448713,
      "dist_315": 0.042454834255512885
    }
  ],
  "top5_sanas_cerca_49": [
    {
      "metodo": "E5.3-1_dominios",
      "eps": 0.1,
      "r": 0.001,
      "eficiencia_media": 0.04927914746691546,
      "eficiencia_std": 0.08564898825947184,
      "z": 0.0,
      "snr_saludable": true,
      "razon_senal_ruido": 39.61807605285753,
      "dist_49": 0.0002791474669154581,
      "dist_315": 0.26572085253308453
    },
    {
      "metodo": "E5.3-1_dominios",
      "eps": 1.0,
      "r": 0.001,
      "eficiencia_media": 0.049700661013017414,
      "eficiencia_std": 0.08638037796752457,
      "z": 0.0,
      "snr_saludable": true,
      "razon_senal_ruido": 3961.807605285975,
      "dist_49": 0.0007006610130174118,
      "dist_315": 0.2652993389869826
    },
    {
      "metodo": "E5.3-2_ANOVA",
      "eps": 0.0,
      "L": 0.001,
      "eficiencia_media": 0.0,
      "eficiencia_std": 0.0,
      "z": 0.0,
      "dist_49": 0.049,
      "dist_315": 0.315
    },
    {
      "metodo": "E5.3-2_ANOVA",
      "eps": 0.0,
      "L": 0.003593813663804626,
      "eficiencia_media": 0.0,
      "eficiencia_std": 0.0,
      "z": 0.0,
      "dist_49": 0.049,
      "dist_315": 0.315
    },
    {
      "metodo": "E5.3-2_ANOVA",
      "eps": 0.0,
      "L": 0.01291549665014884,
      "eficiencia_media": 0.0,
      "eficiencia_std": 0.0,
      "z": 0.0,
      "dist_49": 0.049,
      "dist_315": 0.315
    }
  ],
  "top5_sanas_cerca_315": [
    {
      "metodo": "E5.3-1_dominios",
      "eps": 1.0,
      "r": 0.01,
      "eficiencia_media": 0.35573264826837075,
      "eficiencia_std": 0.12087191375443952,
      "z": 0.0,
      "snr_saludable": true,
      "razon_senal_ruido": 3961.807605285975,
      "dist_49": 0.30673264826837077,
      "dist_315": 0.04073264826837075
    },
    {
      "metodo": "E5.3-2_ANOVA",
      "eps": 0.3,
      "L": 100.0,
      "eficiencia_media": 0.2725451657444906,
      "eficiencia_std": 0.1536158299284122,
      "z": 2.39887426891945,
      "dist_49": 0.22354516574449063,
      "dist_315": 0.04245483425550939
    },
    {
      "metodo": "E5.3-2_ANOVA",
      "eps": 1.0,
      "L": 100.0,
      "eficiencia_media": 0.2725451657444906,
      "eficiencia_std": 0.15361582992841177,
      "z": 2.3988742689194567,
      "dist_49": 0.22354516574449063,
      "dist_315": 0.04245483425550939
    },
    {
      "metodo": "E5.3-2_ANOVA",
      "eps": 0.1,
      "L": 100.0,
      "eficiencia_media": 0.27254516574449006,
      "eficiencia_std": 0.1536158299284106,
      "z": 2.3988742689194695,
      "dist_49": 0.22354516574449007,
      "dist_315": 0.04245483425550994
    },
    {
      "metodo": "E5.3-2_ANOVA",
      "eps": 0.01,
      "L": 100.0,
      "eficiencia_media": 0.2725451657444871,
      "eficiencia_std": 0.15361582992840728,
      "z": 2.398874268919491,
      "dist_49": 0.22354516574448713,
      "dist_315": 0.042454834255512885
    }
  ]
}
