[2026-07-24T09:35:59Z] === F2-2 D multipaso: inicio de corrida completa ===
[2026-07-24T09:35:59Z] === combinación primario_N200_eps1e-3: N=200 eps=0.001 semillas=16 n_log_grid=24 ===
[2026-07-24T09:35:59Z] primario_N200_eps1e-3: midiendo D_1 (referencia, media sobre 16 semillas)...
[2026-07-24T09:35:59Z] primario_N200_eps1e-3: D1_ref=0.000841367
[2026-07-24T09:35:59Z] primario_N200_eps1e-3: calibrando pasos de lavado (medir_pasos_lavado, P_thr=0.05)...
[2026-07-24T09:36:10Z] primario_N200_eps1e-3: pasos=6095 calibracion={'tiempos': [5300, 5300, 5300, 5300, 5300, 5300, 5300, 5300, 5300, 5300, 5300, 5300, 5300, 5300, 5300, 5300], 'mediana': 5300, 'pasos': 6095, 'P_thr': 0.05, 'lavo_todas': True}
[2026-07-24T09:36:10Z] primario_N200_eps1e-3: grid r_nominal (25 puntos) = [0.0, 0.01, 0.0149, 0.0223, 0.0332, 0.0496, 0.0741, 0.1105, 0.165, 0.2462, 0.3675, 0.5484, 0.8185, 1.2217, 1.8233, 2.7213, 4.0616, 6.0619, 9.0474, 13.5031, 20.1534, 30.0788, 44.8925, 67.0019, 100.0]
[2026-07-24T09:36:10Z] primario_N200_eps1e-3: barrido H (dinámica acoplada real+null, 25 puntos x 16 semillas)...
[2026-07-24T09:43:27Z] primario_N200_eps1e-3: barrido H terminado en 436.4s
[2026-07-24T09:43:27Z] primario_N200_eps1e-3: midiendo D_k multiescala k=[1, 2, 5, 10, 50] (16 trayectorias, k_max=50)...
[2026-07-24T09:43:27Z] primario_N200_eps1e-3: D_k terminado en 0.1s -> {'D1_original_mean': 0.0008413667864352627, 'D1_metodoA_mean': 0.0008413667864352672, 'abs_diff': 4.553649124439119e-18}
[2026-07-24T09:43:27Z] primario_N200_eps1e-3: estimando r*_k para cada escala (fórmula congelada en preregistro)...
[2026-07-24T09:43:27Z] primario_N200_eps1e-3: r*[k1_D1_original] = 0.03847555629611024  (cruce encontrado)
[2026-07-24T09:43:27Z] primario_N200_eps1e-3: r*[k1] = 0.0384755562960382  (cruce encontrado)
[2026-07-24T09:43:27Z] primario_N200_eps1e-3: r*[k2] = 0.03854738389171245  (cruce encontrado)
[2026-07-24T09:43:27Z] primario_N200_eps1e-3: r*[k5] = 0.038762481346250356  (cruce encontrado)
[2026-07-24T09:43:27Z] primario_N200_eps1e-3: r*[k10] = 0.03911966438196281  (cruce encontrado)
[2026-07-24T09:43:27Z] primario_N200_eps1e-3: r*[k50] = 0.041912275883326806  (cruce encontrado)
[2026-07-24T09:43:27Z] primario_N200_eps1e-3: guardado /Users/alexis/Desktop/RMD/Cosmolab/Cosmogenesis/BATERIA_FUNDAMENTOS/F2_2_D_multipaso/F2_2_resultado_primario_N200_eps1e-3.json (448.1s total)
[2026-07-24T09:43:27Z] === combinación robustez_N200_eps0.1: N=200 eps=0.1 semillas=16 n_log_grid=24 ===
[2026-07-24T09:43:27Z] robustez_N200_eps0.1: midiendo D_1 (referencia, media sobre 16 semillas)...
[2026-07-24T09:43:27Z] robustez_N200_eps0.1: D1_ref=0.000841367
[2026-07-24T09:43:27Z] robustez_N200_eps0.1: calibrando pasos de lavado (medir_pasos_lavado, P_thr=0.05)...
[2026-07-24T09:43:32Z] robustez_N200_eps0.1: pasos=6095 calibracion={'tiempos': [5300, 5300, 5300, 5300, 5300, 5300, 5300, 5300, 5300, 5300, 5300, 5300, 5300, 5300, 5300, 5300], 'mediana': 5300, 'pasos': 6095, 'P_thr': 0.05, 'lavo_todas': True}
[2026-07-24T09:43:32Z] robustez_N200_eps0.1: grid r_nominal (25 puntos) = [0.0, 0.01, 0.0149, 0.0223, 0.0332, 0.0496, 0.0741, 0.1105, 0.165, 0.2462, 0.3675, 0.5484, 0.8185, 1.2217, 1.8233, 2.7213, 4.0616, 6.0619, 9.0474, 13.5031, 20.1534, 30.0788, 44.8925, 67.0019, 100.0]
[2026-07-24T09:43:32Z] robustez_N200_eps0.1: barrido H (dinámica acoplada real+null, 25 puntos x 16 semillas)...
[2026-07-24T09:49:20Z] robustez_N200_eps0.1: barrido H terminado en 347.9s
[2026-07-24T09:49:20Z] robustez_N200_eps0.1: midiendo D_k multiescala k=[1, 2, 5, 10, 50] (16 trayectorias, k_max=50)...
[2026-07-24T09:49:20Z] robustez_N200_eps0.1: D_k terminado en 0.1s -> {'D1_original_mean': 0.0008413667864350539, 'D1_metodoA_mean': 0.0008413667864350313, 'abs_diff': 2.2551405187698492e-17}
[2026-07-24T09:49:20Z] robustez_N200_eps0.1: estimando r*_k para cada escala (fórmula congelada en preregistro)...
[2026-07-24T09:49:20Z] robustez_N200_eps0.1: r*[k1_D1_original] = 0.038475556296129323  (cruce encontrado)
[2026-07-24T09:49:20Z] robustez_N200_eps0.1: r*[k1] = 0.03847555629613076  (cruce encontrado)
[2026-07-24T09:49:20Z] robustez_N200_eps0.1: r*[k2] = 0.038547383891816354  (cruce encontrado)
[2026-07-24T09:49:20Z] robustez_N200_eps0.1: r*[k5] = 0.03876248134635623  (cruce encontrado)
[2026-07-24T09:49:20Z] robustez_N200_eps0.1: r*[k10] = 0.03911966438206431  (cruce encontrado)
[2026-07-24T09:49:20Z] robustez_N200_eps0.1: r*[k50] = 0.04191227588342  (cruce encontrado)
[2026-07-24T09:49:20Z] robustez_N200_eps0.1: guardado /Users/alexis/Desktop/RMD/Cosmolab/Cosmogenesis/BATERIA_FUNDAMENTOS/F2_2_D_multipaso/F2_2_resultado_robustez_N200_eps0.1.json (353.6s total)
[2026-07-24T09:49:20Z] === combinación robustez_N400_eps1e-3: N=400 eps=0.001 semillas=12 n_log_grid=11 ===
[2026-07-24T09:49:20Z] robustez_N400_eps1e-3: midiendo D_1 (referencia, media sobre 12 semillas)...
[2026-07-24T09:49:20Z] robustez_N400_eps1e-3: D1_ref=0.000210632
[2026-07-24T09:49:20Z] robustez_N400_eps1e-3: calibrando pasos de lavado (medir_pasos_lavado, P_thr=0.05)...
[2026-07-24T09:49:37Z] robustez_N400_eps1e-3: pasos=24380 calibracion={'tiempos': [21200, 21200, 21200, 21200, 21200, 21200, 21200, 21200, 21200, 21200, 21200, 21200], 'mediana': 21200, 'pasos': 24380, 'P_thr': 0.05, 'lavo_todas': True}
[2026-07-24T09:49:37Z] robustez_N400_eps1e-3: grid r_nominal (12 puntos) = [0.0, 0.01, 0.0251, 0.0631, 0.1585, 0.3981, 1.0, 2.5119, 6.3096, 15.8489, 39.8107, 100.0]
[2026-07-24T09:49:37Z] robustez_N400_eps1e-3: barrido H (dinámica acoplada real+null, 12 puntos x 12 semillas)...
[2026-07-24T09:57:27Z] robustez_N400_eps1e-3: barrido H terminado en 470.2s
[2026-07-24T09:57:27Z] robustez_N400_eps1e-3: midiendo D_k multiescala k=[1, 2, 5, 10, 50] (12 trayectorias, k_max=50)...
[2026-07-24T09:57:27Z] robustez_N400_eps1e-3: D_k terminado en 0.1s -> {'D1_original_mean': 0.00021063197139013125, 'D1_metodoA_mean': 0.00021063197139013315, 'abs_diff': 1.8973538018496328e-18}
[2026-07-24T09:57:27Z] robustez_N400_eps1e-3: estimando r*_k para cada escala (fórmula congelada en preregistro)...
[2026-07-24T09:57:27Z] robustez_N400_eps1e-3: r*[k1_D1_original] = 0.016318008346436784  (cruce encontrado)
[2026-07-24T09:57:27Z] robustez_N400_eps1e-3: r*[k1] = 0.016318008346610235  (cruce encontrado)
[2026-07-24T09:57:27Z] robustez_N400_eps1e-3: r*[k2] = 0.016325637548297616  (cruce encontrado)
[2026-07-24T09:57:27Z] robustez_N400_eps1e-3: r*[k5] = 0.016348515098137565  (cruce encontrado)
[2026-07-24T09:57:27Z] robustez_N400_eps1e-3: r*[k10] = 0.01638661063443218  (cruce encontrado)
[2026-07-24T09:57:27Z] robustez_N400_eps1e-3: r*[k50] = 0.01668981269294776  (cruce encontrado)
[2026-07-24T09:57:27Z] robustez_N400_eps1e-3: guardado /Users/alexis/Desktop/RMD/Cosmolab/Cosmogenesis/BATERIA_FUNDAMENTOS/F2_2_D_multipaso/F2_2_resultado_robustez_N400_eps1e-3.json (486.7s total)
[2026-07-24T09:57:27Z] === F2-2: todas las combinaciones terminadas ===
[2026-07-24T09:57:27Z] resumen: {"primario_eps1e-3": {"r_star_por_escala": {"k1_D1_original": 0.03847555629611024, "k1": 0.0384755562960382, "k2": 0.03854738389171245, "k5": 0.038762481346250356, "k10": 0.03911966438196281, "k50": 0.041912275883326806}, "elapsed_s": 448.0691571235657}, "robustez_eps0.1": {"r_star_por_escala": {"k1_D1_original": 0.038475556296129323, "k1": 0.03847555629613076, "k2": 0.038547383891816354, "k5": 0.03876248134635623, "k10": 0.03911966438206431, "k50": 0.04191227588342}, "elapsed_s": 353.5884051322937}, "robustez_N400": {"r_star_por_escala": {"k1_D1_original": 0.016318008346436784, "k1": 0.016318008346610235, "k2": 0.016325637548297616, "k5": 0.016348515098137565, "k10": 0.01638661063443218, "k50": 0.01668981269294776}, "elapsed_s": 486.6576840877533}}
