=== ASENTAMIENTO (asentarHastaEquilibrio), 480 puntos en 8 combinaciones ===
asent_ok=0 (no asentó ni con tope=20000) actual: 0/480
asent_pasos (solo los que SÍ asentaron): min=300 max=4000 media=1769
percentiles: p50=1700 p90=2850 p95=3000 p99=3600 max=4000

candidato_TOPE_EQ | reclasificados (lento-pero-convergente > tope) | ya fallaban a 20000 (sin cambio)
3000 | 23/480 (4.8%) | 0
4000 | 0/480 (0.0%) | 0
5000 | 0/480 (0.0%) | 0
6000 | 0/480 (0.0%) | 0
8000 | 0/480 (0.0%) | 0
10000 | 0/480 (0.0%) | 0
12000 | 0/480 (0.0%) | 0
15000 | 0/480 (0.0%) | 0

max asent_pasos (asentado=1) por combinación:
  {"tOpt":25,"ptcSharp":4.1,"beta":0.94,"powerBase":0.47}: max=3600 asent_no_ok=0/60 (1440s)
  {"tOpt":22,"ptcSharp":4.1,"beta":0.94,"powerBase":0.47}: max=4000 asent_no_ok=0/60 (343s)
  {"tOpt":28,"ptcSharp":4.1,"beta":0.94,"powerBase":0.47}: max=3000 asent_no_ok=0/60 (1605s)
  {"tOpt":25,"ptcSharp":3,"beta":0.94,"powerBase":0.47}: max=3600 asent_no_ok=0/60 (1443s)
  {"tOpt":25,"ptcSharp":6,"beta":0.94,"powerBase":0.47}: max=3600 asent_no_ok=0/60 (1442s)
  {"tOpt":25,"ptcSharp":4.1,"beta":0.8,"powerBase":0.47}: max=3600 asent_no_ok=0/60 (1443s)
  {"tOpt":25,"ptcSharp":4.1,"beta":0.98,"powerBase":0.47}: max=3600 asent_no_ok=0/60 (1443s)
  {"tOpt":28,"ptcSharp":6,"beta":0.8,"powerBase":0.3}: max=3000 asent_no_ok=0/60 (1602s)


=== RECUPERACIÓN (medirRecuperacion), reps individuales ===
reps totales: 2400 (8 combos × 60 puntos × 5 reps)
reps que YA tocan el tope actual (=20000): 300/2400 (12.5%) — esto es dato válido de bifurcación, no error
reps que SÍ convergen (<20000): min=33 max=2101 media=503
percentiles (solo convergentes): p50=474 p90=886 p95=936 p99=1798 max=2101

candidato_TOPE_REC | reclasificados (convergente genuino > tope, se volvería "topó" falsamente) | ya topaban a 20000 (sin cambio, dato válido)
3000 | 0/2400 (0.00%) | 300 (12.5%)
4000 | 0/2400 (0.00%) | 300 (12.5%)
5000 | 0/2400 (0.00%) | 300 (12.5%)
6000 | 0/2400 (0.00%) | 300 (12.5%)
8000 | 0/2400 (0.00%) | 300 (12.5%)
10000 | 0/2400 (0.00%) | 300 (12.5%)
12000 | 0/2400 (0.00%) | 300 (12.5%)
15000 | 0/2400 (0.00%) | 300 (12.5%)
